Java HotSpot(TM) 64-Bit Server VM (25.121-b13) for windows-amd64 JRE (1.8.0_121-b13), built on Dec 12 2016 18:21:36 by "java_re" with MS VC++ 10.0 (VS2010)
Memory: 4k page, physical 33438388k(29040748k free), swap 38419124k(33626000k free)
CommandLine flags: -XX:InitialHeapSize=535014208 -XX:MaxHeapSize=8560227328 -XX:+PrintGC -XX:+PrintGCTimeStamps -XX:+UseCompressedClassPointers -XX:+UseCompressedOops -XX:+UseG1GC -XX:-UseLargePagesIndividualAllocation 
0.844: [GC pause (G1 Evacuation Pause) (young) 24M->6248K(512M), 0.0111872 secs]
1.883: [GC pause (G1 Evacuation Pause) (young) 38M->12M(512M), 0.0171315 secs]
2.616: [GC pause (G1 Evacuation Pause) (young) 162M->19M(512M), 0.0321558 secs]
3.064: [GC pause (G1 Evacuation Pause) (young) 397M->52M(512M), 0.0359749 secs]
3.273: [GC pause (G1 Humongous Allocation) (young) (initial-mark) 339M->86M(512M), 0.0202159 secs]
3.293: [GC concurrent-root-region-scan-start]
3.302: [GC concurrent-root-region-scan-end, 0.0085389 secs]
3.302: [GC concurrent-mark-start]
3.342: [GC concurrent-mark-end, 0.0396877 secs]
3.342: [GC remark, 0.0045577 secs]
3.347: [GC cleanup 129M->129M(512M), 0.0007761 secs]
3.511: [GC pause (G1 Evacuation Pause) (young) 329M->105M(512M), 0.0256248 secs]
3.798: [GC pause (G1 Evacuation Pause) (young) 379M->108M(512M), 0.0225545 secs]
4.092: [GC pause (G1 Evacuation Pause) (young) 388M->108M(512M), 0.0117995 secs]
4.348: [GC pause (G1 Evacuation Pause) (young) 388M->113M(512M), 0.0124885 secs]
4.584: [GC pause (G1 Evacuation Pause) (young) 389M->122M(512M), 0.0142656 secs]
4.839: [GC pause (G1 Evacuation Pause) (young) 398M->124M(512M), 0.0122744 secs]
5.052: [GC pause (G1 Evacuation Pause) (young) 398M->127M(512M), 0.0113988 secs]
5.258: [GC pause (G1 Evacuation Pause) (young) 403M->132M(512M), 0.0111420 secs]
5.475: [GC pause (G1 Evacuation Pause) (young) 408M->138M(512M), 0.0128751 secs]
5.696: [GC pause (G1 Evacuation Pause) (young) 408M->140M(512M), 0.0124284 secs]
5.852: [GC pause (G1 Humongous Allocation) (young) (initial-mark) 443M->147M(522M), 0.0183377 secs]
5.871: [GC concurrent-root-region-scan-start]
5.879: [GC concurrent-root-region-scan-end, 0.0078694 secs]
5.879: [GC concurrent-mark-start]
5.943: [GC concurrent-mark-end, 0.0643533 secs]
5.944: [GC remark, 0.0043435 secs]
5.950: [GC cleanup 315M->315M(522M), 0.0007906 secs]
6.007: [GC pause (G1 Evacuation Pause) (young) 481M->165M(566M), 0.0181479 secs]
6.029: [GC pause (G1 Evacuation Pause) (mixed) 173M->143M(566M), 0.0110490 secs]
6.088: [GC pause (G1 Humongous Allocation) (young) (initial-mark) 279M->142M(566M), 0.0136789 secs]
6.102: [GC concurrent-root-region-scan-start]
6.107: [GC concurrent-root-region-scan-end, 0.0046306 secs]
6.107: [GC concurrent-mark-start]
6.210: [GC concurrent-mark-end, 0.1029292 secs]
6.211: [GC remark, 0.0057549 secs]
6.232: [GC cleanup 442M->436M(566M), 0.0011439 secs]
6.233: [GC concurrent-cleanup-start]
6.233: [GC concurrent-cleanup-end, 0.0000205 secs]
6.298: [GC pause (G1 Evacuation Pause) (young) 552M->153M(608M), 0.0123256 secs]
6.346: [GC pause (G1 Evacuation Pause) (mixed) 235M->150M(608M), 0.0082214 secs]
6.412: [GC pause (G1 Humongous Allocation) (young) (initial-mark) 303M->141M(608M), 0.0081105 secs]
6.420: [GC concurrent-root-region-scan-start]
6.426: [GC concurrent-root-region-scan-end, 0.0055838 secs]
6.426: [GC concurrent-mark-start]
6.536: [GC concurrent-mark-end, 0.1106459 secs]
6.537: [GC remark, 0.0054392 secs]
6.542: [GC cleanup 441M->441M(608M), 0.0009408 secs]
6.621: [GC pause (G1 Evacuation Pause) (young) 607M->150M(656M), 0.0186901 secs]
6.675: [GC pause (G1 Evacuation Pause) (mixed) 231M->159M(656M), 0.0124254 secs]
6.754: [GC pause (G1 Humongous Allocation) (young) (initial-mark) 343M->150M(1312M), 0.0193511 secs]
6.774: [GC concurrent-root-region-scan-start]
6.780: [GC concurrent-root-region-scan-end, 0.0064926 secs]
6.780: [GC concurrent-mark-start]
6.881: [GC concurrent-mark-end, 0.1012861 secs]
6.882: [GC remark, 0.0055177 secs]
6.888: [GC cleanup 421M->421M(1312M), 0.0013385 secs]
7.433: [GC pause (G1 Evacuation Pause) (young) 1172M->308M(2624M), 0.0731815 secs]
8.923: [GC pause (G1 Evacuation Pause) (young) 1782M->305M(3732M), 0.0857643 secs]
10.830: [GC pause (G1 Evacuation Pause) (young) 2417M->363M(3732M), 0.0928167 secs]
12.502: [GC pause (G1 Evacuation Pause) (young) 2408M->392M(3732M), 0.1039246 secs]
14.070: [GC pause (G1 Evacuation Pause) (young) 2458M->433M(3732M), 0.0929336 secs]
15.767: [GC pause (G1 Evacuation Pause) (young) 2513M->426M(3732M), 0.0647245 secs]
17.177: [GC pause (G1 Evacuation Pause) (young) 2595M->495M(3732M), 0.0943672 secs]
18.610: [GC pause (G1 Evacuation Pause) (young) 2551M->498M(3732M), 0.0752517 secs]
20.275: [GC pause (G1 Evacuation Pause) (young) 2603M->543M(3732M), 0.0947819 secs]
22.003: [GC pause (G1 Evacuation Pause) (young) 2585M->547M(3732M), 0.1403615 secs]
23.890: [GC pause (G1 Evacuation Pause) (young) 2708M->597M(3732M), 0.0926934 secs]
25.356: [GC pause (G1 Evacuation Pause) (young) 2745M->741M(3732M), 0.1136300 secs]
26.851: [GC pause (G1 Evacuation Pause) (young) 2776M->734M(3732M), 0.2780401 secs]
28.434: [GC pause (G1 Evacuation Pause) (young) 2576M->781M(3732M), 0.0929703 secs]
29.920: [GC pause (G1 Evacuation Pause) (young) 2932M->842M(3732M), 0.1025072 secs]
31.332: [GC pause (G1 Evacuation Pause) (young) 2910M->878M(3732M), 0.0998320 secs]
32.714: [GC pause (G1 Evacuation Pause) (young) 2987M->900M(3732M), 0.0888543 secs]
34.619: [GC pause (G1 Evacuation Pause) (young) 2974M->883M(3732M), 0.0652109 secs]
36.201: [GC pause (G1 Evacuation Pause) (young) 3044M->954M(3732M), 0.0949108 secs]
38.132: [GC pause (G1 Evacuation Pause) (young) 3002M->964M(3732M), 0.0949684 secs]
39.871: [GC pause (G1 Evacuation Pause) (young) 3063M->1024M(3732M), 0.1039404 secs]
41.729: [GC pause (G1 Evacuation Pause) (young) 3086M->1032M(3732M), 0.0842787 secs]
43.927: [GC pause (G1 Evacuation Pause) (young) 3163M->1057M(3732M), 0.1061061 secs]
45.607: [GC pause (G1 Evacuation Pause) (young) 3199M->1170M(3732M), 0.1667474 secs]
47.531: [GC pause (G1 Evacuation Pause) (young) 3121M->1189M(3732M), 0.1251129 secs]
49.508: [GC pause (G1 Evacuation Pause) (young) 3181M->1226M(3732M), 0.1127660 secs]
51.348: [GC pause (G1 Evacuation Pause) (young) 3286M->1280M(3732M), 0.1015186 secs]
53.136: [GC pause (G1 Evacuation Pause) (young) 3222M->1317M(3732M), 0.0898885 secs]
54.949: [GC pause (G1 Evacuation Pause) (young) 3203M->1347M(3732M), 0.0894716 secs]
56.717: [GC pause (G1 Evacuation Pause) (young) 3215M->1342M(3732M), 0.0734716 secs]
58.487: [GC pause (G1 Evacuation Pause) (young) 3299M->1405M(3732M), 0.0966917 secs]
60.200: [GC pause (G1 Evacuation Pause) (young) 3191M->1439M(3732M), 0.0844856 secs]
61.818: [GC pause (G1 Evacuation Pause) (young) 3233M->1479M(3732M), 0.0932541 secs]
63.534: [GC pause (G1 Evacuation Pause) (young) 3217M->1511M(3732M), 0.0866480 secs]
65.076: [GC pause (G1 Evacuation Pause) (young) 3243M->1504M(3732M), 0.0636809 secs]
66.606: [GC pause (G1 Evacuation Pause) (young) 3291M->1565M(3732M), 0.0875354 secs]
67.831: [GC pause (G1 Evacuation Pause) (young) 3269M->1685M(3732M), 0.1300430 secs]
69.075: [GC pause (G1 Evacuation Pause) (young) 3157M->1685M(3732M), 0.1109744 secs]
70.479: [GC pause (G1 Evacuation Pause) (young) 3222M->1727M(3732M), 0.1263050 secs]
72.044: [GC pause (G1 Evacuation Pause) (young) 3275M->1783M(3732M), 0.0944227 secs]
73.426: [GC pause (G1 Evacuation Pause) (young) 3205M->1789M(3732M), 0.0715981 secs]
73.792: [GC pause (G1 Humongous Allocation) (young) (initial-mark) 2080M->1792M(3732M), 0.0585084 secs]
73.851: [GC concurrent-root-region-scan-start]
73.904: [GC concurrent-root-region-scan-end, 0.0532028 secs]
73.904: [GC concurrent-mark-start]
74.160: [GC concurrent-mark-end, 0.2557045 secs]
74.160: [GC remark, 0.0065562 secs]
74.167: [GC cleanup 2180M->1364M(3732M), 0.0037858 secs]
74.171: [GC concurrent-cleanup-start]
74.172: [GC concurrent-cleanup-end, 0.0013892 secs]
74.962: [GC pause (G1 Evacuation Pause) (young) 2440M->1025M(3732M), 0.0714701 secs]
75.088: [GC pause (G1 Evacuation Pause) (mixed) 1083M->686M(3732M), 0.0773155 secs]
75.328: [GC pause (G1 Evacuation Pause) (mixed) 852M->678M(3732M), 0.0364485 secs]
77.134: [GC pause (G1 Evacuation Pause) (young) 2896M->717M(3732M), 0.0418356 secs]
79.134: [GC pause (G1 Evacuation Pause) (young) 2919M->761M(3732M), 0.0578006 secs]
81.026: [GC pause (G1 Evacuation Pause) (young) 2925M->815M(3732M), 0.0913187 secs]
83.041: [GC pause (G1 Evacuation Pause) (young) 2899M->826M(3732M), 0.0797820 secs]
84.992: [GC pause (G1 Evacuation Pause) (young) 2918M->873M(3732M), 0.1060673 secs]
86.953: [GC pause (G1 Evacuation Pause) (young) 2962M->873M(3732M), 0.0843470 secs]
88.997: [GC pause (G1 Evacuation Pause) (young) 2995M->901M(3732M), 0.0975621 secs]
90.752: [GC pause (G1 Evacuation Pause) (young) 3045M->1020M(3732M), 0.1616368 secs]
92.560: [GC pause (G1 Evacuation Pause) (young) 3028M->1035M(3732M), 0.1363393 secs]
94.442: [GC pause (G1 Evacuation Pause) (young) 3125M->1094M(3732M), 0.1347764 secs]
96.523: [GC pause (G1 Evacuation Pause) (young) 3216M->1111M(3732M), 0.0843214 secs]
98.472: [GC pause (G1 Evacuation Pause) (young) 3233M->1158M(3732M), 0.0956250 secs]
100.414: [GC pause (G1 Evacuation Pause) (young) 3172M->1189M(3732M), 0.0983024 secs]
102.321: [GC pause (G1 Evacuation Pause) (young) 3216M->1219M(3732M), 0.1150132 secs]
104.195: [GC pause (G1 Evacuation Pause) (young) 3183M->1258M(3732M), 0.0959408 secs]
106.064: [GC pause (G1 Evacuation Pause) (young) 3180M->1257M(3732M), 0.0730620 secs]
107.863: [GC pause (G1 Evacuation Pause) (young) 3229M->1300M(3732M), 0.0994552 secs]
109.710: [GC pause (G1 Evacuation Pause) (young) 3168M->1253M(3732M), 0.0571055 secs]
111.470: [GC pause (G1 Evacuation Pause) (young) 3296M->1318M(3732M), 0.1032696 secs]
113.045: [GC pause (G1 Evacuation Pause) (young) 3271M->1437M(3732M), 0.1438670 secs]
114.633: [GC pause (G1 Evacuation Pause) (young) 3134M->1453M(3732M), 0.1291982 secs]
116.323: [GC pause (G1 Evacuation Pause) (young) 3183M->1485M(3732M), 0.1142538 secs]
118.211: [GC pause (G1 Evacuation Pause) (young) 3291M->1528M(3732M), 0.0812988 secs]
119.894: [GC pause (G1 Evacuation Pause) (young) 3248M->1557M(3732M), 0.0824265 secs]
121.473: [GC pause (G1 Evacuation Pause) (young) 3193M->1584M(3732M), 0.0833955 secs]
123.008: [GC pause (G1 Evacuation Pause) (young) 3216M->1615M(3732M), 0.0870209 secs]
124.555: [GC pause (G1 Evacuation Pause) (young) 3263M->1635M(3732M), 0.0831054 secs]
125.945: [GC pause (G1 Evacuation Pause) (young) 3253M->1684M(3732M), 0.0842680 secs]
127.310: [GC pause (G1 Evacuation Pause) (young) 3206M->1717M(3732M), 0.0848419 secs]
128.758: [GC pause (G1 Evacuation Pause) (young) 3241M->1751M(3732M), 0.0890497 secs]
130.130: [GC pause (G1 Evacuation Pause) (young) 3227M->1785M(3732M), 0.0760466 secs]
131.406: [GC pause (G1 Evacuation Pause) (young) (initial-mark) 3251M->1802M(3732M), 0.0646631 secs]
131.471: [GC concurrent-root-region-scan-start]
131.513: [GC concurrent-root-region-scan-end, 0.0424841 secs]
131.513: [GC concurrent-mark-start]
131.765: [GC concurrent-mark-end, 0.2514498 secs]
131.765: [GC remark, 0.0060966 secs]
131.772: [GC cleanup 2113M->1320M(3732M), 0.0033664 secs]
131.775: [GC concurrent-cleanup-start]
131.776: [GC concurrent-cleanup-end, 0.0012800 secs]
132.908: [GC pause (G1 Evacuation Pause) (young) 2481M->1041M(3732M), 0.0721797 secs]
133.054: [GC pause (G1 Evacuation Pause) (mixed) 1123M->716M(3732M), 0.0824142 secs]
133.287: [GC pause (G1 Evacuation Pause) (mixed) 878M->692M(3732M), 0.0463753 secs]
135.115: [GC pause (G1 Evacuation Pause) (young) 2986M->826M(3732M), 0.1270644 secs]
137.079: [GC pause (G1 Evacuation Pause) (young) 2922M->877M(3732M), 0.1047113 secs]
139.049: [GC pause (G1 Evacuation Pause) (young) 2921M->942M(3732M), 0.1123892 secs]
141.095: [GC pause (G1 Evacuation Pause) (young) 3106M->974M(3732M), 0.0955495 secs]
143.106: [GC pause (G1 Evacuation Pause) (young) 3096M->1017M(3732M), 0.0900161 secs]
145.024: [GC pause (G1 Evacuation Pause) (young) 3079M->1045M(3732M), 0.0947751 secs]
146.965: [GC pause (G1 Evacuation Pause) (young) 3131M->1071M(3732M), 0.0945682 secs]
148.989: [GC pause (G1 Evacuation Pause) (young) 3187M->1123M(3732M), 0.1058578 secs]
150.919: [GC pause (G1 Evacuation Pause) (young) 3165M->1139M(3732M), 0.0992662 secs]
152.859: [GC pause (G1 Evacuation Pause) (young) 3187M->1174M(3732M), 0.1064393 secs]
155.006: [GC pause (G1 Evacuation Pause) (young) 3178M->1135M(3732M), 0.0704423 secs]
156.988: [GC pause (G1 Evacuation Pause) (young) 3396M->1321M(3732M), 0.1384765 secs]
158.662: [GC pause (G1 Evacuation Pause) (young) 3123M->1352M(3732M), 0.1372703 secs]
160.526: [GC pause (G1 Evacuation Pause) (young) 3270M->1392M(3732M), 0.0898117 secs]
162.246: [GC pause (G1 Evacuation Pause) (young) 3232M->1423M(3732M), 0.0743203 secs]
163.923: [GC pause (G1 Evacuation Pause) (young) 3225M->1472M(3732M), 0.0932455 secs]
165.618: [GC pause (G1 Evacuation Pause) (young) 3246M->1513M(3732M), 0.1043837 secs]
167.191: [GC pause (G1 Evacuation Pause) (young) 3187M->1547M(3732M), 0.0815975 secs]
168.789: [GC pause (G1 Evacuation Pause) (young) 3211M->1554M(3732M), 0.0792470 secs]
170.339: [GC pause (G1 Evacuation Pause) (young) 3282M->1598M(3732M), 0.0772933 secs]
171.829: [GC pause (G1 Evacuation Pause) (young) 3248M->1654M(3732M), 0.0886670 secs]
173.318: [GC pause (G1 Evacuation Pause) (young) 3196M->1664M(3732M), 0.0728722 secs]
174.763: [GC pause (G1 Evacuation Pause) (young) 3251M->1700M(3732M), 0.0919216 secs]
176.168: [GC pause (G1 Evacuation Pause) (young) 3198M->1737M(3732M), 0.0778386 secs]
177.632: [GC pause (G1 Evacuation Pause) (young) 3255M->1736M(3732M), 0.0594740 secs]
178.002: [GC pause (G1 Humongous Allocation) (young) (initial-mark) 2066M->1744M(3732M), 0.0396450 secs]
178.042: [GC concurrent-root-region-scan-start]
178.072: [GC concurrent-root-region-scan-end, 0.0301914 secs]
178.072: [GC concurrent-mark-start]
178.306: [GC concurrent-mark-end, 0.2338263 secs]
178.306: [GC remark, 0.0063757 secs]
178.313: [GC cleanup 2196M->1602M(3732M), 0.0032299 secs]
178.316: [GC concurrent-cleanup-start]
178.317: [GC concurrent-cleanup-end, 0.0013133 secs]
179.212: [GC pause (G1 Evacuation Pause) (young) 2699M->1196M(3732M), 0.0809067 secs]
179.317: [GC pause (G1 Evacuation Pause) (mixed) 1234M->851M(3732M), 0.0786659 secs]
179.508: [GC pause (G1 Evacuation Pause) (mixed) 1084M->734M(3732M), 0.0582456 secs]
180.783: [GC pause (G1 Evacuation Pause) (young) 2979M->807M(3732M), 0.1046311 secs]
182.639: [GC pause (G1 Evacuation Pause) (young) 2923M->840M(3732M), 0.0918571 secs]
184.512: [GC pause (G1 Evacuation Pause) (young) 2907M->879M(3732M), 0.0954458 secs]
186.465: [GC pause (G1 Evacuation Pause) (young) 3053M->916M(3732M), 0.0881029 secs]
188.425: [GC pause (G1 Evacuation Pause) (young) 3045M->960M(3732M), 0.0934486 secs]
190.375: [GC pause (G1 Evacuation Pause) (young) 3028M->990M(3732M), 0.0955320 secs]
192.371: [GC pause (G1 Evacuation Pause) (young) 3073M->1001M(3732M), 0.0880086 secs]
194.319: [GC pause (G1 Evacuation Pause) (young) 3116M->1049M(3732M), 0.1081699 secs]
196.244: [GC pause (G1 Evacuation Pause) (young) 3107M->1058M(3732M), 0.0916434 secs]
198.213: [GC pause (G1 Evacuation Pause) (young) 3140M->1096M(3732M), 0.1016658 secs]
200.233: [GC pause (G1 Evacuation Pause) (young) 3168M->1068M(3732M), 0.0654994 secs]
202.376: [GC pause (G1 Evacuation Pause) (young) 3318M->1175M(3732M), 0.0975753 secs]
204.078: [GC pause (G1 Evacuation Pause) (young) 3173M->1241M(3732M), 0.1413710 secs]
205.903: [GC pause (G1 Evacuation Pause) (young) 3126M->1276M(3732M), 0.1463246 secs]
207.795: [GC pause (G1 Evacuation Pause) (young) 3186M->1313M(3732M), 0.1186531 secs]
209.818: [GC pause (G1 Evacuation Pause) (young) 3286M->1346M(3732M), 0.0913166 secs]
211.567: [GC pause (G1 Evacuation Pause) (young) 3242M->1390M(3732M), 0.0903826 secs]
213.240: [GC pause (G1 Evacuation Pause) (young) 3182M->1422M(3732M), 0.0877215 secs]
214.970: [GC pause (G1 Evacuation Pause) (young) 3228M->1451M(3732M), 0.0973053 secs]
216.588: [GC pause (G1 Evacuation Pause) (young) 3268M->1511M(3732M), 0.0861897 secs]
218.097: [GC pause (G1 Evacuation Pause) (young) 3191M->1515M(3732M), 0.0750106 secs]
219.711: [GC pause (G1 Evacuation Pause) (young) 3251M->1553M(3732M), 0.0930825 secs]
221.228: [GC pause (G1 Evacuation Pause) (young) 3197M->1593M(3732M), 0.0821163 secs]
222.964: [GC pause (G1 Evacuation Pause) (young) 3237M->1589M(3732M), 0.0676182 secs]
224.703: [GC pause (G1 Evacuation Pause) (young) 3337M->1698M(3732M), 0.0937840 secs]
225.880: [GC pause (G1 Evacuation Pause) (young) 3213M->1753M(3732M), 0.1437591 secs]
227.322: [GC pause (G1 Evacuation Pause) (young) 3153M->1769M(3732M), 0.1124344 secs]
227.501: [GC pause (G1 Humongous Allocation) (young) (initial-mark) 1839M->1763M(3732M), 0.0337528 secs]
227.535: [GC concurrent-root-region-scan-start]
227.549: [GC concurrent-root-region-scan-end, 0.0142865 secs]
227.549: [GC concurrent-mark-start]
227.829: [GC concurrent-mark-end, 0.2799644 secs]
227.830: [GC remark, 0.0063509 secs]
227.836: [GC cleanup 2137M->1173M(3732M), 0.0045743 secs]
227.841: [GC concurrent-cleanup-start]
227.843: [GC concurrent-cleanup-end, 0.0020130 secs]
228.751: [GC pause (G1 Evacuation Pause) (young) 2337M->840M(3732M), 0.0470584 secs]
228.904: [GC pause (G1 Evacuation Pause) (mixed) 948M->592M(3732M), 0.0401101 secs]
231.044: [GC pause (G1 Evacuation Pause) (young) 2810M->630M(3732M), 0.0585750 secs]
233.093: [GC pause (G1 Evacuation Pause) (young) 2852M->698M(3732M), 0.0852937 secs]
235.108: [GC pause (G1 Evacuation Pause) (young) 2810M->728M(3732M), 0.0757628 secs]
237.052: [GC pause (G1 Evacuation Pause) (young) 2810M->744M(3732M), 0.0803239 secs]
238.998: [GC pause (G1 Evacuation Pause) (young) 2856M->780M(3732M), 0.1068319 secs]
240.938: [GC pause (G1 Evacuation Pause) (young) 2846M->819M(3732M), 0.0999711 secs]
242.941: [GC pause (G1 Evacuation Pause) (young) 2900M->855M(3732M), 0.1067576 secs]
244.951: [GC pause (G1 Evacuation Pause) (young) 2921M->891M(3732M), 0.0977426 secs]
246.994: [GC pause (G1 Evacuation Pause) (young) 3000M->898M(3732M), 0.0936073 secs]
248.721: [GC pause (G1 Evacuation Pause) (young) 3067M->1010M(3732M), 0.1554263 secs]
250.740: [GC pause (G1 Evacuation Pause) (young) 3003M->1020M(3732M), 0.1217699 secs]
252.661: [GC pause (G1 Evacuation Pause) (young) 3094M->1065M(3732M), 0.1239178 secs]
254.748: [GC pause (G1 Evacuation Pause) (young) 3231M->1099M(3732M), 0.0936180 secs]
256.747: [GC pause (G1 Evacuation Pause) (young) 3222M->1142M(3732M), 0.0904662 secs]
258.786: [GC pause (G1 Evacuation Pause) (young) 3176M->1183M(3732M), 0.0930557 secs]
260.709: [GC pause (G1 Evacuation Pause) (young) 3188M->1168M(3732M), 0.0885274 secs]
262.685: [GC pause (G1 Evacuation Pause) (young) 3262M->1223M(3732M), 0.0894332 secs]
264.552: [GC pause (G1 Evacuation Pause) (young) 3179M->1218M(3732M), 0.0723819 secs]
266.349: [GC pause (G1 Evacuation Pause) (young) 3227M->1265M(3732M), 0.0996771 secs]
268.183: [GC pause (G1 Evacuation Pause) (young) 3165M->1257M(3732M), 0.0724421 secs]
270.240: [GC pause (G1 Evacuation Pause) (young) 3284M->1299M(3732M), 0.1025767 secs]
271.816: [GC pause (G1 Evacuation Pause) (young) 3293M->1446M(3732M), 0.1526401 secs]
273.515: [GC pause (G1 Evacuation Pause) (young) 3130M->1454M(3732M), 0.1279105 secs]
275.180: [GC pause (G1 Evacuation Pause) (young) 3186M->1481M(3732M), 0.1104543 secs]
276.981: [GC pause (G1 Evacuation Pause) (young) 3273M->1510M(3732M), 0.0760090 secs]
278.558: [GC pause (G1 Evacuation Pause) (young) 3288M->1562M(3732M), 0.0978292 secs]
280.129: [GC pause (G1 Evacuation Pause) (young) 3194M->1583M(3732M), 0.0851239 secs]
281.696: [GC pause (G1 Evacuation Pause) (young) 3217M->1616M(3732M), 0.0876037 secs]
283.204: [GC pause (G1 Evacuation Pause) (young) 3236M->1645M(3732M), 0.0846712 secs]
284.774: [GC pause (G1 Evacuation Pause) (young) 3276M->1692M(3732M), 0.0860378 secs]
286.162: [GC pause (G1 Evacuation Pause) (young) 3210M->1721M(3732M), 0.0797338 secs]
287.529: [GC pause (G1 Evacuation Pause) (young) 3222M->1759M(3732M), 0.0789855 secs]
288.909: [GC pause (G1 Evacuation Pause) (young) 3225M->1777M(3732M), 0.0798682 secs]
290.265: [GC pause (G1 Evacuation Pause) (young) 3245M->1795M(3732M), 0.0718716 secs]
291.807: [GC pause (G1 Evacuation Pause) (young) 3227M->1790M(3732M), 0.0540250 secs]
291.890: [GC pause (G1 Humongous Allocation) (young) (initial-mark) 1825M->1789M(3732M), 0.0389120 secs]
291.929: [GC concurrent-root-region-scan-start]
291.960: [GC concurrent-root-region-scan-end, 0.0305498 secs]
291.960: [GC concurrent-mark-start]
292.195: [GC concurrent-mark-end, 0.2353862 secs]
292.196: [GC remark, 0.0073336 secs]
292.203: [GC cleanup 2054M->1178M(3732M), 0.0034961 secs]
292.207: [GC concurrent-cleanup-start]
292.209: [GC concurrent-cleanup-end, 0.0017195 secs]
293.183: [GC pause (G1 Evacuation Pause) (young) 2434M->970M(3732M), 0.0796617 secs]
293.292: [GC pause (G1 Evacuation Pause) (mixed) 1016M->657M(3732M), 0.1019649 secs]
294.898: [GC pause (G1 Evacuation Pause) (young) 2956M->775M(3732M), 0.1139815 secs]
296.821: [GC pause (G1 Evacuation Pause) (young) 2744M->817M(3732M), 0.0991130 secs]
298.753: [GC pause (G1 Evacuation Pause) (young) 2875M->875M(3732M), 0.1022691 secs]
300.834: [GC pause (G1 Evacuation Pause) (young) 3055M->924M(3732M), 0.0977324 secs]
302.840: [GC pause (G1 Evacuation Pause) (young) 3022M->954M(3732M), 0.0887147 secs]
304.721: [GC pause (G1 Evacuation Pause) (young) 3014M->953M(3732M), 0.0827064 secs]
306.768: [GC pause (G1 Evacuation Pause) (young) 3055M->966M(3732M), 0.0921102 secs]
308.658: [GC pause (G1 Evacuation Pause) (young) 3066M->1021M(3732M), 0.1142209 secs]
310.656: [GC pause (G1 Evacuation Pause) (young) 3079M->1046M(3732M), 0.0893991 secs]
312.488: [GC pause (G1 Evacuation Pause) (young) 3130M->1072M(3732M), 0.0915909 secs]
314.595: [GC pause (G1 Evacuation Pause) (young) 3148M->1056M(3732M), 0.0845180 secs]
316.348: [GC pause (G1 Evacuation Pause) (young) 3257M->1185M(3732M), 0.1553781 secs]
318.204: [GC pause (G1 Evacuation Pause) (young) 3091M->1236M(3732M), 0.1325795 secs]
320.106: [GC pause (G1 Evacuation Pause) (young) 3272M->1287M(3732M), 0.0852882 secs]
322.027: [GC pause (G1 Evacuation Pause) (young) 3292M->1328M(3732M), 0.0678025 secs]
323.661: [GC pause (G1 Evacuation Pause) (young) 3246M->1369M(3732M), 0.0862729 secs]
325.372: [GC pause (G1 Evacuation Pause) (young) 3183M->1390M(3732M), 0.0922160 secs]
327.028: [GC pause (G1 Evacuation Pause) (young) 3214M->1423M(3732M), 0.0948579 secs]
328.696: [GC pause (G1 Evacuation Pause) (young) 3227M->1455M(3732M), 0.0900775 secs]
330.309: [GC pause (G1 Evacuation Pause) (young) 3267M->1508M(3732M), 0.1170331 secs]
331.938: [GC pause (G1 Evacuation Pause) (young) 3190M->1522M(3732M), 0.0769938 secs]
333.577: [GC pause (G1 Evacuation Pause) (young) 3250M->1558M(3732M), 0.1018202 secs]
335.063: [GC pause (G1 Evacuation Pause) (young) 3198M->1602M(3732M), 0.0806405 secs]
336.585: [GC pause (G1 Evacuation Pause) (young) 3262M->1597M(3732M), 0.0677470 secs]
337.957: [GC pause (G1 Evacuation Pause) (young) 3387M->1744M(3732M), 0.1054661 secs]
338.997: [GC pause (G1 Evacuation Pause) (young) 3156M->1772M(3732M), 0.1218318 secs]
339.820: [GC pause (G1 Humongous Allocation) (young) (initial-mark) 2652M->1780M(3732M), 0.0595759 secs]
339.879: [GC concurrent-root-region-scan-start]
339.920: [GC concurrent-root-region-scan-end, 0.0407271 secs]
339.920: [GC concurrent-mark-start]
340.238: [GC concurrent-mark-end, 0.3174027 secs]
340.238: [GC remark, 0.0066509 secs]
340.245: [GC cleanup 2187M->1301M(3732M), 0.0042560 secs]
340.249: [GC concurrent-cleanup-start]
340.251: [GC concurrent-cleanup-end, 0.0014780 secs]
341.141: [GC pause (G1 Evacuation Pause) (young) 2388M->912M(3732M), 0.0617455 secs]
341.279: [GC pause (G1 Evacuation Pause) (mixed) 988M->612M(3732M), 0.0642680 secs]
343.077: [GC pause (G1 Evacuation Pause) (young) 2846M->668M(3732M), 0.0712560 secs]
345.038: [GC pause (G1 Evacuation Pause) (young) 2844M->691M(3732M), 0.0552090 secs]
346.858: [GC pause (G1 Evacuation Pause) (young) 2873M->746M(3732M), 0.0978241 secs]
348.830: [GC pause (G1 Evacuation Pause) (young) 2830M->774M(3732M), 0.0862610 secs]
350.728: [GC pause (G1 Evacuation Pause) (young) 2846M->784M(3732M), 0.1002697 secs]
352.676: [GC pause (G1 Evacuation Pause) (young) 2854M->797M(3732M), 0.0825140 secs]
354.553: [GC pause (G1 Evacuation Pause) (young) 2931M->830M(3732M), 0.1143510 secs]
356.501: [GC pause (G1 Evacuation Pause) (young) 2888M->859M(3732M), 0.0932698 secs]
358.492: [GC pause (G1 Evacuation Pause) (young) 2929M->860M(3732M), 0.0818608 secs]
360.337: [GC pause (G1 Evacuation Pause) (young) 3082M->954M(3732M), 0.0979175 secs]
362.098: [GC pause (G1 Evacuation Pause) (young) 3028M->986M(3732M), 0.1310175 secs]
363.993: [GC pause (G1 Evacuation Pause) (young) 3008M->1030M(3732M), 0.1376641 secs]
365.980: [GC pause (G1 Evacuation Pause) (young) 3102M->1051M(3732M), 0.1065311 secs]
368.172: [GC pause (G1 Evacuation Pause) (young) 3223M->1092M(3732M), 0.0936718 secs]
370.118: [GC pause (G1 Evacuation Pause) (young) 3235M->1114M(3732M), 0.0844387 secs]
372.044: [GC pause (G1 Evacuation Pause) (young) 3224M->1159M(3732M), 0.0969695 secs]
373.967: [GC pause (G1 Evacuation Pause) (young) 3163M->1187M(3732M), 0.0977891 secs]
376.029: [GC pause (G1 Evacuation Pause) (young) 3195M->1175M(3732M), 0.0911988 secs]
377.953: [GC pause (G1 Evacuation Pause) (young) 3243M->1233M(3732M), 0.1119745 secs]
379.936: [GC pause (G1 Evacuation Pause) (young) 3175M->1241M(3732M), 0.0872257 secs]
381.779: [GC pause (G1 Evacuation Pause) (young) 3203M->1271M(3732M), 0.0879689 secs]
383.502: [GC pause (G1 Evacuation Pause) (young) 3278M->1323M(3732M), 0.1138062 secs]
385.058: [GC pause (G1 Evacuation Pause) (young) 3215M->1408M(3732M), 0.1415195 secs]
386.765: [GC pause (G1 Evacuation Pause) (young) 3164M->1441M(3732M), 0.1202625 secs]
388.485: [GC pause (G1 Evacuation Pause) (young) 3237M->1447M(3732M), 0.0810394 secs]
390.201: [GC pause (G1 Evacuation Pause) (young) 3247M->1462M(3732M), 0.0725116 secs]
391.797: [GC pause (G1 Evacuation Pause) (young) 3240M->1516M(3732M), 0.0964596 secs]
393.425: [GC pause (G1 Evacuation Pause) (young) 3206M->1549M(3732M), 0.0977605 secs]
395.024: [GC pause (G1 Evacuation Pause) (young) 3219M->1583M(3732M), 0.0823493 secs]
396.528: [GC pause (G1 Evacuation Pause) (young) 3219M->1616M(3732M), 0.0784636 secs]
398.153: [GC pause (G1 Evacuation Pause) (young) 3258M->1633M(3732M), 0.0818177 secs]
399.607: [GC pause (G1 Evacuation Pause) (young) 3253M->1687M(3732M), 0.0970429 secs]
401.054: [GC pause (G1 Evacuation Pause) (young) 3203M->1716M(3732M), 0.0867260 secs]
402.533: [GC pause (G1 Evacuation Pause) (young) 3242M->1743M(3732M), 0.0929665 secs]
404.040: [GC pause (G1 Evacuation Pause) (young) 3229M->1775M(3732M), 0.0726533 secs]
405.038: [GC pause (G1 Humongous Allocation) (young) (initial-mark) 2737M->1778M(3732M), 0.0651265 secs]
405.103: [GC concurrent-root-region-scan-start]
405.155: [GC concurrent-root-region-scan-end, 0.0516647 secs]
405.155: [GC concurrent-mark-start]
405.431: [GC concurrent-mark-end, 0.2762191 secs]
405.432: [GC remark, 0.0070579 secs]
405.439: [GC cleanup 2171M->1401M(3732M), 0.0041434 secs]
405.443: [GC concurrent-cleanup-start]
405.445: [GC concurrent-cleanup-end, 0.0018492 secs]
406.330: [GC pause (G1 Evacuation Pause) (young) 2607M->1145M(3732M), 0.1298147 secs]
406.461: [GC pause (G1 Evacuation Pause) (mixed) 1147M->858M(3732M), 0.1063369 secs]
406.695: [GC pause (G1 Evacuation Pause) (mixed) 1028M->816M(3732M), 0.0348975 secs]
408.625: [GC pause (G1 Evacuation Pause) (young) 3034M->873M(3732M), 0.0585238 secs]
410.659: [GC pause (G1 Evacuation Pause) (young) 3044M->896M(3732M), 0.0583531 secs]
412.639: [GC pause (G1 Evacuation Pause) (young) 3049M->935M(3732M), 0.0738339 secs]
414.649: [GC pause (G1 Evacuation Pause) (young) 3060M->950M(3732M), 0.0880116 secs]
416.550: [GC pause (G1 Evacuation Pause) (young) 3050M->995M(3732M), 0.1018616 secs]
418.472: [GC pause (G1 Evacuation Pause) (young) 3033M->1023M(3732M), 0.1072283 secs]
420.407: [GC pause (G1 Evacuation Pause) (young) 3098M->1010M(3732M), 0.0991105 secs]
422.409: [GC pause (G1 Evacuation Pause) (young) 3137M->1062M(3732M), 0.1083171 secs]
424.302: [GC pause (G1 Evacuation Pause) (young) 3126M->1074M(3732M), 0.1001729 secs]
426.331: [GC pause (G1 Evacuation Pause) (young) 3152M->1104M(3732M), 0.0879228 secs]
428.136: [GC pause (G1 Evacuation Pause) (young) 3290M->1194M(3732M), 0.1374853 secs]
429.930: [GC pause (G1 Evacuation Pause) (young) 3172M->1254M(3732M), 0.1384539 secs]
431.777: [GC pause (G1 Evacuation Pause) (young) 3150M->1274M(3732M), 0.1166538 secs]
433.637: [GC pause (G1 Evacuation Pause) (young) 3265M->1319M(3732M), 0.0893573 secs]
435.398: [GC pause (G1 Evacuation Pause) (young) 3203M->1324M(3732M), 0.0682667 secs]
437.170: [GC pause (G1 Evacuation Pause) (young) 3274M->1375M(3732M), 0.0994791 secs]
438.824: [GC pause (G1 Evacuation Pause) (young) 3183M->1412M(3732M), 0.0865874 secs]
440.531: [GC pause (G1 Evacuation Pause) (young) 3210M->1429M(3732M), 0.0809008 secs]
442.199: [GC pause (G1 Evacuation Pause) (young) 3246M->1469M(3732M), 0.0947243 secs]
443.878: [GC pause (G1 Evacuation Pause) (young) 3191M->1472M(3732M), 0.0698108 secs]
445.459: [GC pause (G1 Evacuation Pause) (young) 3260M->1532M(3732M), 0.1092233 secs]
446.877: [GC pause (G1 Evacuation Pause) (young) 3192M->1558M(3732M), 0.0786616 secs]
448.275: [GC pause (G1 Evacuation Pause) (young) 3222M->1571M(3732M), 0.0685611 secs]
449.819: [GC pause (G1 Evacuation Pause) (young) 3339M->1614M(3732M), 0.0936398 secs]
451.104: [GC pause (G1 Evacuation Pause) (young) 3266M->1700M(3732M), 0.1391749 secs]
452.561: [GC pause (G1 Evacuation Pause) (young) 3149M->1723M(3732M), 0.1121605 secs]
454.059: [GC pause (G1 Evacuation Pause) (young) (initial-mark) 3265M->1749M(3732M), 0.0661453 secs]
454.126: [GC concurrent-root-region-scan-start]
454.167: [GC concurrent-root-region-scan-end, 0.0418577 secs]
454.168: [GC concurrent-mark-start]
454.555: [GC concurrent-mark-end, 0.3876842 secs]
454.555: [GC remark, 0.0064597 secs]
454.562: [GC cleanup 2173M->1211M(3732M), 0.0037171 secs]
454.566: [GC concurrent-cleanup-start]
454.568: [GC concurrent-cleanup-end, 0.0018202 secs]
455.406: [GC pause (G1 Evacuation Pause) (young) 2311M->812M(3732M), 0.0529519 secs]
455.527: [GC pause (G1 Evacuation Pause) (mixed) 896M->622M(3732M), 0.0443687 secs]
457.671: [GC pause (G1 Evacuation Pause) (young) 2840M->653M(3732M), 0.0526951 secs]
459.506: [GC pause (G1 Evacuation Pause) (young) 2884M->727M(3732M), 0.0932267 secs]
461.471: [GC pause (G1 Evacuation Pause) (young) 2841M->738M(3732M), 0.0726686 secs]
463.433: [GC pause (G1 Evacuation Pause) (young) 2856M->781M(3732M), 0.0976457 secs]
465.331: [GC pause (G1 Evacuation Pause) (young) 2841M->781M(3732M), 0.0819819 secs]
467.176: [GC pause (G1 Evacuation Pause) (young) 2911M->813M(3732M), 0.1123913 secs]
468.954: [GC pause (G1 Evacuation Pause) (young) 2869M->846M(3732M), 0.0828762 secs]
470.956: [GC pause (G1 Evacuation Pause) (young) 2930M->865M(3732M), 0.1003350 secs]
472.819: [GC pause (G1 Evacuation Pause) (young) 3054M->966M(3732M), 0.1309241 secs]
474.668: [GC pause (G1 Evacuation Pause) (young) 3006M->999M(3732M), 0.1298190 secs]
476.578: [GC pause (G1 Evacuation Pause) (young) 3039M->1045M(3732M), 0.1285565 secs]
478.685: [GC pause (G1 Evacuation Pause) (young) 3155M->1052M(3732M), 0.0893270 secs]
480.737: [GC pause (G1 Evacuation Pause) (young) 3198M->1136M(3732M), 0.1199186 secs]
482.656: [GC pause (G1 Evacuation Pause) (young) 3144M->1138M(3732M), 0.1030486 secs]
484.595: [GC pause (G1 Evacuation Pause) (young) 3210M->1193M(3732M), 0.1241605 secs]
486.451: [GC pause (G1 Evacuation Pause) (young) 3177M->1230M(3732M), 0.1038708 secs]
488.293: [GC pause (G1 Evacuation Pause) (young) 3196M->1214M(3732M), 0.0842138 secs]
490.171: [GC pause (G1 Evacuation Pause) (young) 3250M->1267M(3732M), 0.1102973 secs]
491.965: [GC pause (G1 Evacuation Pause) (young) 3169M->1261M(3732M), 0.0773773 secs]
493.556: [GC pause (G1 Evacuation Pause) (young) 3237M->1300M(3732M), 0.0868353 secs]
495.141: [GC pause (G1 Evacuation Pause) (young) 3261M->1352M(3732M), 0.1197838 secs]
496.922: [GC pause (G1 Evacuation Pause) (young) 3215M->1428M(3732M), 0.1509940 secs]
498.648: [GC pause (G1 Evacuation Pause) (young) 3164M->1464M(3732M), 0.1249119 secs]
500.431: [GC pause (G1 Evacuation Pause) (young) 3256M->1488M(3732M), 0.0856654 secs]
502.050: [GC pause (G1 Evacuation Pause) (young) 3222M->1510M(3732M), 0.0783130 secs]
503.736: [GC pause (G1 Evacuation Pause) (young) 3194M->1507M(3732M), 0.0662076 secs]
505.286: [GC pause (G1 Evacuation Pause) (young) 3265M->1567M(3732M), 0.1070465 secs]
506.830: [GC pause (G1 Evacuation Pause) (young) 3197M->1599M(3732M), 0.0894418 secs]
508.388: [GC pause (G1 Evacuation Pause) (young) 3223M->1634M(3732M), 0.0867316 secs]
509.875: [GC pause (G1 Evacuation Pause) (young) 3240M->1670M(3732M), 0.0892792 secs]
511.461: [GC pause (G1 Evacuation Pause) (young) 3250M->1686M(3732M), 0.0719386 secs]
512.883: [GC pause (G1 Evacuation Pause) (young) 3260M->1747M(3732M), 0.0915935 secs]
514.251: [GC pause (G1 Evacuation Pause) (young) 3220M->1773M(3732M), 0.0874672 secs]
515.722: [GC pause (G1 Evacuation Pause) (young) 3229M->1799M(3732M), 0.0785379 secs]
517.270: [GC pause (G1 Evacuation Pause) (young) (initial-mark) 3235M->1815M(3732M), 0.0666770 secs]
517.337: [GC concurrent-root-region-scan-start]
517.366: [GC concurrent-root-region-scan-end, 0.0294234 secs]
517.366: [GC concurrent-mark-start]
517.613: [GC concurrent-mark-end, 0.2464433 secs]
517.613: [GC remark, 0.0068518 secs]
517.620: [GC cleanup 2017M->1167M(3732M), 0.0039437 secs]
517.624: [GC concurrent-cleanup-start]
517.626: [GC concurrent-cleanup-end, 0.0014878 secs]
518.452: [GC pause (G1 Evacuation Pause) (young) 2529M->1080M(3732M), 0.1177068 secs]
518.572: [GC pause (G1 Evacuation Pause) (mixed) 1082M->815M(3732M), 0.0973210 secs]
518.800: [GC pause (G1 Evacuation Pause) (mixed) 981M->772M(3732M), 0.0347964 secs]
520.580: [GC pause (G1 Evacuation Pause) (young) 3016M->874M(3732M), 0.0810868 secs]
522.516: [GC pause (G1 Evacuation Pause) (young) 3006M->885M(3732M), 0.0797884 secs]
524.439: [GC pause (G1 Evacuation Pause) (young) 2991M->914M(3732M), 0.0794740 secs]
526.499: [GC pause (G1 Evacuation Pause) (young) 3032M->937M(3732M), 0.0990328 secs]
528.443: [GC pause (G1 Evacuation Pause) (young) 3039M->964M(3732M), 0.0899598 secs]
530.373: [GC pause (G1 Evacuation Pause) (young) 3026M->964M(3732M), 0.0755128 secs]
532.341: [GC pause (G1 Evacuation Pause) (young) 3074M->1009M(3732M), 0.1061454 secs]
534.344: [GC pause (G1 Evacuation Pause) (young) 3084M->1004M(3732M), 0.0886354 secs]
536.343: [GC pause (G1 Evacuation Pause) (young) 3124M->1042M(3732M), 0.1094597 secs]
538.362: [GC pause (G1 Evacuation Pause) (young) 3096M->1075M(3732M), 0.0982175 secs]
540.151: [GC pause (G1 Evacuation Pause) (young) 3253M->1172M(3732M), 0.1098501 secs]
541.711: [GC pause (G1 Evacuation Pause) (young) 3204M->1223M(3732M), 0.1515462 secs]
543.515: [GC pause (G1 Evacuation Pause) (young) 3137M->1242M(3732M), 0.1191438 secs]
545.381: [GC pause (G1 Evacuation Pause) (young) 3239M->1293M(3732M), 0.1059500 secs]
547.188: [GC pause (G1 Evacuation Pause) (young) 3175M->1331M(3732M), 0.0880483 secs]
548.989: [GC pause (G1 Evacuation Pause) (young) 3272M->1379M(3732M), 0.0959779 secs]
550.700: [GC pause (G1 Evacuation Pause) (young) 3191M->1415M(3732M), 0.0945575 secs]
552.378: [GC pause (G1 Evacuation Pause) (young) 3196M->1427M(3732M), 0.0948805 secs]
554.064: [GC pause (G1 Evacuation Pause) (young) 3221M->1453M(3732M), 0.0873887 secs]
555.728: [GC pause (G1 Evacuation Pause) (young) 3195M->1423M(3732M), 0.0626876 secs]
557.470: [GC pause (G1 Evacuation Pause) (young) 3286M->1486M(3732M), 0.1088214 secs]
559.103: [GC pause (G1 Evacuation Pause) (young) 3180M->1512M(3732M), 0.0865921 secs]
560.698: [GC pause (G1 Evacuation Pause) (young) 3237M->1542M(3732M), 0.0849319 secs]
562.269: [GC pause (G1 Evacuation Pause) (young) 3310M->1615M(3732M), 0.0957061 secs]
563.659: [GC pause (G1 Evacuation Pause) (young) 3223M->1622M(3732M), 0.1104991 secs]
565.099: [GC pause (G1 Evacuation Pause) (young) 3197M->1691M(3732M), 0.1231532 secs]
566.536: [GC pause (G1 Evacuation Pause) (young) 3179M->1723M(3732M), 0.1094132 secs]
568.030: [GC pause (G1 Evacuation Pause) (young) 3251M->1725M(3732M), 0.0689246 secs]
569.449: [GC pause (G1 Evacuation Pause) (young) 3264M->1765M(3732M), 0.0722812 secs]
570.885: [GC pause (G1 Evacuation Pause) (young) 3209M->1785M(3732M), 0.0696001 secs]
572.181: [GC pause (G1 Humongous Allocation) (young) (initial-mark) 3027M->1794M(3732M), 0.0634838 secs]
572.245: [GC concurrent-root-region-scan-start]
572.288: [GC concurrent-root-region-scan-end, 0.0430149 secs]
572.288: [GC concurrent-mark-start]
572.621: [GC concurrent-mark-end, 0.3326394 secs]
572.621: [GC remark, 0.0115849 secs]
572.633: [GC cleanup 2199M->1297M(3732M), 0.0037261 secs]
572.637: [GC concurrent-cleanup-start]
572.638: [GC concurrent-cleanup-end, 0.0016700 secs]
573.470: [GC pause (G1 Evacuation Pause) (young) 2397M->954M(3732M), 0.0994847 secs]
573.596: [GC pause (G1 Evacuation Pause) (mixed) 984M->698M(3732M), 0.0751459 secs]
575.636: [GC pause (G1 Evacuation Pause) (young) 2918M->734M(3732M), 0.0642697 secs]
577.684: [GC pause (G1 Evacuation Pause) (young) 2933M->780M(3732M), 0.0689844 secs]
579.737: [GC pause (G1 Evacuation Pause) (young) 2918M->807M(3732M), 0.0687779 secs]
581.617: [GC pause (G1 Evacuation Pause) (young) 2959M->852M(3732M), 0.1050689 secs]
583.396: [GC pause (G1 Evacuation Pause) (young) 2918M->879M(3732M), 0.0844703 secs]
584.665: [GC pause (G1 Evacuation Pause) (young) 2165M->911M(3732M), 0.0756711 secs]
586.370: [GC pause (G1 Evacuation Pause) (young) 3104M->994M(3732M), 0.1170514 secs]
588.371: [GC pause (G1 Evacuation Pause) (young) 3074M->1043M(3732M), 0.1141936 secs]
590.313: [GC pause (G1 Evacuation Pause) (young) 3118M->1098M(3732M), 0.1332050 secs]
592.336: [GC pause (G1 Evacuation Pause) (young) 3212M->1124M(3732M), 0.0918290 secs]
594.240: [GC pause (G1 Evacuation Pause) (young) 3217M->1123M(3732M), 0.0736487 secs]
596.091: [GC pause (G1 Evacuation Pause) (young) 3231M->1179M(3732M), 0.1068383 secs]
597.972: [GC pause (G1 Evacuation Pause) (young) 3164M->1186M(3732M), 0.1072428 secs]
599.872: [GC pause (G1 Evacuation Pause) (young) 3190M->1229M(3732M), 0.0998286 secs]
601.782: [GC pause (G1 Evacuation Pause) (young) 3196M->1216M(3732M), 0.0843448 secs]
603.553: [GC pause (G1 Evacuation Pause) (young) 3248M->1261M(3732M), 0.1014887 secs]
605.379: [GC pause (G1 Evacuation Pause) (young) 3194M->1273M(3732M), 0.0903813 secs]
607.202: [GC pause (G1 Evacuation Pause) (young) 3287M->1389M(3732M), 0.1066962 secs]
608.756: [GC pause (G1 Evacuation Pause) (young) 3163M->1369M(3732M), 0.0999971 secs]
610.551: [GC pause (G1 Evacuation Pause) (young) 3234M->1445M(3732M), 0.1467517 secs]
612.256: [GC pause (G1 Evacuation Pause) (young) 3199M->1482M(3732M), 0.1140097 secs]
614.015: [GC pause (G1 Evacuation Pause) (young) 3251M->1505M(3732M), 0.0796980 secs]
615.638: [GC pause (G1 Evacuation Pause) (young) 3217M->1537M(3732M), 0.0729997 secs]
617.348: [GC pause (G1 Evacuation Pause) (young) 3262M->1561M(3732M), 0.0738386 secs]
618.862: [GC pause (G1 Evacuation Pause) (young) 3259M->1613M(3732M), 0.0982717 secs]
620.409: [GC pause (G1 Evacuation Pause) (young) 3169M->1634M(3732M), 0.0892796 secs]
621.904: [GC pause (G1 Evacuation Pause) (young) 3228M->1649M(3732M), 0.0827226 secs]
623.428: [GC pause (G1 Evacuation Pause) (young) 3254M->1683M(3732M), 0.0869227 secs]
624.916: [GC pause (G1 Evacuation Pause) (young) 3205M->1680M(3732M), 0.0587320 secs]
626.391: [GC pause (G1 Evacuation Pause) (young) 3260M->1711M(3732M), 0.0863553 secs]
627.904: [GC pause (G1 Evacuation Pause) (young) 3219M->1745M(3732M), 0.0919165 secs]
629.373: [GC pause (G1 Evacuation Pause) (young) 3217M->1774M(3732M), 0.0856176 secs]
629.617: [GC pause (G1 Humongous Allocation) (young) (initial-mark) 1973M->1811M(3732M), 0.0711873 secs]
629.688: [GC concurrent-root-region-scan-start]
629.724: [GC concurrent-root-region-scan-end, 0.0358234 secs]
629.724: [GC concurrent-mark-start]
629.930: [GC concurrent-mark-end, 0.2052618 secs]
629.930: [GC remark, 0.0066394 secs]
629.937: [GC cleanup 2107M->929M(3732M), 0.0044949 secs]
629.941: [GC concurrent-cleanup-start]
629.944: [GC concurrent-cleanup-end, 0.0024397 secs]
630.711: [GC pause (G1 Evacuation Pause) (young) 2173M->713M(3732M), 0.1147056 secs]
630.836: [GC pause (G1 Evacuation Pause) (mixed) 725M->660M(3732M), 0.0704133 secs]
632.832: [GC pause (G1 Evacuation Pause) (young) 2904M->709M(3732M), 0.0585899 secs]
634.860: [GC pause (G1 Evacuation Pause) (young) 2906M->764M(3732M), 0.0776790 secs]
636.833: [GC pause (G1 Evacuation Pause) (young) 2878M->795M(3732M), 0.0797479 secs]
638.758: [GC pause (G1 Evacuation Pause) (young) 2894M->825M(3732M), 0.1020716 secs]
640.649: [GC pause (G1 Evacuation Pause) (young) 2940M->878M(3732M), 0.1148528 secs]
642.646: [GC pause (G1 Evacuation Pause) (young) 2941M->892M(3732M), 0.1035192 secs]
644.612: [GC pause (G1 Evacuation Pause) (young) 2972M->933M(3732M), 0.1056137 secs]
646.489: [GC pause (G1 Evacuation Pause) (young) 3003M->954M(3732M), 0.0857695 secs]
648.272: [GC pause (G1 Evacuation Pause) (young) 3065M->961M(3732M), 0.0955794 secs]
649.970: [GC pause (G1 Evacuation Pause) (young) 3089M->974M(3732M), 0.0842599 secs]
651.741: [GC pause (G1 Evacuation Pause) (young) 3093M->1005M(3732M), 0.0911199 secs]
653.022: [GC pause (G1 Evacuation Pause) (young) 3144M->1114M(3732M), 0.1434809 secs]
654.820: [GC pause (G1 Evacuation Pause) (young) 3139M->1131M(3732M), 0.1352534 secs]
656.771: [GC pause (G1 Evacuation Pause) (young) 3213M->1201M(3732M), 0.1278917 secs]
658.688: [GC pause (G1 Evacuation Pause) (young) 3248M->1223M(3732M), 0.1042254 secs]
660.575: [GC pause (G1 Evacuation Pause) (young) 3211M->1250M(3732M), 0.0886277 secs]
662.402: [GC pause (G1 Evacuation Pause) (young) 3182M->1253M(3732M), 0.0781620 secs]
664.254: [GC pause (G1 Evacuation Pause) (young) 3252M->1303M(3732M), 0.1094512 secs]
666.001: [GC pause (G1 Evacuation Pause) (young) 3173M->1300M(3732M), 0.0874241 secs]
667.797: [GC pause (G1 Evacuation Pause) (young) 3223M->1351M(3732M), 0.1006175 secs]
669.583: [GC pause (G1 Evacuation Pause) (young) 3193M->1387M(3732M), 0.0964681 secs]
671.348: [GC pause (G1 Evacuation Pause) (young) 3206M->1368M(3732M), 0.0793537 secs]
673.080: [GC pause (G1 Evacuation Pause) (young) 3256M->1416M(3732M), 0.0896739 secs]
674.866: [GC pause (G1 Evacuation Pause) (young) 3197M->1421M(3732M), 0.0848363 secs]
676.282: [GC pause (G1 Evacuation Pause) (young) 3299M->1529M(3732M), 0.1456321 secs]
677.888: [GC pause (G1 Evacuation Pause) (young) 3111M->1497M(3732M), 0.0972916 secs]
679.506: [GC pause (G1 Evacuation Pause) (young) 3308M->1563M(3732M), 0.0883546 secs]
681.048: [GC pause (G1 Evacuation Pause) (young) 3245M->1586M(3732M), 0.0668323 secs]
682.499: [GC pause (G1 Evacuation Pause) (young) 3235M->1623M(3732M), 0.0744589 secs]
683.995: [GC pause (G1 Evacuation Pause) (young) 3215M->1648M(3732M), 0.0785673 secs]
685.521: [GC pause (G1 Evacuation Pause) (young) 3250M->1671M(3732M), 0.0776752 secs]
687.168: [GC pause (G1 Evacuation Pause) (young) 3255M->1710M(3732M), 0.0772967 secs]
688.579: [GC pause (G1 Evacuation Pause) (young) 3241M->1755M(3732M), 0.0890569 secs]
689.902: [GC pause (G1 Evacuation Pause) (young) 3211M->1786M(3732M), 0.0776120 secs]
691.292: [GC pause (G1 Evacuation Pause) (young) 3230M->1800M(3732M), 0.0634351 secs]
691.480: [GC pause (G1 Humongous Allocation) (young) (initial-mark) 1949M->1797M(3732M), 0.0418552 secs]
691.522: [GC concurrent-root-region-scan-start]
691.552: [GC concurrent-root-region-scan-end, 0.0298488 secs]
691.552: [GC concurrent-mark-start]
691.922: [GC concurrent-mark-end, 0.3705283 secs]
691.922: [GC remark, 0.0063706 secs]
691.929: [GC cleanup 2301M->1329M(3732M), 0.0035900 secs]
691.933: [GC concurrent-cleanup-start]
691.934: [GC concurrent-cleanup-end, 0.0016158 secs]
692.704: [GC pause (G1 Evacuation Pause) (young) 2318M->867M(3732M), 0.0644199 secs]
692.833: [GC pause (G1 Evacuation Pause) (mixed) 933M->675M(3732M), 0.0620839 secs]
694.941: [GC pause (G1 Evacuation Pause) (young) 2919M->726M(3732M), 0.0790853 secs]
696.995: [GC pause (G1 Evacuation Pause) (young) 2907M->768M(3732M), 0.0800466 secs]
698.738: [GC pause (G1 Evacuation Pause) (young) 2973M->857M(3732M), 0.1356976 secs]
700.720: [GC pause (G1 Evacuation Pause) (young) 2908M->875M(3732M), 0.1201366 secs]
702.597: [GC pause (G1 Evacuation Pause) (young) 2967M->923M(3732M), 0.1196741 secs]
704.648: [GC pause (G1 Evacuation Pause) (young) 3074M->973M(3732M), 0.1077774 secs]
706.641: [GC pause (G1 Evacuation Pause) (young) 3059M->981M(3732M), 0.0786458 secs]
708.591: [GC pause (G1 Evacuation Pause) (young) 3074M->979M(3732M), 0.0805539 secs]
710.501: [GC pause (G1 Evacuation Pause) (young) 3103M->1037M(3732M), 0.1083128 secs]
712.317: [GC pause (G1 Evacuation Pause) (young) 3092M->1048M(3732M), 0.1034638 secs]
714.292: [GC pause (G1 Evacuation Pause) (young) 3122M->1085M(3732M), 0.1009695 secs]
716.282: [GC pause (G1 Evacuation Pause) (young) 3171M->1076M(3732M), 0.0765641 secs]
718.293: [GC pause (G1 Evacuation Pause) (young) 3204M->1124M(3732M), 0.1052716 secs]
720.312: [GC pause (G1 Evacuation Pause) (young) 3264M->1231M(3732M), 0.1332225 secs]
722.111: [GC pause (G1 Evacuation Pause) (young) 3145M->1250M(3732M), 0.1341134 secs]
724.122: [GC pause (G1 Evacuation Pause) (young) 3208M->1293M(3732M), 0.1009080 secs]
725.871: [GC pause (G1 Evacuation Pause) (young) 3256M->1339M(3732M), 0.1085458 secs]
727.630: [GC pause (G1 Evacuation Pause) (young) 3183M->1370M(3732M), 0.0865545 secs]
729.321: [GC pause (G1 Evacuation Pause) (young) 3229M->1402M(3732M), 0.1051760 secs]
731.114: [GC pause (G1 Evacuation Pause) (young) 3228M->1422M(3732M), 0.0827214 secs]
732.756: [GC pause (G1 Evacuation Pause) (young) 3234M->1449M(3732M), 0.0821646 secs]
734.391: [GC pause (G1 Evacuation Pause) (young) 3236M->1501M(3732M), 0.0982627 secs]
736.019: [GC pause (G1 Evacuation Pause) (young) 3197M->1535M(3732M), 0.0871583 secs]
737.453: [GC pause (G1 Evacuation Pause) (young) 3232M->1566M(3732M), 0.0865669 secs]
739.134: [GC pause (G1 Evacuation Pause) (young) 3244M->1578M(3732M), 0.0706437 secs]
740.778: [GC pause (G1 Evacuation Pause) (young) 3258M->1595M(3732M), 0.0792598 secs]
742.472: [GC pause (G1 Evacuation Pause) (young) 3306M->1681M(3732M), 0.1022665 secs]
743.753: [GC pause (G1 Evacuation Pause) (young) 3229M->1732M(3732M), 0.1414802 secs]
745.167: [GC pause (G1 Evacuation Pause) (young) 3144M->1752M(3732M), 0.1082727 secs]
745.543: [GC pause (G1 Humongous Allocation) (young) (initial-mark) 2059M->1750M(3732M), 0.0385088 secs]
745.582: [GC concurrent-root-region-scan-start]
745.596: [GC concurrent-root-region-scan-end, 0.0138897 secs]
745.596: [GC concurrent-mark-start]
745.907: [GC concurrent-mark-end, 0.3118680 secs]
745.908: [GC remark, 0.0064764 secs]
745.915: [GC cleanup 2099M->1077M(3732M), 0.0039262 secs]
745.919: [GC concurrent-cleanup-start]
745.920: [GC concurrent-cleanup-end, 0.0016666 secs]
746.886: [GC pause (G1 Evacuation Pause) (young) 2309M->794M(3732M), 0.0725479 secs]
747.026: [GC pause (G1 Evacuation Pause) (mixed) 876M->615M(3732M), 0.0498620 secs]
749.022: [GC pause (G1 Evacuation Pause) (young) 2833M->652M(3732M), 0.0639762 secs]
751.132: [GC pause (G1 Evacuation Pause) (young) 2847M->697M(3732M), 0.0681246 secs]
753.163: [GC pause (G1 Evacuation Pause) (young) 2833M->725M(3732M), 0.0707888 secs]
755.084: [GC pause (G1 Evacuation Pause) (young) 2874M->773M(3732M), 0.1084413 secs]
757.077: [GC pause (G1 Evacuation Pause) (young) 2833M->807M(3732M), 0.0992739 secs]
759.080: [GC pause (G1 Evacuation Pause) (young) 2882M->819M(3732M), 0.0931043 secs]
761.036: [GC pause (G1 Evacuation Pause) (young) 2907M->822M(3732M), 0.0857166 secs]
763.052: [GC pause (G1 Evacuation Pause) (young) 2924M->843M(3732M), 0.0954275 secs]
764.863: [GC pause (G1 Evacuation Pause) (young) 2939M->895M(3732M), 0.0969234 secs]
766.616: [GC pause (G1 Evacuation Pause) (young) 3033M->982M(3732M), 0.1439459 secs]
768.543: [GC pause (G1 Evacuation Pause) (young) 3051M->1025M(3732M), 0.1307359 secs]
770.551: [GC pause (G1 Evacuation Pause) (young) 3081M->1055M(3732M), 0.1229159 secs]
772.581: [GC pause (G1 Evacuation Pause) (young) 3202M->1097M(3732M), 0.1039681 secs]
774.538: [GC pause (G1 Evacuation Pause) (young) 3187M->1130M(3732M), 0.0895480 secs]
776.339: [GC pause (G1 Evacuation Pause) (young) 3215M->1127M(3732M), 0.0845300 secs]
778.189: [GC pause (G1 Evacuation Pause) (young) 3199M->1161M(3732M), 0.0996165 secs]
780.046: [GC pause (G1 Evacuation Pause) (young) 3172M->1169M(3732M), 0.0986749 secs]
781.923: [GC pause (G1 Evacuation Pause) (young) 3195M->1209M(3732M), 0.1016372 secs]
783.728: [GC pause (G1 Evacuation Pause) (young) 3200M->1190M(3732M), 0.0667525 secs]
785.467: [GC pause (G1 Evacuation Pause) (young) 3260M->1246M(3732M), 0.0961601 secs]
787.041: [GC pause (G1 Evacuation Pause) (young) 3253M->1323M(3732M), 0.1264735 secs]
788.738: [GC pause (G1 Evacuation Pause) (young) 3154M->1374M(3732M), 0.1400074 secs]
790.450: [GC pause (G1 Evacuation Pause) (young) 3184M->1408M(3732M), 0.1042574 secs]
792.068: [GC pause (G1 Evacuation Pause) (young) 3305M->1461M(3732M), 0.1010838 secs]
793.656: [GC pause (G1 Evacuation Pause) (young) 3213M->1494M(3732M), 0.0780604 secs]
795.295: [GC pause (G1 Evacuation Pause) (young) 3212M->1507M(3732M), 0.0714407 secs]
796.852: [GC pause (G1 Evacuation Pause) (young) 3249M->1518M(3732M), 0.0737822 secs]
798.490: [GC pause (G1 Evacuation Pause) (young) 3246M->1571M(3732M), 0.0959421 secs]
799.998: [GC pause (G1 Evacuation Pause) (young) 3215M->1598M(3732M), 0.0849874 secs]
801.572: [GC pause (G1 Evacuation Pause) (young) 3226M->1634M(3732M), 0.0866309 secs]
803.132: [GC pause (G1 Evacuation Pause) (young) 3222M->1663M(3732M), 0.0774486 secs]
804.685: [GC pause (G1 Evacuation Pause) (young) 3264M->1685M(3732M), 0.0778100 secs]
806.178: [GC pause (G1 Evacuation Pause) (young) 3253M->1725M(3732M), 0.0701854 secs]
807.541: [GC pause (G1 Evacuation Pause) (young) 3227M->1740M(3732M), 0.0672538 secs]
808.219: [GC pause (G1 Humongous Allocation) (young) (initial-mark) 2452M->1804M(3732M), 0.0811798 secs]
808.300: [GC concurrent-root-region-scan-start]
808.354: [GC concurrent-root-region-scan-end, 0.0535011 secs]
808.354: [GC concurrent-mark-start]
808.589: [GC concurrent-mark-end, 0.2350995 secs]
808.589: [GC remark, 0.0065451 secs]
808.596: [GC cleanup 2231M->1423M(3732M), 0.0034889 secs]
808.600: [GC concurrent-cleanup-start]
808.601: [GC concurrent-cleanup-end, 0.0016149 secs]
809.189: [GC pause (G1 Evacuation Pause) (young) 2482M->1080M(3732M), 0.1238559 secs]
809.314: [GC pause (G1 Evacuation Pause) (mixed) 1082M->758M(3732M), 0.1138343 secs]
811.373: [GC pause (G1 Evacuation Pause) (young) 2980M->798M(3732M), 0.0604468 secs]
813.343: [GC pause (G1 Evacuation Pause) (young) 3021M->868M(3732M), 0.0820464 secs]
815.240: [GC pause (G1 Evacuation Pause) (young) 2992M->893M(3732M), 0.0821744 secs]
817.119: [GC pause (G1 Evacuation Pause) (young) 2995M->921M(3732M), 0.0931359 secs]
819.093: [GC pause (G1 Evacuation Pause) (young) 2979M->951M(3732M), 0.0965466 secs]
820.956: [GC pause (G1 Evacuation Pause) (young) 3052M->963M(3732M), 0.1171794 secs]
822.899: [GC pause (G1 Evacuation Pause) (young) 3035M->1002M(3732M), 0.0948639 secs]
824.860: [GC pause (G1 Evacuation Pause) (young) 3066M->1001M(3732M), 0.0775433 secs]
826.782: [GC pause (G1 Evacuation Pause) (young) 3111M->1044M(3732M), 0.0979704 secs]
828.751: [GC pause (G1 Evacuation Pause) (young) 3120M->1027M(3732M), 0.0843832 secs]
830.698: [GC pause (G1 Evacuation Pause) (young) 3227M->1128M(3732M), 0.1106971 secs]
832.468: [GC pause (G1 Evacuation Pause) (young) 3156M->1150M(3732M), 0.1230597 secs]
834.411: [GC pause (G1 Evacuation Pause) (young) 3180M->1179M(3732M), 0.1176965 secs]
836.254: [GC pause (G1 Evacuation Pause) (young) 3223M->1247M(3732M), 0.1198282 secs]
838.083: [GC pause (G1 Evacuation Pause) (young) 3244M->1267M(3732M), 0.0914565 secs]
839.928: [GC pause (G1 Evacuation Pause) (young) 3209M->1296M(3732M), 0.0832449 secs]
841.753: [GC pause (G1 Evacuation Pause) (young) 3182M->1257M(3732M), 0.0590482 secs]
843.516: [GC pause (G1 Evacuation Pause) (young) 3301M->1325M(3732M), 0.1086431 secs]
845.305: [GC pause (G1 Evacuation Pause) (young) 3191M->1359M(3732M), 0.0827201 secs]
846.953: [GC pause (G1 Evacuation Pause) (young) 3202M->1395M(3732M), 0.0981082 secs]
848.591: [GC pause (G1 Evacuation Pause) (young) 3191M->1429M(3732M), 0.0936274 secs]
850.439: [GC pause (G1 Evacuation Pause) (young) 3283M->1486M(3732M), 0.0900127 secs]
851.908: [GC pause (G1 Evacuation Pause) (young) 3200M->1503M(3732M), 0.0783100 secs]
853.535: [GC pause (G1 Evacuation Pause) (young) 3259M->1548M(3732M), 0.0837176 secs]
854.754: [GC pause (G1 Evacuation Pause) (young) 3282M->1619M(3732M), 0.1455622 secs]
856.281: [GC pause (G1 Evacuation Pause) (young) 3127M->1637M(3732M), 0.1011888 secs]
857.800: [GC pause (G1 Evacuation Pause) (young) 3299M->1686M(3732M), 0.0671932 secs]
859.254: [GC pause (G1 Evacuation Pause) (young) 3281M->1721M(3732M), 0.0749155 secs]
860.620: [GC pause (G1 Evacuation Pause) (young) 3229M->1750M(3732M), 0.0723862 secs]
861.989: [GC pause (G1 Evacuation Pause) (young) 3226M->1773M(3732M), 0.0649878 secs]
862.203: [GC pause (G1 Humongous Allocation) (young) (initial-mark) 1923M->1773M(3732M), 0.0466688 secs]
862.250: [GC concurrent-root-region-scan-start]
862.286: [GC concurrent-root-region-scan-end, 0.0360150 secs]
862.286: [GC concurrent-mark-start]
862.602: [GC concurrent-mark-end, 0.3164269 secs]
862.602: [GC remark, 0.0063876 secs]
862.609: [GC cleanup 2197M->1287M(3732M), 0.0038737 secs]
862.613: [GC concurrent-cleanup-start]
862.614: [GC concurrent-cleanup-end, 0.0014404 secs]
863.516: [GC pause (G1 Evacuation Pause) (young) 2372M->902M(3732M), 0.0662878 secs]
863.665: [GC pause (G1 Evacuation Pause) (mixed) 964M->635M(3732M), 0.0564412 secs]
865.658: [GC pause (G1 Evacuation Pause) (young) 2881M->701M(3732M), 0.0789535 secs]
867.617: [GC pause (G1 Evacuation Pause) (young) 2870M->737M(3732M), 0.0739529 secs]
869.564: [GC pause (G1 Evacuation Pause) (young) 2855M->768M(3732M), 0.0797505 secs]
871.474: [GC pause (G1 Evacuation Pause) (young) 2869M->767M(3732M), 0.0716024 secs]
873.191: [GC pause (G1 Evacuation Pause) (young) 2881M->812M(3732M), 0.0952709 secs]
875.123: [GC pause (G1 Evacuation Pause) (young) 2869M->815M(3732M), 0.0976423 secs]
876.830: [GC pause (G1 Evacuation Pause) (young) 2987M->929M(3732M), 0.1571927 secs]
878.832: [GC pause (G1 Evacuation Pause) (young) 2922M->913M(3732M), 0.1124472 secs]
880.713: [GC pause (G1 Evacuation Pause) (young) 3003M->983M(3732M), 0.1496116 secs]
882.808: [GC pause (G1 Evacuation Pause) (young) 3114M->1005M(3732M), 0.0892946 secs]
884.726: [GC pause (G1 Evacuation Pause) (young) 3107M->1038M(3732M), 0.0908105 secs]
886.739: [GC pause (G1 Evacuation Pause) (young) 3124M->1034M(3732M), 0.0838879 secs]
888.628: [GC pause (G1 Evacuation Pause) (young) 3163M->1081M(3732M), 0.1019167 secs]
890.573: [GC pause (G1 Evacuation Pause) (young) 3147M->1085M(3732M), 0.0821065 secs]
892.487: [GC pause (G1 Evacuation Pause) (young) 3192M->1126M(3732M), 0.1009213 secs]
894.205: [GC pause (G1 Evacuation Pause) (young) 3194M->1155M(3732M), 0.0958409 secs]
896.208: [GC pause (G1 Evacuation Pause) (young) 3203M->1162M(3732M), 0.0996438 secs]
897.964: [GC pause (G1 Evacuation Pause) (young) 3279M->1303M(3732M), 0.1231702 secs]
899.565: [GC pause (G1 Evacuation Pause) (young) 3143M->1326M(3732M), 0.1340089 secs]
901.388: [GC pause (G1 Evacuation Pause) (young) 3210M->1392M(3732M), 0.1134819 secs]
903.140: [GC pause (G1 Evacuation Pause) (young) 3224M->1392M(3732M), 0.0973053 secs]
904.801: [GC pause (G1 Evacuation Pause) (young) 3232M->1445M(3732M), 0.0978083 secs]
906.513: [GC pause (G1 Evacuation Pause) (young) 3213M->1479M(3732M), 0.0966315 secs]
908.198: [GC pause (G1 Evacuation Pause) (young) 3231M->1481M(3732M), 0.0634885 secs]
909.730: [GC pause (G1 Evacuation Pause) (young) 3271M->1542M(3732M), 0.1108297 secs]
911.299: [GC pause (G1 Evacuation Pause) (young) 3170M->1571M(3732M), 0.0916882 secs]
912.924: [GC pause (G1 Evacuation Pause) (young) 3225M->1591M(3732M), 0.0831075 secs]
914.438: [GC pause (G1 Evacuation Pause) (young) 3253M->1628M(3732M), 0.0886239 secs]
915.976: [GC pause (G1 Evacuation Pause) (young) 3198M->1622M(3732M), 0.0594040 secs]
917.324: [GC pause (G1 Evacuation Pause) (young) 3256M->1655M(3732M), 0.0767335 secs]
918.736: [GC pause (G1 Evacuation Pause) (young) 3247M->1700M(3732M), 0.0840713 secs]
920.100: [GC pause (G1 Evacuation Pause) (young) 3295M->1797M(3732M), 0.0949479 secs]
921.237: [GC pause (G1 Evacuation Pause) (young) 3207M->1839M(3732M), 0.1168824 secs]
922.448: [GC pause (G1 Evacuation Pause) (young) (initial-mark) 3185M->1869M(3732M), 0.1094235 secs]
922.557: [GC concurrent-root-region-scan-start]
922.612: [GC concurrent-root-region-scan-end, 0.0546953 secs]
922.612: [GC concurrent-mark-start]
922.834: [GC concurrent-mark-end, 0.2222991 secs]
922.835: [GC remark, 0.0064376 secs]
922.841: [GC cleanup 2118M->1016M(3732M), 0.0043934 secs]
922.846: [GC concurrent-cleanup-start]
922.848: [GC concurrent-cleanup-end, 0.0018556 secs]
923.657: [GC pause (G1 Evacuation Pause) (young) 2145M->819M(3732M), 0.1120509 secs]
923.860: [GC pause (G1 Evacuation Pause) (mixed) 913M->631M(3732M), 0.0657946 secs]
925.752: [GC pause (G1 Evacuation Pause) (young) 2863M->685M(3732M), 0.0777072 secs]
927.765: [GC pause (G1 Evacuation Pause) (young) 2847M->714M(3732M), 0.0586305 secs]
929.768: [GC pause (G1 Evacuation Pause) (young) 2848M->720M(3732M), 0.0512918 secs]
931.625: [GC pause (G1 Evacuation Pause) (young) 2890M->796M(3732M), 0.1087655 secs]
933.521: [GC pause (G1 Evacuation Pause) (young) 2848M->816M(3732M), 0.0992517 secs]
935.424: [GC pause (G1 Evacuation Pause) (young) 2897M->856M(3732M), 0.1071771 secs]
937.423: [GC pause (G1 Evacuation Pause) (young) 2918M->859M(3732M), 0.0852814 secs]
939.304: [GC pause (G1 Evacuation Pause) (young) 2995M->894M(3732M), 0.1127408 secs]
941.314: [GC pause (G1 Evacuation Pause) (young) 2952M->928M(3732M), 0.0879856 secs]
942.954: [GC pause (G1 Evacuation Pause) (young) 3096M->1035M(3732M), 0.1550965 secs]
944.852: [GC pause (G1 Evacuation Pause) (young) 3063M->1078M(3732M), 0.1453940 secs]
946.816: [GC pause (G1 Evacuation Pause) (young) 3116M->1102M(3732M), 0.1188280 secs]
948.714: [GC pause (G1 Evacuation Pause) (young) 3250M->1145M(3732M), 0.0893637 secs]
950.650: [GC pause (G1 Evacuation Pause) (young) 3205M->1149M(3732M), 0.0711809 secs]
952.583: [GC pause (G1 Evacuation Pause) (young) 3243M->1199M(3732M), 0.0970198 secs]
954.381: [GC pause (G1 Evacuation Pause) (young) 3159M->1222M(3732M), 0.0969865 secs]
956.132: [GC pause (G1 Evacuation Pause) (young) 3199M->1256M(3732M), 0.0925185 secs]
957.721: [GC pause (G1 Evacuation Pause) (young) 3208M->1288M(3732M), 0.0943864 secs]
959.449: [GC pause (G1 Evacuation Pause) (young) 3192M->1291M(3732M), 0.0771090 secs]
961.109: [GC pause (G1 Evacuation Pause) (young) 3272M->1332M(3732M), 0.0962066 secs]
962.679: [GC pause (G1 Evacuation Pause) (young) 3178M->1353M(3732M), 0.0794842 secs]
964.356: [GC pause (G1 Evacuation Pause) (young) 3304M->1390M(3732M), 0.0711032 secs]
965.722: [GC pause (G1 Evacuation Pause) (young) 3256M->1473M(3732M), 0.1386796 secs]
967.378: [GC pause (G1 Evacuation Pause) (young) 3143M->1495M(3732M), 0.1128854 secs]
969.025: [GC pause (G1 Evacuation Pause) (young) 3281M->1542M(3732M), 0.0831228 secs]
970.607: [GC pause (G1 Evacuation Pause) (young) 3250M->1564M(3732M), 0.0725859 secs]
972.134: [GC pause (G1 Evacuation Pause) (young) 3222M->1598M(3732M), 0.0812511 secs]
973.694: [GC pause (G1 Evacuation Pause) (young) 3236M->1630M(3732M), 0.0836988 secs]
975.120: [GC pause (G1 Evacuation Pause) (young) 3268M->1674M(3732M), 0.1003572 secs]
976.580: [GC pause (G1 Evacuation Pause) (young) 3198M->1712M(3732M), 0.0750725 secs]
977.998: [GC pause (G1 Evacuation Pause) (young) 3245M->1751M(3732M), 0.0829701 secs]
979.373: [GC pause (G1 Evacuation Pause) (young) 3229M->1778M(3732M), 0.0732084 secs]
980.775: [GC pause (G1 Evacuation Pause) (young) (initial-mark) 3250M->1796M(3732M), 0.0759152 secs]
980.851: [GC concurrent-root-region-scan-start]
980.900: [GC concurrent-root-region-scan-end, 0.0492753 secs]
980.900: [GC concurrent-mark-start]
981.339: [GC concurrent-mark-end, 0.4387391 secs]
981.339: [GC remark, 0.0065267 secs]
981.346: [GC cleanup 2235M->1401M(3732M), 0.0035947 secs]
981.349: [GC concurrent-cleanup-start]
981.351: [GC concurrent-cleanup-end, 0.0015437 secs]
982.255: [GC pause (G1 Evacuation Pause) (young) 2398M->966M(3732M), 0.0468314 secs]
982.384: [GC pause (G1 Evacuation Pause) (mixed) 1084M->697M(3732M), 0.0716604 secs]
984.135: [GC pause (G1 Evacuation Pause) (young) 2931M->759M(3732M), 0.0859905 secs]
986.270: [GC pause (G1 Evacuation Pause) (young) 2984M->805M(3732M), 0.0723209 secs]
988.020: [GC pause (G1 Evacuation Pause) (young) 2959M->864M(3732M), 0.1191992 secs]
989.893: [GC pause (G1 Evacuation Pause) (young) 2928M->919M(3732M), 0.1426847 secs]
991.874: [GC pause (G1 Evacuation Pause) (young) 2970M->960M(3732M), 0.1410536 secs]
993.927: [GC pause (G1 Evacuation Pause) (young) 3072M->984M(3732M), 0.0933957 secs]
995.835: [GC pause (G1 Evacuation Pause) (young) 3087M->983M(3732M), 0.0726145 secs]
997.751: [GC pause (G1 Evacuation Pause) (young) 3099M->1037M(3732M), 0.1032406 secs]
999.656: [GC pause (G1 Evacuation Pause) (young) 3073M->1032M(3732M), 0.0801443 secs]
1001.554: [GC pause (G1 Evacuation Pause) (young) 3139M->1073M(3732M), 0.1099427 secs]
1003.541: [GC pause (G1 Evacuation Pause) (young) 3125M->1042M(3732M), 0.0625033 secs]
1005.198: [GC pause (G1 Evacuation Pause) (young) 3207M->1108M(3732M), 0.1046209 secs]
1007.213: [GC pause (G1 Evacuation Pause) (young) 3166M->1103M(3732M), 0.0750652 secs]
1008.862: [GC pause (G1 Evacuation Pause) (young) 3305M->1224M(3732M), 0.1315363 secs]
1010.669: [GC pause (G1 Evacuation Pause) (young) 3124M->1248M(3732M), 0.1167519 secs]
1012.495: [GC pause (G1 Evacuation Pause) (young) 3265M->1294M(3732M), 0.0902149 secs]
1014.298: [GC pause (G1 Evacuation Pause) (young) 3238M->1321M(3732M), 0.0710418 secs]
1016.015: [GC pause (G1 Evacuation Pause) (young) 3228M->1356M(3732M), 0.0905921 secs]
1017.882: [GC pause (G1 Evacuation Pause) (young) 3259M->1387M(3732M), 0.0829432 secs]
1019.580: [GC pause (G1 Evacuation Pause) (young) 3229M->1423M(3732M), 0.0904099 secs]
1021.220: [GC pause (G1 Evacuation Pause) (young) 3199M->1455M(3732M), 0.0900216 secs]
1022.820: [GC pause (G1 Evacuation Pause) (young) 3199M->1459M(3732M), 0.0737451 secs]
1024.454: [GC pause (G1 Evacuation Pause) (young) 3248M->1493M(3732M), 0.0888671 secs]
1026.139: [GC pause (G1 Evacuation Pause) (young) 3225M->1558M(3732M), 0.0961695 secs]
1027.722: [GC pause (G1 Evacuation Pause) (young) 3211M->1581M(3732M), 0.0920752 secs]
1029.387: [GC pause (G1 Evacuation Pause) (young) 3227M->1590M(3732M), 0.0809810 secs]
1030.872: [GC pause (G1 Evacuation Pause) (young) 3295M->1660M(3732M), 0.0906006 secs]
1032.155: [GC pause (G1 Evacuation Pause) (young) 3225M->1693M(3732M), 0.1140204 secs]
1033.563: [GC pause (G1 Evacuation Pause) (young) 3187M->1754M(3732M), 0.1303997 secs]
1034.979: [GC pause (G1 Evacuation Pause) (young) 3200M->1769M(3732M), 0.1042847 secs]
1035.313: [GC pause (G1 Humongous Allocation) (young) (initial-mark) 2003M->1768M(3732M), 0.0561451 secs]
1035.369: [GC concurrent-root-region-scan-start]
1035.406: [GC concurrent-root-region-scan-end, 0.0366703 secs]
1035.406: [GC concurrent-mark-start]
1035.663: [GC concurrent-mark-end, 0.2572640 secs]
1035.663: [GC remark, 0.0062020 secs]
1035.670: [GC cleanup 2140M->1196M(3732M), 0.0038349 secs]
1035.674: [GC concurrent-cleanup-start]
1035.676: [GC concurrent-cleanup-end, 0.0019426 secs]
1036.584: [GC pause (G1 Evacuation Pause) (young) 2339M->866M(3732M), 0.0704624 secs]
1036.704: [GC pause (G1 Evacuation Pause) (mixed) 924M->624M(3732M), 0.0640662 secs]
1038.774: [GC pause (G1 Evacuation Pause) (young) 2842M->662M(3732M), 0.0633933 secs]
1040.776: [GC pause (G1 Evacuation Pause) (young) 2882M->726M(3732M), 0.0807228 secs]
1042.736: [GC pause (G1 Evacuation Pause) (young) 2842M->753M(3732M), 0.0740071 secs]
1044.585: [GC pause (G1 Evacuation Pause) (young) 2857M->782M(3732M), 0.0925355 secs]
1046.429: [GC pause (G1 Evacuation Pause) (young) 2842M->814M(3732M), 0.0952948 secs]
1048.311: [GC pause (G1 Evacuation Pause) (young) 2917M->822M(3732M), 0.1114292 secs]
1050.189: [GC pause (G1 Evacuation Pause) (young) 2900M->856M(3732M), 0.0841477 secs]
1052.193: [GC pause (G1 Evacuation Pause) (young) 2945M->871M(3732M), 0.0894644 secs]
1053.877: [GC pause (G1 Evacuation Pause) (young) 3042M->950M(3732M), 0.1314361 secs]
1055.762: [GC pause (G1 Evacuation Pause) (young) 3001M->987M(3732M), 0.1457320 secs]
1057.658: [GC pause (G1 Evacuation Pause) (young) 3029M->1030M(3732M), 0.1283248 secs]
1059.739: [GC pause (G1 Evacuation Pause) (young) 3146M->1038M(3732M), 0.0824385 secs]
1061.632: [GC pause (G1 Evacuation Pause) (young) 3161M->1051M(3732M), 0.0761677 secs]
1063.527: [GC pause (G1 Evacuation Pause) (young) 3171M->1076M(3732M), 0.0880560 secs]
1065.439: [GC pause (G1 Evacuation Pause) (young) 3161M->1117M(3732M), 0.1022951 secs]
1067.357: [GC pause (G1 Evacuation Pause) (young) 3165M->1166M(3732M), 0.1030836 secs]
1069.324: [GC pause (G1 Evacuation Pause) (young) 3191M->1156M(3732M), 0.0878183 secs]
1071.188: [GC pause (G1 Evacuation Pause) (young) 3240M->1209M(3732M), 0.1018851 secs]
1073.153: [GC pause (G1 Evacuation Pause) (young) 3178M->1212M(3732M), 0.0869134 secs]
1074.951: [GC pause (G1 Evacuation Pause) (young) 3204M->1235M(3732M), 0.0840406 secs]
1076.677: [GC pause (G1 Evacuation Pause) (young) 3334M->1333M(3732M), 0.1421458 secs]
1078.398: [GC pause (G1 Evacuation Pause) (young) 3115M->1386M(3732M), 0.1328308 secs]
1080.146: [GC pause (G1 Evacuation Pause) (young) 3268M->1422M(3732M), 0.0756963 secs]
1081.842: [GC pause (G1 Evacuation Pause) (young) 3260M->1448M(3732M), 0.0590866 secs]
1083.503: [GC pause (G1 Evacuation Pause) (young) 3238M->1454M(3732M), 0.0545673 secs]
1085.201: [GC pause (G1 Evacuation Pause) (young) 3273M->1518M(3732M), 0.1026723 secs]
1086.793: [GC pause (G1 Evacuation Pause) (young) 3168M->1540M(3732M), 0.0911399 secs]
1088.300: [GC pause (G1 Evacuation Pause) (young) 3239M->1574M(3732M), 0.0922382 secs]
1089.816: [GC pause (G1 Evacuation Pause) (young) 3230M->1601M(3732M), 0.0813965 secs]
1091.332: [GC pause (G1 Evacuation Pause) (young) 3199M->1599M(3732M), 0.0643047 secs]
1092.792: [GC pause (G1 Evacuation Pause) (young) 3268M->1655M(3732M), 0.0981944 secs]
1094.195: [GC pause (G1 Evacuation Pause) (young) 3205M->1682M(3732M), 0.0846759 secs]
1095.704: [GC pause (G1 Evacuation Pause) (young) 3234M->1718M(3732M), 0.0797099 secs]
1097.169: [GC pause (G1 Evacuation Pause) (young) 3244M->1743M(3732M), 0.0721008 secs]
1097.542: [GC pause (G1 Humongous Allocation) (young) (initial-mark) 2123M->1758M(3732M), 0.0663309 secs]
1097.608: [GC concurrent-root-region-scan-start]
1097.647: [GC concurrent-root-region-scan-end, 0.0392636 secs]
1097.647: [GC concurrent-mark-start]
1097.889: [GC concurrent-mark-end, 0.2418682 secs]
1097.889: [GC remark, 0.0066364 secs]
1097.896: [GC cleanup 2112M->1338M(3732M), 0.0036873 secs]
1097.900: [GC concurrent-cleanup-start]
1097.902: [GC concurrent-cleanup-end, 0.0016137 secs]
1098.751: [GC pause (G1 Evacuation Pause) (young) 2555M->1075M(3732M), 0.1161311 secs]
1098.869: [GC pause (G1 Evacuation Pause) (mixed) 1077M->769M(3732M), 0.1060549 secs]
1099.133: [GC pause (G1 Evacuation Pause) (mixed) 963M->741M(3732M), 0.0410304 secs]
1100.916: [GC pause (G1 Evacuation Pause) (young) 2970M->824M(3732M), 0.0853108 secs]
1102.876: [GC pause (G1 Evacuation Pause) (young) 2942M->836M(3732M), 0.0744321 secs]
1104.777: [GC pause (G1 Evacuation Pause) (young) 2942M->845M(3732M), 0.0644745 secs]
1106.622: [GC pause (G1 Evacuation Pause) (young) 2984M->876M(3732M), 0.0952129 secs]
1108.578: [GC pause (G1 Evacuation Pause) (young) 2956M->879M(3732M), 0.0831860 secs]
1110.492: [GC pause (G1 Evacuation Pause) (young) 2962M->925M(3732M), 0.1059935 secs]
1112.418: [GC pause (G1 Evacuation Pause) (young) 2975M->930M(3732M), 0.0873682 secs]
1114.380: [GC pause (G1 Evacuation Pause) (young) 3071M->970M(3732M), 0.1079416 secs]
1116.203: [GC pause (G1 Evacuation Pause) (young) 3030M->1012M(3732M), 0.0961942 secs]
1118.205: [GC pause (G1 Evacuation Pause) (young) 3094M->1024M(3732M), 0.0909040 secs]
1119.931: [GC pause (G1 Evacuation Pause) (young) 3202M->1121M(3732M), 0.1027700 secs]
1121.666: [GC pause (G1 Evacuation Pause) (young) 3229M->1185M(3732M), 0.1424483 secs]
1123.519: [GC pause (G1 Evacuation Pause) (young) 3121M->1230M(3732M), 0.1216163 secs]
1125.425: [GC pause (G1 Evacuation Pause) (young) 3235M->1259M(3732M), 0.1073853 secs]
1127.270: [GC pause (G1 Evacuation Pause) (young) 3193M->1268M(3732M), 0.0755286 secs]
1129.140: [GC pause (G1 Evacuation Pause) (young) 3276M->1315M(3732M), 0.1003453 secs]
1130.958: [GC pause (G1 Evacuation Pause) (young) 3187M->1344M(3732M), 0.0889490 secs]
1132.767: [GC pause (G1 Evacuation Pause) (young) 3190M->1351M(3732M), 0.0716634 secs]
1134.467: [GC pause (G1 Evacuation Pause) (young) 3231M->1389M(3732M), 0.0954966 secs]
1136.181: [GC pause (G1 Evacuation Pause) (young) 3204M->1423M(3732M), 0.0876890 secs]
1137.809: [GC pause (G1 Evacuation Pause) (young) 3214M->1452M(3732M), 0.1011794 secs]
1139.516: [GC pause (G1 Evacuation Pause) (young) 3198M->1479M(3732M), 0.0839514 secs]
1141.270: [GC pause (G1 Evacuation Pause) (young) 3322M->1536M(3732M), 0.0751049 secs]
1142.501: [GC pause (G1 Evacuation Pause) (young) 3212M->1581M(3732M), 0.1155320 secs]
1143.922: [GC pause (G1 Evacuation Pause) (young) 3183M->1648M(3732M), 0.1302973 secs]
1145.479: [GC pause (G1 Evacuation Pause) (young) 3280M->1692M(3732M), 0.0762522 secs]
1146.885: [GC pause (G1 Evacuation Pause) (young) 3246M->1709M(3732M), 0.0589449 secs]
1148.260: [GC pause (G1 Evacuation Pause) (young) 3221M->1737M(3732M), 0.0706795 secs]
1149.744: [GC pause (G1 Evacuation Pause) (young) 3262M->1750M(3732M), 0.0622409 secs]
1150.428: [GC pause (G1 Humongous Allocation) (young) (initial-mark) 2446M->1774M(3732M), 0.0590866 secs]
1150.487: [GC concurrent-root-region-scan-start]
1150.544: [GC concurrent-root-region-scan-end, 0.0574972 secs]
1150.544: [GC concurrent-mark-start]
1150.856: [GC concurrent-mark-end, 0.3111721 secs]
1150.856: [GC remark, 0.0061862 secs]
1150.862: [GC cleanup 2229M->1345M(3732M), 0.0039104 secs]
1150.866: [GC concurrent-cleanup-start]
1150.868: [GC concurrent-cleanup-end, 0.0016401 secs]
1151.632: [GC pause (G1 Evacuation Pause) (young) 2345M->926M(3732M), 0.0861040 secs]
1151.752: [GC pause (G1 Evacuation Pause) (mixed) 960M->730M(3732M), 0.0760355 secs]
1153.799: [GC pause (G1 Evacuation Pause) (young) 2948M->762M(3732M), 0.0606721 secs]
1155.767: [GC pause (G1 Evacuation Pause) (young) 2963M->808M(3732M), 0.0670034 secs]
1157.828: [GC pause (G1 Evacuation Pause) (young) 2974M->833M(3732M), 0.0627162 secs]
1159.608: [GC pause (G1 Evacuation Pause) (young) 2976M->889M(3732M), 0.0994911 secs]
1161.492: [GC pause (G1 Evacuation Pause) (young) 2949M->873M(3732M), 0.0752342 secs]
1163.482: [GC pause (G1 Evacuation Pause) (young) 2996M->889M(3732M), 0.0880342 secs]
1165.074: [GC pause (G1 Evacuation Pause) (young) 3087M->989M(3732M), 0.1398397 secs]
1166.917: [GC pause (G1 Evacuation Pause) (young) 2996M->1040M(3732M), 0.1465763 secs]
1168.989: [GC pause (G1 Evacuation Pause) (young) 3210M->1066M(3732M), 0.0784120 secs]
1170.936: [GC pause (G1 Evacuation Pause) (young) 3225M->1099M(3732M), 0.0711911 secs]
1172.606: [GC pause (G1 Evacuation Pause) (young) 3235M->1149M(3732M), 0.0959335 secs]
1174.413: [GC pause (G1 Evacuation Pause) (young) 3206M->1151M(3732M), 0.0964280 secs]
1176.186: [GC pause (G1 Evacuation Pause) (young) 3207M->1194M(3732M), 0.0904867 secs]
1177.970: [GC pause (G1 Evacuation Pause) (young) 3190M->1228M(3732M), 0.0888060 secs]
1179.583: [GC pause (G1 Evacuation Pause) (young) 3222M->1231M(3732M), 0.0842983 secs]
1181.361: [GC pause (G1 Evacuation Pause) (young) 3251M->1283M(3732M), 0.1006115 secs]
1183.104: [GC pause (G1 Evacuation Pause) (young) 3186M->1291M(3732M), 0.0885518 secs]
1184.704: [GC pause (G1 Evacuation Pause) (young) 3209M->1311M(3732M), 0.0869637 secs]
1186.652: [GC pause (G1 Evacuation Pause) (young) 3282M->1334M(3732M), 0.0759519 secs]
1187.984: [GC pause (G1 Evacuation Pause) (young) 3264M->1429M(3732M), 0.1515782 secs]
1189.605: [GC pause (G1 Evacuation Pause) (young) 3107M->1469M(3732M), 0.1204255 secs]
1191.228: [GC pause (G1 Evacuation Pause) (young) 3280M->1503M(3732M), 0.0760415 secs]
1192.890: [GC pause (G1 Evacuation Pause) (young) 3271M->1529M(3732M), 0.0571235 secs]
1194.471: [GC pause (G1 Evacuation Pause) (young) 3271M->1565M(3732M), 0.0757142 secs]
1195.983: [GC pause (G1 Evacuation Pause) (young) 3224M->1604M(3732M), 0.0893906 secs]
1197.423: [GC pause (G1 Evacuation Pause) (young) 3198M->1631M(3732M), 0.0836690 secs]
1198.943: [GC pause (G1 Evacuation Pause) (young) 3227M->1645M(3732M), 0.0775139 secs]
1200.447: [GC pause (G1 Evacuation Pause) (young) 3282M->1678M(3732M), 0.0773616 secs]
1201.922: [GC pause (G1 Evacuation Pause) (young) 3258M->1736M(3732M), 0.0907478 secs]
1203.371: [GC pause (G1 Evacuation Pause) (young) 3219M->1765M(3732M), 0.0764088 secs]
1204.760: [GC pause (G1 Evacuation Pause) (young) 3231M->1793M(3732M), 0.0834347 secs]
1206.145: [GC pause (G1 Evacuation Pause) (young) 3229M->1818M(3732M), 0.0711587 secs]
1207.671: [GC pause (G1 Evacuation Pause) (young) (initial-mark) 3260M->1812M(3732M), 0.0569400 secs]
1207.728: [GC concurrent-root-region-scan-start]
1207.761: [GC concurrent-root-region-scan-end, 0.0329289 secs]
1207.761: [GC concurrent-mark-start]
1208.013: [GC concurrent-mark-end, 0.2519452 secs]
1208.013: [GC remark, 0.0063010 secs]
1208.020: [GC cleanup 2049M->1319M(3732M), 0.0035183 secs]
1208.023: [GC concurrent-cleanup-start]
1208.025: [GC concurrent-cleanup-end, 0.0012096 secs]
1209.137: [GC pause (G1 Evacuation Pause) (young) 2658M->1190M(3732M), 0.0984927 secs]
1209.255: [GC pause (G1 Evacuation Pause) (mixed) 1220M->858M(3732M), 0.0886123 secs]
1209.471: [GC pause (G1 Evacuation Pause) (mixed) 1024M->731M(3732M), 0.0653108 secs]
1211.282: [GC pause (G1 Evacuation Pause) (young) 2945M->835M(3732M), 0.0962514 secs]
1213.255: [GC pause (G1 Evacuation Pause) (young) 2961M->880M(3732M), 0.0922744 secs]
1215.140: [GC pause (G1 Evacuation Pause) (young) 2944M->919M(3732M), 0.0963265 secs]
1217.089: [GC pause (G1 Evacuation Pause) (young) 3102M->972M(3732M), 0.1051824 secs]
1219.087: [GC pause (G1 Evacuation Pause) (young) 3060M->1001M(3732M), 0.0861594 secs]
1221.096: [GC pause (G1 Evacuation Pause) (young) 3076M->1015M(3732M), 0.0973765 secs]
1223.114: [GC pause (G1 Evacuation Pause) (young) 3085M->1024M(3732M), 0.0823907 secs]
1225.034: [GC pause (G1 Evacuation Pause) (young) 3160M->1059M(3732M), 0.1139282 secs]
1226.997: [GC pause (G1 Evacuation Pause) (young) 3117M->1095M(3732M), 0.1018697 secs]
1228.959: [GC pause (G1 Evacuation Pause) (young) 3165M->1100M(3732M), 0.0776884 secs]
1231.061: [GC pause (G1 Evacuation Pause) (young) 3242M->1140M(3732M), 0.0905707 secs]
1232.831: [GC pause (G1 Evacuation Pause) (young) 3265M->1210M(3732M), 0.1412148 secs]
1234.616: [GC pause (G1 Evacuation Pause) (young) 3133M->1271M(3732M), 0.1415191 secs]
1236.473: [GC pause (G1 Evacuation Pause) (young) 3177M->1307M(3732M), 0.1145166 secs]
1238.343: [GC pause (G1 Evacuation Pause) (young) 3276M->1330M(3732M), 0.0818693 secs]
1240.094: [GC pause (G1 Evacuation Pause) (young) 3262M->1387M(3732M), 0.0898774 secs]
1241.781: [GC pause (G1 Evacuation Pause) (young) 3196M->1405M(3732M), 0.0835508 secs]
1243.450: [GC pause (G1 Evacuation Pause) (young) 3211M->1422M(3732M), 0.0820899 secs]
1245.144: [GC pause (G1 Evacuation Pause) (young) 3190M->1422M(3732M), 0.0673707 secs]
1246.875: [GC pause (G1 Evacuation Pause) (young) 3287M->1468M(3732M), 0.0963645 secs]
1248.510: [GC pause (G1 Evacuation Pause) (young) 3200M->1505M(3732M), 0.0808095 secs]
1250.121: [GC pause (G1 Evacuation Pause) (young) 3197M->1507M(3732M), 0.0739674 secs]
1251.745: [GC pause (G1 Evacuation Pause) (young) 3252M->1545M(3732M), 0.0934320 secs]
1253.534: [GC pause (G1 Evacuation Pause) (young) 3199M->1503M(3732M), 0.0470661 secs]
1255.138: [GC pause (G1 Evacuation Pause) (young) 3382M->1658M(3732M), 0.1316157 secs]
1256.549: [GC pause (G1 Evacuation Pause) (young) 3146M->1674M(3732M), 0.1209191 secs]
1258.163: [GC pause (G1 Evacuation Pause) (young) 3275M->1704M(3732M), 0.0708809 secs]
1259.596: [GC pause (G1 Evacuation Pause) (young) 3254M->1734M(3732M), 0.0654814 secs]
1260.980: [GC pause (G1 Evacuation Pause) (young) 3218M->1757M(3732M), 0.0724741 secs]
1261.757: [GC pause (G1 Humongous Allocation) (young) (initial-mark) 2481M->1756M(3732M), 0.0585161 secs]
1261.816: [GC concurrent-root-region-scan-start]
1261.856: [GC concurrent-root-region-scan-end, 0.0401024 secs]
1261.856: [GC concurrent-mark-start]
1262.182: [GC concurrent-mark-end, 0.3263350 secs]
1262.182: [GC remark, 0.0063663 secs]
1262.189: [GC cleanup 2159M->1231M(3732M), 0.0043823 secs]
1262.194: [GC concurrent-cleanup-start]
1262.195: [GC concurrent-cleanup-end, 0.0014511 secs]
1263.013: [GC pause (G1 Evacuation Pause) (young) 2364M->883M(3732M), 0.0915525 secs]
1263.134: [GC pause (G1 Evacuation Pause) (mixed) 917M->687M(3732M), 0.0672359 secs]
1265.177: [GC pause (G1 Evacuation Pause) (young) 2905M->721M(3732M), 0.0599574 secs]
1267.173: [GC pause (G1 Evacuation Pause) (young) 2920M->765M(3732M), 0.0676745 secs]
1269.144: [GC pause (G1 Evacuation Pause) (young) 2931M->815M(3732M), 0.0844997 secs]
1271.096: [GC pause (G1 Evacuation Pause) (young) 2932M->846M(3732M), 0.0980541 secs]
1273.028: [GC pause (G1 Evacuation Pause) (young) 2904M->873M(3732M), 0.0985972 secs]
1275.001: [GC pause (G1 Evacuation Pause) (young) 2951M->889M(3732M), 0.1141053 secs]
1277.204: [GC pause (G1 Evacuation Pause) (young) 2997M->898M(3732M), 0.0964007 secs]
1279.072: [GC pause (G1 Evacuation Pause) (young) 3089M->1008M(3732M), 0.1663617 secs]
1281.030: [GC pause (G1 Evacuation Pause) (young) 2994M->1044M(3732M), 0.1301684 secs]
1283.061: [GC pause (G1 Evacuation Pause) (young) 3119M->1082M(3732M), 0.1231118 secs]
1285.119: [GC pause (G1 Evacuation Pause) (young) 3252M->1131M(3732M), 0.0925983 secs]
1287.055: [GC pause (G1 Evacuation Pause) (young) 3223M->1156M(3732M), 0.0814388 secs]
1288.997: [GC pause (G1 Evacuation Pause) (young) 3188M->1194M(3732M), 0.0949279 secs]
1290.956: [GC pause (G1 Evacuation Pause) (young) 3182M->1170M(3732M), 0.0683529 secs]
1292.832: [GC pause (G1 Evacuation Pause) (young) 3282M->1242M(3732M), 0.1071613 secs]
1294.738: [GC pause (G1 Evacuation Pause) (young) 3170M->1243M(3732M), 0.0778898 secs]
1296.578: [GC pause (G1 Evacuation Pause) (young) 3244M->1285M(3732M), 0.1018130 secs]
1298.435: [GC pause (G1 Evacuation Pause) (young) 3187M->1242M(3732M), 0.0559373 secs]
1300.395: [GC pause (G1 Evacuation Pause) (young) 3393M->1356M(3732M), 0.1052076 secs]
1302.016: [GC pause (G1 Evacuation Pause) (young) 3196M->1419M(3732M), 0.1326341 secs]
1303.621: [GC pause (G1 Evacuation Pause) (young) 3138M->1441M(3732M), 0.1241840 secs]
1305.274: [GC pause (G1 Evacuation Pause) (young) 3195M->1478M(3732M), 0.1059154 secs]
1306.836: [GC pause (G1 Evacuation Pause) (young) 3054M->1509M(3732M), 0.0764434 secs]
1308.430: [GC pause (G1 Evacuation Pause) (young) 3250M->1539M(3732M), 0.0804707 secs]
1310.020: [GC pause (G1 Evacuation Pause) (young) 3205M->1568M(3732M), 0.0817733 secs]
1311.612: [GC pause (G1 Evacuation Pause) (young) 3226M->1585M(3732M), 0.0747969 secs]
1313.147: [GC pause (G1 Evacuation Pause) (young) 3280M->1624M(3732M), 0.0825810 secs]
1314.661: [GC pause (G1 Evacuation Pause) (young) 3254M->1679M(3732M), 0.0917125 secs]
1316.129: [GC pause (G1 Evacuation Pause) (young) 3218M->1704M(3732M), 0.0907034 secs]
1317.562: [GC pause (G1 Evacuation Pause) (young) 3228M->1735M(3732M), 0.0810416 secs]
1318.930: [GC pause (G1 Evacuation Pause) (young) 3231M->1768M(3732M), 0.0714620 secs]
1320.187: [GC pause (G1 Humongous Allocation) (young) (initial-mark) 3002M->1764M(3732M), 0.0688316 secs]
1320.256: [GC concurrent-root-region-scan-start]
1320.294: [GC concurrent-root-region-scan-end, 0.0386228 secs]
1320.294: [GC concurrent-mark-start]
1320.600: [GC concurrent-mark-end, 0.3051872 secs]
1320.600: [GC remark, 0.0068745 secs]
1320.607: [GC cleanup 2073M->1191M(3732M), 0.0044254 secs]
1320.612: [GC concurrent-cleanup-start]
1320.613: [GC concurrent-cleanup-end, 0.0014127 secs]
1321.808: [GC pause (G1 Evacuation Pause) (young) 2418M->939M(3732M), 0.0791480 secs]
1321.909: [GC pause (G1 Evacuation Pause) (mixed) 987M->679M(3732M), 0.0907141 secs]
1322.124: [GC pause (G1 Evacuation Pause) (mixed) 845M->689M(3732M), 0.0346786 secs]
1323.855: [GC pause (G1 Evacuation Pause) (young) 2984M->811M(3732M), 0.1010821 secs]
1325.769: [GC pause (G1 Evacuation Pause) (young) 2918M->855M(3732M), 0.1086179 secs]
1327.719: [GC pause (G1 Evacuation Pause) (young) 2903M->875M(3732M), 0.0975954 secs]
1329.650: [GC pause (G1 Evacuation Pause) (young) 3075M->947M(3732M), 0.0978126 secs]
1331.614: [GC pause (G1 Evacuation Pause) (young) 3035M->942M(3732M), 0.0667367 secs]
1333.498: [GC pause (G1 Evacuation Pause) (young) 3051M->984M(3732M), 0.0997317 secs]
1335.437: [GC pause (G1 Evacuation Pause) (young) 3036M->982M(3732M), 0.0877940 secs]
1337.287: [GC pause (G1 Evacuation Pause) (young) 3118M->1020M(3732M), 0.1170143 secs]
1339.225: [GC pause (G1 Evacuation Pause) (young) 3078M->1036M(3732M), 0.0872649 secs]
1341.168: [GC pause (G1 Evacuation Pause) (young) 3133M->1068M(3732M), 0.1004225 secs]
1343.212: [GC pause (G1 Evacuation Pause) (young) 3146M->1077M(3732M), 0.0760308 secs]
1345.339: [GC pause (G1 Evacuation Pause) (young) 3216M->1105M(3732M), 0.1088432 secs]
1346.259: [GC pause (G1 Evacuation Pause) (young) 2054M->1158M(3732M), 0.0998298 secs]
1347.978: [GC pause (G1 Evacuation Pause) (young) 3295M->1248M(3732M), 0.1251325 secs]
1349.880: [GC pause (G1 Evacuation Pause) (young) 3196M->1285M(3732M), 0.0926507 secs]
1351.851: [GC pause (G1 Evacuation Pause) (young) 3306M->1350M(3732M), 0.0720432 secs]
1353.544: [GC pause (G1 Evacuation Pause) (young) 3250M->1376M(3732M), 0.0779397 secs]
1355.229: [GC pause (G1 Evacuation Pause) (young) 3210M->1411M(3732M), 0.0804707 secs]
1356.895: [GC pause (G1 Evacuation Pause) (young) 3226M->1442M(3732M), 0.0913912 secs]
1358.651: [GC pause (G1 Evacuation Pause) (young) 3230M->1466M(3732M), 0.0808112 secs]
1360.241: [GC pause (G1 Evacuation Pause) (young) 3232M->1485M(3732M), 0.0857503 secs]
1361.842: [GC pause (G1 Evacuation Pause) (young) 3233M->1534M(3732M), 0.0965842 secs]
1363.407: [GC pause (G1 Evacuation Pause) (young) 3198M->1567M(3732M), 0.0832816 secs]
1365.012: [GC pause (G1 Evacuation Pause) (young) 3234M->1586M(3732M), 0.0775284 secs]
1366.589: [GC pause (G1 Evacuation Pause) (young) 3284M->1632M(3732M), 0.0795862 secs]
1368.205: [GC pause (G1 Evacuation Pause) (young) 3218M->1626M(3732M), 0.0665707 secs]
1369.511: [GC pause (G1 Evacuation Pause) (young) 3335M->1759M(3732M), 0.1186476 secs]
1370.768: [GC pause (G1 Evacuation Pause) (young) 3147M->1771M(3732M), 0.1208910 secs]
1372.273: [GC pause (G1 Evacuation Pause) (young) (initial-mark) 3263M->1789M(3732M), 0.0714249 secs]
1372.344: [GC concurrent-root-region-scan-start]
1372.383: [GC concurrent-root-region-scan-end, 0.0392017 secs]
1372.384: [GC concurrent-mark-start]
1372.706: [GC concurrent-mark-end, 0.3228257 secs]
1372.707: [GC remark, 0.0071241 secs]
1372.714: [GC cleanup 2132M->1145M(3732M), 0.0048619 secs]
1372.719: [GC concurrent-cleanup-start]
1372.721: [GC concurrent-cleanup-end, 0.0016375 secs]
1373.701: [GC pause (G1 Evacuation Pause) (young) 2317M->859M(3732M), 0.0803243 secs]
1373.819: [GC pause (G1 Evacuation Pause) (mixed) 915M->650M(3732M), 0.0603960 secs]
1375.839: [GC pause (G1 Evacuation Pause) (young) 2870M->708M(3732M), 0.0786113 secs]
1377.919: [GC pause (G1 Evacuation Pause) (young) 2885M->752M(3732M), 0.0703058 secs]
1379.868: [GC pause (G1 Evacuation Pause) (young) 2870M->782M(3732M), 0.0771444 secs]
1381.910: [GC pause (G1 Evacuation Pause) (young) 2911M->833M(3732M), 0.1181309 secs]
1383.823: [GC pause (G1 Evacuation Pause) (young) 2869M->860M(3732M), 0.1083632 secs]
1385.805: [GC pause (G1 Evacuation Pause) (young) 2938M->879M(3732M), 0.1085816 secs]
1387.777: [GC pause (G1 Evacuation Pause) (young) 2955M->891M(3732M), 0.0834352 secs]
1389.713: [GC pause (G1 Evacuation Pause) (young) 3026M->919M(3732M), 0.1044259 secs]
1391.715: [GC pause (G1 Evacuation Pause) (young) 3066M->964M(3732M), 0.0904939 secs]
1393.459: [GC pause (G1 Evacuation Pause) (young) 3079M->1042M(3732M), 0.1516614 secs]
1395.367: [GC pause (G1 Evacuation Pause) (young) 3024M->1042M(3732M), 0.1151630 secs]
1397.187: [GC pause (G1 Evacuation Pause) (young) 3160M->1114M(3732M), 0.1390213 secs]
1399.209: [GC pause (G1 Evacuation Pause) (young) 3228M->1140M(3732M), 0.0967011 secs]
1401.138: [GC pause (G1 Evacuation Pause) (young) 3217M->1167M(3732M), 0.0955581 secs]
1403.073: [GC pause (G1 Evacuation Pause) (young) 3177M->1166M(3732M), 0.0779960 secs]
1404.990: [GC pause (G1 Evacuation Pause) (young) 3269M->1218M(3732M), 0.1033520 secs]
1406.805: [GC pause (G1 Evacuation Pause) (young) 3176M->1258M(3732M), 0.0896585 secs]
1408.661: [GC pause (G1 Evacuation Pause) (young) 3196M->1280M(3732M), 0.0926533 secs]
1410.437: [GC pause (G1 Evacuation Pause) (young) 3200M->1279M(3732M), 0.0731363 secs]
1412.220: [GC pause (G1 Evacuation Pause) (young) 3243M->1296M(3732M), 0.0872402 secs]
1413.974: [GC pause (G1 Evacuation Pause) (young) 3297M->1391M(3732M), 0.0994104 secs]
1415.382: [GC pause (G1 Evacuation Pause) (young) 3163M->1433M(3732M), 0.1249294 secs]
1417.034: [GC pause (G1 Evacuation Pause) (young) 3179M->1455M(3732M), 0.1139504 secs]
1418.693: [GC pause (G1 Evacuation Pause) (young) 3225M->1516M(3732M), 0.1241610 secs]
1420.377: [GC pause (G1 Evacuation Pause) (young) 3255M->1536M(3732M), 0.0908925 secs]
1421.939: [GC pause (G1 Evacuation Pause) (young) 3220M->1572M(3732M), 0.0735629 secs]
1423.499: [GC pause (G1 Evacuation Pause) (young) 3218M->1610M(3732M), 0.0820963 secs]
1425.068: [GC pause (G1 Evacuation Pause) (young) 3257M->1623M(3732M), 0.0783839 secs]
1426.499: [GC pause (G1 Evacuation Pause) (young) 3253M->1685M(3732M), 0.0944261 secs]
1427.887: [GC pause (G1 Evacuation Pause) (young) 3201M->1695M(3732M), 0.0762684 secs]
1429.376: [GC pause (G1 Evacuation Pause) (young) 3258M->1736M(3732M), 0.0888696 secs]
1430.792: [GC pause (G1 Evacuation Pause) (young) 3204M->1779M(3732M), 0.0789897 secs]
1432.255: [GC pause (G1 Evacuation Pause) (young) (initial-mark) 3251M->1782M(3732M), 0.0660621 secs]
1432.321: [GC concurrent-root-region-scan-start]
1432.362: [GC concurrent-root-region-scan-end, 0.0403439 secs]
1432.362: [GC concurrent-mark-start]
1432.721: [GC concurrent-mark-end, 0.3591781 secs]
1432.721: [GC remark, 0.0064593 secs]
1432.728: [GC cleanup 2098M->1297M(3732M), 0.0034692 secs]
1432.731: [GC concurrent-cleanup-start]
1432.733: [GC concurrent-cleanup-end, 0.0014071 secs]
1433.603: [GC pause (G1 Evacuation Pause) (young) 2485M->1031M(3732M), 0.0945272 secs]
1433.725: [GC pause (G1 Evacuation Pause) (mixed) 1063M->720M(3732M), 0.0901441 secs]
1435.788: [GC pause (G1 Evacuation Pause) (young) 2940M->749M(3732M), 0.0482211 secs]
1437.690: [GC pause (G1 Evacuation Pause) (young) 3035M->873M(3732M), 0.1295272 secs]
1439.679: [GC pause (G1 Evacuation Pause) (young) 2939M->912M(3732M), 0.1039826 secs]
1441.550: [GC pause (G1 Evacuation Pause) (young) 3013M->970M(3732M), 0.1320530 secs]
1443.421: [GC pause (G1 Evacuation Pause) (young) 3090M->1004M(3732M), 0.0817319 secs]
1445.158: [GC pause (G1 Evacuation Pause) (young) 3105M->1027M(3732M), 0.0859090 secs]
1447.196: [GC pause (G1 Evacuation Pause) (young) 3117M->1069M(3732M), 0.0959130 secs]
1449.096: [GC pause (G1 Evacuation Pause) (young) 3150M->1084M(3732M), 0.1086631 secs]
1451.079: [GC pause (G1 Evacuation Pause) (young) 3158M->1122M(3732M), 0.0938194 secs]
1453.021: [GC pause (G1 Evacuation Pause) (young) 3190M->1137M(3732M), 0.0802339 secs]
1454.918: [GC pause (G1 Evacuation Pause) (young) 3236M->1164M(3732M), 0.1094742 secs]
1456.989: [GC pause (G1 Evacuation Pause) (young) 3189M->1166M(3732M), 0.0812195 secs]
1458.747: [GC pause (G1 Evacuation Pause) (young) 3300M->1283M(3732M), 0.1486674 secs]
1460.526: [GC pause (G1 Evacuation Pause) (young) 3095M->1263M(3732M), 0.1075619 secs]
1462.332: [GC pause (G1 Evacuation Pause) (young) 3304M->1333M(3732M), 0.0864662 secs]
1464.128: [GC pause (G1 Evacuation Pause) (young) 3237M->1357M(3732M), 0.0735024 secs]
1465.852: [GC pause (G1 Evacuation Pause) (young) 3228M->1393M(3732M), 0.0875154 secs]
1467.573: [GC pause (G1 Evacuation Pause) (young) 3209M->1421M(3732M), 0.0911608 secs]
1469.357: [GC pause (G1 Evacuation Pause) (young) 3265M->1462M(3732M), 0.0890591 secs]
1470.941: [GC pause (G1 Evacuation Pause) (young) 3223M->1499M(3732M), 0.0921912 secs]
1472.517: [GC pause (G1 Evacuation Pause) (young) 3195M->1533M(3732M), 0.0855152 secs]
1474.160: [GC pause (G1 Evacuation Pause) (young) 3236M->1563M(3732M), 0.0998213 secs]
1475.738: [GC pause (G1 Evacuation Pause) (young) 3243M->1583M(3732M), 0.0743821 secs]
1477.553: [GC pause (G1 Evacuation Pause) (young) 3249M->1602M(3732M), 0.0692762 secs]
1479.070: [GC pause (G1 Evacuation Pause) (young) 3257M->1634M(3732M), 0.0886516 secs]
1480.462: [GC pause (G1 Evacuation Pause) (young) 3282M->1738M(3732M), 0.1075244 secs]
1481.620: [GC pause (G1 Evacuation Pause) (young) 3190M->1774M(3732M), 0.1364016 secs]
1482.918: [GC pause (G1 Evacuation Pause) (young) 3190M->1803M(3732M), 0.0990286 secs]
1483.273: [GC pause (G1 Humongous Allocation) (young) (initial-mark) 2130M->1806M(3732M), 0.0708668 secs]
1483.344: [GC concurrent-root-region-scan-start]
1483.361: [GC concurrent-root-region-scan-end, 0.0174558 secs]
1483.361: [GC concurrent-mark-start]
1483.677: [GC concurrent-mark-end, 0.3155804 secs]
1483.677: [GC remark, 0.0066479 secs]
1483.684: [GC cleanup 2198M->1190M(3732M), 0.0043196 secs]
1483.688: [GC concurrent-cleanup-start]
1483.690: [GC concurrent-cleanup-end, 0.0017323 secs]
1484.575: [GC pause (G1 Evacuation Pause) (young) 2293M->818M(3732M), 0.0489165 secs]
1484.750: [GC pause (G1 Evacuation Pause) (mixed) 944M->611M(3732M), 0.0459537 secs]
1486.475: [GC pause (G1 Evacuation Pause) (young) 2869M->708M(3732M), 0.0844208 secs]
1488.303: [GC pause (G1 Evacuation Pause) (young) 2840M->710M(3732M), 0.0719864 secs]
1490.047: [GC pause (G1 Evacuation Pause) (young) 2854M->735M(3732M), 0.0709321 secs]
1491.958: [GC pause (G1 Evacuation Pause) (young) 2829M->734M(3732M), 0.0653935 secs]
1493.918: [GC pause (G1 Evacuation Pause) (young) 2868M->768M(3732M), 0.1043756 secs]
1495.907: [GC pause (G1 Evacuation Pause) (young) 2828M->796M(3732M), 0.0970936 secs]
1497.889: [GC pause (G1 Evacuation Pause) (young) 2868M->839M(3732M), 0.0982717 secs]
1499.834: [GC pause (G1 Evacuation Pause) (young) 2921M->828M(3732M), 0.0744308 secs]
1501.784: [GC pause (G1 Evacuation Pause) (young) 2954M->862M(3732M), 0.1118102 secs]
1503.573: [GC pause (G1 Evacuation Pause) (young) 2994M->1005M(3732M), 0.1393025 secs]
1505.447: [GC pause (G1 Evacuation Pause) (young) 2991M->972M(3732M), 0.1239161 secs]
1507.372: [GC pause (G1 Evacuation Pause) (young) 3094M->1051M(3732M), 0.1284293 secs]
1509.395: [GC pause (G1 Evacuation Pause) (young) 3169M->1067M(3732M), 0.0911856 secs]
1511.372: [GC pause (G1 Evacuation Pause) (young) 3183M->1109M(3732M), 0.0920026 secs]
1513.298: [GC pause (G1 Evacuation Pause) (young) 3169M->1086M(3732M), 0.0649985 secs]
1515.291: [GC pause (G1 Evacuation Pause) (young) 3247M->1154M(3732M), 0.1177281 secs]
1517.264: [GC pause (G1 Evacuation Pause) (young) 3168M->1152M(3732M), 0.0782076 secs]
1519.147: [GC pause (G1 Evacuation Pause) (young) 3229M->1195M(3732M), 0.1024287 secs]
1521.012: [GC pause (G1 Evacuation Pause) (young) 3171M->1174M(3732M), 0.0690104 secs]
1522.896: [GC pause (G1 Evacuation Pause) (young) 3279M->1235M(3732M), 0.0974286 secs]
1524.739: [GC pause (G1 Evacuation Pause) (young) 3194M->1250M(3732M), 0.0880265 secs]
1526.420: [GC pause (G1 Evacuation Pause) (young) 3296M->1374M(3732M), 0.1251440 secs]
1528.114: [GC pause (G1 Evacuation Pause) (young) 3143M->1341M(3732M), 0.1097801 secs]
1529.814: [GC pause (G1 Evacuation Pause) (young) 3219M->1402M(3732M), 0.1269637 secs]
1531.616: [GC pause (G1 Evacuation Pause) (young) 3218M->1413M(3732M), 0.0925671 secs]
1533.287: [GC pause (G1 Evacuation Pause) (young) 3222M->1463M(3732M), 0.0938595 secs]
1534.948: [GC pause (G1 Evacuation Pause) (young) 3215M->1482M(3732M), 0.0867858 secs]
1536.672: [GC pause (G1 Evacuation Pause) (young) 3294M->1529M(3732M), 0.0836651 secs]
1538.242: [GC pause (G1 Evacuation Pause) (young) 3217M->1569M(3732M), 0.0787491 secs]
1539.795: [GC pause (G1 Evacuation Pause) (young) 3216M->1600M(3732M), 0.0904022 secs]
1541.306: [GC pause (G1 Evacuation Pause) (young) 3224M->1621M(3732M), 0.0823762 secs]
1542.852: [GC pause (G1 Evacuation Pause) (young) 3231M->1642M(3732M), 0.0658249 secs]
1544.467: [GC pause (G1 Evacuation Pause) (young) 3305M->1686M(3732M), 0.0785925 secs]
1545.902: [GC pause (G1 Evacuation Pause) (young) 3230M->1694M(3732M), 0.0670870 secs]
1547.472: [GC pause (G1 Evacuation Pause) (young) 3251M->1725M(3732M), 0.0817298 secs]
1548.740: [GC pause (G1 Evacuation Pause) (young) 3289M->1852M(3732M), 0.1185989 secs]
1549.675: [GC pause (G1 Humongous Allocation) (young) (initial-mark) 2846M->1834M(3732M), 0.1056748 secs]
1549.781: [GC concurrent-root-region-scan-start]
1549.842: [GC concurrent-root-region-scan-end, 0.0610330 secs]
1549.842: [GC concurrent-mark-start]
1550.032: [GC concurrent-mark-end, 0.1897320 secs]
1550.032: [GC remark, 0.0069440 secs]
1550.039: [GC cleanup 2110M->1028M(3732M), 0.0044109 secs]
1550.044: [GC concurrent-cleanup-start]
1550.046: [GC concurrent-cleanup-end, 0.0020809 secs]
1550.959: [GC pause (G1 Evacuation Pause) (young) 2136M->788M(3732M), 0.1022435 secs]
1551.150: [GC pause (G1 Evacuation Pause) (mixed) 892M->598M(3732M), 0.0572869 secs]
1553.141: [GC pause (G1 Evacuation Pause) (young) 2844M->663M(3732M), 0.0724839 secs]
1555.116: [GC pause (G1 Evacuation Pause) (young) 2832M->709M(3732M), 0.0787098 secs]
1557.070: [GC pause (G1 Evacuation Pause) (young) 2832M->734M(3732M), 0.0837398 secs]
1559.035: [GC pause (G1 Evacuation Pause) (young) 2826M->728M(3732M), 0.0735066 secs]
1560.920: [GC pause (G1 Evacuation Pause) (young) 2857M->771M(3732M), 0.1078098 secs]
1562.892: [GC pause (G1 Evacuation Pause) (young) 2819M->795M(3732M), 0.0965091 secs]
1564.749: [GC pause (G1 Evacuation Pause) (young) 2883M->824M(3732M), 0.1065742 secs]
1566.695: [GC pause (G1 Evacuation Pause) (young) 2930M->862M(3732M), 0.0994996 secs]
1568.649: [GC pause (G1 Evacuation Pause) (young) 2953M->873M(3732M), 0.0931986 secs]
1570.503: [GC pause (G1 Evacuation Pause) (young) 3039M->981M(3732M), 0.1427470 secs]
1572.406: [GC pause (G1 Evacuation Pause) (young) 2972M->972M(3732M), 0.1200184 secs]
1574.381: [GC pause (G1 Evacuation Pause) (young) 3066M->1037M(3732M), 0.1472155 secs]
1576.495: [GC pause (G1 Evacuation Pause) (young) 3170M->1059M(3732M), 0.1034083 secs]
1578.477: [GC pause (G1 Evacuation Pause) (young) 3157M->1089M(3732M), 0.0856193 secs]
1580.425: [GC pause (G1 Evacuation Pause) (young) 3170M->1075M(3732M), 0.0824560 secs]
1582.383: [GC pause (G1 Evacuation Pause) (young) 3205M->1130M(3732M), 0.1081477 secs]
1584.262: [GC pause (G1 Evacuation Pause) (young) 3179M->1142M(3732M), 0.0928641 secs]
1586.127: [GC pause (G1 Evacuation Pause) (young) 3194M->1188M(3732M), 0.1001964 secs]
1587.925: [GC pause (G1 Evacuation Pause) (young) 3199M->1178M(3732M), 0.0779094 secs]
1589.860: [GC pause (G1 Evacuation Pause) (young) 3250M->1226M(3732M), 0.0999024 secs]
1591.703: [GC pause (G1 Evacuation Pause) (young) 3189M->1231M(3732M), 0.0816991 secs]
1593.354: [GC pause (G1 Evacuation Pause) (young) 3290M->1343M(3732M), 0.1481153 secs]
1595.076: [GC pause (G1 Evacuation Pause) (young) 3111M->1334M(3732M), 0.1102217 secs]
1596.865: [GC pause (G1 Evacuation Pause) (young) 3212M->1396M(3732M), 0.1432573 secs]
1598.592: [GC pause (G1 Evacuation Pause) (young) 3255M->1420M(3732M), 0.0881857 secs]
1600.281: [GC pause (G1 Evacuation Pause) (young) 3218M->1447M(3732M), 0.0785840 secs]
1601.954: [GC pause (G1 Evacuation Pause) (young) 3206M->1432M(3732M), 0.0709799 secs]
1603.623: [GC pause (G1 Evacuation Pause) (young) 3272M->1475M(3732M), 0.0966610 secs]
1605.295: [GC pause (G1 Evacuation Pause) (young) 3199M->1474M(3732M), 0.0627969 secs]
1606.905: [GC pause (G1 Evacuation Pause) (young) 3237M->1512M(3732M), 0.0900408 secs]
1608.438: [GC pause (G1 Evacuation Pause) (young) 3186M->1540M(3732M), 0.0836745 secs]
1610.022: [GC pause (G1 Evacuation Pause) (young) 3261M->1559M(3732M), 0.0746765 secs]
1611.499: [GC pause (G1 Evacuation Pause) (young) 3253M->1606M(3732M), 0.0910102 secs]
1613.016: [GC pause (G1 Evacuation Pause) (young) 3195M->1601M(3732M), 0.0835708 secs]
1614.680: [GC pause (G1 Evacuation Pause) (young) 3323M->1687M(3732M), 0.0888939 secs]
1615.921: [GC pause (G1 Evacuation Pause) (young) 3195M->1683M(3732M), 0.0937387 secs]
1617.478: [GC pause (G1 Evacuation Pause) (young) 3212M->1722M(3732M), 0.0992504 secs]
1618.911: [GC pause (G1 Evacuation Pause) (young) 3248M->1786M(3732M), 0.1119395 secs]
1619.796: [GC pause (G1 Humongous Allocation) (young) (initial-mark) 2589M->1779M(3732M), 0.0626305 secs]
1619.859: [GC concurrent-root-region-scan-start]
1619.909: [GC concurrent-root-region-scan-end, 0.0505105 secs]
1619.909: [GC concurrent-mark-start]
1620.224: [GC concurrent-mark-end, 0.3143913 secs]
1620.224: [GC remark, 0.0070353 secs]
1620.231: [GC cleanup 2139M->1041M(3732M), 0.0040734 secs]
1620.236: [GC concurrent-cleanup-start]
1620.238: [GC concurrent-cleanup-end, 0.0020130 secs]
1621.150: [GC pause (G1 Evacuation Pause) (young) 2170M->721M(3732M), 0.0756306 secs]
1621.264: [GC pause (G1 Evacuation Pause) (mixed) 769M->608M(3732M), 0.0608427 secs]
1623.371: [GC pause (G1 Evacuation Pause) (young) 2828M->644M(3732M), 0.0571371 secs]
1625.383: [GC pause (G1 Evacuation Pause) (young) 2840M->680M(3732M), 0.0563666 secs]
1627.337: [GC pause (G1 Evacuation Pause) (young) 2866M->739M(3732M), 0.0996617 secs]
1629.283: [GC pause (G1 Evacuation Pause) (young) 2829M->764M(3732M), 0.0856261 secs]
1631.181: [GC pause (G1 Evacuation Pause) (young) 2840M->779M(3732M), 0.0963248 secs]
1633.174: [GC pause (G1 Evacuation Pause) (young) 2885M->784M(3732M), 0.0872427 secs]
1635.153: [GC pause (G1 Evacuation Pause) (young) 2911M->816M(3732M), 0.0996425 secs]
1636.863: [GC pause (G1 Evacuation Pause) (young) 2977M->915M(3732M), 0.1499078 secs]
1638.807: [GC pause (G1 Evacuation Pause) (young) 2907M->964M(3732M), 0.1345384 secs]
1640.898: [GC pause (G1 Evacuation Pause) (young) 3070M->1027M(3732M), 0.1282663 secs]
1642.895: [GC pause (G1 Evacuation Pause) (young) 3149M->1060M(3732M), 0.0957714 secs]
1644.890: [GC pause (G1 Evacuation Pause) (young) 3162M->1081M(3732M), 0.0902798 secs]
1646.773: [GC pause (G1 Evacuation Pause) (young) 3149M->1087M(3732M), 0.0794228 secs]
1648.762: [GC pause (G1 Evacuation Pause) (young) 3221M->1128M(3732M), 0.1130651 secs]
1650.700: [GC pause (G1 Evacuation Pause) (young) 3172M->1160M(3732M), 0.1020652 secs]
1652.636: [GC pause (G1 Evacuation Pause) (young) 3202M->1180M(3732M), 0.1029117 secs]
1654.557: [GC pause (G1 Evacuation Pause) (young) 3200M->1163M(3732M), 0.0656952 secs]
1656.553: [GC pause (G1 Evacuation Pause) (young) 3280M->1216M(3732M), 0.0954040 secs]
1658.419: [GC pause (G1 Evacuation Pause) (young) 3279M->1275M(3732M), 0.0989454 secs]
1660.058: [GC pause (G1 Evacuation Pause) (young) 3207M->1355M(3732M), 0.1398930 secs]
1661.648: [GC pause (G1 Evacuation Pause) (young) 3137M->1346M(3732M), 0.1038141 secs]
1663.355: [GC pause (G1 Evacuation Pause) (young) 3222M->1412M(3732M), 0.1171815 secs]
1663.785: [GC pause (G1 Evacuation Pause) (young) 1752M->1424M(3732M), 0.0692459 secs]
1665.411: [GC pause (G1 Evacuation Pause) (young) 3278M->1465M(3732M), 0.0680312 secs]
1667.103: [GC pause (G1 Evacuation Pause) (young) 3271M->1487M(3732M), 0.0523768 secs]
1668.663: [GC pause (G1 Evacuation Pause) (young) 3277M->1509M(3732M), 0.0628941 secs]
1670.309: [GC pause (G1 Evacuation Pause) (young) 3269M->1554M(3732M), 0.0844101 secs]
1671.804: [GC pause (G1 Evacuation Pause) (young) 3204M->1552M(3732M), 0.0661287 secs]
1673.343: [GC pause (G1 Evacuation Pause) (young) 3251M->1588M(3732M), 0.0886597 secs]
1674.874: [GC pause (G1 Evacuation Pause) (young) 3206M->1594M(3732M), 0.0672193 secs]
1676.454: [GC pause (G1 Evacuation Pause) (young) 3280M->1625M(3732M), 0.0790354 secs]
1678.009: [GC pause (G1 Evacuation Pause) (young) 3265M->1642M(3732M), 0.0824995 secs]
1679.541: [GC pause (G1 Evacuation Pause) (young) 3232M->1676M(3732M), 0.0796344 secs]
1680.694: [GC pause (G1 Evacuation Pause) (young) 3037M->1842M(3732M), 0.1060361 secs]
1681.457: [GC pause (G1 Humongous Allocation) (young) (initial-mark) 2786M->1857M(3732M), 0.0668562 secs]
1681.524: [GC concurrent-root-region-scan-start]
1681.563: [GC concurrent-root-region-scan-end, 0.0389167 secs]
1681.563: [GC concurrent-mark-start]
1681.834: [GC concurrent-mark-end, 0.2707586 secs]
1681.834: [GC remark, 0.0066965 secs]
1681.841: [GC cleanup 2219M->1077M(3732M), 0.0041071 secs]
1681.845: [GC concurrent-cleanup-start]
1681.847: [GC concurrent-cleanup-end, 0.0020139 secs]
1682.638: [GC pause (G1 Evacuation Pause) (young) 2127M->753M(3732M), 0.0651286 secs]
1682.758: [GC pause (G1 Evacuation Pause) (mixed) 821M->607M(3732M), 0.0727881 secs]
1684.866: [GC pause (G1 Evacuation Pause) (young) 2866M->687M(3732M), 0.0876195 secs]
1686.851: [GC pause (G1 Evacuation Pause) (young) 2827M->714M(3732M), 0.0726708 secs]
1688.796: [GC pause (G1 Evacuation Pause) (young) 2838M->736M(3732M), 0.0880662 secs]
1690.665: [GC pause (G1 Evacuation Pause) (young) 2826M->739M(3732M), 0.0741603 secs]
1692.592: [GC pause (G1 Evacuation Pause) (young) 2865M->774M(3732M), 0.1096658 secs]
1694.564: [GC pause (G1 Evacuation Pause) (young) 2826M->777M(3732M), 0.0925940 secs]
1696.539: [GC pause (G1 Evacuation Pause) (young) 2889M->815M(3732M), 0.1078401 secs]
1698.514: [GC pause (G1 Evacuation Pause) (young) 2889M->815M(3732M), 0.0809477 secs]
1700.659: [GC pause (G1 Evacuation Pause) (young) 2949M->831M(3732M), 0.0901232 secs]
1702.658: [GC pause (G1 Evacuation Pause) (young) 2935M->862M(3732M), 0.0856705 secs]
1703.398: [GC pause (G1 Evacuation Pause) (young) 1620M->892M(3732M), 0.0842642 secs]
1705.250: [GC pause (G1 Evacuation Pause) (young) 3118M->977M(3732M), 0.1173838 secs]
1707.296: [GC pause (G1 Evacuation Pause) (young) 3103M->1034M(3732M), 0.1056718 secs]
1709.226: [GC pause (G1 Evacuation Pause) (young) 3078M->1082M(3732M), 0.1128423 secs]
1711.199: [GC pause (G1 Evacuation Pause) (young) 3213M->1111M(3732M), 0.0956797 secs]
1713.109: [GC pause (G1 Evacuation Pause) (young) 3201M->1109M(3732M), 0.0738578 secs]
1715.096: [GC pause (G1 Evacuation Pause) (young) 3238M->1144M(3732M), 0.1141923 secs]
1717.037: [GC pause (G1 Evacuation Pause) (young) 3185M->1163M(3732M), 0.0938202 secs]
1718.951: [GC pause (G1 Evacuation Pause) (young) 3199M->1202M(3732M), 0.0988643 secs]
1720.780: [GC pause (G1 Evacuation Pause) (young) 3202M->1194M(3732M), 0.0834126 secs]
1722.782: [GC pause (G1 Evacuation Pause) (young) 3252M->1216M(3732M), 0.0905985 secs]
1724.585: [GC pause (G1 Evacuation Pause) (young) 3216M->1254M(3732M), 0.0921370 secs]
1726.322: [GC pause (G1 Evacuation Pause) (young) 3268M->1356M(3732M), 0.1460959 secs]
1728.005: [GC pause (G1 Evacuation Pause) (young) 3158M->1372M(3732M), 0.1196822 secs]
1729.808: [GC pause (G1 Evacuation Pause) (young) 3218M->1419M(3732M), 0.1239271 secs]
1731.523: [GC pause (G1 Evacuation Pause) (young) 3269M->1458M(3732M), 0.0899627 secs]
1733.109: [GC pause (G1 Evacuation Pause) (young) 3220M->1467M(3732M), 0.0555832 secs]
1734.697: [GC pause (G1 Evacuation Pause) (young) 3251M->1502M(3732M), 0.0846503 secs]
1736.405: [GC pause (G1 Evacuation Pause) (young) 3202M->1466M(3732M), 0.0491388 secs]
1737.972: [GC pause (G1 Evacuation Pause) (young) 3296M->1535M(3732M), 0.0989168 secs]
1739.542: [GC pause (G1 Evacuation Pause) (young) 3187M->1533M(3732M), 0.0721532 secs]
1741.126: [GC pause (G1 Evacuation Pause) (young) 3257M->1570M(3732M), 0.0886200 secs]
1742.673: [GC pause (G1 Evacuation Pause) (young) 3210M->1585M(3732M), 0.0653965 secs]
1744.268: [GC pause (G1 Evacuation Pause) (young) 3307M->1640M(3732M), 0.0772724 secs]
1745.741: [GC pause (G1 Evacuation Pause) (young) 3224M->1640M(3732M), 0.0681101 secs]
1747.348: [GC pause (G1 Evacuation Pause) (young) 3251M->1668M(3732M), 0.0813727 secs]
1748.638: [GC pause (G1 Evacuation Pause) (young) 3292M->1753M(3732M), 0.1271549 secs]
1749.969: [GC pause (G1 Evacuation Pause) (young) 3174M->1769M(3732M), 0.1104957 secs]
1751.210: [GC pause (G1 Humongous Allocation) (young) (initial-mark) 2936M->1778M(3732M), 0.0559979 secs]
1751.266: [GC concurrent-root-region-scan-start]
1751.294: [GC concurrent-root-region-scan-end, 0.0287326 secs]
1751.294: [GC concurrent-mark-start]
1751.598: [GC concurrent-mark-end, 0.3033987 secs]
1751.598: [GC remark, 0.0065472 secs]
1751.605: [GC cleanup 2178M->1050M(3732M), 0.0038174 secs]
1751.609: [GC concurrent-cleanup-start]
1751.611: [GC concurrent-cleanup-end, 0.0019149 secs]
1752.396: [GC pause (G1 Evacuation Pause) (young) 2194M->697M(3732M), 0.0794731 secs]
1752.534: [GC pause (G1 Evacuation Pause) (mixed) 771M->615M(3732M), 0.0483875 secs]
1754.585: [GC pause (G1 Evacuation Pause) (young) 2833M->649M(3732M), 0.0767514 secs]
1756.619: [GC pause (G1 Evacuation Pause) (young) 2845M->691M(3732M), 0.0572387 secs]
1758.681: [GC pause (G1 Evacuation Pause) (young) 2871M->741M(3732M), 0.0782102 secs]
1760.585: [GC pause (G1 Evacuation Pause) (young) 2845M->772M(3732M), 0.0870823 secs]
1762.486: [GC pause (G1 Evacuation Pause) (young) 2844M->782M(3732M), 0.0933155 secs]
1764.423: [GC pause (G1 Evacuation Pause) (young) 2866M->800M(3732M), 0.0874825 secs]
1766.464: [GC pause (G1 Evacuation Pause) (young) 2937M->824M(3732M), 0.0951723 secs]
1768.430: [GC pause (G1 Evacuation Pause) (young) 2925M->844M(3732M), 0.0947956 secs]
1770.521: [GC pause (G1 Evacuation Pause) (young) 2992M->906M(3732M), 0.1004472 secs]
1772.232: [GC pause (G1 Evacuation Pause) (young) 2984M->947M(3732M), 0.1258698 secs]
1774.145: [GC pause (G1 Evacuation Pause) (young) 3006M->991M(3732M), 0.1385162 secs]
1776.100: [GC pause (G1 Evacuation Pause) (young) 3045M->1035M(3732M), 0.1307730 secs]
1778.159: [GC pause (G1 Evacuation Pause) (young) 3168M->1061M(3732M), 0.0942546 secs]
1780.150: [GC pause (G1 Evacuation Pause) (young) 3168M->1046M(3732M), 0.0679664 secs]
1782.107: [GC pause (G1 Evacuation Pause) (young) 3182M->1100M(3732M), 0.0927915 secs]
1783.947: [GC pause (G1 Evacuation Pause) (young) 3167M->1115M(3732M), 0.0961503 secs]
1785.883: [GC pause (G1 Evacuation Pause) (young) 3209M->1139M(3732M), 0.0978975 secs]
1787.839: [GC pause (G1 Evacuation Pause) (young) 3205M->1141M(3732M), 0.0807160 secs]
1789.632: [GC pause (G1 Evacuation Pause) (young) 3240M->1177M(3732M), 0.0982401 secs]
1791.588: [GC pause (G1 Evacuation Pause) (young) 3177M->1191M(3732M), 0.0953912 secs]
1793.194: [GC pause (G1 Evacuation Pause) (young) 3289M->1313M(3732M), 0.1189445 secs]
1794.446: [GC pause (G1 Evacuation Pause) (young) 3151M->1291M(3732M), 0.1034147 secs]
1795.734: [GC pause (G1 Evacuation Pause) (young) 3201M->1322M(3732M), 0.0928287 secs]
1796.961: [GC pause (G1 Evacuation Pause) (young) 3275M->1362M(3732M), 0.1126200 secs]
1798.613: [GC pause (G1 Evacuation Pause) (young) 3213M->1382M(3732M), 0.0761357 secs]
1800.195: [GC pause (G1 Evacuation Pause) (young) 3245M->1403M(3732M), 0.0899265 secs]
1801.838: [GC pause (G1 Evacuation Pause) (young) 3219M->1391M(3732M), 0.0667922 secs]
1803.600: [GC pause (G1 Evacuation Pause) (young) 3265M->1441M(3732M), 0.0897046 secs]
1805.253: [GC pause (G1 Evacuation Pause) (young) 3199M->1455M(3732M), 0.0837816 secs]
1806.927: [GC pause (G1 Evacuation Pause) (young) 3211M->1463M(3732M), 0.0790537 secs]
1808.646: [GC pause (G1 Evacuation Pause) (young) 3244M->1502M(3732M), 0.0850979 secs]
1810.259: [GC pause (G1 Evacuation Pause) (young) 3196M->1494M(3732M), 0.0663971 secs]
1811.892: [GC pause (G1 Evacuation Pause) (young) 3269M->1528M(3732M), 0.0928099 secs]
1813.564: [GC pause (G1 Evacuation Pause) (young) 3209M->1534M(3732M), 0.0664892 secs]
1814.812: [GC pause (G1 Evacuation Pause) (young) 3319M->1645M(3732M), 0.1374700 secs]
1816.321: [GC pause (G1 Evacuation Pause) (young) 3136M->1637M(3732M), 0.0939517 secs]
1817.838: [GC pause (G1 Evacuation Pause) (young) 3297M->1689M(3732M), 0.0701449 secs]
1819.316: [GC pause (G1 Evacuation Pause) (young) 3264M->1716M(3732M), 0.0629287 secs]
1820.720: [GC pause (G1 Evacuation Pause) (young) 3230M->1735M(3732M), 0.0680184 secs]
1822.136: [GC pause (G1 Evacuation Pause) (young) 3233M->1750M(3732M), 0.0645138 secs]
1822.278: [GC pause (G1 Humongous Allocation) (young) (initial-mark) 1827M->1751M(3732M), 0.0446174 secs]
1822.323: [GC concurrent-root-region-scan-start]
1822.355: [GC concurrent-root-region-scan-end, 0.0325103 secs]
1822.355: [GC concurrent-mark-start]
1822.684: [GC concurrent-mark-end, 0.3289462 secs]
1822.685: [GC remark, 0.0064192 secs]
1822.691: [GC cleanup 2131M->1107M(3732M), 0.0037875 secs]
1822.695: [GC concurrent-cleanup-start]
1822.697: [GC concurrent-cleanup-end, 0.0015983 secs]
1823.618: [GC pause (G1 Evacuation Pause) (young) 2259M->758M(3732M), 0.0591774 secs]
1823.747: [GC pause (G1 Evacuation Pause) (mixed) 832M->623M(3732M), 0.0473656 secs]
1825.720: [GC pause (G1 Evacuation Pause) (young) 2878M->692M(3732M), 0.0759339 secs]
1827.675: [GC pause (G1 Evacuation Pause) (young) 2842M->707M(3732M), 0.0644143 secs]
1829.625: [GC pause (G1 Evacuation Pause) (young) 2852M->751M(3732M), 0.0781645 secs]
1831.560: [GC pause (G1 Evacuation Pause) (young) 2852M->739M(3732M), 0.0758559 secs]
1833.404: [GC pause (G1 Evacuation Pause) (young) 2867M->757M(3732M), 0.0856359 secs]
1835.437: [GC pause (G1 Evacuation Pause) (young) 2852M->791M(3732M), 0.0962531 secs]
1837.189: [GC pause (G1 Evacuation Pause) (young) 2932M->892M(3732M), 0.1711041 secs]
1839.188: [GC pause (G1 Evacuation Pause) (young) 2896M->890M(3732M), 0.1113187 secs]
1841.018: [GC pause (G1 Evacuation Pause) (young) 2998M->959M(3732M), 0.1371525 secs]
1842.994: [GC pause (G1 Evacuation Pause) (young) 3094M->987M(3732M), 0.0949134 secs]
1844.956: [GC pause (G1 Evacuation Pause) (young) 3083M->990M(3732M), 0.0738390 secs]
1846.945: [GC pause (G1 Evacuation Pause) (young) 3095M->1000M(3732M), 0.0794509 secs]
1848.932: [GC pause (G1 Evacuation Pause) (young) 3121M->1043M(3732M), 0.1111446 secs]
1850.917: [GC pause (G1 Evacuation Pause) (young) 3083M->1042M(3732M), 0.0899269 secs]
1852.885: [GC pause (G1 Evacuation Pause) (young) 3157M->1086M(3732M), 0.1106864 secs]
1854.814: [GC pause (G1 Evacuation Pause) (young) 3157M->1081M(3732M), 0.0782691 secs]
1856.814: [GC pause (G1 Evacuation Pause) (young) 3232M->1114M(3732M), 0.0912048 secs]
1858.512: [GC pause (G1 Evacuation Pause) (young) 3280M->1233M(3732M), 0.1215886 secs]
1860.176: [GC pause (G1 Evacuation Pause) (young) 3126M->1237M(3732M), 0.1342597 secs]
1862.076: [GC pause (G1 Evacuation Pause) (young) 3185M->1248M(3732M), 0.0966738 secs]
1863.894: [GC pause (G1 Evacuation Pause) (young) 3291M->1317M(3732M), 0.1099606 secs]
1865.654: [GC pause (G1 Evacuation Pause) (young) 3198M->1341M(3732M), 0.0792129 secs]
1867.376: [GC pause (G1 Evacuation Pause) (young) 3225M->1361M(3732M), 0.0943834 secs]
1869.122: [GC pause (G1 Evacuation Pause) (young) 3210M->1356M(3732M), 0.0699060 secs]
1870.917: [GC pause (G1 Evacuation Pause) (young) 3276M->1406M(3732M), 0.0867704 secs]
1872.680: [GC pause (G1 Evacuation Pause) (young) 3211M->1428M(3732M), 0.0863519 secs]
1874.414: [GC pause (G1 Evacuation Pause) (young) 3204M->1437M(3732M), 0.0730561 secs]
1876.122: [GC pause (G1 Evacuation Pause) (young) 3234M->1444M(3732M), 0.0789889 secs]
1877.899: [GC pause (G1 Evacuation Pause) (young) 3255M->1470M(3732M), 0.0937912 secs]
1879.585: [GC pause (G1 Evacuation Pause) (young) 3208M->1504M(3732M), 0.0817874 secs]
1881.191: [GC pause (G1 Evacuation Pause) (young) 3308M->1597M(3732M), 0.0965287 secs]
1882.554: [GC pause (G1 Evacuation Pause) (young) 3193M->1656M(3732M), 0.1218979 secs]
1884.196: [GC pause (G1 Evacuation Pause) (young) 3185M->1680M(3732M), 0.1023898 secs]
1885.540: [GC pause (G1 Evacuation Pause) (young) 3256M->1742M(3732M), 0.1035862 secs]
1887.044: [GC pause (G1 Evacuation Pause) (young) 3265M->1763M(3732M), 0.0712632 secs]
1888.446: [GC pause (G1 Evacuation Pause) (young) 3231M->1792M(3732M), 0.0693714 secs]
1889.832: [GC pause (G1 Evacuation Pause) (young) 3228M->1819M(3732M), 0.0628045 secs]
1890.488: [GC pause (G1 Humongous Allocation) (young) (initial-mark) 2398M->1823M(3732M), 0.0510140 secs]
1890.539: [GC concurrent-root-region-scan-start]
1890.572: [GC concurrent-root-region-scan-end, 0.0326119 secs]
1890.572: [GC concurrent-mark-start]
1890.905: [GC concurrent-mark-end, 0.3325008 secs]
1890.905: [GC remark, 0.0064824 secs]
1890.912: [GC cleanup 2216M->1196M(3732M), 0.0037990 secs]
1890.916: [GC concurrent-cleanup-start]
1890.917: [GC concurrent-cleanup-end, 0.0018505 secs]
1891.789: [GC pause (G1 Evacuation Pause) (young) 2256M->828M(3732M), 0.0602492 secs]
1891.909: [GC pause (G1 Evacuation Pause) (mixed) 928M->652M(3732M), 0.0713161 secs]
1893.817: [GC pause (G1 Evacuation Pause) (young) 2879M->710M(3732M), 0.0921114 secs]
1895.814: [GC pause (G1 Evacuation Pause) (young) 2856M->740M(3732M), 0.0688342 secs]
1897.791: [GC pause (G1 Evacuation Pause) (young) 2867M->769M(3732M), 0.0815659 secs]
1899.743: [GC pause (G1 Evacuation Pause) (young) 2894M->774M(3732M), 0.0917074 secs]
1901.829: [GC pause (G1 Evacuation Pause) (young) 2862M->795M(3732M), 0.0862563 secs]
1903.680: [GC pause (G1 Evacuation Pause) (young) 2948M->922M(3732M), 0.1471195 secs]
1905.689: [GC pause (G1 Evacuation Pause) (young) 2935M->894M(3732M), 0.1055421 secs]
1907.546: [GC pause (G1 Evacuation Pause) (young) 3000M->954M(3732M), 0.1406047 secs]
1909.471: [GC pause (G1 Evacuation Pause) (young) 3085M->993M(3732M), 0.0983702 secs]
1911.427: [GC pause (G1 Evacuation Pause) (young) 3075M->994M(3732M), 0.0709970 secs]
1913.353: [GC pause (G1 Evacuation Pause) (young) 3085M->1010M(3732M), 0.0768389 secs]
1915.276: [GC pause (G1 Evacuation Pause) (young) 3149M->1047M(3732M), 0.1093705 secs]
1917.198: [GC pause (G1 Evacuation Pause) (young) 3111M->1057M(3732M), 0.0750499 secs]
1919.007: [GC pause (G1 Evacuation Pause) (young) 3170M->1096M(3732M), 0.0993917 secs]
1920.966: [GC pause (G1 Evacuation Pause) (young) 3169M->1090M(3732M), 0.0796562 secs]
1922.990: [GC pause (G1 Evacuation Pause) (young) 3238M->1125M(3732M), 0.0941142 secs]
1925.024: [GC pause (G1 Evacuation Pause) (young) 3272M->1202M(3732M), 0.1061091 secs]
1926.789: [GC pause (G1 Evacuation Pause) (young) 3190M->1268M(3732M), 0.1429181 secs]
1928.610: [GC pause (G1 Evacuation Pause) (young) 3168M->1296M(3732M), 0.1379176 secs]
1930.432: [GC pause (G1 Evacuation Pause) (young) 3194M->1325M(3732M), 0.1222990 secs]
1932.314: [GC pause (G1 Evacuation Pause) (young) 3252M->1347M(3732M), 0.0918879 secs]
1934.104: [GC pause (G1 Evacuation Pause) (young) 3219M->1350M(3732M), 0.0693479 secs]
1935.779: [GC pause (G1 Evacuation Pause) (young) 3229M->1358M(3732M), 0.0745404 secs]
1937.430: [GC pause (G1 Evacuation Pause) (young) 3246M->1396M(3732M), 0.1027785 secs]
1939.124: [GC pause (G1 Evacuation Pause) (young) 3188M->1446M(3732M), 0.0917206 secs]
1940.830: [GC pause (G1 Evacuation Pause) (young) 3214M->1468M(3732M), 0.0902768 secs]
1942.468: [GC pause (G1 Evacuation Pause) (young) 3212M->1465M(3732M), 0.0637270 secs]
1943.934: [GC pause (G1 Evacuation Pause) (young) 3275M->1519M(3732M), 0.0872850 secs]
1945.226: [GC pause (G1 Evacuation Pause) (young) 3211M->1508M(3732M), 0.0703907 secs]
1946.399: [GC pause (G1 Evacuation Pause) (young) 3238M->1529M(3732M), 0.0669709 secs]
1947.544: [GC pause (G1 Evacuation Pause) (young) 3308M->1633M(3732M), 0.1181450 secs]
1948.592: [GC pause (G1 Evacuation Pause) (young) 3171M->1632M(3732M), 0.0923687 secs]
1949.679: [GC pause (G1 Evacuation Pause) (young) 3216M->1663M(3732M), 0.1009989 secs]
1951.114: [GC pause (G1 Evacuation Pause) (young) 3251M->1700M(3732M), 0.0957202 secs]
1952.588: [GC pause (G1 Evacuation Pause) (young) 3212M->1730M(3732M), 0.0756135 secs]
1953.939: [GC pause (G1 Evacuation Pause) (young) 3240M->1750M(3732M), 0.0885966 secs]
1955.374: [GC pause (G1 Evacuation Pause) (young) 3214M->1734M(3732M), 0.0518400 secs]
1956.448: [GC pause (G1 Humongous Allocation) (young) (initial-mark) 2847M->1769M(3732M), 0.0618863 secs]
1956.510: [GC concurrent-root-region-scan-start]
1956.558: [GC concurrent-root-region-scan-end, 0.0481515 secs]
1956.558: [GC concurrent-mark-start]
1956.841: [GC concurrent-mark-end, 0.2822914 secs]
1956.841: [GC remark, 0.0073822 secs]
1956.849: [GC cleanup 2179M->1189M(3732M), 0.0036006 secs]
1956.852: [GC concurrent-cleanup-start]
1956.854: [GC concurrent-cleanup-end, 0.0018718 secs]
1957.699: [GC pause (G1 Evacuation Pause) (young) 2249M->792M(3732M), 0.0705366 secs]
1957.825: [GC pause (G1 Evacuation Pause) (mixed) 854M->676M(3732M), 0.0593246 secs]
1959.883: [GC pause (G1 Evacuation Pause) (young) 2904M->724M(3732M), 0.0693257 secs]
1961.986: [GC pause (G1 Evacuation Pause) (young) 2904M->752M(3732M), 0.0615548 secs]
1964.110: [GC pause (G1 Evacuation Pause) (young) 2930M->776M(3732M), 0.0773377 secs]
1966.046: [GC pause (G1 Evacuation Pause) (young) 2908M->817M(3732M), 0.0840824 secs]
1968.194: [GC pause (G1 Evacuation Pause) (young) 2905M->826M(3732M), 0.0873720 secs]
1970.014: [GC pause (G1 Evacuation Pause) (young) 3009M->896M(3732M), 0.1389420 secs]
1971.919: [GC pause (G1 Evacuation Pause) (young) 2944M->934M(3732M), 0.1323265 secs]
1973.866: [GC pause (G1 Evacuation Pause) (young) 3000M->985M(3732M), 0.1231643 secs]
1975.987: [GC pause (G1 Evacuation Pause) (young) 3118M->1012M(3732M), 0.0968466 secs]
1977.982: [GC pause (G1 Evacuation Pause) (young) 3108M->1010M(3732M), 0.0683713 secs]
1979.820: [GC pause (G1 Evacuation Pause) (young) 3144M->1048M(3732M), 0.1067525 secs]
1981.749: [GC pause (G1 Evacuation Pause) (young) 3118M->1068M(3732M), 0.0957121 secs]
1983.655: [GC pause (G1 Evacuation Pause) (young) 3156M->1097M(3732M), 0.0917099 secs]
1985.442: [GC pause (G1 Evacuation Pause) (young) 3180M->1088M(3732M), 0.0781620 secs]
1987.174: [GC pause (G1 Evacuation Pause) (young) 3227M->1111M(3732M), 0.0917398 secs]
1989.023: [GC pause (G1 Evacuation Pause) (young) 3216M->1140M(3732M), 0.0849912 secs]
1990.643: [GC pause (G1 Evacuation Pause) (young) 3184M->1146M(3732M), 0.0811670 secs]
1992.349: [GC pause (G1 Evacuation Pause) (young) 3307M->1217M(3732M), 0.1298838 secs]
1994.234: [GC pause (G1 Evacuation Pause) (young) 3165M->1270M(3732M), 0.1210804 secs]
1996.032: [GC pause (G1 Evacuation Pause) (young) 3182M->1305M(3732M), 0.1317744 secs]
1997.843: [GC pause (G1 Evacuation Pause) (young) 3255M->1328M(3732M), 0.0904662 secs]
1999.527: [GC pause (G1 Evacuation Pause) (young) 3224M->1354M(3732M), 0.0762386 secs]
2001.367: [GC pause (G1 Evacuation Pause) (young) 3208M->1342M(3732M), 0.0732570 secs]
2003.004: [GC pause (G1 Evacuation Pause) (young) 3265M->1384M(3732M), 0.0930369 secs]
2004.689: [GC pause (G1 Evacuation Pause) (young) 3188M->1413M(3732M), 0.0848777 secs]
2006.365: [GC pause (G1 Evacuation Pause) (young) 3217M->1441M(3732M), 0.0877906 secs]
2008.062: [GC pause (G1 Evacuation Pause) (young) 3213M->1432M(3732M), 0.0614405 secs]
2009.653: [GC pause (G1 Evacuation Pause) (young) 3288M->1492M(3732M), 0.1005219 secs]
2011.312: [GC pause (G1 Evacuation Pause) (young) 3202M->1498M(3732M), 0.0808065 secs]
2012.979: [GC pause (G1 Evacuation Pause) (young) 3220M->1513M(3732M), 0.0726029 secs]
2014.408: [GC pause (G1 Evacuation Pause) (young) 3324M->1645M(3732M), 0.1281887 secs]
2015.911: [GC pause (G1 Evacuation Pause) (young) 3165M->1631M(3732M), 0.1085424 secs]
2017.359: [GC pause (G1 Evacuation Pause) (young) 3269M->1654M(3732M), 0.0867239 secs]
2018.898: [GC pause (G1 Evacuation Pause) (young) 3240M->1666M(3732M), 0.0600931 secs]
2020.337: [GC pause (G1 Evacuation Pause) (young) 3238M->1708M(3732M), 0.0808351 secs]
2021.843: [GC pause (G1 Evacuation Pause) (young) 3264M->1711M(3732M), 0.0708890 secs]
2023.286: [GC pause (G1 Evacuation Pause) (young) 3255M->1732M(3732M), 0.0523956 secs]
2024.649: [GC pause (G1 Evacuation Pause) (young) 3266M->1769M(3732M), 0.0882702 secs]
2025.966: [GC pause (G1 Evacuation Pause) (young) 3209M->1813M(3732M), 0.0796545 secs]
2027.282: [GC pause (G1 Humongous Allocation) (young) (initial-mark) 3094M->1817M(3732M), 0.0646354 secs]
2027.347: [GC concurrent-root-region-scan-start]
2027.392: [GC concurrent-root-region-scan-end, 0.0455672 secs]
2027.392: [GC concurrent-mark-start]
2027.718: [GC concurrent-mark-end, 0.3259386 secs]
2027.719: [GC remark, 0.0064678 secs]
2027.725: [GC cleanup 2237M->1291M(3732M), 0.0037564 secs]
2027.729: [GC concurrent-cleanup-start]
2027.731: [GC concurrent-cleanup-end, 0.0014903 secs]
2028.447: [GC pause (G1 Evacuation Pause) (young) 2319M->905M(3732M), 0.0789773 secs]
2028.571: [GC pause (G1 Evacuation Pause) (mixed) 959M->657M(3732M), 0.0654162 secs]
2030.633: [GC pause (G1 Evacuation Pause) (young) 2885M->699M(3732M), 0.0705733 secs]
2032.595: [GC pause (G1 Evacuation Pause) (young) 2911M->750M(3732M), 0.0899226 secs]
2034.671: [GC pause (G1 Evacuation Pause) (young) 2876M->755M(3732M), 0.0682744 secs]
2036.441: [GC pause (G1 Evacuation Pause) (young) 2965M->873M(3732M), 0.1378327 secs]
2038.271: [GC pause (G1 Evacuation Pause) (young) 2911M->882M(3732M), 0.1356507 secs]
2040.218: [GC pause (G1 Evacuation Pause) (young) 2942M->913M(3732M), 0.1108093 secs]
2042.184: [GC pause (G1 Evacuation Pause) (young) 3041M->941M(3732M), 0.0928487 secs]
2044.131: [GC pause (G1 Evacuation Pause) (young) 3051M->932M(3732M), 0.0674194 secs]
2046.103: [GC pause (G1 Evacuation Pause) (young) 3076M->970M(3732M), 0.1018309 secs]
2047.998: [GC pause (G1 Evacuation Pause) (young) 3040M->981M(3732M), 0.0851150 secs]
2049.920: [GC pause (G1 Evacuation Pause) (young) 3067M->1027M(3732M), 0.0942013 secs]
2051.781: [GC pause (G1 Evacuation Pause) (young) 3099M->1021M(3732M), 0.0768287 secs]
2053.703: [GC pause (G1 Evacuation Pause) (young) 3165M->1065M(3732M), 0.1064790 secs]
2055.576: [GC pause (G1 Evacuation Pause) (young) 3149M->1090M(3732M), 0.0920671 secs]
2057.517: [GC pause (G1 Evacuation Pause) (young) 3224M->1168M(3732M), 0.1153025 secs]
2059.253: [GC pause (G1 Evacuation Pause) (young) 3253M->1226M(3732M), 0.1396084 secs]
2061.048: [GC pause (G1 Evacuation Pause) (young) 3120M->1359M(3732M), 0.1275713 secs]
2062.914: [GC pause (G1 Evacuation Pause) (young) 3269M->1401M(3732M), 0.0720952 secs]
2064.625: [GC pause (G1 Evacuation Pause) (young) 3263M->1400M(3732M), 0.0506966 secs]
2066.288: [GC pause (G1 Evacuation Pause) (young) 3272M->1436M(3732M), 0.0587751 secs]
2067.944: [GC pause (G1 Evacuation Pause) (young) 3262M->1472M(3732M), 0.0974004 secs]
2069.569: [GC pause (G1 Evacuation Pause) (young) 3190M->1496M(3732M), 0.0853820 secs]
2071.165: [GC pause (G1 Evacuation Pause) (young) 3220M->1519M(3732M), 0.0883487 secs]
2072.721: [GC pause (G1 Evacuation Pause) (young) 3219M->1559M(3732M), 0.0781526 secs]
2074.289: [GC pause (G1 Evacuation Pause) (young) 3219M->1548M(3732M), 0.0672905 secs]
2075.843: [GC pause (G1 Evacuation Pause) (young) 3270M->1572M(3732M), 0.0767348 secs]
2077.408: [GC pause (G1 Evacuation Pause) (young) 3230M->1602M(3732M), 0.0749658 secs]
2078.794: [GC pause (G1 Evacuation Pause) (young) 3217M->1631M(3732M), 0.0770364 secs]
2080.036: [GC pause (G1 Evacuation Pause) (young) 3317M->1709M(3732M), 0.1219252 secs]
2081.389: [GC pause (G1 Evacuation Pause) (young) 3195M->1752M(3732M), 0.1142021 secs]
2082.776: [GC pause (G1 Evacuation Pause) (young) (initial-mark) 3266M->1773M(3732M), 0.0727920 secs]
2082.849: [GC concurrent-root-region-scan-start]
2082.889: [GC concurrent-root-region-scan-end, 0.0404587 secs]
2082.889: [GC concurrent-mark-start]
2083.216: [GC concurrent-mark-end, 0.3272255 secs]
2083.217: [GC remark, 0.0068361 secs]
2083.224: [GC cleanup 2123M->1119M(3732M), 0.0042637 secs]
2083.228: [GC concurrent-cleanup-start]
2083.230: [GC concurrent-cleanup-end, 0.0017818 secs]
2084.155: [GC pause (G1 Evacuation Pause) (young) 2261M->793M(3732M), 0.0639847 secs]
2084.278: [GC pause (G1 Evacuation Pause) (mixed) 857M->589M(3732M), 0.0560167 secs]
2086.336: [GC pause (G1 Evacuation Pause) (young) 2807M->623M(3732M), 0.0655727 secs]
2088.389: [GC pause (G1 Evacuation Pause) (young) 2843M->678M(3732M), 0.0722023 secs]
2090.316: [GC pause (G1 Evacuation Pause) (young) 2830M->714M(3732M), 0.0850552 secs]
2092.278: [GC pause (G1 Evacuation Pause) (young) 2818M->729M(3732M), 0.0888248 secs]
2094.243: [GC pause (G1 Evacuation Pause) (young) 2807M->758M(3732M), 0.0903950 secs]
2096.190: [GC pause (G1 Evacuation Pause) (young) 2876M->781M(3732M), 0.1058215 secs]
2098.159: [GC pause (G1 Evacuation Pause) (young) 2877M->800M(3732M), 0.0918478 secs]
2100.313: [GC pause (G1 Evacuation Pause) (young) 2866M->796M(3732M), 0.0698770 secs]
2102.292: [GC pause (G1 Evacuation Pause) (young) 2981M->869M(3732M), 0.0946621 secs]
2104.062: [GC pause (G1 Evacuation Pause) (young) 2967M->935M(3732M), 0.1548055 secs]
2105.927: [GC pause (G1 Evacuation Pause) (young) 2927M->969M(3732M), 0.1285083 secs]
2107.909: [GC pause (G1 Evacuation Pause) (young) 3033M->1004M(3732M), 0.1302661 secs]
2109.865: [GC pause (G1 Evacuation Pause) (young) 3164M->1026M(3732M), 0.0816461 secs]
2111.764: [GC pause (G1 Evacuation Pause) (young) 3190M->1073M(3732M), 0.0964903 secs]
2113.790: [GC pause (G1 Evacuation Pause) (young) 3153M->1087M(3732M), 0.0738117 secs]
2115.730: [GC pause (G1 Evacuation Pause) (young) 3193M->1126M(3732M), 0.0989437 secs]
2117.705: [GC pause (G1 Evacuation Pause) (young) 3210M->1136M(3732M), 0.0881046 secs]
2119.605: [GC pause (G1 Evacuation Pause) (young) 3228M->1160M(3732M), 0.1058130 secs]
2121.515: [GC pause (G1 Evacuation Pause) (young) 3182M->1190M(3732M), 0.0825008 secs]
2123.337: [GC pause (G1 Evacuation Pause) (young) 3194M->1209M(3732M), 0.0868135 secs]
2124.973: [GC pause (G1 Evacuation Pause) (young) 3309M->1312M(3732M), 0.1404887 secs]
2126.752: [GC pause (G1 Evacuation Pause) (young) 3136M->1422M(3732M), 0.1251274 secs]
2128.503: [GC pause (G1 Evacuation Pause) (young) 3256M->1443M(3732M), 0.0733526 secs]
2130.223: [GC pause (G1 Evacuation Pause) (young) 3279M->1466M(3732M), 0.0619789 secs]
2132.089: [GC pause (G1 Evacuation Pause) (young) 3252M->1469M(3732M), 0.0479305 secs]
2133.787: [GC pause (G1 Evacuation Pause) (young) 3282M->1527M(3732M), 0.0947030 secs]
2135.504: [GC pause (G1 Evacuation Pause) (young) 3189M->1530M(3732M), 0.0785055 secs]
2137.101: [GC pause (G1 Evacuation Pause) (young) 3236M->1577M(3732M), 0.0916105 secs]
2138.700: [GC pause (G1 Evacuation Pause) (young) 3225M->1616M(3732M), 0.0842791 secs]
2140.362: [GC pause (G1 Evacuation Pause) (young) 3260M->1631M(3732M), 0.0725270 secs]
2141.874: [GC pause (G1 Evacuation Pause) (young) 3279M->1671M(3732M), 0.0878990 secs]
2143.318: [GC pause (G1 Evacuation Pause) (young) 3203M->1692M(3732M), 0.0796156 secs]
2144.826: [GC pause (G1 Evacuation Pause) (young) 3226M->1711M(3732M), 0.0815885 secs]
2146.374: [GC pause (G1 Evacuation Pause) (young) 3231M->1720M(3732M), 0.0655019 secs]
2146.614: [GC pause (G1 Humongous Allocation) (young) (initial-mark) 1924M->1774M(3732M), 0.0609059 secs]
2146.675: [GC concurrent-root-region-scan-start]
2146.716: [GC concurrent-root-region-scan-end, 0.0406865 secs]
2146.716: [GC concurrent-mark-start]
2146.920: [GC concurrent-mark-end, 0.2046146 secs]
2146.921: [GC remark, 0.0072030 secs]
2146.928: [GC cleanup 2075M->1329M(3732M), 0.0036019 secs]
2146.932: [GC concurrent-cleanup-start]
2146.933: [GC concurrent-cleanup-end, 0.0016346 secs]
2147.777: [GC pause (G1 Evacuation Pause) (young) 2535M->1058M(3732M), 0.1224778 secs]
2147.903: [GC pause (G1 Evacuation Pause) (mixed) 1060M->726M(3732M), 0.1234484 secs]
2148.183: [GC pause (G1 Evacuation Pause) (mixed) 920M->684M(3732M), 0.0439625 secs]
2150.064: [GC pause (G1 Evacuation Pause) (young) 2912M->769M(3732M), 0.0828745 secs]
2152.085: [GC pause (G1 Evacuation Pause) (young) 2889M->765M(3732M), 0.0605543 secs]
2153.986: [GC pause (G1 Evacuation Pause) (young) 2899M->805M(3732M), 0.0820165 secs]
2155.899: [GC pause (G1 Evacuation Pause) (young) 2925M->814M(3732M), 0.1005313 secs]
2157.910: [GC pause (G1 Evacuation Pause) (young) 2898M->833M(3732M), 0.0958917 secs]
2159.845: [GC pause (G1 Evacuation Pause) (young) 2919M->841M(3732M), 0.0809264 secs]
2161.781: [GC pause (G1 Evacuation Pause) (young) 2929M->852M(3732M), 0.0844515 secs]
2163.651: [GC pause (G1 Evacuation Pause) (young) 2982M->891M(3732M), 0.1108336 secs]
2165.604: [GC pause (G1 Evacuation Pause) (young) 2955M->912M(3732M), 0.0902529 secs]
2167.612: [GC pause (G1 Evacuation Pause) (young) 2982M->924M(3732M), 0.0774486 secs]
2169.401: [GC pause (G1 Evacuation Pause) (young) 3105M->1005M(3732M), 0.1282006 secs]
2171.290: [GC pause (G1 Evacuation Pause) (young) 3049M->1063M(3732M), 0.1449222 secs]
2173.192: [GC pause (G1 Evacuation Pause) (young) 3119M->1092M(3732M), 0.1264590 secs]
2175.185: [GC pause (G1 Evacuation Pause) (young) 3214M->1096M(3732M), 0.0829577 secs]
2177.227: [GC pause (G1 Evacuation Pause) (young) 3250M->1117M(3732M), 0.0789095 secs]
2179.155: [GC pause (G1 Evacuation Pause) (young) 3233M->1150M(3732M), 0.0913503 secs]
2181.114: [GC pause (G1 Evacuation Pause) (young) 3190M->1164M(3732M), 0.0924280 secs]
2183.058: [GC pause (G1 Evacuation Pause) (young) 3208M->1194M(3732M), 0.0920180 secs]
2185.036: [GC pause (G1 Evacuation Pause) (young) 3214M->1219M(3732M), 0.1004404 secs]
2186.918: [GC pause (G1 Evacuation Pause) (young) 3209M->1235M(3732M), 0.0935416 secs]
2188.706: [GC pause (G1 Evacuation Pause) (young) 3205M->1234M(3732M), 0.0821987 secs]
2190.627: [GC pause (G1 Evacuation Pause) (young) 3214M->1265M(3732M), 0.0948297 secs]
2192.346: [GC pause (G1 Evacuation Pause) (young) 3291M->1357M(3732M), 0.1523952 secs]
2194.084: [GC pause (G1 Evacuation Pause) (young) 3133M->1387M(3732M), 0.1221872 secs]
2195.906: [GC pause (G1 Evacuation Pause) (young) 3253M->1406M(3732M), 0.0735198 secs]
2197.643: [GC pause (G1 Evacuation Pause) (young) 3276M->1434M(3732M), 0.0649643 secs]
2199.481: [GC pause (G1 Evacuation Pause) (young) 3242M->1432M(3732M), 0.0508331 secs]
2201.094: [GC pause (G1 Evacuation Pause) (young) 3280M->1493M(3732M), 0.1007907 secs]
2202.758: [GC pause (G1 Evacuation Pause) (young) 3195M->1507M(3732M), 0.0883444 secs]
2204.366: [GC pause (G1 Evacuation Pause) (young) 3213M->1536M(3732M), 0.0904257 secs]
2205.992: [GC pause (G1 Evacuation Pause) (young) 3224M->1533M(3732M), 0.0732954 secs]
2207.660: [GC pause (G1 Evacuation Pause) (young) 3283M->1556M(3732M), 0.0759672 secs]
2209.244: [GC pause (G1 Evacuation Pause) (young) 3242M->1588M(3732M), 0.0779346 secs]
2210.791: [GC pause (G1 Evacuation Pause) (young) 3210M->1600M(3732M), 0.0848338 secs]
2212.380: [GC pause (G1 Evacuation Pause) (young) 3222M->1631M(3732M), 0.0786672 secs]
2213.927: [GC pause (G1 Evacuation Pause) (young) 3231M->1611M(3732M), 0.0641656 secs]
2215.578: [GC pause (G1 Evacuation Pause) (young) 3367M->1741M(3732M), 0.1317539 secs]
2216.918: [GC pause (G1 Evacuation Pause) (young) 3179M->1756M(3732M), 0.1112095 secs]
2218.403: [GC pause (G1 Evacuation Pause) (young) (initial-mark) 3262M->1764M(3732M), 0.0618979 secs]
2218.465: [GC concurrent-root-region-scan-start]
2218.496: [GC concurrent-root-region-scan-end, 0.0312179 secs]
2218.496: [GC concurrent-mark-start]
2218.862: [GC concurrent-mark-end, 0.3656007 secs]
2218.862: [GC remark, 0.0068408 secs]
2218.869: [GC cleanup 2148M->1052M(3732M), 0.0043938 secs]
2218.874: [GC concurrent-cleanup-start]
2218.876: [GC concurrent-cleanup-end, 0.0018910 secs]
2219.796: [GC pause (G1 Evacuation Pause) (young) 2187M->699M(3732M), 0.0590127 secs]
2219.931: [GC pause (G1 Evacuation Pause) (mixed) 779M->604M(3732M), 0.0429534 secs]
2222.036: [GC pause (G1 Evacuation Pause) (young) 2834M->650M(3732M), 0.0677291 secs]
2224.002: [GC pause (G1 Evacuation Pause) (young) 2860M->706M(3732M), 0.0813052 secs]
2225.955: [GC pause (G1 Evacuation Pause) (young) 2824M->735M(3732M), 0.0794761 secs]
2227.895: [GC pause (G1 Evacuation Pause) (young) 2835M->752M(3732M), 0.0867222 secs]
2229.923: [GC pause (G1 Evacuation Pause) (young) 2834M->741M(3732M), 0.0759775 secs]
2231.767: [GC pause (G1 Evacuation Pause) (young) 2889M->783M(3732M), 0.1113942 secs]
2233.702: [GC pause (G1 Evacuation Pause) (young) 2853M->812M(3732M), 0.0891947 secs]
2235.672: [GC pause (G1 Evacuation Pause) (young) 2884M->839M(3732M), 0.0960496 secs]
2237.705: [GC pause (G1 Evacuation Pause) (young) 3047M->887M(3732M), 0.0957488 secs]
2239.480: [GC pause (G1 Evacuation Pause) (young) 2992M->939M(3732M), 0.1424343 secs]
2241.435: [GC pause (G1 Evacuation Pause) (young) 2940M->966M(3732M), 0.1330322 secs]
2243.394: [GC pause (G1 Evacuation Pause) (young) 3028M->1006M(3732M), 0.1145230 secs]
2245.352: [GC pause (G1 Evacuation Pause) (young) 3188M->1051M(3732M), 0.0799945 secs]
2247.241: [GC pause (G1 Evacuation Pause) (young) 3175M->1073M(3732M), 0.0838307 secs]
2249.154: [GC pause (G1 Evacuation Pause) (young) 3161M->1085M(3732M), 0.0740882 secs]
2251.094: [GC pause (G1 Evacuation Pause) (young) 3185M->1121M(3732M), 0.0967216 secs]
2252.940: [GC pause (G1 Evacuation Pause) (young) 3210M->1135M(3732M), 0.0997313 secs]
2254.832: [GC pause (G1 Evacuation Pause) (young) 3211M->1152M(3732M), 0.0989914 secs]
2256.748: [GC pause (G1 Evacuation Pause) (young) 3186M->1164M(3732M), 0.0809605 secs]
2258.709: [GC pause (G1 Evacuation Pause) (young) 3211M->1154M(3732M), 0.0653330 secs]
2260.377: [GC pause (G1 Evacuation Pause) (young) 3358M->1291M(3732M), 0.1180216 secs]
2262.067: [GC pause (G1 Evacuation Pause) (young) 3151M->1313M(3732M), 0.1341279 secs]
2263.844: [GC pause (G1 Evacuation Pause) (young) 3168M->1339M(3732M), 0.1222998 secs]
2265.599: [GC pause (G1 Evacuation Pause) (young) 3227M->1365M(3732M), 0.0964289 secs]
2267.399: [GC pause (G1 Evacuation Pause) (young) 3237M->1399M(3732M), 0.0882625 secs]
2269.079: [GC pause (G1 Evacuation Pause) (young) 3259M->1426M(3732M), 0.1017661 secs]
2270.815: [GC pause (G1 Evacuation Pause) (young) 3212M->1462M(3732M), 0.0803883 secs]
2272.423: [GC pause (G1 Evacuation Pause) (young) 3214M->1486M(3732M), 0.0860097 secs]
2274.034: [GC pause (G1 Evacuation Pause) (young) 3214M->1469M(3732M), 0.0573726 secs]
2275.664: [GC pause (G1 Evacuation Pause) (young) 3291M->1530M(3732M), 0.0967677 secs]
2277.281: [GC pause (G1 Evacuation Pause) (young) 3206M->1543M(3732M), 0.0819525 secs]
2278.859: [GC pause (G1 Evacuation Pause) (young) 3219M->1583M(3732M), 0.0856295 secs]
2280.344: [GC pause (G1 Evacuation Pause) (young) 3221M->1620M(3732M), 0.0716310 secs]
2282.211: [GC pause (G1 Evacuation Pause) (young) 3299M->1637M(3732M), 0.0626360 secs]
2283.364: [GC pause (G1 Evacuation Pause) (young) 3340M->1749M(3732M), 0.1264231 secs]
2284.694: [GC pause (G1 Evacuation Pause) (young) 3149M->1781M(3732M), 0.1165560 secs]
2286.134: [GC pause (G1 Evacuation Pause) (young) (initial-mark) 3269M->1796M(3732M), 0.0591079 secs]
2286.193: [GC concurrent-root-region-scan-start]
2286.221: [GC concurrent-root-region-scan-end, 0.0272747 secs]
2286.221: [GC concurrent-mark-start]
2286.623: [GC concurrent-mark-end, 0.4026069 secs]
2286.624: [GC remark, 0.0071061 secs]
2286.631: [GC cleanup 2177M->1101M(3732M), 0.0048094 secs]
2286.636: [GC concurrent-cleanup-start]
2286.638: [GC concurrent-cleanup-end, 0.0018142 secs]
2287.555: [GC pause (G1 Evacuation Pause) (young) 2214M->748M(3732M), 0.0554330 secs]
2287.696: [GC pause (G1 Evacuation Pause) (mixed) 838M->611M(3732M), 0.0442321 secs]
2289.781: [GC pause (G1 Evacuation Pause) (young) 2829M->641M(3732M), 0.0554002 secs]
2291.764: [GC pause (G1 Evacuation Pause) (young) 2865M->707M(3732M), 0.0894401 secs]
2293.681: [GC pause (G1 Evacuation Pause) (young) 2839M->737M(3732M), 0.0844084 secs]
2295.556: [GC pause (G1 Evacuation Pause) (young) 2841M->731M(3732M), 0.0760867 secs]
2297.369: [GC pause (G1 Evacuation Pause) (young) 2839M->739M(3732M), 0.0707448 secs]
2299.142: [GC pause (G1 Evacuation Pause) (young) 2877M->777M(3732M), 0.1093667 secs]
2300.993: [GC pause (G1 Evacuation Pause) (young) 2829M->798M(3732M), 0.0952317 secs]
2302.982: [GC pause (G1 Evacuation Pause) (young) 2896M->823M(3732M), 0.1083022 secs]
2305.196: [GC pause (G1 Evacuation Pause) (young) 2968M->865M(3732M), 0.0937989 secs]
2306.998: [GC pause (G1 Evacuation Pause) (young) 3039M->927M(3732M), 0.1431348 secs]
2308.919: [GC pause (G1 Evacuation Pause) (young) 2943M->974M(3732M), 0.1345989 secs]
2311.044: [GC pause (G1 Evacuation Pause) (young) 3160M->1004M(3732M), 0.0780493 secs]
2313.170: [GC pause (G1 Evacuation Pause) (young) 3177M->1036M(3732M), 0.0693321 secs]
2315.167: [GC pause (G1 Evacuation Pause) (young) 3176M->1053M(3732M), 0.0741991 secs]
2317.103: [GC pause (G1 Evacuation Pause) (young) 3159M->1088M(3732M), 0.0929016 secs]
2319.087: [GC pause (G1 Evacuation Pause) (young) 3160M->1110M(3732M), 0.0969895 secs]
2321.150: [GC pause (G1 Evacuation Pause) (young) 3229M->1122M(3732M), 0.0960837 secs]
2323.085: [GC pause (G1 Evacuation Pause) (young) 3186M->1134M(3732M), 0.0831719 secs]
2324.951: [GC pause (G1 Evacuation Pause) (young) 3204M->1185M(3732M), 0.0965099 secs]
2326.799: [GC pause (G1 Evacuation Pause) (young) 3193M->1174M(3732M), 0.0751928 secs]
2328.693: [GC pause (G1 Evacuation Pause) (young) 3358M->1282M(3732M), 0.1099329 secs]
2330.313: [GC pause (G1 Evacuation Pause) (young) 3172M->1305M(3732M), 0.1157420 secs]
2332.102: [GC pause (G1 Evacuation Pause) (young) 3180M->1351M(3732M), 0.1296577 secs]
2333.899: [GC pause (G1 Evacuation Pause) (young) 3231M->1378M(3732M), 0.0964344 secs]
2335.614: [GC pause (G1 Evacuation Pause) (young) 3218M->1413M(3732M), 0.0914778 secs]
2337.325: [GC pause (G1 Evacuation Pause) (young) 3253M->1450M(3732M), 0.0947913 secs]
2339.000: [GC pause (G1 Evacuation Pause) (young) 3214M->1471M(3732M), 0.0810539 secs]
2340.673: [GC pause (G1 Evacuation Pause) (young) 3213M->1506M(3732M), 0.0819926 secs]
2342.299: [GC pause (G1 Evacuation Pause) (young) 3220M->1503M(3732M), 0.0631838 secs]
2343.866: [GC pause (G1 Evacuation Pause) (young) 3269M->1532M(3732M), 0.0925821 secs]
2345.425: [GC pause (G1 Evacuation Pause) (young) 3222M->1567M(3732M), 0.0857332 secs]
2346.996: [GC pause (G1 Evacuation Pause) (young) 3206M->1598M(3732M), 0.0817759 secs]
2348.559: [GC pause (G1 Evacuation Pause) (young) 3222M->1627M(3732M), 0.0792978 secs]
2350.235: [GC pause (G1 Evacuation Pause) (young) 3253M->1630M(3732M), 0.0703574 secs]
2351.503: [GC pause (G1 Evacuation Pause) (young) 3329M->1719M(3732M), 0.1184466 secs]
2352.832: [GC pause (G1 Evacuation Pause) (young) 3159M->1758M(3732M), 0.1163751 secs]
2354.294: [GC pause (G1 Humongous Allocation) (young) (initial-mark) 3234M->1768M(3732M), 0.0517543 secs]
2354.346: [GC concurrent-root-region-scan-start]
2354.373: [GC concurrent-root-region-scan-end, 0.0265839 secs]
2354.373: [GC concurrent-mark-start]
2354.711: [GC concurrent-mark-end, 0.3381319 secs]
2354.711: [GC remark, 0.0066718 secs]
2354.718: [GC cleanup 2181M->1127M(3732M), 0.0039326 secs]
2354.722: [GC concurrent-cleanup-start]
2354.724: [GC concurrent-cleanup-end, 0.0019738 secs]
2355.631: [GC pause (G1 Evacuation Pause) (young) 2238M->747M(3732M), 0.0527471 secs]
2355.761: [GC pause (G1 Evacuation Pause) (mixed) 837M->607M(3732M), 0.0381620 secs]
2357.760: [GC pause (G1 Evacuation Pause) (young) 2863M->666M(3732M), 0.0677692 secs]
2359.722: [GC pause (G1 Evacuation Pause) (young) 2850M->702M(3732M), 0.0756843 secs]
2361.723: [GC pause (G1 Evacuation Pause) (young) 2826M->707M(3732M), 0.0668963 secs]
2363.692: [GC pause (G1 Evacuation Pause) (young) 2837M->748M(3732M), 0.0896508 secs]
2365.698: [GC pause (G1 Evacuation Pause) (young) 2836M->733M(3732M), 0.0734183 secs]
2367.576: [GC pause (G1 Evacuation Pause) (young) 2884M->781M(3732M), 0.1096248 secs]
2369.469: [GC pause (G1 Evacuation Pause) (young) 2849M->790M(3732M), 0.0779388 secs]
2371.528: [GC pause (G1 Evacuation Pause) (young) 2882M->816M(3732M), 0.0935608 secs]
2373.202: [GC pause (G1 Evacuation Pause) (young) 2988M->916M(3732M), 0.1480569 secs]
2375.146: [GC pause (G1 Evacuation Pause) (young) 2930M->945M(3732M), 0.1327621 secs]
2377.200: [GC pause (G1 Evacuation Pause) (young) 3123M->972M(3732M), 0.0784927 secs]
2379.190: [GC pause (G1 Evacuation Pause) (young) 3132M->1000M(3732M), 0.0698369 secs]
2381.179: [GC pause (G1 Evacuation Pause) (young) 3158M->1045M(3732M), 0.0981134 secs]
2383.120: [GC pause (G1 Evacuation Pause) (young) 3123M->1049M(3732M), 0.0719036 secs]
2384.957: [GC pause (G1 Evacuation Pause) (young) 3157M->1086M(3732M), 0.0973198 secs]
2386.919: [GC pause (G1 Evacuation Pause) (young) 3158M->1081M(3732M), 0.0805244 secs]
2388.843: [GC pause (G1 Evacuation Pause) (young) 3231M->1125M(3732M), 0.1130604 secs]
2390.744: [GC pause (G1 Evacuation Pause) (young) 3185M->1135M(3732M), 0.0776402 secs]
2392.759: [GC pause (G1 Evacuation Pause) (young) 3209M->1180M(3732M), 0.0989313 secs]
2394.564: [GC pause (G1 Evacuation Pause) (young) 3276M->1254M(3732M), 0.1228315 secs]
2396.406: [GC pause (G1 Evacuation Pause) (young) 3182M->1339M(3732M), 0.1449768 secs]
2398.191: [GC pause (G1 Evacuation Pause) (young) 3169M->1372M(3732M), 0.1238823 secs]
2399.963: [GC pause (G1 Evacuation Pause) (young) 3256M->1403M(3732M), 0.0873490 secs]
2401.817: [GC pause (G1 Evacuation Pause) (young) 3223M->1397M(3732M), 0.0602646 secs]
2403.495: [GC pause (G1 Evacuation Pause) (young) 3279M->1426M(3732M), 0.0816129 secs]
2405.150: [GC pause (G1 Evacuation Pause) (young) 3232M->1464M(3732M), 0.0849742 secs]
2406.784: [GC pause (G1 Evacuation Pause) (young) 3194M->1478M(3732M), 0.0887361 secs]
2408.420: [GC pause (G1 Evacuation Pause) (young) 3214M->1489M(3732M), 0.0750119 secs]
2410.011: [GC pause (G1 Evacuation Pause) (young) 3269M->1527M(3732M), 0.0939350 secs]
2411.672: [GC pause (G1 Evacuation Pause) (young) 3202M->1535M(3732M), 0.0732899 secs]
2413.200: [GC pause (G1 Evacuation Pause) (young) 3235M->1556M(3732M), 0.0820348 secs]
2414.811: [GC pause (G1 Evacuation Pause) (young) 3214M->1571M(3732M), 0.0787815 secs]
2416.538: [GC pause (G1 Evacuation Pause) (young) 3262M->1584M(3732M), 0.0720734 secs]
2417.848: [GC pause (G1 Evacuation Pause) (young) 3343M->1686M(3732M), 0.1297913 secs]
2419.255: [GC pause (G1 Evacuation Pause) (young) 3148M->1707M(3732M), 0.1145302 secs]
2420.744: [GC pause (G1 Evacuation Pause) (young) 3267M->1728M(3732M), 0.0598755 secs]
2422.190: [GC pause (G1 Evacuation Pause) (young) 3290M->1752M(3732M), 0.0543015 secs]
2423.567: [GC pause (G1 Evacuation Pause) (young) 3258M->1766M(3732M), 0.0527420 secs]
2424.023: [GC pause (G1 Humongous Allocation) (young) (initial-mark) 2177M->1757M(3732M), 0.0405551 secs]
2424.064: [GC concurrent-root-region-scan-start]
2424.106: [GC concurrent-root-region-scan-end, 0.0425664 secs]
2424.106: [GC concurrent-mark-start]
2424.446: [GC concurrent-mark-end, 0.3391849 secs]
2424.446: [GC remark, 0.0069961 secs]
2424.453: [GC cleanup 2171M->1051M(3732M), 0.0040580 secs]
2424.457: [GC concurrent-cleanup-start]
2424.460: [GC concurrent-cleanup-end, 0.0021303 secs]
2425.331: [GC pause (G1 Evacuation Pause) (young) 2165M->689M(3732M), 0.0871745 secs]
2425.447: [GC pause (G1 Evacuation Pause) (mixed) 721M->649M(3732M), 0.0658066 secs]
2427.542: [GC pause (G1 Evacuation Pause) (young) 2879M->693M(3732M), 0.0720777 secs]
2429.546: [GC pause (G1 Evacuation Pause) (young) 2869M->708M(3732M), 0.0520675 secs]
2431.588: [GC pause (G1 Evacuation Pause) (young) 2904M->775M(3732M), 0.0864415 secs]
2433.518: [GC pause (G1 Evacuation Pause) (young) 2891M->788M(3732M), 0.0831467 secs]
2435.417: [GC pause (G1 Evacuation Pause) (young) 2878M->806M(3732M), 0.0930514 secs]
2437.166: [GC pause (G1 Evacuation Pause) (young) 2896M->782M(3732M), 0.0744197 secs]
2439.178: [GC pause (G1 Evacuation Pause) (young) 3021M->881M(3732M), 0.1088176 secs]
2440.961: [GC pause (G1 Evacuation Pause) (young) 2937M->938M(3732M), 0.1390896 secs]
2442.987: [GC pause (G1 Evacuation Pause) (young) 2944M->966M(3732M), 0.1377972 secs]
2445.044: [GC pause (G1 Evacuation Pause) (young) 3062M->995M(3732M), 0.1141505 secs]
2447.007: [GC pause (G1 Evacuation Pause) (young) 3088M->1049M(3732M), 0.1221019 secs]
2449.007: [GC pause (G1 Evacuation Pause) (young) 3155M->1076M(3732M), 0.1009601 secs]
2450.951: [GC pause (G1 Evacuation Pause) (young) 3166M->1106M(3732M), 0.0921093 secs]
2452.944: [GC pause (G1 Evacuation Pause) (young) 3198M->1103M(3732M), 0.0817835 secs]
2454.773: [GC pause (G1 Evacuation Pause) (young) 3245M->1135M(3732M), 0.0901744 secs]
2456.728: [GC pause (G1 Evacuation Pause) (young) 3209M->1169M(3732M), 0.0927186 secs]
2458.544: [GC pause (G1 Evacuation Pause) (young) 3175M->1187M(3732M), 0.0914731 secs]
2460.743: [GC pause (G1 Evacuation Pause) (young) 3222M->1189M(3732M), 0.0844144 secs]
2462.346: [GC pause (G1 Evacuation Pause) (young) 3305M->1304M(3732M), 0.1475291 secs]
2464.061: [GC pause (G1 Evacuation Pause) (young) 3110M->1349M(3732M), 0.1312057 secs]
2465.895: [GC pause (G1 Evacuation Pause) (young) 3272M->1373M(3732M), 0.0637560 secs]
2467.698: [GC pause (G1 Evacuation Pause) (young) 3271M->1400M(3732M), 0.0584623 secs]
2469.398: [GC pause (G1 Evacuation Pause) (young) 3283M->1439M(3732M), 0.0903339 secs]
2471.096: [GC pause (G1 Evacuation Pause) (young) 3207M->1442M(3732M), 0.0715870 secs]
2472.691: [GC pause (G1 Evacuation Pause) (young) 3235M->1474M(3732M), 0.0873976 secs]
2474.334: [GC pause (G1 Evacuation Pause) (young) 3203M->1465M(3732M), 0.0697776 secs]
2475.993: [GC pause (G1 Evacuation Pause) (young) 3264M->1492M(3732M), 0.0958213 secs]
2477.624: [GC pause (G1 Evacuation Pause) (young) 3223M->1531M(3732M), 0.0857042 secs]
2479.221: [GC pause (G1 Evacuation Pause) (young) 3205M->1557M(3732M), 0.0852912 secs]
2480.839: [GC pause (G1 Evacuation Pause) (young) 3221M->1589M(3732M), 0.0852361 secs]
2482.527: [GC pause (G1 Evacuation Pause) (young) 3227M->1577M(3732M), 0.0617852 secs]
2483.899: [GC pause (G1 Evacuation Pause) (young) 3374M->1705M(3732M), 0.1400855 secs]
2485.328: [GC pause (G1 Evacuation Pause) (young) 3133M->1723M(3732M), 0.1071766 secs]
2486.590: [GC pause (G1 Humongous Allocation) (young) (initial-mark) 2994M->1739M(3732M), 0.0485487 secs]
2486.639: [GC concurrent-root-region-scan-start]
2486.657: [GC concurrent-root-region-scan-end, 0.0183151 secs]
2486.657: [GC concurrent-mark-start]
2487.035: [GC concurrent-mark-end, 0.3781042 secs]
2487.036: [GC remark, 0.0065907 secs]
2487.042: [GC cleanup 2177M->1103M(3732M), 0.0042146 secs]
2487.047: [GC concurrent-cleanup-start]
2487.049: [GC concurrent-cleanup-end, 0.0019486 secs]
2487.946: [GC pause (G1 Evacuation Pause) (young) 2215M->699M(3732M), 0.0520214 secs]
2488.087: [GC pause (G1 Evacuation Pause) (mixed) 793M->623M(3732M), 0.0455168 secs]
2490.272: [GC pause (G1 Evacuation Pause) (young) 2853M->665M(3732M), 0.0743903 secs]
2492.247: [GC pause (G1 Evacuation Pause) (young) 2878M->720M(3732M), 0.0872764 secs]
2494.246: [GC pause (G1 Evacuation Pause) (young) 2842M->727M(3732M), 0.0671365 secs]
2496.201: [GC pause (G1 Evacuation Pause) (young) 2853M->768M(3732M), 0.0875751 secs]
2498.193: [GC pause (G1 Evacuation Pause) (young) 2877M->780M(3732M), 0.1016368 secs]
2500.157: [GC pause (G1 Evacuation Pause) (young) 2873M->818M(3732M), 0.0965095 secs]
2502.179: [GC pause (G1 Evacuation Pause) (young) 2906M->823M(3732M), 0.0774277 secs]
2504.283: [GC pause (G1 Evacuation Pause) (young) 2916M->808M(3732M), 0.0723226 secs]
2506.283: [GC pause (G1 Evacuation Pause) (young) 3046M->946M(3732M), 0.1214683 secs]
2508.081: [GC pause (G1 Evacuation Pause) (young) 2981M->976M(3732M), 0.1430875 secs]
2510.062: [GC pause (G1 Evacuation Pause) (young) 3021M->1002M(3732M), 0.1313836 secs]
2512.254: [GC pause (G1 Evacuation Pause) (young) 3114M->1009M(3732M), 0.0869287 secs]
2514.189: [GC pause (G1 Evacuation Pause) (young) 3148M->1076M(3732M), 0.1115261 secs]
2516.156: [GC pause (G1 Evacuation Pause) (young) 3124M->1093M(3732M), 0.1084370 secs]
2518.083: [GC pause (G1 Evacuation Pause) (young) 3187M->1112M(3732M), 0.1065648 secs]
2520.051: [GC pause (G1 Evacuation Pause) (young) 3178M->1093M(3732M), 0.0673349 secs]
2521.934: [GC pause (G1 Evacuation Pause) (young) 3242M->1160M(3732M), 0.1155687 secs]
2523.720: [GC pause (G1 Evacuation Pause) (young) 3173M->1179M(3732M), 0.1005919 secs]
2525.639: [GC pause (G1 Evacuation Pause) (young) 3196M->1203M(3732M), 0.1002552 secs]
2527.933: [GC pause (G1 Evacuation Pause) (young) 3228M->1205M(3732M), 0.0891260 secs]
2529.580: [GC pause (G1 Evacuation Pause) (young) 3309M->1303M(3732M), 0.1419530 secs]
2531.385: [GC pause (G1 Evacuation Pause) (young) 3133M->1376M(3732M), 0.1322915 secs]
2533.293: [GC pause (G1 Evacuation Pause) (young) 3269M->1400M(3732M), 0.0723017 secs]
2535.047: [GC pause (G1 Evacuation Pause) (young) 3268M->1401M(3732M), 0.0498100 secs]
2536.731: [GC pause (G1 Evacuation Pause) (young) 3304M->1470M(3732M), 0.0919672 secs]
2538.451: [GC pause (G1 Evacuation Pause) (young) 3207M->1480M(3732M), 0.0741901 secs]
2540.036: [GC pause (G1 Evacuation Pause) (young) 3210M->1513M(3732M), 0.0821044 secs]
2541.621: [GC pause (G1 Evacuation Pause) (young) 3222M->1514M(3732M), 0.0740877 secs]
2543.268: [GC pause (G1 Evacuation Pause) (young) 3266M->1561M(3732M), 0.0946121 secs]
2544.829: [GC pause (G1 Evacuation Pause) (young) 3201M->1573M(3732M), 0.0858855 secs]
2546.406: [GC pause (G1 Evacuation Pause) (young) 3215M->1583M(3732M), 0.0694827 secs]
2547.949: [GC pause (G1 Evacuation Pause) (young) 3245M->1614M(3732M), 0.0856833 secs]
2549.757: [GC pause (G1 Evacuation Pause) (young) 3212M->1586M(3732M), 0.0593114 secs]
2551.066: [GC pause (G1 Evacuation Pause) (young) 3370M->1702M(3732M), 0.1208987 secs]
2552.435: [GC pause (G1 Evacuation Pause) (young) 3157M->1760M(3732M), 0.1133556 secs]
2553.863: [GC pause (G1 Evacuation Pause) (young) (initial-mark) 3268M->1771M(3732M), 0.0553984 secs]
2553.919: [GC concurrent-root-region-scan-start]
2553.937: [GC concurrent-root-region-scan-end, 0.0182686 secs]
2553.937: [GC concurrent-mark-start]
2554.290: [GC concurrent-mark-end, 0.3531681 secs]
2554.290: [GC remark, 0.0071817 secs]
2554.298: [GC cleanup 2127M->1079M(3732M), 0.0047893 secs]
2554.303: [GC concurrent-cleanup-start]
2554.305: [GC concurrent-cleanup-end, 0.0021393 secs]
2555.316: [GC pause (G1 Evacuation Pause) (young) 2241M->762M(3732M), 0.0551506 secs]
2555.454: [GC pause (G1 Evacuation Pause) (mixed) 850M->621M(3732M), 0.0420032 secs]
2557.460: [GC pause (G1 Evacuation Pause) (young) 2848M->660M(3732M), 0.0591297 secs]
2559.468: [GC pause (G1 Evacuation Pause) (young) 2875M->717M(3732M), 0.0833345 secs]
2561.441: [GC pause (G1 Evacuation Pause) (young) 2839M->743M(3732M), 0.0771209 secs]
2563.387: [GC pause (G1 Evacuation Pause) (young) 2848M->760M(3732M), 0.0881882 secs]
2565.400: [GC pause (G1 Evacuation Pause) (young) 2875M->777M(3732M), 0.1063945 secs]
2567.393: [GC pause (G1 Evacuation Pause) (young) 2870M->791M(3732M), 0.0934405 secs]
2569.368: [GC pause (G1 Evacuation Pause) (young) 2861M->817M(3732M), 0.0892139 secs]
2571.368: [GC pause (G1 Evacuation Pause) (young) 2894M->816M(3732M), 0.0727062 secs]
2573.097: [GC pause (G1 Evacuation Pause) (young) 3033M->969M(3732M), 0.1369716 secs]
2574.952: [GC pause (G1 Evacuation Pause) (young) 2969M->969M(3732M), 0.1339773 secs]
2577.016: [GC pause (G1 Evacuation Pause) (young) 3151M->997M(3732M), 0.0838516 secs]
2579.058: [GC pause (G1 Evacuation Pause) (young) 3141M->1005M(3732M), 0.0516992 secs]
2581.020: [GC pause (G1 Evacuation Pause) (young) 3176M->1069M(3732M), 0.1007233 secs]
2583.023: [GC pause (G1 Evacuation Pause) (young) 3151M->1086M(3732M), 0.0920517 secs]
2585.026: [GC pause (G1 Evacuation Pause) (young) 3179M->1107M(3732M), 0.0964319 secs]
2587.019: [GC pause (G1 Evacuation Pause) (young) 3197M->1107M(3732M), 0.0816167 secs]
2588.920: [GC pause (G1 Evacuation Pause) (young) 3218M->1153M(3732M), 0.1040470 secs]
2590.848: [GC pause (G1 Evacuation Pause) (young) 3169M->1170M(3732M), 0.0987602 secs]
2592.785: [GC pause (G1 Evacuation Pause) (young) 3214M->1180M(3732M), 0.0949402 secs]
2594.653: [GC pause (G1 Evacuation Pause) (young) 3204M->1160M(3732M), 0.0668186 secs]
2596.291: [GC pause (G1 Evacuation Pause) (young) 3350M->1325M(3732M), 0.1365057 secs]
2598.077: [GC pause (G1 Evacuation Pause) (young) 3128M->1340M(3732M), 0.1279839 secs]
2599.919: [GC pause (G1 Evacuation Pause) (young) 3271M->1367M(3732M), 0.0793865 secs]
2601.662: [GC pause (G1 Evacuation Pause) (young) 3259M->1366M(3732M), 0.0519710 secs]
2603.441: [GC pause (G1 Evacuation Pause) (young) 3297M->1432M(3732M), 0.0954411 secs]
2605.057: [GC pause (G1 Evacuation Pause) (young) 3205M->1463M(3732M), 0.0773052 secs]
2606.568: [GC pause (G1 Evacuation Pause) (young) 3201M->1478M(3732M), 0.0858962 secs]
2608.080: [GC pause (G1 Evacuation Pause) (young) 3224M->1499M(3732M), 0.0757180 secs]
2609.583: [GC pause (G1 Evacuation Pause) (young) 3227M->1498M(3732M), 0.0613487 secs]
2610.987: [GC pause (G1 Evacuation Pause) (young) 3283M->1535M(3732M), 0.0899077 secs]
2612.507: [GC pause (G1 Evacuation Pause) (young) 3211M->1559M(3732M), 0.0736133 secs]
2614.091: [GC pause (G1 Evacuation Pause) (young) 3238M->1580M(3732M), 0.0843090 secs]
2615.643: [GC pause (G1 Evacuation Pause) (young) 3226M->1607M(3732M), 0.0734046 secs]
2617.433: [GC pause (G1 Evacuation Pause) (young) 3227M->1587M(3732M), 0.0596719 secs]
2618.916: [GC pause (G1 Evacuation Pause) (young) 3370M->1710M(3732M), 0.1156042 secs]
2620.160: [GC pause (G1 Evacuation Pause) (young) 3172M->1735M(3732M), 0.1210634 secs]
2621.646: [GC pause (G1 Evacuation Pause) (young) 3265M->1754M(3732M), 0.0631279 secs]
2623.036: [GC pause (G1 Evacuation Pause) (young) 3270M->1786M(3732M), 0.0695924 secs]
2624.541: [GC pause (G1 Evacuation Pause) (young) 3237M->1817M(3732M), 0.0621586 secs]
2624.661: [GC pause (G1 Humongous Allocation) (young) (initial-mark) 1883M->1816M(3732M), 0.0502204 secs]
2624.712: [GC concurrent-root-region-scan-start]
2624.744: [GC concurrent-root-region-scan-end, 0.0321745 secs]
2624.744: [GC concurrent-mark-start]
2625.057: [GC concurrent-mark-end, 0.3134113 secs]
2625.058: [GC remark, 0.0074257 secs]
2625.065: [GC cleanup 2260M->1204M(3732M), 0.0039266 secs]
2625.069: [GC concurrent-cleanup-start]
2625.071: [GC concurrent-cleanup-end, 0.0018176 secs]
2625.892: [GC pause (G1 Evacuation Pause) (young) 2236M->812M(3732M), 0.0811188 secs]
2626.024: [GC pause (G1 Evacuation Pause) (mixed) 860M->648M(3732M), 0.0658885 secs]
2628.078: [GC pause (G1 Evacuation Pause) (young) 2877M->695M(3732M), 0.0748092 secs]
2630.103: [GC pause (G1 Evacuation Pause) (young) 2878M->725M(3732M), 0.0629803 secs]
2632.185: [GC pause (G1 Evacuation Pause) (young) 2869M->728M(3732M), 0.0556442 secs]
2634.087: [GC pause (G1 Evacuation Pause) (young) 2902M->791M(3732M), 0.0982657 secs]
2636.050: [GC pause (G1 Evacuation Pause) (young) 2878M->807M(3732M), 0.0939184 secs]
2637.995: [GC pause (G1 Evacuation Pause) (young) 2903M->827M(3732M), 0.0934584 secs]
2640.243: [GC pause (G1 Evacuation Pause) (young) 2929M->830M(3732M), 0.0994424 secs]
2642.001: [GC pause (G1 Evacuation Pause) (young) 3009M->929M(3732M), 0.1599054 secs]
2643.943: [GC pause (G1 Evacuation Pause) (young) 2919M->960M(3732M), 0.1304978 secs]
2645.961: [GC pause (G1 Evacuation Pause) (young) 3046M->1010M(3732M), 0.1265085 secs]
2647.899: [GC pause (G1 Evacuation Pause) (young) 3191M->1059M(3732M), 0.0958294 secs]
2649.870: [GC pause (G1 Evacuation Pause) (young) 3166M->1079M(3732M), 0.0872299 secs]
2651.800: [GC pause (G1 Evacuation Pause) (young) 3157M->1090M(3732M), 0.0791071 secs]
2653.735: [GC pause (G1 Evacuation Pause) (young) 3201M->1105M(3732M), 0.0863118 secs]
2655.669: [GC pause (G1 Evacuation Pause) (young) 3226M->1144M(3732M), 0.1107982 secs]
2657.566: [GC pause (G1 Evacuation Pause) (young) 3173M->1160M(3732M), 0.1025289 secs]
2659.444: [GC pause (G1 Evacuation Pause) (young) 3184M->1198M(3732M), 0.1002446 secs]
2661.076: [GC pause (G1 Evacuation Pause) (young) 3188M->1186M(3732M), 0.0801443 secs]
2663.217: [GC pause (G1 Evacuation Pause) (young) 3354M->1268M(3732M), 0.1014269 secs]
2664.817: [GC pause (G1 Evacuation Pause) (young) 3204M->1326M(3732M), 0.1317467 secs]
2666.505: [GC pause (G1 Evacuation Pause) (young) 3122M->1380M(3732M), 0.1218194 secs]
2668.204: [GC pause (G1 Evacuation Pause) (young) 3205M->1421M(3732M), 0.1149714 secs]
2669.954: [GC pause (G1 Evacuation Pause) (young) 3302M->1465M(3732M), 0.0908280 secs]
2671.617: [GC pause (G1 Evacuation Pause) (young) 3223M->1488M(3732M), 0.0749031 secs]
2673.184: [GC pause (G1 Evacuation Pause) (young) 3208M->1501M(3732M), 0.0758930 secs]
2674.786: [GC pause (G1 Evacuation Pause) (young) 3213M->1511M(3732M), 0.0783164 secs]
2676.483: [GC pause (G1 Evacuation Pause) (young) 3242M->1518M(3732M), 0.0685714 secs]
2678.141: [GC pause (G1 Evacuation Pause) (young) 3259M->1554M(3732M), 0.0942904 secs]
2679.700: [GC pause (G1 Evacuation Pause) (young) 3188M->1576M(3732M), 0.0837377 secs]
2681.238: [GC pause (G1 Evacuation Pause) (young) 3227M->1602M(3732M), 0.0867755 secs]
2682.812: [GC pause (G1 Evacuation Pause) (young) 3224M->1611M(3732M), 0.0726819 secs]
2684.446: [GC pause (G1 Evacuation Pause) (young) 3261M->1621M(3732M), 0.0632670 secs]
2685.917: [GC pause (G1 Evacuation Pause) (young) 3253M->1633M(3732M), 0.0792547 secs]
2687.185: [GC pause (G1 Evacuation Pause) (young) 3320M->1737M(3732M), 0.1353247 secs]
2688.599: [GC pause (G1 Evacuation Pause) (young) 3164M->1774M(3732M), 0.1208308 secs]
2690.034: [GC pause (G1 Humongous Allocation) (young) (initial-mark) 3213M->1784M(3732M), 0.0494865 secs]
2690.084: [GC concurrent-root-region-scan-start]
2690.108: [GC concurrent-root-region-scan-end, 0.0241622 secs]
2690.108: [GC concurrent-mark-start]
2690.425: [GC concurrent-mark-end, 0.3167132 secs]
2690.425: [GC remark, 0.0065259 secs]
2690.432: [GC cleanup 2137M->1048M(3732M), 0.0047765 secs]
2690.437: [GC concurrent-cleanup-start]
2690.439: [GC concurrent-cleanup-end, 0.0020066 secs]
2691.302: [GC pause (G1 Evacuation Pause) (young) 2202M->727M(3732M), 0.0486234 secs]
2691.454: [GC pause (G1 Evacuation Pause) (mixed) 838M->616M(3732M), 0.0395469 secs]
2693.391: [GC pause (G1 Evacuation Pause) (young) 2853M->676M(3732M), 0.0921494 secs]
2695.428: [GC pause (G1 Evacuation Pause) (young) 2829M->700M(3732M), 0.0739734 secs]
2697.418: [GC pause (G1 Evacuation Pause) (young) 2820M->710M(3732M), 0.0803098 secs]
2699.423: [GC pause (G1 Evacuation Pause) (young) 2854M->746M(3732M), 0.1008662 secs]
2701.350: [GC pause (G1 Evacuation Pause) (young) 2829M->760M(3732M), 0.0896210 secs]
2703.339: [GC pause (G1 Evacuation Pause) (young) 2855M->775M(3732M), 0.0902955 secs]
2705.306: [GC pause (G1 Evacuation Pause) (young) 2847M->779M(3732M), 0.0704598 secs]
2707.181: [GC pause (G1 Evacuation Pause) (young) 2908M->812M(3732M), 0.1144091 secs]
2709.017: [GC pause (G1 Evacuation Pause) (young) 2962M->917M(3732M), 0.1555180 secs]
2711.026: [GC pause (G1 Evacuation Pause) (young) 2923M->944M(3732M), 0.1259632 secs]
2713.034: [GC pause (G1 Evacuation Pause) (young) 3042M->1000M(3732M), 0.1103527 secs]
2715.028: [GC pause (G1 Evacuation Pause) (young) 3153M->1037M(3732M), 0.0999092 secs]
2716.968: [GC pause (G1 Evacuation Pause) (young) 3140M->1052M(3732M), 0.0802868 secs]
2718.917: [GC pause (G1 Evacuation Pause) (young) 3141M->1076M(3732M), 0.0884233 secs]
2720.883: [GC pause (G1 Evacuation Pause) (young) 3189M->1079M(3732M), 0.0902695 secs]
2722.798: [GC pause (G1 Evacuation Pause) (young) 3172M->1119M(3732M), 0.0975293 secs]
2724.685: [GC pause (G1 Evacuation Pause) (young) 3168M->1137M(3732M), 0.1004946 secs]
2726.621: [GC pause (G1 Evacuation Pause) (young) 3190M->1137M(3732M), 0.0914177 secs]
2728.733: [GC pause (G1 Evacuation Pause) (young) 3248M->1167M(3732M), 0.0957296 secs]
2730.622: [GC pause (G1 Evacuation Pause) (young) 3264M->1228M(3732M), 0.0952270 secs]
2732.213: [GC pause (G1 Evacuation Pause) (young) 3209M->1312M(3732M), 0.1456633 secs]
2733.997: [GC pause (G1 Evacuation Pause) (young) 3119M->1299M(3732M), 0.1122676 secs]
2735.679: [GC pause (G1 Evacuation Pause) (young) 3231M->1346M(3732M), 0.1022627 secs]
2735.872: [GC pause (G1 Evacuation Pause) (young) 1461M->1367M(3732M), 0.0601571 secs]
2737.522: [GC pause (G1 Evacuation Pause) (young) 3269M->1399M(3732M), 0.0701509 secs]
2739.191: [GC pause (G1 Evacuation Pause) (young) 3286M->1426M(3732M), 0.0542255 secs]
2740.949: [GC pause (G1 Evacuation Pause) (young) 3275M->1431M(3732M), 0.0522782 secs]
2742.627: [GC pause (G1 Evacuation Pause) (young) 3290M->1487M(3732M), 0.0835371 secs]
2744.239: [GC pause (G1 Evacuation Pause) (young) 3216M->1496M(3732M), 0.0807096 secs]
2745.847: [GC pause (G1 Evacuation Pause) (young) 3216M->1511M(3732M), 0.0721758 secs]
2747.383: [GC pause (G1 Evacuation Pause) (young) 3240M->1547M(3732M), 0.0853270 secs]
2749.067: [GC pause (G1 Evacuation Pause) (young) 3204M->1527M(3732M), 0.0656628 secs]
2750.764: [GC pause (G1 Evacuation Pause) (young) 3274M->1549M(3732M), 0.0788476 secs]
2752.309: [GC pause (G1 Evacuation Pause) (young) 3249M->1592M(3732M), 0.0782815 secs]
2752.795: [GC pause (G1 Evacuation Pause) (young) 2189M->1650M(3732M), 0.0966269 secs]
2754.153: [GC pause (G1 Evacuation Pause) (young) 3290M->1703M(3732M), 0.0949586 secs]
2755.610: [GC pause (G1 Evacuation Pause) (young) 3147M->1722M(3732M), 0.0624743 secs]
2757.109: [GC pause (G1 Evacuation Pause) (young) 3279M->1777M(3732M), 0.1035111 secs]
2758.450: [GC pause (G1 Evacuation Pause) (young) 3193M->1787M(3732M), 0.0704973 secs]
2758.522: [GC pause (G1 Humongous Allocation) (young) (initial-mark) 1793M->1786M(3732M), 0.0545050 secs]
2758.577: [GC concurrent-root-region-scan-start]
2758.614: [GC concurrent-root-region-scan-end, 0.0366678 secs]
2758.614: [GC concurrent-mark-start]
2758.891: [GC concurrent-mark-end, 0.2773387 secs]
2758.891: [GC remark, 0.0064742 secs]
2758.898: [GC cleanup 2199M->1131M(3732M), 0.0033690 secs]
2758.901: [GC concurrent-cleanup-start]
2758.903: [GC concurrent-cleanup-end, 0.0019733 secs]
2759.762: [GC pause (G1 Evacuation Pause) (young) 2184M->742M(3732M), 0.0687629 secs]
2759.875: [GC pause (G1 Evacuation Pause) (mixed) 798M->625M(3732M), 0.0620182 secs]
2761.989: [GC pause (G1 Evacuation Pause) (young) 2857M->674M(3732M), 0.0689895 secs]
2764.002: [GC pause (G1 Evacuation Pause) (young) 2881M->712M(3732M), 0.0684156 secs]
2765.956: [GC pause (G1 Evacuation Pause) (young) 2860M->735M(3732M), 0.0715956 secs]
2767.868: [GC pause (G1 Evacuation Pause) (young) 2857M->772M(3732M), 0.0853872 secs]
2769.759: [GC pause (G1 Evacuation Pause) (young) 2856M->791M(3732M), 0.0920095 secs]
2771.422: [GC pause (G1 Evacuation Pause) (young) 2639M->803M(3732M), 0.0888577 secs]
2773.469: [GC pause (G1 Evacuation Pause) (young) 3026M->847M(3732M), 0.0627981 secs]
2775.485: [GC pause (G1 Evacuation Pause) (young) 3016M->918M(3732M), 0.0817776 secs]
2777.357: [GC pause (G1 Evacuation Pause) (young) 3065M->967M(3732M), 0.1140059 secs]
2779.252: [GC pause (G1 Evacuation Pause) (young) 3052M->1012M(3732M), 0.1326555 secs]
2781.254: [GC pause (G1 Evacuation Pause) (young) 3093M->1044M(3732M), 0.1283986 secs]
2783.336: [GC pause (G1 Evacuation Pause) (young) 3166M->1051M(3732M), 0.0829031 secs]
2785.312: [GC pause (G1 Evacuation Pause) (young) 3202M->1098M(3732M), 0.0913323 secs]
2787.224: [GC pause (G1 Evacuation Pause) (young) 3189M->1110M(3732M), 0.0886862 secs]
2789.208: [GC pause (G1 Evacuation Pause) (young) 3201M->1126M(3732M), 0.0921835 secs]
2791.142: [GC pause (G1 Evacuation Pause) (young) 3182M->1155M(3732M), 0.0903527 secs]
2793.038: [GC pause (G1 Evacuation Pause) (young) 3212M->1176M(3732M), 0.1143276 secs]
2794.894: [GC pause (G1 Evacuation Pause) (young) 3212M->1204M(3732M), 0.0924899 secs]
2796.939: [GC pause (G1 Evacuation Pause) (young) 3220M->1213M(3732M), 0.0886251 secs]
2798.282: [GC pause (G1 Evacuation Pause) (young) 2954M->1324M(3732M), 0.1443018 secs]
2800.169: [GC pause (G1 Evacuation Pause) (young) 3169M->1349M(3732M), 0.1304701 secs]
2801.880: [GC pause (G1 Evacuation Pause) (young) 3180M->1373M(3732M), 0.1085795 secs]
2803.618: [GC pause (G1 Evacuation Pause) (young) 3259M->1404M(3732M), 0.0876596 secs]
2805.243: [GC pause (G1 Evacuation Pause) (young) 3234M->1420M(3732M), 0.0806652 secs]
2807.022: [GC pause (G1 Evacuation Pause) (young) 3208M->1396M(3732M), 0.0556907 secs]
2808.629: [GC pause (G1 Evacuation Pause) (young) 3283M->1457M(3732M), 0.1033281 secs]
2810.251: [GC pause (G1 Evacuation Pause) (young) 3195M->1471M(3732M), 0.0853172 secs]
2811.876: [GC pause (G1 Evacuation Pause) (young) 3215M->1510M(3732M), 0.0827418 secs]
2813.499: [GC pause (G1 Evacuation Pause) (young) 3218M->1507M(3732M), 0.0739849 secs]
2815.125: [GC pause (G1 Evacuation Pause) (young) 3272M->1543M(3732M), 0.0884873 secs]
2816.671: [GC pause (G1 Evacuation Pause) (young) 3203M->1563M(3732M), 0.0739166 secs]
2818.213: [GC pause (G1 Evacuation Pause) (young) 3228M->1575M(3732M), 0.0753375 secs]
2819.678: [GC pause (G1 Evacuation Pause) (young) 3314M->1677M(3732M), 0.1074907 secs]
2821.108: [GC pause (G1 Evacuation Pause) (young) 3179M->1660M(3732M), 0.1039834 secs]
2822.619: [GC pause (G1 Evacuation Pause) (young) 3229M->1710M(3732M), 0.1185140 secs]
2824.080: [GC pause (G1 Evacuation Pause) (young) 3236M->1737M(3732M), 0.1022806 secs]
2825.468: [GC pause (G1 Evacuation Pause) (young) 3265M->1758M(3732M), 0.0773419 secs]
2826.793: [GC pause (G1 Evacuation Pause) (young) 3236M->1784M(3732M), 0.0652429 secs]
2828.027: [GC pause (G1 Humongous Allocation) (young) (initial-mark) 3070M->1785M(3732M), 0.0582153 secs]
2828.085: [GC concurrent-root-region-scan-start]
2828.120: [GC concurrent-root-region-scan-end, 0.0347593 secs]
2828.120: [GC concurrent-mark-start]
2828.460: [GC concurrent-mark-end, 0.3398663 secs]
2828.460: [GC remark, 0.0071650 secs]
2828.468: [GC cleanup 2154M->1041M(3732M), 0.0047642 secs]
2828.473: [GC concurrent-cleanup-start]
2828.475: [GC concurrent-cleanup-end, 0.0019234 secs]
2829.431: [GC pause (G1 Evacuation Pause) (young) 2156M->698M(3732M), 0.0598870 secs]
2829.559: [GC pause (G1 Evacuation Pause) (mixed) 764M->617M(3732M), 0.0440956 secs]
2831.411: [GC pause (G1 Evacuation Pause) (young) 2870M->687M(3732M), 0.0840568 secs]
2833.457: [GC pause (G1 Evacuation Pause) (young) 2845M->715M(3732M), 0.0743894 secs]
2835.406: [GC pause (G1 Evacuation Pause) (young) 2835M->743M(3732M), 0.0772767 secs]
2837.353: [GC pause (G1 Evacuation Pause) (young) 2870M->759M(3732M), 0.0983600 secs]
2839.374: [GC pause (G1 Evacuation Pause) (young) 2845M->772M(3732M), 0.0908238 secs]
2841.434: [GC pause (G1 Evacuation Pause) (young) 2952M->851M(3732M), 0.1052144 secs]
2843.247: [GC pause (G1 Evacuation Pause) (young) 2903M->848M(3732M), 0.1096799 secs]
2845.020: [GC pause (G1 Evacuation Pause) (young) 2945M->924M(3732M), 0.1332601 secs]
2846.955: [GC pause (G1 Evacuation Pause) (young) 2956M->950M(3732M), 0.1260592 secs]
2848.930: [GC pause (G1 Evacuation Pause) (young) 3080M->971M(3732M), 0.0870947 secs]
2850.922: [GC pause (G1 Evacuation Pause) (young) 3075M->965M(3732M), 0.0634296 secs]
2852.876: [GC pause (G1 Evacuation Pause) (young) 3106M->1008M(3732M), 0.0960133 secs]
2854.816: [GC pause (G1 Evacuation Pause) (young) 3079M->1027M(3732M), 0.0949343 secs]
2856.748: [GC pause (G1 Evacuation Pause) (young) 3091M->1048M(3732M), 0.0875794 secs]
2858.738: [GC pause (G1 Evacuation Pause) (young) 3163M->1077M(3732M), 0.0975182 secs]
2860.735: [GC pause (G1 Evacuation Pause) (young) 3182M->1103M(3732M), 0.0954642 secs]
2862.804: [GC pause (G1 Evacuation Pause) (young) 3168M->1111M(3732M), 0.0888069 secs]
2864.713: [GC pause (G1 Evacuation Pause) (young) 3276M->1186M(3732M), 0.1266198 secs]
2866.545: [GC pause (G1 Evacuation Pause) (young) 3189M->1255M(3732M), 0.1428912 secs]
2868.372: [GC pause (G1 Evacuation Pause) (young) 3153M->1288M(3732M), 0.1294943 secs]
2870.218: [GC pause (G1 Evacuation Pause) (young) 3236M->1290M(3732M), 0.0775373 secs]
2872.045: [GC pause (G1 Evacuation Pause) (young) 3243M->1299M(3732M), 0.0618514 secs]
2873.699: [GC pause (G1 Evacuation Pause) (young) 3262M->1337M(3732M), 0.0960547 secs]
2875.455: [GC pause (G1 Evacuation Pause) (young) 3189M->1341M(3732M), 0.0754629 secs]
2877.128: [GC pause (G1 Evacuation Pause) (young) 3234M->1380M(3732M), 0.0861185 secs]
2878.790: [GC pause (G1 Evacuation Pause) (young) 3197M->1368M(3732M), 0.0726789 secs]
2880.556: [GC pause (G1 Evacuation Pause) (young) 3263M->1400M(3732M), 0.0878332 secs]
2882.247: [GC pause (G1 Evacuation Pause) (young) 3215M->1431M(3732M), 0.0843094 secs]
2883.768: [GC pause (G1 Evacuation Pause) (young) 3207M->1456M(3732M), 0.0793059 secs]
2885.544: [GC pause (G1 Evacuation Pause) (young) 3314M->1475M(3732M), 0.0656692 secs]
2886.797: [GC pause (G1 Evacuation Pause) (young) 3268M->1565M(3732M), 0.1346305 secs]
2888.282: [GC pause (G1 Evacuation Pause) (young) 3126M->1583M(3732M), 0.1250659 secs]
2889.924: [GC pause (G1 Evacuation Pause) (young) 3267M->1608M(3732M), 0.0622162 secs]
2891.492: [GC pause (G1 Evacuation Pause) (young) 3283M->1633M(3732M), 0.0593003 secs]
2893.045: [GC pause (G1 Evacuation Pause) (young) 3283M->1670M(3732M), 0.0687621 secs]
2894.460: [GC pause (G1 Evacuation Pause) (young) 3226M->1687M(3732M), 0.0714526 secs]
2895.919: [GC pause (G1 Evacuation Pause) (young) 3224M->1712M(3732M), 0.0763538 secs]
2897.297: [GC pause (G1 Evacuation Pause) (young) 3226M->1744M(3732M), 0.0748737 secs]
2898.703: [GC pause (G1 Evacuation Pause) (young) 3232M->1737M(3732M), 0.0628075 secs]
2900.120: [GC pause (G1 Evacuation Pause) (young) 3274M->1773M(3732M), 0.0720141 secs]
2901.498: [GC pause (G1 Evacuation Pause) (young) 3225M->1790M(3732M), 0.0734064 secs]
2902.885: [GC pause (G1 Evacuation Pause) (young) 3232M->1818M(3732M), 0.0703331 secs]
2903.975: [GC pause (G1 Humongous Allocation) (young) (initial-mark) 2922M->1821M(3732M), 0.0560474 secs]
2904.031: [GC concurrent-root-region-scan-start]
2904.056: [GC concurrent-root-region-scan-end, 0.0245841 secs]
2904.056: [GC concurrent-mark-start]
2904.386: [GC concurrent-mark-end, 0.3296242 secs]
2904.386: [GC remark, 0.0064440 secs]
2904.393: [GC cleanup 2232M->1188M(3732M), 0.0035166 secs]
2904.396: [GC concurrent-cleanup-start]
2904.398: [GC concurrent-cleanup-end, 0.0015275 secs]
2905.097: [GC pause (G1 Evacuation Pause) (young) 2247M->802M(3732M), 0.0679267 secs]
2905.256: [GC pause (G1 Evacuation Pause) (mixed) 892M->685M(3732M), 0.0541726 secs]
2907.396: [GC pause (G1 Evacuation Pause) (young) 3018M->784M(3732M), 0.0756041 secs]
2907.555: [GC pause (G1 Evacuation Pause) (young) 892M->805M(3732M), 0.0355111 secs]
2907.964: [GC pause (G1 Evacuation Pause) (young) 1323M->866M(3732M), 0.0597522 secs]
2908.154: [GC pause (G1 Evacuation Pause) (young) 1080M->920M(3732M), 0.0406767 secs]
2908.867: [GC pause (G1 Evacuation Pause) (young) 1780M->960M(3732M), 0.0676080 secs]
2909.550: [GC pause (G1 Evacuation Pause) (young) 1674M->990M(3732M), 0.0414072 secs]
2910.954: [GC pause (G1 Evacuation Pause) (young) 2536M->1001M(3732M), 0.0542076 secs]
2912.840: [GC pause (G1 Evacuation Pause) (young) 3195M->1068M(3732M), 0.0920743 secs]
2914.751: [GC pause (G1 Evacuation Pause) (young) 3172M->1090M(3732M), 0.0878810 secs]
2916.567: [GC pause (G1 Evacuation Pause) (young) 3170M->1088M(3732M), 0.0764967 secs]
2918.441: [GC pause (G1 Evacuation Pause) (young) 3196M->1099M(3732M), 0.0865003 secs]
2920.302: [GC pause (G1 Evacuation Pause) (young) 3222M->1129M(3732M), 0.1053663 secs]
2922.118: [GC pause (G1 Evacuation Pause) (young) 3169M->1152M(3732M), 0.0890936 secs]
2923.975: [GC pause (G1 Evacuation Pause) (young) 3204M->1181M(3732M), 0.1015613 secs]
2925.963: [GC pause (G1 Evacuation Pause) (young) 3198M->1176M(3732M), 0.0812489 secs]
2927.935: [GC pause (G1 Evacuation Pause) (young) 3247M->1204M(3732M), 0.0842825 secs]
2929.691: [GC pause (G1 Evacuation Pause) (young) 3206M->1232M(3732M), 0.0827512 secs]
2931.345: [GC pause (G1 Evacuation Pause) (young) 3273M->1289M(3732M), 0.1345844 secs]
2933.222: [GC pause (G1 Evacuation Pause) (young) 3188M->1345M(3732M), 0.1209580 secs]
2934.957: [GC pause (G1 Evacuation Pause) (young) 3165M->1377M(3732M), 0.1082535 secs]
2936.718: [GC pause (G1 Evacuation Pause) (young) 3255M->1399M(3732M), 0.0914271 secs]
2938.497: [GC pause (G1 Evacuation Pause) (young) 3223M->1378M(3732M), 0.0537874 secs]
2940.228: [GC pause (G1 Evacuation Pause) (young) 3279M->1442M(3732M), 0.0933134 secs]
2941.847: [GC pause (G1 Evacuation Pause) (young) 3192M->1451M(3732M), 0.0821492 secs]
2943.500: [GC pause (G1 Evacuation Pause) (young) 3215M->1494M(3732M), 0.0790610 secs]
2945.109: [GC pause (G1 Evacuation Pause) (young) 3218M->1490M(3732M), 0.0617293 secs]
2946.697: [GC pause (G1 Evacuation Pause) (young) 3261M->1514M(3732M), 0.0802049 secs]
2948.345: [GC pause (G1 Evacuation Pause) (young) 3224M->1545M(3732M), 0.0806554 secs]
2949.955: [GC pause (G1 Evacuation Pause) (young) 3201M->1559M(3732M), 0.0683491 secs]
2951.695: [GC pause (G1 Evacuation Pause) (young) 3276M->1575M(3732M), 0.0743352 secs]
2952.947: [GC pause (G1 Evacuation Pause) (young) 3329M->1677M(3732M), 0.1316165 secs]
2954.319: [GC pause (G1 Evacuation Pause) (young) 3129M->1729M(3732M), 0.1175694 secs]
2955.386: [GC pause (G1 Humongous Allocation) (young) (initial-mark) 2720M->1738M(3732M), 0.0445069 secs]
2955.431: [GC concurrent-root-region-scan-start]
2955.453: [GC concurrent-root-region-scan-end, 0.0223620 secs]
2955.453: [GC concurrent-mark-start]
2955.801: [GC concurrent-mark-end, 0.3475830 secs]
2955.801: [GC remark, 0.0066569 secs]
2955.808: [GC cleanup 2155M->1095M(3732M), 0.0038455 secs]
2955.812: [GC concurrent-cleanup-start]
2955.814: [GC concurrent-cleanup-end, 0.0017190 secs]
2956.727: [GC pause (G1 Evacuation Pause) (young) 2223M->713M(3732M), 0.0508754 secs]
2956.870: [GC pause (G1 Evacuation Pause) (mixed) 809M->630M(3732M), 0.0357445 secs]
2958.673: [GC pause (G1 Evacuation Pause) (young) 2883M->698M(3732M), 0.0760530 secs]
2960.694: [GC pause (G1 Evacuation Pause) (young) 2850M->717M(3732M), 0.0614324 secs]
2962.655: [GC pause (G1 Evacuation Pause) (young) 2859M->754M(3732M), 0.0811900 secs]
2964.652: [GC pause (G1 Evacuation Pause) (young) 2860M->745M(3732M), 0.0732506 secs]
2966.544: [GC pause (G1 Evacuation Pause) (young) 2882M->785M(3732M), 0.1009046 secs]
2968.493: [GC pause (G1 Evacuation Pause) (young) 2849M->810M(3732M), 0.0959152 secs]
2970.407: [GC pause (G1 Evacuation Pause) (young) 2884M->787M(3732M), 0.0803273 secs]
2972.509: [GC pause (G1 Evacuation Pause) (young) 2928M->816M(3732M), 0.1008449 secs]
2974.644: [GC pause (G1 Evacuation Pause) (young) 2958M->882M(3732M), 0.1027909 secs]
2976.422: [GC pause (G1 Evacuation Pause) (young) 2987M->892M(3732M), 0.1253957 secs]
2978.368: [GC pause (G1 Evacuation Pause) (young) 2959M->945M(3732M), 0.1379543 secs]
2980.318: [GC pause (G1 Evacuation Pause) (young) 2991M->977M(3732M), 0.1224001 secs]
2982.322: [GC pause (G1 Evacuation Pause) (young) 3123M->1015M(3732M), 0.0901424 secs]
2984.372: [GC pause (G1 Evacuation Pause) (young) 3146M->1032M(3732M), 0.0857588 secs]
2986.307: [GC pause (G1 Evacuation Pause) (young) 3136M->1039M(3732M), 0.0780050 secs]
2988.192: [GC pause (G1 Evacuation Pause) (young) 3119M->1072M(3732M), 0.0920952 secs]
2990.197: [GC pause (G1 Evacuation Pause) (young) 3143M->1053M(3732M), 0.0765125 secs]
2992.119: [GC pause (G1 Evacuation Pause) (young) 3184M->1080M(3732M), 0.0942098 secs]
2994.062: [GC pause (G1 Evacuation Pause) (young) 3170M->1113M(3732M), 0.0916890 secs]
2995.983: [GC pause (G1 Evacuation Pause) (young) 3183M->1134M(3732M), 0.0962279 secs]
2997.767: [GC pause (G1 Evacuation Pause) (young) 3308M->1234M(3732M), 0.1265674 secs]
2999.535: [GC pause (G1 Evacuation Pause) (young) 3142M->1292M(3732M), 0.1303058 secs]
3001.341: [GC pause (G1 Evacuation Pause) (young) 3178M->1326M(3732M), 0.1305209 secs]
3003.198: [GC pause (G1 Evacuation Pause) (young) 3252M->1342M(3732M), 0.0831147 secs]
3005.027: [GC pause (G1 Evacuation Pause) (young) 3269M->1400M(3732M), 0.0994787 secs]
3006.707: [GC pause (G1 Evacuation Pause) (young) 3188M->1414M(3732M), 0.0908383 secs]
3008.368: [GC pause (G1 Evacuation Pause) (young) 3208M->1447M(3732M), 0.0877829 secs]
3009.996: [GC pause (G1 Evacuation Pause) (young) 3219M->1442M(3732M), 0.0767732 secs]
3011.689: [GC pause (G1 Evacuation Pause) (young) 3261M->1468M(3732M), 0.0800973 secs]
3013.271: [GC pause (G1 Evacuation Pause) (young) 3222M->1502M(3732M), 0.0831416 secs]
3014.831: [GC pause (G1 Evacuation Pause) (young) 3207M->1522M(3732M), 0.0813488 secs]
3016.451: [GC pause (G1 Evacuation Pause) (young) 3216M->1533M(3732M), 0.0767284 secs]
3018.159: [GC pause (G1 Evacuation Pause) (young) 3270M->1555M(3732M), 0.0901991 secs]
3019.558: [GC pause (G1 Evacuation Pause) (young) 3296M->1643M(3732M), 0.1280914 secs]
3021.031: [GC pause (G1 Evacuation Pause) (young) 3155M->1686M(3732M), 0.1280953 secs]
3022.654: [GC pause (G1 Evacuation Pause) (young) 3278M->1708M(3732M), 0.0640090 secs]
3024.104: [GC pause (G1 Evacuation Pause) (young) 3299M->1745M(3732M), 0.0599548 secs]
3025.513: [GC pause (G1 Evacuation Pause) (young) 3262M->1763M(3732M), 0.0675273 secs]
3026.847: [GC pause (G1 Evacuation Pause) (young) 3227M->1781M(3732M), 0.0758256 secs]
3028.272: [GC pause (G1 Evacuation Pause) (young) 3217M->1785M(3732M), 0.0599036 secs]
3028.545: [GC pause (G1 Humongous Allocation) (young) (initial-mark) 2003M->1787M(3732M), 0.0464269 secs]
3028.592: [GC concurrent-root-region-scan-start]
3028.630: [GC concurrent-root-region-scan-end, 0.0385686 secs]
3028.630: [GC concurrent-mark-start]
3028.891: [GC concurrent-mark-end, 0.2605165 secs]
3028.891: [GC remark, 0.0064879 secs]
3028.898: [GC cleanup 2149M->1133M(3732M), 0.0038165 secs]
3028.902: [GC concurrent-cleanup-start]
3028.903: [GC concurrent-cleanup-end, 0.0015322 secs]
3029.676: [GC pause (G1 Evacuation Pause) (young) 2251M->800M(3732M), 0.0643742 secs]
3029.801: [GC pause (G1 Evacuation Pause) (mixed) 860M->612M(3732M), 0.0593089 secs]
3031.863: [GC pause (G1 Evacuation Pause) (young) 2863M->679M(3732M), 0.0759160 secs]
3033.832: [GC pause (G1 Evacuation Pause) (young) 2835M->709M(3732M), 0.0660673 secs]
3035.826: [GC pause (G1 Evacuation Pause) (young) 2842M->733M(3732M), 0.0774132 secs]
3037.842: [GC pause (G1 Evacuation Pause) (young) 2865M->738M(3732M), 0.0831570 secs]
3039.867: [GC pause (G1 Evacuation Pause) (young) 2836M->770M(3732M), 0.0882356 secs]
3041.647: [GC pause (G1 Evacuation Pause) (young) 2922M->864M(3732M), 0.1568249 secs]
3043.598: [GC pause (G1 Evacuation Pause) (young) 2879M->888M(3732M), 0.1221526 secs]
3045.519: [GC pause (G1 Evacuation Pause) (young) 2965M->946M(3732M), 0.1278589 secs]
3047.514: [GC pause (G1 Evacuation Pause) (young) 3081M->973M(3732M), 0.1023753 secs]
3049.509: [GC pause (G1 Evacuation Pause) (young) 3071M->954M(3732M), 0.0632035 secs]
3051.380: [GC pause (G1 Evacuation Pause) (young) 3104M->1015M(3732M), 0.1044494 secs]
3053.322: [GC pause (G1 Evacuation Pause) (young) 3083M->1031M(3732M), 0.0970633 secs]
3055.285: [GC pause (G1 Evacuation Pause) (young) 3115M->1033M(3732M), 0.0867802 secs]
3057.231: [GC pause (G1 Evacuation Pause) (young) 3149M->1077M(3732M), 0.1098723 secs]
3059.243: [GC pause (G1 Evacuation Pause) (young) 3145M->1091M(3732M), 0.0905400 secs]
3061.323: [GC pause (G1 Evacuation Pause) (young) 3203M->1099M(3732M), 0.0838187 secs]
3063.424: [GC pause (G1 Evacuation Pause) (young) 3306M->1170M(3732M), 0.1043295 secs]
3065.075: [GC pause (G1 Evacuation Pause) (young) 3176M->1213M(3732M), 0.1255229 secs]
3066.917: [GC pause (G1 Evacuation Pause) (young) 3145M->1262M(3732M), 0.1417213 secs]
3068.756: [GC pause (G1 Evacuation Pause) (young) 3194M->1301M(3732M), 0.1153541 secs]
3070.576: [GC pause (G1 Evacuation Pause) (young) 3288M->1349M(3732M), 0.0909987 secs]
3072.369: [GC pause (G1 Evacuation Pause) (young) 3229M->1359M(3732M), 0.0794970 secs]
3074.063: [GC pause (G1 Evacuation Pause) (young) 3207M->1390M(3732M), 0.0815071 secs]
3075.676: [GC pause (G1 Evacuation Pause) (young) 3232M->1419M(3732M), 0.0934798 secs]
3077.340: [GC pause (G1 Evacuation Pause) (young) 3211M->1445M(3732M), 0.0857690 secs]
3079.015: [GC pause (G1 Evacuation Pause) (young) 3217M->1461M(3732M), 0.0832820 secs]
3080.679: [GC pause (G1 Evacuation Pause) (young) 3215M->1497M(3732M), 0.0839425 secs]
3082.359: [GC pause (G1 Evacuation Pause) (young) 3217M->1484M(3732M), 0.0718652 secs]
3083.850: [GC pause (G1 Evacuation Pause) (young) 3261M->1496M(3732M), 0.0787896 secs]
3085.276: [GC pause (G1 Evacuation Pause) (young) 3238M->1533M(3732M), 0.0771273 secs]
3086.737: [GC pause (G1 Evacuation Pause) (young) 3272M->1611M(3732M), 0.1446051 secs]
3088.175: [GC pause (G1 Evacuation Pause) (young) 3200M->1642M(3732M), 0.1259538 secs]
3089.640: [GC pause (G1 Evacuation Pause) (young) 3268M->1663M(3732M), 0.0717424 secs]
3091.100: [GC pause (G1 Evacuation Pause) (young) 3277M->1698M(3732M), 0.0656956 secs]
3092.503: [GC pause (G1 Evacuation Pause) (young) 3232M->1725M(3732M), 0.0638733 secs]
3093.958: [GC pause (G1 Evacuation Pause) (young) 3250M->1758M(3732M), 0.0792141 secs]
3094.514: [GC pause (G1 Humongous Allocation) (young) (initial-mark) 2244M->1769M(3732M), 0.0530287 secs]
3094.567: [GC concurrent-root-region-scan-start]
3094.607: [GC concurrent-root-region-scan-end, 0.0397052 secs]
3094.607: [GC concurrent-mark-start]
3094.895: [GC concurrent-mark-end, 0.2884423 secs]
3094.895: [GC remark, 0.0064589 secs]
3094.902: [GC cleanup 2191M->1185M(3732M), 0.0049016 secs]
3094.907: [GC concurrent-cleanup-start]
3094.909: [GC concurrent-cleanup-end, 0.0018931 secs]
3095.711: [GC pause (G1 Evacuation Pause) (young) 2260M->801M(3732M), 0.0756775 secs]
3095.827: [GC pause (G1 Evacuation Pause) (mixed) 839M->641M(3732M), 0.0617601 secs]
3097.929: [GC pause (G1 Evacuation Pause) (young) 2872M->691M(3732M), 0.0701104 secs]
3099.963: [GC pause (G1 Evacuation Pause) (young) 2872M->721M(3732M), 0.0607727 secs]
3101.930: [GC pause (G1 Evacuation Pause) (young) 2883M->769M(3732M), 0.0900814 secs]
3103.933: [GC pause (G1 Evacuation Pause) (young) 2872M->783M(3732M), 0.0911583 secs]
3106.023: [GC pause (G1 Evacuation Pause) (young) 2861M->757M(3732M), 0.0673886 secs]
3107.786: [GC pause (G1 Evacuation Pause) (young) 3001M->918M(3732M), 0.1250642 secs]
3109.569: [GC pause (G1 Evacuation Pause) (young) 2937M->914M(3732M), 0.1308072 secs]
3111.479: [GC pause (G1 Evacuation Pause) (young) 2964M->953M(3732M), 0.1270350 secs]
3113.473: [GC pause (G1 Evacuation Pause) (young) 3093M->981M(3732M), 0.0881166 secs]
3115.411: [GC pause (G1 Evacuation Pause) (young) 3104M->1010M(3732M), 0.0913469 secs]
3117.376: [GC pause (G1 Evacuation Pause) (young) 3094M->1051M(3732M), 0.1025571 secs]
3119.436: [GC pause (G1 Evacuation Pause) (young) 3139M->1053M(3732M), 0.0772570 secs]
3121.391: [GC pause (G1 Evacuation Pause) (young) 3192M->1103M(3732M), 0.1044071 secs]
3123.271: [GC pause (G1 Evacuation Pause) (young) 3175M->1120M(3732M), 0.0934977 secs]
3125.205: [GC pause (G1 Evacuation Pause) (young) 3202M->1126M(3732M), 0.0795619 secs]
3127.258: [GC pause (G1 Evacuation Pause) (young) 3231M->1158M(3732M), 0.0993712 secs]
3129.232: [GC pause (G1 Evacuation Pause) (young) 3282M->1237M(3732M), 0.0997317 secs]
3130.856: [GC pause (G1 Evacuation Pause) (young) 3183M->1305M(3732M), 0.1381006 secs]
3132.657: [GC pause (G1 Evacuation Pause) (young) 3161M->1317M(3732M), 0.1229962 secs]
3134.408: [GC pause (G1 Evacuation Pause) (young) 3189M->1355M(3732M), 0.1168044 secs]
3136.229: [GC pause (G1 Evacuation Pause) (young) 3259M->1380M(3732M), 0.0905281 secs]
3137.955: [GC pause (G1 Evacuation Pause) (young) 3224M->1407M(3732M), 0.0763674 secs]
3139.636: [GC pause (G1 Evacuation Pause) (young) 3229M->1418M(3732M), 0.0927997 secs]
3141.295: [GC pause (G1 Evacuation Pause) (young) 3204M->1453M(3732M), 0.0866062 secs]
3143.001: [GC pause (G1 Evacuation Pause) (young) 3216M->1474M(3732M), 0.0858544 secs]
3144.602: [GC pause (G1 Evacuation Pause) (young) 3212M->1512M(3732M), 0.0812515 secs]
3146.165: [GC pause (G1 Evacuation Pause) (young) 3244M->1528M(3732M), 0.0952065 secs]
3147.726: [GC pause (G1 Evacuation Pause) (young) 3212M->1569M(3732M), 0.0760875 secs]
3149.278: [GC pause (G1 Evacuation Pause) (young) 3220M->1585M(3732M), 0.0769055 secs]
3150.765: [GC pause (G1 Evacuation Pause) (young) 3223M->1591M(3732M), 0.0642100 secs]
3152.320: [GC pause (G1 Evacuation Pause) (young) 3360M->1678M(3732M), 0.0937635 secs]
3153.546: [GC pause (G1 Evacuation Pause) (young) 3194M->1720M(3732M), 0.1159032 secs]
3154.890: [GC pause (G1 Evacuation Pause) (young) 3174M->1751M(3732M), 0.1196426 secs]
3156.269: [GC pause (G1 Evacuation Pause) (young) 3223M->1780M(3732M), 0.0917095 secs]
3157.738: [GC pause (G1 Humongous Allocation) (young) (initial-mark) 3196M->1782M(3732M), 0.0525180 secs]
3157.791: [GC concurrent-root-region-scan-start]
3157.825: [GC concurrent-root-region-scan-end, 0.0342029 secs]
3157.825: [GC concurrent-mark-start]
3158.128: [GC concurrent-mark-end, 0.3024254 secs]
3158.128: [GC remark, 0.0066206 secs]
3158.135: [GC cleanup 2244M->1128M(3732M), 0.0038502 secs]
3158.139: [GC concurrent-cleanup-start]
3158.141: [GC concurrent-cleanup-end, 0.0019738 secs]
3158.957: [GC pause (G1 Evacuation Pause) (young) 2196M->722M(3732M), 0.0805803 secs]
3159.080: [GC pause (G1 Evacuation Pause) (mixed) 776M->638M(3732M), 0.0582285 secs]
3161.093: [GC pause (G1 Evacuation Pause) (young) 2868M->685M(3732M), 0.0692395 secs]
3163.053: [GC pause (G1 Evacuation Pause) (young) 2857M->715M(3732M), 0.0576858 secs]
3165.048: [GC pause (G1 Evacuation Pause) (young) 2891M->762M(3732M), 0.0945989 secs]
3167.021: [GC pause (G1 Evacuation Pause) (young) 2856M->765M(3732M), 0.0717876 secs]
3168.938: [GC pause (G1 Evacuation Pause) (young) 2869M->806M(3732M), 0.0962608 secs]
3170.908: [GC pause (G1 Evacuation Pause) (young) 2868M->788M(3732M), 0.0811696 secs]
3172.850: [GC pause (G1 Evacuation Pause) (young) 2928M->811M(3732M), 0.0907636 secs]
3174.637: [GC pause (G1 Evacuation Pause) (young) 2999M->928M(3732M), 0.1427764 secs]
3176.599: [GC pause (G1 Evacuation Pause) (young) 2917M->889M(3732M), 0.1088918 secs]
3178.529: [GC pause (G1 Evacuation Pause) (young) 2981M->952M(3732M), 0.1356417 secs]
3180.642: [GC pause (G1 Evacuation Pause) (young) 3090M->983M(3732M), 0.0987721 secs]
3182.514: [GC pause (G1 Evacuation Pause) (young) 3077M->1008M(3732M), 0.0824137 secs]
3184.393: [GC pause (G1 Evacuation Pause) (young) 3125M->1022M(3732M), 0.0957556 secs]
3186.227: [GC pause (G1 Evacuation Pause) (young) 3119M->1021M(3732M), 0.0755103 secs]
3188.047: [GC pause (G1 Evacuation Pause) (young) 3115M->1057M(3732M), 0.0925791 secs]
3189.930: [GC pause (G1 Evacuation Pause) (young) 3106M->1053M(3732M), 0.0844600 secs]
3191.896: [GC pause (G1 Evacuation Pause) (young) 3182M->1089M(3732M), 0.1142358 secs]
3193.780: [GC pause (G1 Evacuation Pause) (young) 3159M->1106M(3732M), 0.0908758 secs]
3195.719: [GC pause (G1 Evacuation Pause) (young) 3180M->1114M(3732M), 0.0823058 secs]
3197.511: [GC pause (G1 Evacuation Pause) (young) 3325M->1223M(3732M), 0.1312701 secs]
3199.148: [GC pause (G1 Evacuation Pause) (young) 3125M->1251M(3732M), 0.1349458 secs]
3200.987: [GC pause (G1 Evacuation Pause) (young) 3165M->1286M(3732M), 0.1223199 secs]
3202.782: [GC pause (G1 Evacuation Pause) (young) 3246M->1299M(3732M), 0.0710908 secs]
3204.407: [GC pause (G1 Evacuation Pause) (young) 3270M->1361M(3732M), 0.1029953 secs]
3206.150: [GC pause (G1 Evacuation Pause) (young) 3173M->1369M(3732M), 0.0770057 secs]
3207.884: [GC pause (G1 Evacuation Pause) (young) 3229M->1408M(3732M), 0.0990269 secs]
3209.644: [GC pause (G1 Evacuation Pause) (young) 3180M->1385M(3732M), 0.0617605 secs]
3211.348: [GC pause (G1 Evacuation Pause) (young) 3286M->1445M(3732M), 0.0981172 secs]
3213.000: [GC pause (G1 Evacuation Pause) (young) 3191M->1451M(3732M), 0.0692749 secs]
3214.650: [GC pause (G1 Evacuation Pause) (young) 3240M->1489M(3732M), 0.0904287 secs]
3216.466: [GC pause (G1 Evacuation Pause) (young) 3202M->1460M(3732M), 0.0563209 secs]
3217.835: [GC pause (G1 Evacuation Pause) (young) 3283M->1509M(3732M), 0.0841187 secs]
3219.313: [GC pause (G1 Evacuation Pause) (young) 3300M->1607M(3732M), 0.1517983 secs]
3220.861: [GC pause (G1 Evacuation Pause) (young) 3129M->1708M(3732M), 0.1185268 secs]
3222.426: [GC pause (G1 Evacuation Pause) (young) 3272M->1722M(3732M), 0.0465801 secs]
3222.551: [GC pause (G1 Humongous Allocation) (young) (initial-mark) 1809M->1729M(3732M), 0.0244715 secs]
3222.575: [GC concurrent-root-region-scan-start]
3222.595: [GC concurrent-root-region-scan-end, 0.0197184 secs]
3222.595: [GC concurrent-mark-start]
3222.911: [GC concurrent-mark-end, 0.3158996 secs]
3222.911: [GC remark, 0.0065532 secs]
3222.918: [GC cleanup 2087M->1106M(3732M), 0.0037611 secs]
3222.922: [GC concurrent-cleanup-start]
3222.924: [GC concurrent-cleanup-end, 0.0015347 secs]
3223.839: [GC pause (G1 Evacuation Pause) (young) 2331M->799M(3732M), 0.0737852 secs]
3223.969: [GC pause (G1 Evacuation Pause) (mixed) 867M->629M(3732M), 0.0624965 secs]
3226.020: [GC pause (G1 Evacuation Pause) (young) 2859M->680M(3732M), 0.0770403 secs]
3228.019: [GC pause (G1 Evacuation Pause) (young) 2848M->709M(3732M), 0.0580348 secs]
3229.817: [GC pause (G1 Evacuation Pause) (young) 2881M->754M(3732M), 0.0822209 secs]
3231.729: [GC pause (G1 Evacuation Pause) (young) 2848M->755M(3732M), 0.0751369 secs]
3233.663: [GC pause (G1 Evacuation Pause) (young) 2858M->795M(3732M), 0.0961123 secs]
3235.497: [GC pause (G1 Evacuation Pause) (young) 2858M->783M(3732M), 0.0776018 secs]
3237.349: [GC pause (G1 Evacuation Pause) (young) 2920M->828M(3732M), 0.1017473 secs]
3239.350: [GC pause (G1 Evacuation Pause) (young) 2977M->912M(3732M), 0.0959156 secs]
3241.080: [GC pause (G1 Evacuation Pause) (young) 3024M->924M(3732M), 0.1301633 secs]
3242.990: [GC pause (G1 Evacuation Pause) (young) 2987M->986M(3732M), 0.1296573 secs]
3244.882: [GC pause (G1 Evacuation Pause) (young) 3039M->1022M(3732M), 0.1275692 secs]
3246.889: [GC pause (G1 Evacuation Pause) (young) 3148M->1042M(3732M), 0.0848867 secs]
3248.817: [GC pause (G1 Evacuation Pause) (young) 3182M->1079M(3732M), 0.0914283 secs]
3250.677: [GC pause (G1 Evacuation Pause) (young) 3160M->1095M(3732M), 0.0883026 secs]
3252.644: [GC pause (G1 Evacuation Pause) (young) 3177M->1141M(3732M), 0.0911280 secs]
3254.479: [GC pause (G1 Evacuation Pause) (young) 3204M->1139M(3732M), 0.0735638 secs]
3256.264: [GC pause (G1 Evacuation Pause) (young) 3259M->1174M(3732M), 0.0916058 secs]
3258.195: [GC pause (G1 Evacuation Pause) (young) 3194M->1205M(3732M), 0.0857306 secs]
3260.157: [GC pause (G1 Evacuation Pause) (young) 3190M->1180M(3732M), 0.0717462 secs]
3262.202: [GC pause (G1 Evacuation Pause) (young) 3357M->1257M(3732M), 0.0856112 secs]
3263.772: [GC pause (G1 Evacuation Pause) (young) 3201M->1320M(3732M), 0.1286444 secs]
3265.511: [GC pause (G1 Evacuation Pause) (young) 3129M->1359M(3732M), 0.1182520 secs]
3267.174: [GC pause (G1 Evacuation Pause) (young) 3199M->1395M(3732M), 0.1141031 secs]
3268.891: [GC pause (G1 Evacuation Pause) (young) 3303M->1440M(3732M), 0.0910401 secs]
3270.556: [GC pause (G1 Evacuation Pause) (young) 3222M->1467M(3732M), 0.0750256 secs]
3272.144: [GC pause (G1 Evacuation Pause) (young) 3208M->1481M(3732M), 0.0815591 secs]
3273.704: [GC pause (G1 Evacuation Pause) (young) 3205M->1487M(3732M), 0.0638354 secs]
3275.229: [GC pause (G1 Evacuation Pause) (young) 3268M->1522M(3732M), 0.0962599 secs]
3276.795: [GC pause (G1 Evacuation Pause) (young) 3196M->1551M(3732M), 0.0799455 secs]
3278.351: [GC pause (G1 Evacuation Pause) (young) 3221M->1569M(3732M), 0.0860297 secs]
3279.892: [GC pause (G1 Evacuation Pause) (young) 3219M->1584M(3732M), 0.0708421 secs]
3281.456: [GC pause (G1 Evacuation Pause) (young) 3268M->1605M(3732M), 0.0863416 secs]
3282.995: [GC pause (G1 Evacuation Pause) (young) 3211M->1625M(3732M), 0.0728688 secs]
3284.296: [GC pause (G1 Evacuation Pause) (young) 3315M->1734M(3732M), 0.1194527 secs]
3285.584: [GC pause (G1 Evacuation Pause) (young) 3152M->1757M(3732M), 0.1089469 secs]
3286.993: [GC pause (G1 Humongous Allocation) (young) (initial-mark) 3195M->1769M(3732M), 0.0514454 secs]
3287.044: [GC concurrent-root-region-scan-start]
3287.070: [GC concurrent-root-region-scan-end, 0.0257583 secs]
3287.070: [GC concurrent-mark-start]
3287.360: [GC concurrent-mark-end, 0.2892359 secs]
3287.360: [GC remark, 0.0064418 secs]
3287.367: [GC cleanup 2131M->1085M(3732M), 0.0037538 secs]
3287.370: [GC concurrent-cleanup-start]
3287.372: [GC concurrent-cleanup-end, 0.0017434 secs]
3288.325: [GC pause (G1 Evacuation Pause) (young) 2271M->785M(3732M), 0.0749291 secs]
3288.460: [GC pause (G1 Evacuation Pause) (mixed) 851M->631M(3732M), 0.0532361 secs]
3290.503: [GC pause (G1 Evacuation Pause) (young) 2849M->666M(3732M), 0.0814934 secs]
3292.483: [GC pause (G1 Evacuation Pause) (young) 2859M->708M(3732M), 0.0627013 secs]
3294.496: [GC pause (G1 Evacuation Pause) (young) 2882M->752M(3732M), 0.0828348 secs]
3296.421: [GC pause (G1 Evacuation Pause) (young) 2854M->780M(3732M), 0.0885624 secs]
3298.363: [GC pause (G1 Evacuation Pause) (young) 2859M->798M(3732M), 0.1003145 secs]
3300.324: [GC pause (G1 Evacuation Pause) (young) 2903M->829M(3732M), 0.1050911 secs]
3302.187: [GC pause (G1 Evacuation Pause) (young) 2925M->852M(3732M), 0.0923973 secs]
3304.350: [GC pause (G1 Evacuation Pause) (young) 2952M->862M(3732M), 0.0775971 secs]
3306.067: [GC pause (G1 Evacuation Pause) (young) 3021M->936M(3732M), 0.1193720 secs]
3307.838: [GC pause (G1 Evacuation Pause) (young) 3001M->1000M(3732M), 0.1390747 secs]
3309.810: [GC pause (G1 Evacuation Pause) (young) 3036M->1015M(3732M), 0.1097046 secs]
3311.726: [GC pause (G1 Evacuation Pause) (young) 3163M->1033M(3732M), 0.0803802 secs]
3313.697: [GC pause (G1 Evacuation Pause) (young) 3186M->1070M(3732M), 0.0954488 secs]
3315.630: [GC pause (G1 Evacuation Pause) (young) 3150M->1104M(3732M), 0.0851969 secs]
3317.507: [GC pause (G1 Evacuation Pause) (young) 3187M->1130M(3732M), 0.0958994 secs]
3319.518: [GC pause (G1 Evacuation Pause) (young) 3215M->1134M(3732M), 0.0848107 secs]
3321.440: [GC pause (G1 Evacuation Pause) (young) 3229M->1176M(3732M), 0.0950781 secs]
3323.360: [GC pause (G1 Evacuation Pause) (young) 3187M->1199M(3732M), 0.0973223 secs]
3325.322: [GC pause (G1 Evacuation Pause) (young) 3201M->1187M(3732M), 0.0619593 secs]
3327.110: [GC pause (G1 Evacuation Pause) (young) 3331M->1285M(3732M), 0.1072543 secs]
3328.595: [GC pause (G1 Evacuation Pause) (young) 3235M->1330M(3732M), 0.1478674 secs]
3330.308: [GC pause (G1 Evacuation Pause) (young) 3120M->1455M(3732M), 0.1205189 secs]
3332.086: [GC pause (G1 Evacuation Pause) (young) 3299M->1511M(3732M), 0.0755277 secs]
3333.705: [GC pause (G1 Evacuation Pause) (young) 3249M->1537M(3732M), 0.0660178 secs]
3335.277: [GC pause (G1 Evacuation Pause) (young) 3234M->1574M(3732M), 0.0750439 secs]
3336.789: [GC pause (G1 Evacuation Pause) (young) 3222M->1602M(3732M), 0.0762160 secs]
3338.363: [GC pause (G1 Evacuation Pause) (young) 3286M->1637M(3732M), 0.0678157 secs]
3339.750: [GC pause (G1 Evacuation Pause) (young) 3227M->1675M(3732M), 0.0711147 secs]
3341.225: [GC pause (G1 Evacuation Pause) (young) 3215M->1679M(3732M), 0.0690113 secs]
3342.686: [GC pause (G1 Evacuation Pause) (young) 3251M->1717M(3732M), 0.0848009 secs]
3344.139: [GC pause (G1 Evacuation Pause) (young) 3201M->1694M(3732M), 0.0543493 secs]
3345.415: [GC pause (G1 Evacuation Pause) (young) 3306M->1746M(3732M), 0.0864521 secs]
3346.898: [GC pause (G1 Evacuation Pause) (young) 3220M->1741M(3732M), 0.0533696 secs]
3348.261: [GC pause (G1 Evacuation Pause) (young) 3277M->1767M(3732M), 0.0713161 secs]
3349.055: [GC pause (G1 Humongous Allocation) (young) (initial-mark) 2576M->1798M(3732M), 0.0607621 secs]
3349.116: [GC concurrent-root-region-scan-start]
3349.165: [GC concurrent-root-region-scan-end, 0.0497596 secs]
3349.165: [GC concurrent-mark-start]
3349.395: [GC concurrent-mark-end, 0.2299351 secs]
3349.396: [GC remark, 0.0089429 secs]
3349.405: [GC cleanup 2198M->1368M(3732M), 0.0033438 secs]
3349.408: [GC concurrent-cleanup-start]
3349.410: [GC concurrent-cleanup-end, 0.0014797 secs]
3350.116: [GC pause (G1 Evacuation Pause) (young) 2502M->1045M(3732M), 0.1111753 secs]
3350.241: [GC pause (G1 Evacuation Pause) (mixed) 1065M->712M(3732M), 0.0966217 secs]
3350.476: [GC pause (G1 Evacuation Pause) (mixed) 878M->680M(3732M), 0.0343433 secs]
3352.365: [GC pause (G1 Evacuation Pause) (young) 2921M->765M(3732M), 0.0683021 secs]
3354.295: [GC pause (G1 Evacuation Pause) (young) 2909M->779M(3732M), 0.0735186 secs]
3356.231: [GC pause (G1 Evacuation Pause) (young) 2909M->810M(3732M), 0.0788540 secs]
3358.175: [GC pause (G1 Evacuation Pause) (young) 2921M->833M(3732M), 0.0949210 secs]
3360.130: [GC pause (G1 Evacuation Pause) (young) 2909M->847M(3732M), 0.0956639 secs]
3362.040: [GC pause (G1 Evacuation Pause) (young) 2927M->888M(3732M), 0.0960615 secs]
3363.955: [GC pause (G1 Evacuation Pause) (young) 2974M->885M(3732M), 0.0825562 secs]
3365.861: [GC pause (G1 Evacuation Pause) (young) 3030M->920M(3732M), 0.1042586 secs]
3367.734: [GC pause (G1 Evacuation Pause) (young) 2994M->950M(3732M), 0.0853650 secs]
3369.787: [GC pause (G1 Evacuation Pause) (young) 3026M->924M(3732M), 0.0745298 secs]
3371.478: [GC pause (G1 Evacuation Pause) (young) 3145M->1034M(3732M), 0.1338715 secs]
3373.456: [GC pause (G1 Evacuation Pause) (young) 3054M->1078M(3732M), 0.1300588 secs]
3375.573: [GC pause (G1 Evacuation Pause) (young) 3250M->1097M(3732M), 0.0663314 secs]
3377.500: [GC pause (G1 Evacuation Pause) (young) 3288M->1154M(3732M), 0.0906130 secs]
3379.415: [GC pause (G1 Evacuation Pause) (young) 3224M->1172M(3732M), 0.0840799 secs]
3381.241: [GC pause (G1 Evacuation Pause) (young) 3194M->1199M(3732M), 0.0865823 secs]
3383.132: [GC pause (G1 Evacuation Pause) (young) 3226M->1224M(3732M), 0.0967032 secs]
3384.911: [GC pause (G1 Evacuation Pause) (young) 3202M->1262M(3732M), 0.0903229 secs]
3386.742: [GC pause (G1 Evacuation Pause) (young) 3208M->1285M(3732M), 0.0925735 secs]
3388.503: [GC pause (G1 Evacuation Pause) (young) 3199M->1270M(3732M), 0.0669842 secs]
3390.216: [GC pause (G1 Evacuation Pause) (young) 3281M->1322M(3732M), 0.0968543 secs]
3392.136: [GC pause (G1 Evacuation Pause) (young) 3206M->1332M(3732M), 0.0802723 secs]
3393.590: [GC pause (G1 Evacuation Pause) (young) 3304M->1436M(3732M), 0.1453740 secs]
3395.245: [GC pause (G1 Evacuation Pause) (young) 3132M->1428M(3732M), 0.1056073 secs]
3396.888: [GC pause (G1 Evacuation Pause) (young) 3215M->1489M(3732M), 0.1190520 secs]
3398.574: [GC pause (G1 Evacuation Pause) (young) 3263M->1514M(3732M), 0.0920376 secs]
3400.171: [GC pause (G1 Evacuation Pause) (young) 3228M->1535M(3732M), 0.0684190 secs]
3401.672: [GC pause (G1 Evacuation Pause) (young) 3217M->1523M(3732M), 0.0659730 secs]
3403.202: [GC pause (G1 Evacuation Pause) (young) 3276M->1568M(3732M), 0.0887600 secs]
3404.633: [GC pause (G1 Evacuation Pause) (young) 3222M->1581M(3732M), 0.0779444 secs]
3406.098: [GC pause (G1 Evacuation Pause) (young) 3221M->1620M(3732M), 0.0739964 secs]
3407.549: [GC pause (G1 Evacuation Pause) (young) 3225M->1612M(3732M), 0.0604711 secs]
3409.052: [GC pause (G1 Evacuation Pause) (young) 3290M->1658M(3732M), 0.0859410 secs]
3410.560: [GC pause (G1 Evacuation Pause) (young) 3216M->1662M(3732M), 0.0615245 secs]
3411.886: [GC pause (G1 Evacuation Pause) (young) 3248M->1688M(3732M), 0.0695075 secs]
3413.333: [GC pause (G1 Evacuation Pause) (young) 3210M->1654M(3732M), 0.0522087 secs]
3414.278: [GC pause (G1 Humongous Allocation) (young) (initial-mark) 2739M->1734M(3732M), 0.0673264 secs]
3414.345: [GC concurrent-root-region-scan-start]
3414.389: [GC concurrent-root-region-scan-end, 0.0435030 secs]
3414.389: [GC concurrent-mark-start]
3414.542: [GC concurrent-mark-end, 0.1532298 secs]
3414.542: [GC remark, 0.0066744 secs]
3414.549: [GC cleanup 2075M->1258M(3732M), 0.0035388 secs]
3414.553: [GC concurrent-cleanup-start]
3414.554: [GC concurrent-cleanup-end, 0.0015326 secs]
3415.323: [GC pause (G1 Evacuation Pause) (young) 2436M->983M(3732M), 0.1294252 secs]
3415.455: [GC pause (G1 Evacuation Pause) (mixed) 985M->724M(3732M), 0.1320684 secs]
3417.460: [GC pause (G1 Evacuation Pause) (young) 2956M->771M(3732M), 0.0753635 secs]
3419.523: [GC pause (G1 Evacuation Pause) (young) 2943M->792M(3732M), 0.0520662 secs]
3421.404: [GC pause (G1 Evacuation Pause) (young) 2978M->853M(3732M), 0.0954633 secs]
3423.407: [GC pause (G1 Evacuation Pause) (young) 2955M->870M(3732M), 0.0854981 secs]
3425.268: [GC pause (G1 Evacuation Pause) (young) 2944M->899M(3732M), 0.0911971 secs]
3427.223: [GC pause (G1 Evacuation Pause) (young) 3003M->913M(3732M), 0.0921469 secs]
3429.168: [GC pause (G1 Evacuation Pause) (young) 3027M->937M(3732M), 0.0886836 secs]
3431.121: [GC pause (G1 Evacuation Pause) (young) 3009M->970M(3732M), 0.0956255 secs]
3433.059: [GC pause (G1 Evacuation Pause) (young) 3037M->947M(3732M), 0.0731209 secs]
3435.055: [GC pause (G1 Evacuation Pause) (young) 3088M->963M(3732M), 0.0752039 secs]
3436.791: [GC pause (G1 Evacuation Pause) (young) 3157M->1111M(3732M), 0.1202552 secs]
3438.618: [GC pause (G1 Evacuation Pause) (young) 3117M->1048M(3732M), 0.1141893 secs]
3440.544: [GC pause (G1 Evacuation Pause) (young) 3137M->1103M(3732M), 0.1391570 secs]
3442.416: [GC pause (G1 Evacuation Pause) (young) 3227M->1136M(3732M), 0.1028570 secs]
3444.317: [GC pause (G1 Evacuation Pause) (young) 3196M->1144M(3732M), 0.0734294 secs]
3446.260: [GC pause (G1 Evacuation Pause) (young) 3250M->1162M(3732M), 0.0815527 secs]
3448.152: [GC pause (G1 Evacuation Pause) (young) 3255M->1197M(3732M), 0.0961434 secs]
3449.999: [GC pause (G1 Evacuation Pause) (young) 3183M->1224M(3732M), 0.0879369 secs]
3451.765: [GC pause (G1 Evacuation Pause) (young) 3208M->1251M(3732M), 0.0938079 secs]
3453.556: [GC pause (G1 Evacuation Pause) (young) 3226M->1284M(3732M), 0.0956472 secs]
3455.306: [GC pause (G1 Evacuation Pause) (young) 3210M->1307M(3732M), 0.0888726 secs]
3457.212: [GC pause (G1 Evacuation Pause) (young) 3207M->1306M(3732M), 0.0672931 secs]
3458.715: [GC pause (G1 Evacuation Pause) (young) 3328M->1400M(3732M), 0.1213962 secs]
3460.397: [GC pause (G1 Evacuation Pause) (young) 3165M->1442M(3732M), 0.1198051 secs]
3462.106: [GC pause (G1 Evacuation Pause) (young) 3269M->1482M(3732M), 0.0866177 secs]
3463.771: [GC pause (G1 Evacuation Pause) (young) 3244M->1494M(3732M), 0.0579341 secs]
3465.399: [GC pause (G1 Evacuation Pause) (young) 3244M->1504M(3732M), 0.0664363 secs]
3466.927: [GC pause (G1 Evacuation Pause) (young) 3244M->1528M(3732M), 0.0778535 secs]
3468.521: [GC pause (G1 Evacuation Pause) (young) 3238M->1560M(3732M), 0.0883022 secs]
3470.051: [GC pause (G1 Evacuation Pause) (young) 3194M->1586M(3732M), 0.0803316 secs]
3471.562: [GC pause (G1 Evacuation Pause) (young) 3220M->1576M(3732M), 0.0722279 secs]
3473.072: [GC pause (G1 Evacuation Pause) (young) 3281M->1624M(3732M), 0.0870862 secs]
3474.613: [GC pause (G1 Evacuation Pause) (young) 3222M->1638M(3732M), 0.0770010 secs]
3476.092: [GC pause (G1 Evacuation Pause) (young) 3214M->1674M(3732M), 0.0815839 secs]
3477.626: [GC pause (G1 Evacuation Pause) (young) 3246M->1674M(3732M), 0.0679570 secs]
3479.019: [GC pause (G1 Evacuation Pause) (young) 3285M->1713M(3732M), 0.0734008 secs]
3479.964: [GC pause (G1 Humongous Allocation) (young) (initial-mark) 2903M->1805M(3732M), 0.0968001 secs]
3480.061: [GC concurrent-root-region-scan-start]
3480.128: [GC concurrent-root-region-scan-end, 0.0664880 secs]
3480.128: [GC concurrent-mark-start]
3480.302: [GC concurrent-mark-end, 0.1737909 secs]
3480.302: [GC remark, 0.0065237 secs]
3480.309: [GC cleanup 2198M->1434M(3732M), 0.0032452 secs]
3480.312: [GC concurrent-cleanup-start]
3480.313: [GC concurrent-cleanup-end, 0.0012749 secs]
3481.049: [GC pause (G1 Evacuation Pause) (young) 2441M->1080M(3732M), 0.1153238 secs]
3481.191: [GC pause (G1 Evacuation Pause) (mixed) 1118M->746M(3732M), 0.1147030 secs]
3481.470: [GC pause (G1 Evacuation Pause) (mixed) 914M->734M(3732M), 0.0383279 secs]
3483.500: [GC pause (G1 Evacuation Pause) (young) 2966M->778M(3732M), 0.0527804 secs]
3485.500: [GC pause (G1 Evacuation Pause) (young) 2983M->835M(3732M), 0.0759920 secs]
3487.400: [GC pause (G1 Evacuation Pause) (young) 2965M->864M(3732M), 0.0832816 secs]
3489.284: [GC pause (G1 Evacuation Pause) (young) 2954M->891M(3732M), 0.0859064 secs]
3491.011: [GC pause (G1 Evacuation Pause) (young) 2988M->896M(3732M), 0.0850962 secs]
3492.847: [GC pause (G1 Evacuation Pause) (young) 3009M->927M(3732M), 0.1038661 secs]
3494.627: [GC pause (G1 Evacuation Pause) (young) 2997M->938M(3732M), 0.0895702 secs]
3496.426: [GC pause (G1 Evacuation Pause) (young) 3031M->965M(3732M), 0.0932084 secs]
3498.237: [GC pause (G1 Evacuation Pause) (young) 3066M->971M(3732M), 0.0877692 secs]
3500.260: [GC pause (G1 Evacuation Pause) (young) 3079M->983M(3732M), 0.0894840 secs]
3502.008: [GC pause (G1 Evacuation Pause) (young) 3057M->1010M(3732M), 0.0824402 secs]
3503.703: [GC pause (G1 Evacuation Pause) (young) 3166M->1067M(3732M), 0.1342700 secs]
3505.576: [GC pause (G1 Evacuation Pause) (young) 3140M->1126M(3732M), 0.1364302 secs]
3507.558: [GC pause (G1 Evacuation Pause) (young) 3156M->1168M(3732M), 0.1230239 secs]
3509.459: [GC pause (G1 Evacuation Pause) (young) 3242M->1165M(3732M), 0.0831600 secs]
3511.325: [GC pause (G1 Evacuation Pause) (young) 3258M->1215M(3732M), 0.0884336 secs]
3513.122: [GC pause (G1 Evacuation Pause) (young) 3197M->1233M(3732M), 0.0927933 secs]
3514.905: [GC pause (G1 Evacuation Pause) (young) 3199M->1244M(3732M), 0.0790204 secs]
3516.716: [GC pause (G1 Evacuation Pause) (young) 3252M->1276M(3732M), 0.0947303 secs]
3518.492: [GC pause (G1 Evacuation Pause) (young) 3198M->1294M(3732M), 0.0879702 secs]
3520.252: [GC pause (G1 Evacuation Pause) (young) 3208M->1329M(3732M), 0.0932532 secs]
3522.087: [GC pause (G1 Evacuation Pause) (young) 3215M->1317M(3732M), 0.0706663 secs]
3523.862: [GC pause (G1 Evacuation Pause) (young) 3279M->1338M(3732M), 0.0742311 secs]
3525.335: [GC pause (G1 Evacuation Pause) (young) 3308M->1455M(3732M), 0.1262004 secs]
3526.881: [GC pause (G1 Evacuation Pause) (young) 3118M->1464M(3732M), 0.1211606 secs]
3528.632: [GC pause (G1 Evacuation Pause) (young) 3262M->1484M(3732M), 0.0647079 secs]
3530.245: [GC pause (G1 Evacuation Pause) (young) 3308M->1535M(3732M), 0.0847570 secs]
3531.806: [GC pause (G1 Evacuation Pause) (young) 3225M->1558M(3732M), 0.0716007 secs]
3533.337: [GC pause (G1 Evacuation Pause) (young) 3215M->1567M(3732M), 0.0756272 secs]
3534.850: [GC pause (G1 Evacuation Pause) (young) 3233M->1595M(3732M), 0.0781705 secs]
3536.444: [GC pause (G1 Evacuation Pause) (young) 3238M->1599M(3732M), 0.0775450 secs]
3537.893: [GC pause (G1 Evacuation Pause) (young) 3219M->1634M(3732M), 0.0716656 secs]
3539.386: [GC pause (G1 Evacuation Pause) (young) 3230M->1655M(3732M), 0.0700724 secs]
3540.781: [GC pause (G1 Evacuation Pause) (young) 3229M->1694M(3732M), 0.0733837 secs]
3542.291: [GC pause (G1 Evacuation Pause) (young) 3216M->1674M(3732M), 0.0477722 secs]
3543.646: [GC pause (G1 Evacuation Pause) (young) 3292M->1725M(3732M), 0.0872218 secs]
3544.960: [GC pause (G1 Evacuation Pause) (young) 3220M->1724M(3732M), 0.0579431 secs]
3546.036: [GC pause (G1 Humongous Allocation) (young) (initial-mark) 3058M->1769M(3732M), 0.0793127 secs]
3546.115: [GC concurrent-root-region-scan-start]
3546.183: [GC concurrent-root-region-scan-end, 0.0675486 secs]
3546.183: [GC concurrent-mark-start]
3546.382: [GC concurrent-mark-end, 0.1993610 secs]
3546.383: [GC remark, 0.0075247 secs]
3546.391: [GC cleanup 2086M->1236M(3732M), 0.0038396 secs]
3546.394: [GC concurrent-cleanup-start]
3546.396: [GC concurrent-cleanup-end, 0.0019524 secs]
3547.177: [GC pause (G1 Evacuation Pause) (young) 2427M->953M(3732M), 0.1113618 secs]
3547.306: [GC pause (G1 Evacuation Pause) (mixed) 983M->650M(3732M), 0.1011832 secs]
3549.305: [GC pause (G1 Evacuation Pause) (young) 2904M->719M(3732M), 0.0799583 secs]
3551.312: [GC pause (G1 Evacuation Pause) (young) 2880M->748M(3732M), 0.0730723 secs]
3553.319: [GC pause (G1 Evacuation Pause) (young) 2870M->755M(3732M), 0.1090309 secs]
3555.316: [GC pause (G1 Evacuation Pause) (young) 2903M->793M(3732M), 0.0917112 secs]
3557.200: [GC pause (G1 Evacuation Pause) (young) 2880M->803M(3732M), 0.0879839 secs]
3559.137: [GC pause (G1 Evacuation Pause) (young) 2889M->811M(3732M), 0.0819184 secs]
3561.088: [GC pause (G1 Evacuation Pause) (young) 2900M->804M(3732M), 0.0734136 secs]
3563.029: [GC pause (G1 Evacuation Pause) (young) 2938M->839M(3732M), 0.1029168 secs]
3565.072: [GC pause (G1 Evacuation Pause) (young) 2903M->847M(3732M), 0.0809963 secs]
3567.211: [GC pause (G1 Evacuation Pause) (young) 2940M->821M(3732M), 0.0592538 secs]
3568.940: [GC pause (G1 Evacuation Pause) (young) 3067M->997M(3732M), 0.1362019 secs]
3570.724: [GC pause (G1 Evacuation Pause) (young) 3004M->988M(3732M), 0.1257059 secs]
3572.738: [GC pause (G1 Evacuation Pause) (young) 3164M->1017M(3732M), 0.0775041 secs]
3574.653: [GC pause (G1 Evacuation Pause) (young) 3197M->1069M(3732M), 0.0926759 secs]
3576.658: [GC pause (G1 Evacuation Pause) (young) 3174M->1088M(3732M), 0.0844976 secs]
3578.556: [GC pause (G1 Evacuation Pause) (young) 3164M->1116M(3732M), 0.0911583 secs]
3580.488: [GC pause (G1 Evacuation Pause) (young) 3225M->1132M(3732M), 0.0886849 secs]
3582.375: [GC pause (G1 Evacuation Pause) (young) 3228M->1157M(3732M), 0.0793528 secs]
3584.198: [GC pause (G1 Evacuation Pause) (young) 3196M->1189M(3732M), 0.0922646 secs]
3586.067: [GC pause (G1 Evacuation Pause) (young) 3188M->1172M(3732M), 0.0795145 secs]
3587.914: [GC pause (G1 Evacuation Pause) (young) 3251M->1188M(3732M), 0.0788071 secs]
3589.888: [GC pause (G1 Evacuation Pause) (young) 3223M->1222M(3732M), 0.0901471 secs]
3591.445: [GC pause (G1 Evacuation Pause) (young) 3269M->1294M(3732M), 0.1505234 secs]
3593.212: [GC pause (G1 Evacuation Pause) (young) 3167M->1325M(3732M), 0.1281413 secs]
3594.988: [GC pause (G1 Evacuation Pause) (young) 3190M->1371M(3732M), 0.1249691 secs]
3596.759: [GC pause (G1 Evacuation Pause) (young) 3258M->1399M(3732M), 0.0859388 secs]
3598.488: [GC pause (G1 Evacuation Pause) (young) 3219M->1396M(3732M), 0.0631595 secs]
3600.128: [GC pause (G1 Evacuation Pause) (young) 3258M->1431M(3732M), 0.0930527 secs]
3601.739: [GC pause (G1 Evacuation Pause) (young) 3187M->1457M(3732M), 0.0827201 secs]
3603.402: [GC pause (G1 Evacuation Pause) (young) 3212M->1480M(3732M), 0.0893300 secs]
3604.993: [GC pause (G1 Evacuation Pause) (young) 3212M->1495M(3732M), 0.0629176 secs]
3606.578: [GC pause (G1 Evacuation Pause) (young) 3262M->1526M(3732M), 0.0946343 secs]
3608.121: [GC pause (G1 Evacuation Pause) (young) 3196M->1538M(3732M), 0.0719062 secs]
3609.713: [GC pause (G1 Evacuation Pause) (young) 3230M->1566M(3732M), 0.0846094 secs]
3611.465: [GC pause (G1 Evacuation Pause) (young) 3220M->1542M(3732M), 0.0513792 secs]
3613.168: [GC pause (G1 Evacuation Pause) (young) 3384M->1665M(3732M), 0.0982917 secs]
3614.487: [GC pause (G1 Evacuation Pause) (young) 3183M->1674M(3732M), 0.1075922 secs]
3615.907: [GC pause (G1 Evacuation Pause) (young) 3193M->1718M(3732M), 0.1116972 secs]
3617.374: [GC pause (G1 Evacuation Pause) (young) 3230M->1739M(3732M), 0.0937810 secs]
3617.517: [GC pause (G1 Humongous Allocation) (young) (initial-mark) 1792M->1737M(3732M), 0.0502631 secs]
3617.568: [GC concurrent-root-region-scan-start]
3617.593: [GC concurrent-root-region-scan-end, 0.0255100 secs]
3617.593: [GC concurrent-mark-start]
3617.925: [GC concurrent-mark-end, 0.3315847 secs]
3617.925: [GC remark, 0.0067439 secs]
3617.932: [GC cleanup 2116M->1066M(3732M), 0.0042603 secs]
3617.937: [GC concurrent-cleanup-start]
3617.939: [GC concurrent-cleanup-end, 0.0024418 secs]
3618.839: [GC pause (G1 Evacuation Pause) (young) 2246M->718M(3732M), 0.0548391 secs]
3618.988: [GC pause (G1 Evacuation Pause) (mixed) 810M->588M(3732M), 0.0390716 secs]
3620.947: [GC pause (G1 Evacuation Pause) (young) 2841M->659M(3732M), 0.0819393 secs]
3622.995: [GC pause (G1 Evacuation Pause) (young) 2807M->676M(3732M), 0.0566093 secs]
3624.923: [GC pause (G1 Evacuation Pause) (young) 2819M->691M(3732M), 0.0671386 secs]
3626.894: [GC pause (G1 Evacuation Pause) (young) 2840M->728M(3732M), 0.0931909 secs]
3628.851: [GC pause (G1 Evacuation Pause) (young) 2808M->733M(3732M), 0.0727211 secs]
3630.728: [GC pause (G1 Evacuation Pause) (young) 2846M->771M(3732M), 0.0937712 secs]
3632.633: [GC pause (G1 Evacuation Pause) (young) 2869M->786M(3732M), 0.0958452 secs]
3634.451: [GC pause (G1 Evacuation Pause) (young) 2890M->795M(3732M), 0.1011713 secs]
3636.134: [GC pause (G1 Evacuation Pause) (young) 2959M->884M(3732M), 0.1423805 secs]
3638.086: [GC pause (G1 Evacuation Pause) (young) 2913M->880M(3732M), 0.1165262 secs]
3639.987: [GC pause (G1 Evacuation Pause) (young) 2941M->921M(3732M), 0.1278363 secs]
3641.976: [GC pause (G1 Evacuation Pause) (young) 3047M->926M(3732M), 0.0848385 secs]
3643.950: [GC pause (G1 Evacuation Pause) (young) 3059M->940M(3732M), 0.0762104 secs]
3645.892: [GC pause (G1 Evacuation Pause) (young) 3081M->979M(3732M), 0.0989722 secs]
3647.840: [GC pause (G1 Evacuation Pause) (young) 3047M->983M(3732M), 0.0778535 secs]
3649.792: [GC pause (G1 Evacuation Pause) (young) 3096M->1024M(3732M), 0.0997910 secs]
3651.709: [GC pause (G1 Evacuation Pause) (young) 3117M->1041M(3732M), 0.1035692 secs]
3653.718: [GC pause (G1 Evacuation Pause) (young) 3131M->1047M(3732M), 0.0820344 secs]
3655.730: [GC pause (G1 Evacuation Pause) (young) 3141M->1054M(3732M), 0.0809712 secs]
3657.505: [GC pause (G1 Evacuation Pause) (young) 3245M->1143M(3732M), 0.1532021 secs]
3659.437: [GC pause (G1 Evacuation Pause) (young) 3127M->1179M(3732M), 0.1272125 secs]
3661.458: [GC pause (G1 Evacuation Pause) (young) 3263M->1217M(3732M), 0.0731410 secs]
3663.335: [GC pause (G1 Evacuation Pause) (young) 3261M->1233M(3732M), 0.0576931 secs]
3665.111: [GC pause (G1 Evacuation Pause) (young) 3275M->1276M(3732M), 0.0893876 secs]
3666.930: [GC pause (G1 Evacuation Pause) (young) 3208M->1291M(3732M), 0.0723184 secs]
3668.659: [GC pause (G1 Evacuation Pause) (young) 3211M->1319M(3732M), 0.0849140 secs]
3670.264: [GC pause (G1 Evacuation Pause) (young) 3213M->1332M(3732M), 0.0970851 secs]
3672.027: [GC pause (G1 Evacuation Pause) (young) 3210M->1344M(3732M), 0.0764617 secs]
3673.820: [GC pause (G1 Evacuation Pause) (young) 3240M->1384M(3732M), 0.0883768 secs]
3675.533: [GC pause (G1 Evacuation Pause) (young) 3200M->1380M(3732M), 0.0807591 secs]
3677.394: [GC pause (G1 Evacuation Pause) (young) 3264M->1394M(3732M), 0.0847800 secs]
3679.119: [GC pause (G1 Evacuation Pause) (young) 3331M->1512M(3732M), 0.1021292 secs]
3680.601: [GC pause (G1 Evacuation Pause) (young) 3168M->1536M(3732M), 0.1309561 secs]
3682.173: [GC pause (G1 Evacuation Pause) (young) 3166M->1546M(3732M), 0.1118567 secs]
3683.825: [GC pause (G1 Evacuation Pause) (young) 3260M->1601M(3732M), 0.1044114 secs]
3685.388: [GC pause (G1 Evacuation Pause) (young) 3255M->1615M(3732M), 0.0835994 secs]
3686.911: [GC pause (G1 Evacuation Pause) (young) 3251M->1645M(3732M), 0.0747026 secs]
3688.389: [GC pause (G1 Evacuation Pause) (young) 3211M->1627M(3732M), 0.0569003 secs]
3689.859: [GC pause (G1 Evacuation Pause) (young) 3304M->1679M(3732M), 0.0901070 secs]
3691.369: [GC pause (G1 Evacuation Pause) (young) 3226M->1690M(3732M), 0.0609891 secs]
3692.742: [GC pause (G1 Evacuation Pause) (young) 3239M->1714M(3732M), 0.0782614 secs]
3694.152: [GC pause (G1 Evacuation Pause) (young) 3215M->1722M(3732M), 0.0659836 secs]
3695.549: [GC pause (G1 Evacuation Pause) (young) 3270M->1745M(3732M), 0.0668144 secs]
3696.698: [GC pause (G1 Humongous Allocation) (young) (initial-mark) 2910M->1768M(3732M), 0.0618595 secs]
3696.760: [GC concurrent-root-region-scan-start]
3696.813: [GC concurrent-root-region-scan-end, 0.0531013 secs]
3696.813: [GC concurrent-mark-start]
3697.130: [GC concurrent-mark-end, 0.3172871 secs]
3697.131: [GC remark, 0.0062737 secs]
3697.137: [GC cleanup 2208M->1329M(3732M), 0.0032905 secs]
3697.141: [GC concurrent-cleanup-start]
3697.142: [GC concurrent-cleanup-end, 0.0013884 secs]
3697.891: [GC pause (G1 Evacuation Pause) (young) 2360M->912M(3732M), 0.0717701 secs]
3698.023: [GC pause (G1 Evacuation Pause) (mixed) 962M->750M(3732M), 0.0734942 secs]
3700.266: [GC pause (G1 Evacuation Pause) (young) 2980M->789M(3732M), 0.0599800 secs]
3702.122: [GC pause (G1 Evacuation Pause) (young) 3059M->895M(3732M), 0.1093420 secs]
3703.973: [GC pause (G1 Evacuation Pause) (young) 2991M->954M(3732M), 0.1114706 secs]
3705.944: [GC pause (G1 Evacuation Pause) (young) 3012M->994M(3732M), 0.1156067 secs]
3707.977: [GC pause (G1 Evacuation Pause) (young) 3127M->996M(3732M), 0.0744982 secs]
3709.878: [GC pause (G1 Evacuation Pause) (young) 3145M->1043M(3732M), 0.0903105 secs]
3711.661: [GC pause (G1 Evacuation Pause) (young) 3128M->1072M(3732M), 0.0929515 secs]
3713.608: [GC pause (G1 Evacuation Pause) (young) 3161M->1095M(3732M), 0.0798691 secs]
3715.555: [GC pause (G1 Evacuation Pause) (young) 3212M->1118M(3732M), 0.1006341 secs]
3717.482: [GC pause (G1 Evacuation Pause) (young) 3191M->1140M(3732M), 0.0951109 secs]
3719.446: [GC pause (G1 Evacuation Pause) (young) 3186M->1157M(3732M), 0.0846648 secs]
3721.381: [GC pause (G1 Evacuation Pause) (young) 3208M->1154M(3732M), 0.0743459 secs]
3723.307: [GC pause (G1 Evacuation Pause) (young) 3307M->1237M(3732M), 0.0938766 secs]
3724.836: [GC pause (G1 Evacuation Pause) (young) 3228M->1285M(3732M), 0.1544326 secs]
3726.651: [GC pause (G1 Evacuation Pause) (young) 3117M->1327M(3732M), 0.1248778 secs]
3728.507: [GC pause (G1 Evacuation Pause) (young) 3294M->1378M(3732M), 0.0788848 secs]
3730.251: [GC pause (G1 Evacuation Pause) (young) 3254M->1400M(3732M), 0.0564707 secs]
3731.958: [GC pause (G1 Evacuation Pause) (young) 3243M->1432M(3732M), 0.0776641 secs]
3733.602: [GC pause (G1 Evacuation Pause) (young) 3211M->1419M(3732M), 0.0629901 secs]
3735.263: [GC pause (G1 Evacuation Pause) (young) 3268M->1472M(3732M), 0.0963026 secs]
3736.838: [GC pause (G1 Evacuation Pause) (young) 3195M->1485M(3732M), 0.0861893 secs]
3738.439: [GC pause (G1 Evacuation Pause) (young) 3217M->1524M(3732M), 0.0862111 secs]
3740.062: [GC pause (G1 Evacuation Pause) (young) 3221M->1523M(3732M), 0.0691026 secs]
3741.615: [GC pause (G1 Evacuation Pause) (young) 3264M->1565M(3732M), 0.0902699 secs]
3743.196: [GC pause (G1 Evacuation Pause) (young) 3210M->1576M(3732M), 0.0813398 secs]
3744.860: [GC pause (G1 Evacuation Pause) (young) 3224M->1582M(3732M), 0.0659969 secs]
3746.236: [GC pause (G1 Evacuation Pause) (young) 3337M->1672M(3732M), 0.1272342 secs]
3747.602: [GC pause (G1 Evacuation Pause) (young) 3179M->1699M(3732M), 0.1178932 secs]
3749.118: [GC pause (G1 Evacuation Pause) (young) 3278M->1736M(3732M), 0.0834177 secs]
3750.561: [GC pause (G1 Evacuation Pause) (young) 3256M->1743M(3732M), 0.0550042 secs]
3751.962: [GC pause (G1 Evacuation Pause) (young) 3258M->1776M(3732M), 0.0670418 secs]
3753.320: [GC pause (G1 Evacuation Pause) (young) 3216M->1769M(3732M), 0.0538693 secs]
3753.564: [GC pause (G1 Humongous Allocation) (young) (initial-mark) 1970M->1775M(3732M), 0.0420826 secs]
3753.606: [GC concurrent-root-region-scan-start]
3753.630: [GC concurrent-root-region-scan-end, 0.0237671 secs]
3753.630: [GC concurrent-mark-start]
3753.903: [GC concurrent-mark-end, 0.2729991 secs]
3753.903: [GC remark, 0.0122266 secs]
3753.916: [GC cleanup 2089M->1039M(3732M), 0.0043145 secs]
3753.920: [GC concurrent-cleanup-start]
3753.922: [GC concurrent-cleanup-end, 0.0021662 secs]
3754.845: [GC pause (G1 Evacuation Pause) (young) 2244M->772M(3732M), 0.0814490 secs]
3754.974: [GC pause (G1 Evacuation Pause) (mixed) 824M->635M(3732M), 0.0586787 secs]
3757.037: [GC pause (G1 Evacuation Pause) (young) 2866M->689M(3732M), 0.0724301 secs]
3759.019: [GC pause (G1 Evacuation Pause) (young) 2859M->711M(3732M), 0.0581577 secs]
3760.853: [GC pause (G1 Evacuation Pause) (young) 2888M->758M(3732M), 0.0855305 secs]
3762.775: [GC pause (G1 Evacuation Pause) (young) 2854M->785M(3732M), 0.0820404 secs]
3764.781: [GC pause (G1 Evacuation Pause) (young) 2866M->796M(3732M), 0.0894670 secs]
3766.834: [GC pause (G1 Evacuation Pause) (young) 2998M->863M(3732M), 0.1011128 secs]
3768.568: [GC pause (G1 Evacuation Pause) (young) 2925M->917M(3732M), 0.1354036 secs]
3770.492: [GC pause (G1 Evacuation Pause) (young) 2942M->939M(3732M), 0.1314715 secs]
3772.443: [GC pause (G1 Evacuation Pause) (young) 3031M->958M(3732M), 0.0929008 secs]
3774.337: [GC pause (G1 Evacuation Pause) (young) 3066M->1027M(3732M), 0.1186484 secs]
3776.287: [GC pause (G1 Evacuation Pause) (young) 3138M->1046M(3732M), 0.1054781 secs]
3778.238: [GC pause (G1 Evacuation Pause) (young) 3126M->1086M(3732M), 0.0860737 secs]
3780.223: [GC pause (G1 Evacuation Pause) (young) 3173M->1080M(3732M), 0.0765052 secs]
3782.149: [GC pause (G1 Evacuation Pause) (young) 3228M->1122M(3732M), 0.1050224 secs]
3784.029: [GC pause (G1 Evacuation Pause) (young) 3186M->1156M(3732M), 0.0867158 secs]
3785.917: [GC pause (G1 Evacuation Pause) (young) 3185M->1161M(3732M), 0.0830158 secs]
3787.907: [GC pause (G1 Evacuation Pause) (young) 3264M->1185M(3732M), 0.0912863 secs]
3789.585: [GC pause (G1 Evacuation Pause) (young) 3287M->1294M(3732M), 0.1454150 secs]
3791.265: [GC pause (G1 Evacuation Pause) (young) 3107M->1312M(3732M), 0.1347956 secs]
3793.034: [GC pause (G1 Evacuation Pause) (young) 3188M->1328M(3732M), 0.0948280 secs]
3794.771: [GC pause (G1 Evacuation Pause) (young) 3308M->1390M(3732M), 0.0918729 secs]
3796.469: [GC pause (G1 Evacuation Pause) (young) 3239M->1406M(3732M), 0.0749680 secs]
3798.144: [GC pause (G1 Evacuation Pause) (young) 3212M->1435M(3732M), 0.0788788 secs]
3799.763: [GC pause (G1 Evacuation Pause) (young) 3231M->1452M(3732M), 0.0735518 secs]
3801.228: [GC pause (G1 Evacuation Pause) (young) 3242M->1481M(3732M), 0.0805970 secs]
3802.710: [GC pause (G1 Evacuation Pause) (young) 3215M->1493M(3732M), 0.0822145 secs]
3804.226: [GC pause (G1 Evacuation Pause) (young) 3225M->1510M(3732M), 0.0752973 secs]
3805.765: [GC pause (G1 Evacuation Pause) (young) 3206M->1512M(3732M), 0.0733816 secs]
3807.285: [GC pause (G1 Evacuation Pause) (young) 3271M->1541M(3732M), 0.0974862 secs]
3808.841: [GC pause (G1 Evacuation Pause) (young) 3217M->1551M(3732M), 0.0766955 secs]
3810.411: [GC pause (G1 Evacuation Pause) (young) 3227M->1565M(3732M), 0.0640461 secs]
3811.917: [GC pause (G1 Evacuation Pause) (young) 3305M->1639M(3732M), 0.0966785 secs]
3813.145: [GC pause (G1 Evacuation Pause) (young) 3221M->1704M(3732M), 0.1240688 secs]
3814.582: [GC pause (G1 Evacuation Pause) (young) 3169M->1730M(3732M), 0.1159707 secs]
3815.983: [GC pause (G1 Evacuation Pause) (young) 3222M->1764M(3732M), 0.0955913 secs]
3816.879: [GC pause (G1 Humongous Allocation) (young) (initial-mark) 2673M->1766M(3732M), 0.0489238 secs]
3816.928: [GC concurrent-root-region-scan-start]
3816.956: [GC concurrent-root-region-scan-end, 0.0274684 secs]
3816.956: [GC concurrent-mark-start]
3817.273: [GC concurrent-mark-end, 0.3173639 secs]
3817.274: [GC remark, 0.0066722 secs]
3817.281: [GC cleanup 2157M->1109M(3732M), 0.0039556 secs]
3817.285: [GC concurrent-cleanup-start]
3817.286: [GC concurrent-cleanup-end, 0.0017165 secs]
3818.230: [GC pause (G1 Evacuation Pause) (young) 2243M->753M(3732M), 0.0606098 secs]
3818.358: [GC pause (G1 Evacuation Pause) (mixed) 829M->605M(3732M), 0.0493116 secs]
3820.414: [GC pause (G1 Evacuation Pause) (young) 2859M->673M(3732M), 0.0844604 secs]
3822.410: [GC pause (G1 Evacuation Pause) (young) 2825M->702M(3732M), 0.0694917 secs]
3824.352: [GC pause (G1 Evacuation Pause) (young) 2835M->729M(3732M), 0.0779555 secs]
3826.258: [GC pause (G1 Evacuation Pause) (young) 2859M->743M(3732M), 0.0942682 secs]
3828.175: [GC pause (G1 Evacuation Pause) (young) 2825M->771M(3732M), 0.0877564 secs]
3830.058: [GC pause (G1 Evacuation Pause) (young) 2838M->787M(3732M), 0.0937195 secs]
3832.147: [GC pause (G1 Evacuation Pause) (young) 2905M->791M(3732M), 0.0957496 secs]
3833.842: [GC pause (G1 Evacuation Pause) (young) 2952M->931M(3732M), 0.1369943 secs]
3835.736: [GC pause (G1 Evacuation Pause) (young) 2954M->931M(3732M), 0.1366004 secs]
3837.871: [GC pause (G1 Evacuation Pause) (young) 3001M->957M(3732M), 0.1219431 secs]
3839.775: [GC pause (G1 Evacuation Pause) (young) 3147M->1023M(3732M), 0.0986706 secs]
3841.723: [GC pause (G1 Evacuation Pause) (young) 3124M->1036M(3732M), 0.0886384 secs]
3843.632: [GC pause (G1 Evacuation Pause) (young) 3112M->1020M(3732M), 0.0643785 secs]
3845.510: [GC pause (G1 Evacuation Pause) (young) 3176M->1079M(3732M), 0.1078038 secs]
3847.374: [GC pause (G1 Evacuation Pause) (young) 3154M->1101M(3732M), 0.0941419 secs]
3849.289: [GC pause (G1 Evacuation Pause) (young) 3167M->1141M(3732M), 0.0906318 secs]
3851.094: [GC pause (G1 Evacuation Pause) (young) 3211M->1171M(3732M), 0.0968304 secs]
3853.085: [GC pause (G1 Evacuation Pause) (young) 3215M->1172M(3732M), 0.0876383 secs]
3854.939: [GC pause (G1 Evacuation Pause) (young) 3198M->1193M(3732M), 0.0791173 secs]
3856.426: [GC pause (G1 Evacuation Pause) (young) 3265M->1236M(3732M), 0.1391438 secs]
3858.238: [GC pause (G1 Evacuation Pause) (young) 3174M->1300M(3732M), 0.1374094 secs]
3860.008: [GC pause (G1 Evacuation Pause) (young) 3173M->1333M(3732M), 0.1286073 secs]
3861.898: [GC pause (G1 Evacuation Pause) (young) 3245M->1347M(3732M), 0.0822055 secs]
3863.724: [GC pause (G1 Evacuation Pause) (young) 3242M->1359M(3732M), 0.0611461 secs]
3865.403: [GC pause (G1 Evacuation Pause) (young) 3253M->1391M(3732M), 0.0931329 secs]
3867.115: [GC pause (G1 Evacuation Pause) (young) 3187M->1419M(3732M), 0.0865771 secs]
3868.868: [GC pause (G1 Evacuation Pause) (young) 3220M->1442M(3732M), 0.0926691 secs]
3870.565: [GC pause (G1 Evacuation Pause) (young) 3218M->1462M(3732M), 0.0694452 secs]
3872.213: [GC pause (G1 Evacuation Pause) (young) 3260M->1492M(3732M), 0.0948029 secs]
3873.804: [GC pause (G1 Evacuation Pause) (young) 3196M->1515M(3732M), 0.0801541 secs]
3875.379: [GC pause (G1 Evacuation Pause) (young) 3222M->1536M(3732M), 0.0860779 secs]
3877.285: [GC pause (G1 Evacuation Pause) (young) 3258M->1543M(3732M), 0.0706061 secs]
3878.531: [GC pause (G1 Evacuation Pause) (young) 3336M->1654M(3732M), 0.1406299 secs]
3879.956: [GC pause (G1 Evacuation Pause) (young) 3132M->1656M(3732M), 0.1013065 secs]
3881.472: [GC pause (G1 Evacuation Pause) (young) 3285M->1687M(3732M), 0.0659222 secs]
3882.987: [GC pause (G1 Evacuation Pause) (young) 3279M->1698M(3732M), 0.0420694 secs]
3884.420: [GC pause (G1 Evacuation Pause) (young) 3303M->1756M(3732M), 0.0879292 secs]
3885.812: [GC pause (G1 Evacuation Pause) (young) 3212M->1774M(3732M), 0.0718960 secs]
3887.261: [GC pause (G1 Evacuation Pause) (young) 3248M->1809M(3732M), 0.0812865 secs]
3888.661: [GC pause (G1 Evacuation Pause) (young) (initial-mark) 3235M->1836M(3732M), 0.0728295 secs]
3888.734: [GC concurrent-root-region-scan-start]
3888.778: [GC concurrent-root-region-scan-end, 0.0432534 secs]
3888.778: [GC concurrent-mark-start]
3889.127: [GC concurrent-mark-end, 0.3492453 secs]
3889.127: [GC remark, 0.0068719 secs]
3889.134: [GC cleanup 2199M->1135M(3732M), 0.0037730 secs]
3889.138: [GC concurrent-cleanup-start]
3889.141: [GC concurrent-cleanup-end, 0.0023979 secs]
3890.115: [GC pause (G1 Evacuation Pause) (young) 2230M->805M(3732M), 0.0839122 secs]
3890.261: [GC pause (G1 Evacuation Pause) (mixed) 877M->684M(3732M), 0.0544274 secs]
3892.225: [GC pause (G1 Evacuation Pause) (young) 2902M->739M(3732M), 0.0668685 secs]
3894.215: [GC pause (G1 Evacuation Pause) (young) 2912M->773M(3732M), 0.0675713 secs]
3896.204: [GC pause (G1 Evacuation Pause) (young) 2912M->799M(3732M), 0.0699504 secs]
3898.112: [GC pause (G1 Evacuation Pause) (young) 2934M->833M(3732M), 0.1064841 secs]
3900.107: [GC pause (G1 Evacuation Pause) (young) 2981M->924M(3732M), 0.1143783 secs]
3901.965: [GC pause (G1 Evacuation Pause) (young) 3001M->935M(3732M), 0.1337763 secs]
3903.894: [GC pause (G1 Evacuation Pause) (young) 3013M->981M(3732M), 0.1323649 secs]
3905.836: [GC pause (G1 Evacuation Pause) (young) 3055M->1022M(3732M), 0.1187239 secs]
3907.796: [GC pause (G1 Evacuation Pause) (young) 3157M->1051M(3732M), 0.0988669 secs]
3909.837: [GC pause (G1 Evacuation Pause) (young) 3181M->1063M(3732M), 0.0887723 secs]
3911.762: [GC pause (G1 Evacuation Pause) (young) 3153M->1092M(3732M), 0.0834586 secs]
3913.678: [GC pause (G1 Evacuation Pause) (young) 3157M->1110M(3732M), 0.0957138 secs]
3915.702: [GC pause (G1 Evacuation Pause) (young) 3217M->1097M(3732M), 0.0824398 secs]
3917.602: [GC pause (G1 Evacuation Pause) (young) 3217M->1150M(3732M), 0.0988221 secs]
3919.551: [GC pause (G1 Evacuation Pause) (young) 3169M->1159M(3732M), 0.0949654 secs]
3921.653: [GC pause (G1 Evacuation Pause) (young) 3207M->1129M(3732M), 0.0658876 secs]
3923.421: [GC pause (G1 Evacuation Pause) (young) 3351M->1271M(3732M), 0.1534073 secs]
3925.165: [GC pause (G1 Evacuation Pause) (young) 3106M->1292M(3732M), 0.1295673 secs]
3927.064: [GC pause (G1 Evacuation Pause) (young) 3252M->1324M(3732M), 0.0745878 secs]
3928.867: [GC pause (G1 Evacuation Pause) (young) 3298M->1372M(3732M), 0.0737605 secs]
3930.611: [GC pause (G1 Evacuation Pause) (young) 3224M->1369M(3732M), 0.0661266 secs]
3932.269: [GC pause (G1 Evacuation Pause) (young) 3228M->1407M(3732M), 0.0865046 secs]
3933.957: [GC pause (G1 Evacuation Pause) (young) 3190M->1419M(3732M), 0.0893825 secs]
3935.692: [GC pause (G1 Evacuation Pause) (young) 3235M->1453M(3732M), 0.1008009 secs]
3937.353: [GC pause (G1 Evacuation Pause) (young) 3220M->1483M(3732M), 0.0855442 secs]
3938.956: [GC pause (G1 Evacuation Pause) (young) 3211M->1517M(3732M), 0.0813364 secs]
3940.559: [GC pause (G1 Evacuation Pause) (young) 3216M->1534M(3732M), 0.0862512 secs]
3942.267: [GC pause (G1 Evacuation Pause) (young) 3239M->1555M(3732M), 0.0890300 secs]
3943.741: [GC pause (G1 Evacuation Pause) (young) 3228M->1576M(3732M), 0.0786488 secs]
3945.169: [GC pause (G1 Evacuation Pause) (young) 3307M->1703M(3732M), 0.1129870 secs]
3946.515: [GC pause (G1 Evacuation Pause) (young) 3179M->1737M(3732M), 0.1133957 secs]
3948.103: [GC pause (G1 Evacuation Pause) (young) (initial-mark) 3265M->1737M(3732M), 0.0564583 secs]
3948.160: [GC concurrent-root-region-scan-start]
3948.185: [GC concurrent-root-region-scan-end, 0.0251490 secs]
3948.185: [GC concurrent-mark-start]
3948.507: [GC concurrent-mark-end, 0.3217027 secs]
3948.507: [GC remark, 0.0068288 secs]
3948.514: [GC cleanup 2117M->1173M(3732M), 0.0043691 secs]
3948.519: [GC concurrent-cleanup-start]
3948.521: [GC concurrent-cleanup-end, 0.0020092 secs]
3949.331: [GC pause (G1 Evacuation Pause) (young) 2366M->854M(3732M), 0.0820643 secs]
3949.471: [GC pause (G1 Evacuation Pause) (mixed) 918M->626M(3732M), 0.0712304 secs]
3951.557: [GC pause (G1 Evacuation Pause) (young) 2859M->674M(3732M), 0.0749872 secs]
3953.548: [GC pause (G1 Evacuation Pause) (young) 2848M->704M(3732M), 0.0559962 secs]
3955.392: [GC pause (G1 Evacuation Pause) (young) 2881M->753M(3732M), 0.0834036 secs]
3957.329: [GC pause (G1 Evacuation Pause) (young) 2857M->768M(3732M), 0.0869057 secs]
3959.285: [GC pause (G1 Evacuation Pause) (young) 2848M->773M(3732M), 0.0779120 secs]
3961.220: [GC pause (G1 Evacuation Pause) (young) 2888M->787M(3732M), 0.0852464 secs]
3963.164: [GC pause (G1 Evacuation Pause) (young) 2911M->825M(3732M), 0.1018540 secs]
3965.411: [GC pause (G1 Evacuation Pause) (young) 2888M->835M(3732M), 0.0895915 secs]
3967.204: [GC pause (G1 Evacuation Pause) (young) 3001M->892M(3732M), 0.1241174 secs]
3969.112: [GC pause (G1 Evacuation Pause) (young) 2948M->945M(3732M), 0.1311216 secs]
3971.036: [GC pause (G1 Evacuation Pause) (young) 2991M->960M(3732M), 0.1093757 secs]
3973.034: [GC pause (G1 Evacuation Pause) (young) 3109M->978M(3732M), 0.0854985 secs]
3974.939: [GC pause (G1 Evacuation Pause) (young) 3132M->1017M(3732M), 0.0900336 secs]
3976.886: [GC pause (G1 Evacuation Pause) (young) 3097M->1026M(3732M), 0.0772728 secs]
3978.829: [GC pause (G1 Evacuation Pause) (young) 3135M->1067M(3732M), 0.0946864 secs]
3980.766: [GC pause (G1 Evacuation Pause) (young) 3156M->1080M(3732M), 0.1066864 secs]
3982.695: [GC pause (G1 Evacuation Pause) (young) 3170M->1111M(3732M), 0.0929707 secs]
3984.594: [GC pause (G1 Evacuation Pause) (young) 3182M->1135M(3732M), 0.0956814 secs]
3986.660: [GC pause (G1 Evacuation Pause) (young) 3235M->1142M(3732M), 0.0913567 secs]
3988.661: [GC pause (G1 Evacuation Pause) (young) 3204M->1133M(3732M), 0.0705822 secs]
3990.363: [GC pause (G1 Evacuation Pause) (young) 3295M->1256M(3732M), 0.1636029 secs]
3992.179: [GC pause (G1 Evacuation Pause) (young) 3089M->1219M(3732M), 0.1014192 secs]
3994.064: [GC pause (G1 Evacuation Pause) (young) 3282M->1270M(3732M), 0.0775937 secs]
3995.875: [GC pause (G1 Evacuation Pause) (young) 3255M->1292M(3732M), 0.0714535 secs]
3997.657: [GC pause (G1 Evacuation Pause) (young) 3222M->1321M(3732M), 0.0779789 secs]
3999.436: [GC pause (G1 Evacuation Pause) (young) 3224M->1329M(3732M), 0.1014362 secs]
4001.139: [GC pause (G1 Evacuation Pause) (young) 3201M->1365M(3732M), 0.0882198 secs]
4002.869: [GC pause (G1 Evacuation Pause) (young) 3214M->1387M(3732M), 0.0893884 secs]
4004.606: [GC pause (G1 Evacuation Pause) (young) 3209M->1371M(3732M), 0.0628997 secs]
4006.339: [GC pause (G1 Evacuation Pause) (young) 3287M->1427M(3732M), 0.0979218 secs]
4008.025: [GC pause (G1 Evacuation Pause) (young) 3208M->1447M(3732M), 0.0786791 secs]
4009.724: [GC pause (G1 Evacuation Pause) (young) 3217M->1469M(3732M), 0.0860703 secs]
4011.293: [GC pause (G1 Evacuation Pause) (young) 3310M->1573M(3732M), 0.1044694 secs]
4012.632: [GC pause (G1 Evacuation Pause) (young) 3208M->1608M(3732M), 0.1330834 secs]
4014.169: [GC pause (G1 Evacuation Pause) (young) 3182M->1638M(3732M), 0.1104718 secs]
4015.654: [GC pause (G1 Evacuation Pause) (young) 3236M->1661M(3732M), 0.0815220 secs]
4017.137: [GC pause (G1 Evacuation Pause) (young) 3226M->1664M(3732M), 0.0688035 secs]
4018.658: [GC pause (G1 Evacuation Pause) (young) 3281M->1709M(3732M), 0.0878768 secs]
4020.101: [GC pause (G1 Evacuation Pause) (young) 3222M->1723M(3732M), 0.0752807 secs]
4021.542: [GC pause (G1 Evacuation Pause) (young) 3241M->1744M(3732M), 0.0758520 secs]
4022.936: [GC pause (G1 Evacuation Pause) (young) 3228M->1761M(3732M), 0.0710281 secs]
4024.363: [GC pause (G1 Evacuation Pause) (young) 3261M->1777M(3732M), 0.0678072 secs]
4024.853: [GC pause (G1 Humongous Allocation) (young) (initial-mark) 2203M->1768M(3732M), 0.0368047 secs]
4024.890: [GC concurrent-root-region-scan-start]
4024.925: [GC concurrent-root-region-scan-end, 0.0357227 secs]
4024.925: [GC concurrent-mark-start]
4025.256: [GC concurrent-mark-end, 0.3309191 secs]
4025.257: [GC remark, 0.0065971 secs]
4025.264: [GC cleanup 2168M->1216M(3732M), 0.0042001 secs]
4025.268: [GC concurrent-cleanup-start]
4025.270: [GC concurrent-cleanup-end, 0.0018795 secs]
4026.079: [GC pause (G1 Evacuation Pause) (young) 2334M->862M(3732M), 0.0872009 secs]
4026.203: [GC pause (G1 Evacuation Pause) (mixed) 904M->671M(3732M), 0.0710341 secs]
4028.324: [GC pause (G1 Evacuation Pause) (young) 2900M->715M(3732M), 0.0706676 secs]
4030.294: [GC pause (G1 Evacuation Pause) (young) 2895M->744M(3732M), 0.0623855 secs]
4032.505: [GC pause (G1 Evacuation Pause) (young) 2923M->785M(3732M), 0.0869816 secs]
4034.333: [GC pause (G1 Evacuation Pause) (young) 2980M->881M(3732M), 0.1526811 secs]
4036.307: [GC pause (G1 Evacuation Pause) (young) 2889M->911M(3732M), 0.1234301 secs]
4038.127: [GC pause (G1 Evacuation Pause) (young) 2988M->945M(3732M), 0.1060664 secs]
4040.125: [GC pause (G1 Evacuation Pause) (young) 3133M->998M(3732M), 0.0980920 secs]
4042.074: [GC pause (G1 Evacuation Pause) (young) 3098M->1027M(3732M), 0.0839297 secs]
4044.058: [GC pause (G1 Evacuation Pause) (young) 3110M->1025M(3732M), 0.0819691 secs]
4046.012: [GC pause (G1 Evacuation Pause) (young) 3167M->1061M(3732M), 0.1060455 secs]
4047.985: [GC pause (G1 Evacuation Pause) (young) 3133M->1093M(3732M), 0.0882288 secs]
4049.867: [GC pause (G1 Evacuation Pause) (young) 3165M->1134M(3732M), 0.1009127 secs]
4051.853: [GC pause (G1 Evacuation Pause) (young) 3233M->1150M(3732M), 0.0883359 secs]
4053.866: [GC pause (G1 Evacuation Pause) (young) 3214M->1149M(3732M), 0.0757287 secs]
4055.593: [GC pause (G1 Evacuation Pause) (young) 3304M->1269M(3732M), 0.1527660 secs]
4057.471: [GC pause (G1 Evacuation Pause) (young) 3104M->1232M(3732M), 0.1127237 secs]
4059.317: [GC pause (G1 Evacuation Pause) (young) 3209M->1293M(3732M), 0.1294819 secs]
4061.182: [GC pause (G1 Evacuation Pause) (young) 3258M->1321M(3732M), 0.0938027 secs]
4062.962: [GC pause (G1 Evacuation Pause) (young) 3219M->1321M(3732M), 0.0596463 secs]
4064.756: [GC pause (G1 Evacuation Pause) (young) 3252M->1351M(3732M), 0.0968888 secs]
4066.487: [GC pause (G1 Evacuation Pause) (young) 3200M->1365M(3732M), 0.0925053 secs]
4068.256: [GC pause (G1 Evacuation Pause) (young) 3211M->1403M(3732M), 0.0897033 secs]
4069.859: [GC pause (G1 Evacuation Pause) (young) 3216M->1394M(3732M), 0.0714893 secs]
4071.613: [GC pause (G1 Evacuation Pause) (young) 3265M->1419M(3732M), 0.0815928 secs]
4073.301: [GC pause (G1 Evacuation Pause) (young) 3226M->1459M(3732M), 0.0912952 secs]
4075.106: [GC pause (G1 Evacuation Pause) (young) 3193M->1460M(3732M), 0.0716715 secs]
4076.948: [GC pause (G1 Evacuation Pause) (young) 3269M->1490M(3732M), 0.0866177 secs]
4078.377: [GC pause (G1 Evacuation Pause) (young) 3309M->1591M(3732M), 0.1395752 secs]
4079.881: [GC pause (G1 Evacuation Pause) (young) 3131M->1691M(3732M), 0.1184423 secs]
4081.446: [GC pause (G1 Evacuation Pause) (young) 3283M->1726M(3732M), 0.0665827 secs]
4082.850: [GC pause (G1 Evacuation Pause) (young) 3278M->1743M(3732M), 0.0424282 secs]
4083.936: [GC pause (G1 Humongous Allocation) (young) (initial-mark) 2951M->1769M(3732M), 0.0656666 secs]
4084.002: [GC concurrent-root-region-scan-start]
4084.064: [GC concurrent-root-region-scan-end, 0.0624530 secs]
4084.064: [GC concurrent-mark-start]
4084.384: [GC concurrent-mark-end, 0.3197635 secs]
4084.385: [GC remark, 0.0071590 secs]
4084.392: [GC cleanup 2204M->1238M(3732M), 0.0050236 secs]
4084.397: [GC concurrent-cleanup-start]
4084.399: [GC concurrent-cleanup-end, 0.0016990 secs]
4085.221: [GC pause (G1 Evacuation Pause) (young) 2277M->839M(3732M), 0.0758507 secs]
4085.349: [GC pause (G1 Evacuation Pause) (mixed) 891M->680M(3732M), 0.0690253 secs]
4087.285: [GC pause (G1 Evacuation Pause) (young) 2910M->730M(3732M), 0.0665874 secs]
4089.287: [GC pause (G1 Evacuation Pause) (young) 2900M->743M(3732M), 0.0495318 secs]
4091.256: [GC pause (G1 Evacuation Pause) (young) 2934M->806M(3732M), 0.0897592 secs]
4093.173: [GC pause (G1 Evacuation Pause) (young) 2911M->822M(3732M), 0.0892272 secs]
4095.155: [GC pause (G1 Evacuation Pause) (young) 2900M->826M(3732M), 0.0845829 secs]
4097.246: [GC pause (G1 Evacuation Pause) (young) 2963M->860M(3732M), 0.0988912 secs]
4099.417: [GC pause (G1 Evacuation Pause) (young) 3021M->917M(3732M), 0.0990354 secs]
4101.230: [GC pause (G1 Evacuation Pause) (young) 2993M->953M(3732M), 0.1222337 secs]
4103.179: [GC pause (G1 Evacuation Pause) (young) 3024M->1024M(3732M), 0.1437825 secs]
4105.148: [GC pause (G1 Evacuation Pause) (young) 3063M->1055M(3732M), 0.1290280 secs]
4107.158: [GC pause (G1 Evacuation Pause) (young) 3179M->1062M(3732M), 0.0758431 secs]
4109.096: [GC pause (G1 Evacuation Pause) (young) 3206M->1090M(3732M), 0.0723098 secs]
4110.865: [GC pause (G1 Evacuation Pause) (young) 3225M->1108M(3732M), 0.1001178 secs]
4112.676: [GC pause (G1 Evacuation Pause) (young) 3180M->1133M(3732M), 0.0872265 secs]
4114.470: [GC pause (G1 Evacuation Pause) (young) 3193M->1154M(3732M), 0.0970258 secs]
4116.293: [GC pause (G1 Evacuation Pause) (young) 3218M->1161M(3732M), 0.0909155 secs]
4118.205: [GC pause (G1 Evacuation Pause) (young) 3240M->1196M(3732M), 0.0988221 secs]
4120.035: [GC pause (G1 Evacuation Pause) (young) 3195M->1220M(3732M), 0.0840743 secs]
4121.968: [GC pause (G1 Evacuation Pause) (young) 3196M->1197M(3732M), 0.0612980 secs]
4123.502: [GC pause (G1 Evacuation Pause) (young) 3359M->1335M(3732M), 0.1657503 secs]
4125.221: [GC pause (G1 Evacuation Pause) (young) 3118M->1374M(3732M), 0.1210612 secs]
4127.006: [GC pause (G1 Evacuation Pause) (young) 3256M->1400M(3732M), 0.0665712 secs]
4128.688: [GC pause (G1 Evacuation Pause) (young) 3279M->1427M(3732M), 0.0537541 secs]
4130.262: [GC pause (G1 Evacuation Pause) (young) 3268M->1449M(3732M), 0.0794736 secs]
4131.870: [GC pause (G1 Evacuation Pause) (young) 3234M->1486M(3732M), 0.0764135 secs]
4133.424: [GC pause (G1 Evacuation Pause) (young) 3184M->1489M(3732M), 0.0730770 secs]
4135.051: [GC pause (G1 Evacuation Pause) (young) 3235M->1491M(3732M), 0.0712636 secs]
4136.591: [GC pause (G1 Evacuation Pause) (young) 3256M->1534M(3732M), 0.0940353 secs]
4138.184: [GC pause (G1 Evacuation Pause) (young) 3200M->1574M(3732M), 0.0887847 secs]
4139.728: [GC pause (G1 Evacuation Pause) (young) 3223M->1595M(3732M), 0.0819098 secs]
4141.251: [GC pause (G1 Evacuation Pause) (young) 3223M->1599M(3732M), 0.0574848 secs]
4142.752: [GC pause (G1 Evacuation Pause) (young) 3276M->1623M(3732M), 0.0827918 secs]
4144.309: [GC pause (G1 Evacuation Pause) (young) 3219M->1619M(3732M), 0.0652984 secs]
4145.594: [GC pause (G1 Evacuation Pause) (young) 3334M->1738M(3732M), 0.1414286 secs]
4146.990: [GC pause (G1 Evacuation Pause) (young) 3136M->1764M(3732M), 0.1008803 secs]
4147.774: [GC pause (G1 Humongous Allocation) (young) (initial-mark) 2391M->1767M(3732M), 0.0396864 secs]
4147.814: [GC concurrent-root-region-scan-start]
4147.827: [GC concurrent-root-region-scan-end, 0.0130308 secs]
4147.827: [GC concurrent-mark-start]
4148.121: [GC concurrent-mark-end, 0.2938575 secs]
4148.121: [GC remark, 0.0067908 secs]
4148.129: [GC cleanup 2188M->1186M(3732M), 0.0037099 secs]
4148.132: [GC concurrent-cleanup-start]
4148.134: [GC concurrent-cleanup-end, 0.0022131 secs]
4149.036: [GC pause (G1 Evacuation Pause) (young) 2316M->824M(3732M), 0.0748528 secs]
4149.187: [GC pause (G1 Evacuation Pause) (mixed) 908M->591M(3732M), 0.0559271 secs]
4151.170: [GC pause (G1 Evacuation Pause) (young) 2820M->640M(3732M), 0.0757121 secs]
4153.141: [GC pause (G1 Evacuation Pause) (young) 2810M->671M(3732M), 0.0597684 secs]
4155.009: [GC pause (G1 Evacuation Pause) (young) 2842M->717M(3732M), 0.0929332 secs]
4156.982: [GC pause (G1 Evacuation Pause) (young) 2809M->720M(3732M), 0.0728265 secs]
4158.913: [GC pause (G1 Evacuation Pause) (young) 2821M->759M(3732M), 0.0976782 secs]
4160.836: [GC pause (G1 Evacuation Pause) (young) 2843M->773M(3732M), 0.0948792 secs]
4162.764: [GC pause (G1 Evacuation Pause) (young) 2871M->797M(3732M), 0.1006746 secs]
4164.729: [GC pause (G1 Evacuation Pause) (young) 2872M->813M(3732M), 0.0881942 secs]
4166.883: [GC pause (G1 Evacuation Pause) (young) 2945M->822M(3732M), 0.0781859 secs]
4168.563: [GC pause (G1 Evacuation Pause) (young) 3010M->925M(3732M), 0.1675935 secs]
4170.488: [GC pause (G1 Evacuation Pause) (young) 2918M->947M(3732M), 0.1375191 secs]
4172.439: [GC pause (G1 Evacuation Pause) (young) 3136M->974M(3732M), 0.0674172 secs]
4174.352: [GC pause (G1 Evacuation Pause) (young) 3152M->1025M(3732M), 0.0833998 secs]
4176.307: [GC pause (G1 Evacuation Pause) (young) 3136M->1040M(3732M), 0.0837616 secs]
4178.291: [GC pause (G1 Evacuation Pause) (young) 3124M->1045M(3732M), 0.0737605 secs]
4180.244: [GC pause (G1 Evacuation Pause) (young) 3180M->1073M(3732M), 0.0898795 secs]
4182.147: [GC pause (G1 Evacuation Pause) (young) 3168M->1102M(3732M), 0.0964724 secs]
4184.077: [GC pause (G1 Evacuation Pause) (young) 3146M->1129M(3732M), 0.0993123 secs]
4185.963: [GC pause (G1 Evacuation Pause) (young) 3184M->1103M(3732M), 0.0854938 secs]
4187.988: [GC pause (G1 Evacuation Pause) (young) 3253M->1132M(3732M), 0.0884860 secs]
4189.695: [GC pause (G1 Evacuation Pause) (young) 3281M->1252M(3732M), 0.1447293 secs]
4191.477: [GC pause (G1 Evacuation Pause) (young) 3111M->1224M(3732M), 0.1066023 secs]
4193.398: [GC pause (G1 Evacuation Pause) (young) 3210M->1270M(3732M), 0.1133787 secs]
4195.113: [GC pause (G1 Evacuation Pause) (young) 3267M->1312M(3732M), 0.0878964 secs]
4196.948: [GC pause (G1 Evacuation Pause) (young) 3225M->1322M(3732M), 0.0825690 secs]
4198.725: [GC pause (G1 Evacuation Pause) (young) 3227M->1347M(3732M), 0.0786795 secs]
4200.463: [GC pause (G1 Evacuation Pause) (young) 3224M->1375M(3732M), 0.0885338 secs]
4202.183: [GC pause (G1 Evacuation Pause) (young) 3207M->1382M(3732M), 0.0739883 secs]
4203.911: [GC pause (G1 Evacuation Pause) (young) 3243M->1420M(3732M), 0.0895105 secs]
4205.744: [GC pause (G1 Evacuation Pause) (young) 3227M->1415M(3732M), 0.0797415 secs]
4207.318: [GC pause (G1 Evacuation Pause) (young) 3245M->1455M(3732M), 0.0897882 secs]
4208.926: [GC pause (G1 Evacuation Pause) (young) 3204M->1467M(3732M), 0.0835107 secs]
4210.588: [GC pause (G1 Evacuation Pause) (young) 3227M->1440M(3732M), 0.0556267 secs]
4211.960: [GC pause (G1 Evacuation Pause) (young) 3366M->1577M(3732M), 0.1396980 secs]
4213.437: [GC pause (G1 Evacuation Pause) (young) 3128M->1593M(3732M), 0.1172942 secs]
4215.041: [GC pause (G1 Evacuation Pause) (young) 3263M->1615M(3732M), 0.0638972 secs]
4216.595: [GC pause (G1 Evacuation Pause) (young) 3285M->1637M(3732M), 0.0556634 secs]
4218.111: [GC pause (G1 Evacuation Pause) (young) 3253M->1657M(3732M), 0.0554791 secs]
4219.489: [GC pause (G1 Evacuation Pause) (young) 3266M->1693M(3732M), 0.0896359 secs]
4220.937: [GC pause (G1 Evacuation Pause) (young) 3217M->1722M(3732M), 0.0789825 secs]
4222.391: [GC pause (G1 Evacuation Pause) (young) 3230M->1738M(3732M), 0.0675350 secs]
4223.751: [GC pause (G1 Evacuation Pause) (young) 3246M->1735M(3732M), 0.0602838 secs]
4225.204: [GC pause (G1 Evacuation Pause) (young) 3268M->1755M(3732M), 0.0729780 secs]
4226.554: [GC pause (G1 Evacuation Pause) (young) 3235M->1785M(3732M), 0.0759885 secs]
4227.883: [GC pause (G1 Evacuation Pause) (young) 3213M->1789M(3732M), 0.0671280 secs]
4228.480: [GC pause (G1 Humongous Allocation) (young) (initial-mark) 2356M->1795M(3732M), 0.0498612 secs]
4228.530: [GC concurrent-root-region-scan-start]
4228.570: [GC concurrent-root-region-scan-end, 0.0397163 secs]
4228.570: [GC concurrent-mark-start]
4228.852: [GC concurrent-mark-end, 0.2821285 secs]
4228.852: [GC remark, 0.0065340 secs]
4228.859: [GC cleanup 2184M->1196M(3732M), 0.0041557 secs]
4228.863: [GC concurrent-cleanup-start]
4228.865: [GC concurrent-cleanup-end, 0.0018180 secs]
4229.712: [GC pause (G1 Evacuation Pause) (young) 2276M->839M(3732M), 0.0650979 secs]
4229.832: [GC pause (G1 Evacuation Pause) (mixed) 893M->629M(3732M), 0.0590290 secs]
4231.953: [GC pause (G1 Evacuation Pause) (young) 2882M->685M(3732M), 0.0694729 secs]
4233.815: [GC pause (G1 Evacuation Pause) (young) 2929M->785M(3732M), 0.1267948 secs]
4235.787: [GC pause (G1 Evacuation Pause) (young) 2859M->828M(3732M), 0.1113012 secs]
4237.697: [GC pause (G1 Evacuation Pause) (young) 2927M->888M(3732M), 0.1334260 secs]
4239.658: [GC pause (G1 Evacuation Pause) (young) 3016M->898M(3732M), 0.0787222 secs]
4241.524: [GC pause (G1 Evacuation Pause) (young) 3027M->939M(3732M), 0.0848078 secs]
4243.543: [GC pause (G1 Evacuation Pause) (young) 3051M->958M(3732M), 0.0841951 secs]
4245.482: [GC pause (G1 Evacuation Pause) (young) 3052M->956M(3732M), 0.0830746 secs]
4247.440: [GC pause (G1 Evacuation Pause) (young) 3053M->1000M(3732M), 0.1002774 secs]
4249.268: [GC pause (G1 Evacuation Pause) (young) 3053M->956M(3732M), 0.0756033 secs]
4251.158: [GC pause (G1 Evacuation Pause) (young) 3099M->1008M(3732M), 0.1046593 secs]
4253.065: [GC pause (G1 Evacuation Pause) (young) 3087M->1021M(3732M), 0.0845099 secs]
4255.194: [GC pause (G1 Evacuation Pause) (young) 3126M->1005M(3732M), 0.0800696 secs]
4256.921: [GC pause (G1 Evacuation Pause) (young) 3229M->1120M(3732M), 0.1438687 secs]
4258.640: [GC pause (G1 Evacuation Pause) (young) 3114M->1159M(3732M), 0.1318657 secs]
4260.643: [GC pause (G1 Evacuation Pause) (young) 3264M->1200M(3732M), 0.0838601 secs]
4262.549: [GC pause (G1 Evacuation Pause) (young) 3277M->1227M(3732M), 0.0806601 secs]
4264.407: [GC pause (G1 Evacuation Pause) (young) 3235M->1265M(3732M), 0.0882842 secs]
4266.269: [GC pause (G1 Evacuation Pause) (young) 3197M->1285M(3732M), 0.0924822 secs]
4268.080: [GC pause (G1 Evacuation Pause) (young) 3219M->1316M(3732M), 0.1007980 secs]
4269.849: [GC pause (G1 Evacuation Pause) (young) 3213M->1336M(3732M), 0.0916737 secs]
4271.601: [GC pause (G1 Evacuation Pause) (young) 3208M->1346M(3732M), 0.0742298 secs]
4273.376: [GC pause (G1 Evacuation Pause) (young) 3239M->1359M(3732M), 0.0788109 secs]
4275.075: [GC pause (G1 Evacuation Pause) (young) 3246M->1393M(3732M), 0.0951088 secs]
4276.875: [GC pause (G1 Evacuation Pause) (young) 3203M->1408M(3732M), 0.0764127 secs]
4278.467: [GC pause (G1 Evacuation Pause) (young) 3325M->1524M(3732M), 0.1380165 secs]
4280.104: [GC pause (G1 Evacuation Pause) (young) 3144M->1532M(3732M), 0.1000551 secs]
4281.561: [GC pause (G1 Evacuation Pause) (young) 3276M->1566M(3732M), 0.0789552 secs]
4283.114: [GC pause (G1 Evacuation Pause) (young) 3262M->1589M(3732M), 0.0667329 secs]
4284.613: [GC pause (G1 Evacuation Pause) (young) 3231M->1611M(3732M), 0.0703425 secs]
4286.147: [GC pause (G1 Evacuation Pause) (young) 3219M->1592M(3732M), 0.0594471 secs]
4287.682: [GC pause (G1 Evacuation Pause) (young) 3282M->1635M(3732M), 0.0876464 secs]
4289.144: [GC pause (G1 Evacuation Pause) (young) 3230M->1653M(3732M), 0.0747781 secs]
4290.616: [GC pause (G1 Evacuation Pause) (young) 3223M->1683M(3732M), 0.0741445 secs]
4292.074: [GC pause (G1 Evacuation Pause) (young) 3230M->1709M(3732M), 0.0769485 secs]
4293.541: [GC pause (G1 Evacuation Pause) (young) 3281M->1745M(3732M), 0.0653987 secs]
4294.936: [GC pause (G1 Evacuation Pause) (young) 3246M->1770M(3732M), 0.0697643 secs]
4296.275: [GC pause (G1 Evacuation Pause) (young) 3230M->1803M(3732M), 0.0742763 secs]
4297.667: [GC pause (G1 Evacuation Pause) (young) 3221M->1809M(3732M), 0.0663838 secs]
4297.747: [GC pause (G1 Humongous Allocation) (young) (initial-mark) 1824M->1802M(3732M), 0.0482181 secs]
4297.796: [GC concurrent-root-region-scan-start]
4297.837: [GC concurrent-root-region-scan-end, 0.0410825 secs]
4297.837: [GC concurrent-mark-start]
4298.078: [GC concurrent-mark-end, 0.2416527 secs]
4298.079: [GC remark, 0.0079125 secs]
4298.087: [GC cleanup 2056M->1214M(3732M), 0.0047445 secs]
4298.092: [GC concurrent-cleanup-start]
4298.094: [GC concurrent-cleanup-end, 0.0019631 secs]
4299.232: [GC pause (G1 Evacuation Pause) (young) 2439M->990M(3732M), 0.0682539 secs]
4299.377: [GC pause (G1 Evacuation Pause) (mixed) 1064M->654M(3732M), 0.0740246 secs]
4299.637: [GC pause (G1 Evacuation Pause) (mixed) 876M->644M(3732M), 0.0555798 secs]
4301.344: [GC pause (G1 Evacuation Pause) (young) 2920M->774M(3732M), 0.1317936 secs]
4303.276: [GC pause (G1 Evacuation Pause) (young) 2806M->805M(3732M), 0.1002582 secs]
4305.379: [GC pause (G1 Evacuation Pause) (young) 3003M->844M(3732M), 0.0735728 secs]
4307.378: [GC pause (G1 Evacuation Pause) (young) 3027M->895M(3732M), 0.0840948 secs]
4309.313: [GC pause (G1 Evacuation Pause) (young) 2999M->925M(3732M), 0.0832662 secs]
4311.259: [GC pause (G1 Evacuation Pause) (young) 3003M->916M(3732M), 0.0832999 secs]
4313.265: [GC pause (G1 Evacuation Pause) (young) 3044M->943M(3732M), 0.0959933 secs]
4315.221: [GC pause (G1 Evacuation Pause) (young) 3033M->985M(3732M), 0.0921302 secs]
4317.147: [GC pause (G1 Evacuation Pause) (young) 3058M->1015M(3732M), 0.1031805 secs]
4319.222: [GC pause (G1 Evacuation Pause) (young) 3126M->1010M(3732M), 0.0907269 secs]
4320.972: [GC pause (G1 Evacuation Pause) (young) 3113M->1033M(3732M), 0.0821035 secs]
4322.800: [GC pause (G1 Evacuation Pause) (young) 3194M->1161M(3732M), 0.1262004 secs]
4324.725: [GC pause (G1 Evacuation Pause) (young) 3146M->1134M(3732M), 0.1250561 secs]
4326.583: [GC pause (G1 Evacuation Pause) (young) 3178M->1164M(3732M), 0.1156699 secs]
4328.554: [GC pause (G1 Evacuation Pause) (young) 3248M->1206M(3732M), 0.1002335 secs]
4330.469: [GC pause (G1 Evacuation Pause) (young) 3206M->1199M(3732M), 0.0768380 secs]
4332.418: [GC pause (G1 Evacuation Pause) (young) 3270M->1251M(3732M), 0.0938117 secs]
4334.248: [GC pause (G1 Evacuation Pause) (young) 3205M->1275M(3732M), 0.0868105 secs]
4336.043: [GC pause (G1 Evacuation Pause) (young) 3209M->1299M(3732M), 0.0851598 secs]
4337.880: [GC pause (G1 Evacuation Pause) (young) 3234M->1336M(3732M), 0.0973006 secs]
4339.653: [GC pause (G1 Evacuation Pause) (young) 3213M->1352M(3732M), 0.0811994 secs]
4341.302: [GC pause (G1 Evacuation Pause) (young) 3210M->1363M(3732M), 0.0730949 secs]
4343.075: [GC pause (G1 Evacuation Pause) (young) 3243M->1371M(3732M), 0.0723632 secs]
4344.899: [GC pause (G1 Evacuation Pause) (young) 3338M->1461M(3732M), 0.1005317 secs]
4346.375: [GC pause (G1 Evacuation Pause) (young) 3173M->1489M(3732M), 0.1162450 secs]
4347.921: [GC pause (G1 Evacuation Pause) (young) 3168M->1529M(3732M), 0.1266467 secs]
4349.628: [GC pause (G1 Evacuation Pause) (young) 3221M->1556M(3732M), 0.0883657 secs]
4351.112: [GC pause (G1 Evacuation Pause) (young) 3301M->1610M(3732M), 0.0823758 secs]
4352.621: [GC pause (G1 Evacuation Pause) (young) 3238M->1639M(3732M), 0.0709786 secs]
4354.071: [GC pause (G1 Evacuation Pause) (young) 3231M->1651M(3732M), 0.0719783 secs]
4355.493: [GC pause (G1 Evacuation Pause) (young) 3229M->1643M(3732M), 0.0651619 secs]
4357.011: [GC pause (G1 Evacuation Pause) (young) 3268M->1689M(3732M), 0.0844169 secs]
4358.426: [GC pause (G1 Evacuation Pause) (young) 3209M->1691M(3732M), 0.0756643 secs]
4359.858: [GC pause (G1 Evacuation Pause) (young) 3229M->1727M(3732M), 0.0766580 secs]
4361.330: [GC pause (G1 Evacuation Pause) (young) 3233M->1751M(3732M), 0.0716233 secs]
4362.743: [GC pause (G1 Humongous Allocation) (young) (initial-mark) 3124M->1769M(3732M), 0.0663945 secs]
4362.809: [GC concurrent-root-region-scan-start]
4362.851: [GC concurrent-root-region-scan-end, 0.0421009 secs]
4362.851: [GC concurrent-mark-start]
4363.209: [GC concurrent-mark-end, 0.3576771 secs]
4363.209: [GC remark, 0.0067938 secs]
4363.217: [GC cleanup 2225M->1315M(3732M), 0.0041557 secs]
4363.221: [GC concurrent-cleanup-start]
4363.222: [GC concurrent-cleanup-end, 0.0016687 secs]
4364.083: [GC pause (G1 Evacuation Pause) (young) 2362M->878M(3732M), 0.0776777 secs]
4364.216: [GC pause (G1 Evacuation Pause) (mixed) 930M->676M(3732M), 0.0693991 secs]
4366.113: [GC pause (G1 Evacuation Pause) (young) 2896M->703M(3732M), 0.0564412 secs]
4367.944: [GC pause (G1 Evacuation Pause) (young) 2987M->825M(3732M), 0.1193614 secs]
4369.768: [GC pause (G1 Evacuation Pause) (young) 2929M->886M(3732M), 0.1225785 secs]
4371.700: [GC pause (G1 Evacuation Pause) (young) 2939M->910M(3732M), 0.0987342 secs]
4373.631: [GC pause (G1 Evacuation Pause) (young) 3044M->943M(3732M), 0.0934849 secs]
4375.645: [GC pause (G1 Evacuation Pause) (young) 3072M->947M(3732M), 0.0832948 secs]
4377.547: [GC pause (G1 Evacuation Pause) (young) 3049M->972M(3732M), 0.0814883 secs]
4379.477: [GC pause (G1 Evacuation Pause) (young) 3044M->999M(3732M), 0.0867499 secs]
4381.417: [GC pause (G1 Evacuation Pause) (young) 3069M->1008M(3732M), 0.0778155 secs]
4383.217: [GC pause (G1 Evacuation Pause) (young) 3133M->1026M(3732M), 0.0998512 secs]
4384.860: [GC pause (G1 Evacuation Pause) (young) 3110M->1072M(3732M), 0.0871625 secs]
4386.401: [GC pause (G1 Evacuation Pause) (young) 3140M->1088M(3732M), 0.0868178 secs]
4388.191: [GC pause (G1 Evacuation Pause) (young) 3285M->1146M(3732M), 0.0944351 secs]
4389.531: [GC pause (G1 Evacuation Pause) (young) 3192M->1214M(3732M), 0.1324511 secs]
4391.378: [GC pause (G1 Evacuation Pause) (young) 3104M->1233M(3732M), 0.1125159 secs]
4393.234: [GC pause (G1 Evacuation Pause) (young) 3207M->1279M(3732M), 0.1340144 secs]
4395.098: [GC pause (G1 Evacuation Pause) (young) 3302M->1331M(3732M), 0.0984061 secs]
4396.891: [GC pause (G1 Evacuation Pause) (young) 3219M->1334M(3732M), 0.0714049 secs]
4398.625: [GC pause (G1 Evacuation Pause) (young) 3228M->1372M(3732M), 0.0871890 secs]
4400.321: [GC pause (G1 Evacuation Pause) (young) 3213M->1376M(3732M), 0.0985801 secs]
4402.077: [GC pause (G1 Evacuation Pause) (young) 3216M->1412M(3732M), 0.1014529 secs]
4403.809: [GC pause (G1 Evacuation Pause) (young) 3218M->1431M(3732M), 0.0837782 secs]
4405.528: [GC pause (G1 Evacuation Pause) (young) 3217M->1422M(3732M), 0.0622046 secs]
4407.136: [GC pause (G1 Evacuation Pause) (young) 3287M->1472M(3732M), 0.0936718 secs]
4408.625: [GC pause (G1 Evacuation Pause) (young) 3214M->1483M(3732M), 0.0781543 secs]
4410.291: [GC pause (G1 Evacuation Pause) (young) 3307M->1534M(3732M), 0.0786317 secs]
4411.680: [GC pause (G1 Evacuation Pause) (young) 3226M->1580M(3732M), 0.1200867 secs]
4413.190: [GC pause (G1 Evacuation Pause) (young) 3178M->1646M(3732M), 0.1165838 secs]
4414.720: [GC pause (G1 Evacuation Pause) (young) 3278M->1680M(3732M), 0.0787324 secs]
4416.226: [GC pause (G1 Evacuation Pause) (young) 3254M->1690M(3732M), 0.0579102 secs]
4417.663: [GC pause (G1 Evacuation Pause) (young) 3254M->1696M(3732M), 0.0589654 secs]
4419.139: [GC pause (G1 Evacuation Pause) (young) 3270M->1724M(3732M), 0.0760368 secs]
4420.464: [GC pause (G1 Evacuation Pause) (young) 3212M->1749M(3732M), 0.0756383 secs]
4421.900: [GC pause (G1 Evacuation Pause) (young) 3221M->1757M(3732M), 0.0668698 secs]
4423.258: [GC pause (G1 Evacuation Pause) (young) 3265M->1792M(3732M), 0.0780447 secs]
4424.643: [GC pause (G1 Evacuation Pause) (young) 3222M->1763M(3732M), 0.0414720 secs]
4424.738: [GC pause (G1 Humongous Allocation) (young) (initial-mark) 1821M->1760M(3732M), 0.0286379 secs]
4424.767: [GC concurrent-root-region-scan-start]
4424.803: [GC concurrent-root-region-scan-end, 0.0365248 secs]
4424.803: [GC concurrent-mark-start]
4425.078: [GC concurrent-mark-end, 0.2745538 secs]
4425.078: [GC remark, 0.0067473 secs]
4425.085: [GC cleanup 2187M->1211M(3732M), 0.0037449 secs]
4425.089: [GC concurrent-cleanup-start]
4425.091: [GC concurrent-cleanup-end, 0.0018765 secs]
4425.972: [GC pause (G1 Evacuation Pause) (young) 2329M->839M(3732M), 0.0884110 secs]
4426.101: [GC pause (G1 Evacuation Pause) (mixed) 887M->644M(3732M), 0.0664948 secs]
4428.122: [GC pause (G1 Evacuation Pause) (young) 2872M->690M(3732M), 0.0735335 secs]
4430.275: [GC pause (G1 Evacuation Pause) (young) 2862M->700M(3732M), 0.0522607 secs]
4432.229: [GC pause (G1 Evacuation Pause) (young) 2895M->736M(3732M), 0.0794736 secs]
4433.877: [GC pause (G1 Evacuation Pause) (young) 2952M->853M(3732M), 0.1458514 secs]
4435.838: [GC pause (G1 Evacuation Pause) (young) 2873M->846M(3732M), 0.1157667 secs]
4437.819: [GC pause (G1 Evacuation Pause) (young) 2936M->889M(3732M), 0.1248944 secs]
4439.829: [GC pause (G1 Evacuation Pause) (young) 3039M->930M(3732M), 0.0913405 secs]
4441.873: [GC pause (G1 Evacuation Pause) (young) 3038M->946M(3732M), 0.0815122 secs]
4443.814: [GC pause (G1 Evacuation Pause) (young) 3061M->957M(3732M), 0.1024649 secs]
4445.731: [GC pause (G1 Evacuation Pause) (young) 3029M->987M(3732M), 0.0888487 secs]
4447.673: [GC pause (G1 Evacuation Pause) (young) 3057M->1027M(3732M), 0.0993720 secs]
4449.696: [GC pause (G1 Evacuation Pause) (young) 3148M->1040M(3732M), 0.1075867 secs]
4451.630: [GC pause (G1 Evacuation Pause) (young) 3114M->1070M(3732M), 0.0861859 secs]
4453.679: [GC pause (G1 Evacuation Pause) (young) 3154M->1101M(3732M), 0.0911732 secs]
4455.551: [GC pause (G1 Evacuation Pause) (young) 3260M->1180M(3732M), 0.1069723 secs]
4457.323: [GC pause (G1 Evacuation Pause) (young) 3201M->1203M(3732M), 0.1335489 secs]
4459.145: [GC pause (G1 Evacuation Pause) (young) 3163M->1243M(3732M), 0.1228089 secs]
4461.027: [GC pause (G1 Evacuation Pause) (young) 3235M->1273M(3732M), 0.1044080 secs]
4462.914: [GC pause (G1 Evacuation Pause) (young) 3218M->1280M(3732M), 0.0867354 secs]
4464.723: [GC pause (G1 Evacuation Pause) (young) 3248M->1313M(3732M), 0.0886209 secs]
4466.512: [GC pause (G1 Evacuation Pause) (young) 3207M->1332M(3732M), 0.0609016 secs]
4468.238: [GC pause (G1 Evacuation Pause) (young) 3228M->1340M(3732M), 0.0766669 secs]
4470.018: [GC pause (G1 Evacuation Pause) (young) 3242M->1378M(3732M), 0.0951851 secs]
4471.727: [GC pause (G1 Evacuation Pause) (young) 3200M->1417M(3732M), 0.0864560 secs]
4473.412: [GC pause (G1 Evacuation Pause) (young) 3217M->1443M(3732M), 0.0931256 secs]
4475.216: [GC pause (G1 Evacuation Pause) (young) 3221M->1431M(3732M), 0.0640594 secs]
4476.938: [GC pause (G1 Evacuation Pause) (young) 3268M->1449M(3732M), 0.0802667 secs]
4478.387: [GC pause (G1 Evacuation Pause) (young) 3318M->1564M(3732M), 0.1459159 secs]
4479.871: [GC pause (G1 Evacuation Pause) (young) 3118M->1573M(3732M), 0.1126572 secs]
4481.572: [GC pause (G1 Evacuation Pause) (young) 3298M->1614M(3732M), 0.0647437 secs]
4483.054: [GC pause (G1 Evacuation Pause) (young) 3286M->1649M(3732M), 0.0714155 secs]
4484.513: [GC pause (G1 Evacuation Pause) (young) 3233M->1669M(3732M), 0.0676310 secs]
4485.961: [GC pause (G1 Evacuation Pause) (young) 3224M->1681M(3732M), 0.0788118 secs]
4487.408: [GC pause (G1 Evacuation Pause) (young) 3233M->1686M(3732M), 0.0637769 secs]
4488.881: [GC pause (G1 Evacuation Pause) (young) 3295M->1729M(3732M), 0.0848671 secs]
4490.245: [GC pause (G1 Evacuation Pause) (young) 3217M->1754M(3732M), 0.0704342 secs]
4491.610: [GC pause (G1 Evacuation Pause) (young) 3232M->1780M(3732M), 0.0726140 secs]
4492.977: [GC pause (G1 Evacuation Pause) (young) 3226M->1814M(3732M), 0.0766439 secs]
4494.218: [GC pause (G1 Humongous Allocation) (young) (initial-mark) 2940M->1807M(3732M), 0.0532224 secs]
4494.272: [GC concurrent-root-region-scan-start]
4494.307: [GC concurrent-root-region-scan-end, 0.0349713 secs]
4494.307: [GC concurrent-mark-start]
4494.620: [GC concurrent-mark-end, 0.3136075 secs]
4494.621: [GC remark, 0.0070114 secs]
4494.628: [GC cleanup 2271M->1355M(3732M), 0.0040060 secs]
4494.632: [GC concurrent-cleanup-start]
4494.634: [GC concurrent-cleanup-end, 0.0016759 secs]
4495.441: [GC pause (G1 Evacuation Pause) (young) 2382M->952M(3732M), 0.0864722 secs]
4495.568: [GC pause (G1 Evacuation Pause) (mixed) 990M->694M(3732M), 0.0776129 secs]
4497.615: [GC pause (G1 Evacuation Pause) (young) 2925M->733M(3732M), 0.0764545 secs]
4499.603: [GC pause (G1 Evacuation Pause) (young) 3006M->829M(3732M), 0.0826868 secs]
4501.498: [GC pause (G1 Evacuation Pause) (young) 2977M->891M(3732M), 0.1338472 secs]
4503.431: [GC pause (G1 Evacuation Pause) (young) 2926M->910M(3732M), 0.1192714 secs]
4505.447: [GC pause (G1 Evacuation Pause) (young) 2994M->952M(3732M), 0.1068750 secs]
4507.396: [GC pause (G1 Evacuation Pause) (young) 3121M->991M(3732M), 0.1054597 secs]
4509.336: [GC pause (G1 Evacuation Pause) (young) 3107M->1023M(3732M), 0.0842424 secs]
4511.275: [GC pause (G1 Evacuation Pause) (young) 3107M->1041M(3732M), 0.0876127 secs]
4513.243: [GC pause (G1 Evacuation Pause) (young) 3146M->1042M(3732M), 0.0916267 secs]
4515.186: [GC pause (G1 Evacuation Pause) (young) 3135M->1085M(3732M), 0.0975527 secs]
4517.088: [GC pause (G1 Evacuation Pause) (young) 3162M->1110M(3732M), 0.0975843 secs]
4519.130: [GC pause (G1 Evacuation Pause) (young) 3225M->1101M(3732M), 0.0782857 secs]
4521.091: [GC pause (G1 Evacuation Pause) (young) 3224M->1142M(3732M), 0.0894708 secs]
4522.963: [GC pause (G1 Evacuation Pause) (young) 3267M->1221M(3732M), 0.1123154 secs]
4524.834: [GC pause (G1 Evacuation Pause) (young) 3181M->1216M(3732M), 0.1149138 secs]
4526.649: [GC pause (G1 Evacuation Pause) (young) 3197M->1288M(3732M), 0.1315129 secs]
4528.496: [GC pause (G1 Evacuation Pause) (young) 3202M->1327M(3732M), 0.1195504 secs]
4530.356: [GC pause (G1 Evacuation Pause) (young) 3251M->1330M(3732M), 0.0730130 secs]
4532.204: [GC pause (G1 Evacuation Pause) (young) 3259M->1378M(3732M), 0.0842928 secs]
4533.906: [GC pause (G1 Evacuation Pause) (young) 3198M->1392M(3732M), 0.0831527 secs]
4535.604: [GC pause (G1 Evacuation Pause) (young) 3206M->1407M(3732M), 0.0750354 secs]
4537.337: [GC pause (G1 Evacuation Pause) (young) 3237M->1417M(3732M), 0.0745383 secs]
4539.035: [GC pause (G1 Evacuation Pause) (young) 3250M->1449M(3732M), 0.0857537 secs]
4540.643: [GC pause (G1 Evacuation Pause) (young) 3207M->1488M(3732M), 0.0835726 secs]
4542.255: [GC pause (G1 Evacuation Pause) (young) 3228M->1511M(3732M), 0.0822000 secs]
4543.918: [GC pause (G1 Evacuation Pause) (young) 3225M->1492M(3732M), 0.0601784 secs]
4545.533: [GC pause (G1 Evacuation Pause) (young) 3359M->1638M(3732M), 0.1300588 secs]
4546.902: [GC pause (G1 Evacuation Pause) (young) 3138M->1615M(3732M), 0.1069718 secs]
4548.416: [GC pause (G1 Evacuation Pause) (young) 3277M->1652M(3732M), 0.0755926 secs]
4549.983: [GC pause (G1 Evacuation Pause) (young) 3270M->1682M(3732M), 0.0610710 secs]
4551.517: [GC pause (G1 Evacuation Pause) (young) 3258M->1709M(3732M), 0.0732293 secs]
4552.848: [GC pause (G1 Evacuation Pause) (young) 3223M->1725M(3732M), 0.0811431 secs]
4554.213: [GC pause (G1 Evacuation Pause) (young) 3227M->1755M(3732M), 0.0804788 secs]
4555.629: [GC pause (G1 Evacuation Pause) (young) 3231M->1776M(3732M), 0.0694332 secs]
4556.987: [GC pause (G1 Evacuation Pause) (young) 3234M->1777M(3732M), 0.0597287 secs]
4557.787: [GC pause (G1 Humongous Allocation) (young) (initial-mark) 2560M->1788M(3732M), 0.0486925 secs]
4557.836: [GC concurrent-root-region-scan-start]
4557.880: [GC concurrent-root-region-scan-end, 0.0442863 secs]
4557.880: [GC concurrent-mark-start]
4558.123: [GC concurrent-mark-end, 0.2428772 secs]
4558.123: [GC remark, 0.0070345 secs]
4558.131: [GC cleanup 2130M->1062M(3732M), 0.0045717 secs]
4558.135: [GC concurrent-cleanup-start]
4558.137: [GC concurrent-cleanup-end, 0.0018624 secs]
4559.090: [GC pause (G1 Evacuation Pause) (young) 2201M->752M(3732M), 0.0816794 secs]
4559.221: [GC pause (G1 Evacuation Pause) (mixed) 808M->614M(3732M), 0.0668536 secs]
4561.257: [GC pause (G1 Evacuation Pause) (young) 2834M->651M(3732M), 0.0578479 secs]
4563.134: [GC pause (G1 Evacuation Pause) (young) 2845M->692M(3732M), 0.0655181 secs]
4565.099: [GC pause (G1 Evacuation Pause) (young) 2867M->733M(3732M), 0.0902909 secs]
4566.830: [GC pause (G1 Evacuation Pause) (young) 2845M->740M(3732M), 0.0790426 secs]
4568.413: [GC pause (G1 Evacuation Pause) (young) 2924M->823M(3732M), 0.1283397 secs]
4570.326: [GC pause (G1 Evacuation Pause) (young) 2862M->867M(3732M), 0.1508473 secs]
4572.135: [GC pause (G1 Evacuation Pause) (young) 2925M->912M(3732M), 0.1342926 secs]
4574.171: [GC pause (G1 Evacuation Pause) (young) 3046M->931M(3732M), 0.0937622 secs]
4576.087: [GC pause (G1 Evacuation Pause) (young) 3058M->954M(3732M), 0.0869219 secs]
4578.057: [GC pause (G1 Evacuation Pause) (young) 3047M->973M(3732M), 0.0911399 secs]
4580.016: [GC pause (G1 Evacuation Pause) (young) 3066M->1008M(3732M), 0.0861500 secs]
4581.966: [GC pause (G1 Evacuation Pause) (young) 3100M->1006M(3732M), 0.0768257 secs]
4583.940: [GC pause (G1 Evacuation Pause) (young) 3129M->1046M(3732M), 0.1039433 secs]
4585.900: [GC pause (G1 Evacuation Pause) (young) 3106M->1067M(3732M), 0.0917718 secs]
4587.867: [GC pause (G1 Evacuation Pause) (young) 3139M->1049M(3732M), 0.0786527 secs]
4589.995: [GC pause (G1 Evacuation Pause) (young) 3269M->1129M(3732M), 0.1043704 secs]
4591.776: [GC pause (G1 Evacuation Pause) (young) 3190M->1178M(3732M), 0.1397198 secs]
4593.629: [GC pause (G1 Evacuation Pause) (young) 3116M->1225M(3732M), 0.1285966 secs]
4595.469: [GC pause (G1 Evacuation Pause) (young) 3230M->1294M(3732M), 0.1128846 secs]
4597.338: [GC pause (G1 Evacuation Pause) (young) 3252M->1304M(3732M), 0.0869210 secs]
4599.102: [GC pause (G1 Evacuation Pause) (young) 3226M->1331M(3732M), 0.0785204 secs]
4600.781: [GC pause (G1 Evacuation Pause) (young) 3206M->1326M(3732M), 0.0705020 secs]
4602.531: [GC pause (G1 Evacuation Pause) (young) 3255M->1372M(3732M), 0.0995751 secs]
4604.154: [GC pause (G1 Evacuation Pause) (young) 3196M->1390M(3732M), 0.0924741 secs]
4605.857: [GC pause (G1 Evacuation Pause) (young) 3210M->1399M(3732M), 0.0826475 secs]
4607.553: [GC pause (G1 Evacuation Pause) (young) 3240M->1407M(3732M), 0.0700502 secs]
4609.203: [GC pause (G1 Evacuation Pause) (young) 3255M->1440M(3732M), 0.0966128 secs]
4610.935: [GC pause (G1 Evacuation Pause) (young) 3190M->1461M(3732M), 0.0845262 secs]
4612.466: [GC pause (G1 Evacuation Pause) (young) 3290M->1592M(3732M), 0.1333416 secs]
4613.945: [GC pause (G1 Evacuation Pause) (young) 3154M->1558M(3732M), 0.1033383 secs]
4615.445: [GC pause (G1 Evacuation Pause) (young) 3242M->1620M(3732M), 0.1286994 secs]
4617.021: [GC pause (G1 Evacuation Pause) (young) 3244M->1646M(3732M), 0.0954906 secs]
4618.533: [GC pause (G1 Evacuation Pause) (young) 3229M->1675M(3732M), 0.0813206 secs]
4620.007: [GC pause (G1 Evacuation Pause) (young) 3229M->1672M(3732M), 0.0618945 secs]
4621.484: [GC pause (G1 Evacuation Pause) (young) 3294M->1719M(3732M), 0.0871467 secs]
4622.885: [GC pause (G1 Evacuation Pause) (young) 3215M->1744M(3732M), 0.0714544 secs]
4624.331: [GC pause (G1 Evacuation Pause) (young) 3229M->1764M(3732M), 0.0780144 secs]
4625.737: [GC pause (G1 Evacuation Pause) (young) 3230M->1798M(3732M), 0.0719608 secs]
4627.043: [GC pause (G1 Humongous Allocation) (young) (initial-mark) 3098M->1773M(3732M), 0.0461201 secs]
4627.089: [GC concurrent-root-region-scan-start]
4627.116: [GC concurrent-root-region-scan-end, 0.0260898 secs]
4627.116: [GC concurrent-mark-start]
4627.390: [GC concurrent-mark-end, 0.2747812 secs]
4627.391: [GC remark, 0.0067520 secs]
4627.398: [GC cleanup 2108M->1116M(3732M), 0.0037431 secs]
4627.402: [GC concurrent-cleanup-start]
4627.403: [GC concurrent-cleanup-end, 0.0018795 secs]
4628.313: [GC pause (G1 Evacuation Pause) (young) 2305M->836M(3732M), 0.0857759 secs]
4628.438: [GC pause (G1 Evacuation Pause) (mixed) 880M->653M(3732M), 0.0754347 secs]
4630.456: [GC pause (G1 Evacuation Pause) (young) 2882M->693M(3732M), 0.0724540 secs]
4632.546: [GC pause (G1 Evacuation Pause) (young) 2871M->708M(3732M), 0.0527493 secs]
4634.439: [GC pause (G1 Evacuation Pause) (young) 2986M->863M(3732M), 0.1168654 secs]
4636.282: [GC pause (G1 Evacuation Pause) (young) 2922M->861M(3732M), 0.1203824 secs]
4638.309: [GC pause (G1 Evacuation Pause) (young) 2924M->883M(3732M), 0.1135139 secs]
4640.298: [GC pause (G1 Evacuation Pause) (young) 3044M->942M(3732M), 0.1037582 secs]
4642.239: [GC pause (G1 Evacuation Pause) (young) 3027M->967M(3732M), 0.0955764 secs]
4644.263: [GC pause (G1 Evacuation Pause) (young) 3069M->972M(3732M), 0.0803431 secs]
4646.275: [GC pause (G1 Evacuation Pause) (young) 3081M->986M(3732M), 0.0770565 secs]
4648.172: [GC pause (G1 Evacuation Pause) (young) 3104M->1027M(3732M), 0.1090249 secs]
4650.100: [GC pause (G1 Evacuation Pause) (young) 3069M->1030M(3732M), 0.0876280 secs]
4652.036: [GC pause (G1 Evacuation Pause) (young) 3121M->1031M(3732M), 0.0862776 secs]
4654.096: [GC pause (G1 Evacuation Pause) (young) 3171M->1066M(3732M), 0.0954621 secs]
4656.195: [GC pause (G1 Evacuation Pause) (young) 3227M->1122M(3732M), 0.1074117 secs]
4657.919: [GC pause (G1 Evacuation Pause) (young) 3190M->1196M(3732M), 0.1397113 secs]
4659.808: [GC pause (G1 Evacuation Pause) (young) 3143M->1220M(3732M), 0.1393559 secs]
4661.638: [GC pause (G1 Evacuation Pause) (young) 3166M->1245M(3732M), 0.1073524 secs]
4663.483: [GC pause (G1 Evacuation Pause) (young) 3265M->1283M(3732M), 0.0887843 secs]
4665.415: [GC pause (G1 Evacuation Pause) (young) 3227M->1272M(3732M), 0.0617643 secs]
4667.150: [GC pause (G1 Evacuation Pause) (young) 3253M->1295M(3732M), 0.0810275 secs]
4668.867: [GC pause (G1 Evacuation Pause) (young) 3215M->1336M(3732M), 0.0918077 secs]
4670.571: [GC pause (G1 Evacuation Pause) (young) 3192M->1371M(3732M), 0.0921302 secs]
4672.342: [GC pause (G1 Evacuation Pause) (young) 3235M->1395M(3732M), 0.0762079 secs]
4673.988: [GC pause (G1 Evacuation Pause) (young) 3239M->1415M(3732M), 0.0902580 secs]
4675.663: [GC pause (G1 Evacuation Pause) (young) 3197M->1415M(3732M), 0.0681447 secs]
4677.364: [GC pause (G1 Evacuation Pause) (young) 3247M->1421M(3732M), 0.0765919 secs]
4678.849: [GC pause (G1 Evacuation Pause) (young) 3344M->1538M(3732M), 0.1483969 secs]
4680.361: [GC pause (G1 Evacuation Pause) (young) 3112M->1568M(3732M), 0.1182563 secs]
4681.939: [GC pause (G1 Evacuation Pause) (young) 3276M->1603M(3732M), 0.0710861 secs]
4683.492: [GC pause (G1 Evacuation Pause) (young) 3273M->1625M(3732M), 0.0536363 secs]
4685.027: [GC pause (G1 Evacuation Pause) (young) 3284M->1654M(3732M), 0.0671369 secs]
4686.485: [GC pause (G1 Evacuation Pause) (young) 3232M->1669M(3732M), 0.0659956 secs]
4687.893: [GC pause (G1 Evacuation Pause) (young) 3217M->1697M(3732M), 0.0829040 secs]
4689.323: [GC pause (G1 Evacuation Pause) (young) 3221M->1724M(3732M), 0.0750631 secs]
4690.610: [GC pause (G1 Evacuation Pause) (young) 3232M->1769M(3732M), 0.0806460 secs]
4691.725: [GC pause (G1 Humongous Allocation) (young) (initial-mark) 2943M->1799M(3732M), 0.0810262 secs]
4691.806: [GC concurrent-root-region-scan-start]
4691.861: [GC concurrent-root-region-scan-end, 0.0548472 secs]
4691.861: [GC concurrent-mark-start]
4692.247: [GC concurrent-mark-end, 0.3864353 secs]
4692.247: [GC remark, 0.0067520 secs]
4692.254: [GC cleanup 2305M->1325M(3732M), 0.0034359 secs]
4692.258: [GC concurrent-cleanup-start]
4692.260: [GC concurrent-cleanup-end, 0.0020557 secs]
4692.863: [GC pause (G1 Evacuation Pause) (young) 2288M->832M(3732M), 0.0786518 secs]
4692.983: [GC pause (G1 Evacuation Pause) (mixed) 892M->700M(3732M), 0.0680918 secs]
4694.809: [GC pause (G1 Evacuation Pause) (young) 2923M->736M(3732M), 0.0515883 secs]
4696.251: [GC pause (G1 Evacuation Pause) (young) 2934M->765M(3732M), 0.0524297 secs]
4698.157: [GC pause (G1 Evacuation Pause) (young) 2950M->809M(3732M), 0.0767113 secs]
4700.084: [GC pause (G1 Evacuation Pause) (young) 2972M->858M(3732M), 0.0770527 secs]
4701.822: [GC pause (G1 Evacuation Pause) (young) 3009M->905M(3732M), 0.1357706 secs]
4703.673: [GC pause (G1 Evacuation Pause) (young) 2950M->941M(3732M), 0.1401977 secs]
4705.581: [GC pause (G1 Evacuation Pause) (young) 2989M->958M(3732M), 0.1183186 secs]
4707.592: [GC pause (G1 Evacuation Pause) (young) 3112M->997M(3732M), 0.0898958 secs]
4709.554: [GC pause (G1 Evacuation Pause) (young) 3114M->990M(3732M), 0.0672325 secs]
4711.418: [GC pause (G1 Evacuation Pause) (young) 3134M->1029M(3732M), 0.0827188 secs]
4713.293: [GC pause (G1 Evacuation Pause) (young) 3103M->1055M(3732M), 0.0907243 secs]
4715.228: [GC pause (G1 Evacuation Pause) (young) 3129M->1037M(3732M), 0.0742192 secs]
4717.152: [GC pause (G1 Evacuation Pause) (young) 3175M->1072M(3732M), 0.1038047 secs]
4718.962: [GC pause (G1 Evacuation Pause) (young) 3142M->1081M(3732M), 0.0775903 secs]
4721.007: [GC pause (G1 Evacuation Pause) (young) 3177M->1058M(3732M), 0.0760867 secs]
4722.618: [GC pause (G1 Evacuation Pause) (young) 3280M->1178M(3732M), 0.1432018 secs]
4724.456: [GC pause (G1 Evacuation Pause) (young) 3116M->1199M(3732M), 0.1185396 secs]
4726.367: [GC pause (G1 Evacuation Pause) (young) 3249M->1227M(3732M), 0.0721955 secs]
4728.215: [GC pause (G1 Evacuation Pause) (young) 3295M->1271M(3732M), 0.0884105 secs]
4730.074: [GC pause (G1 Evacuation Pause) (young) 3219M->1274M(3732M), 0.0638383 secs]
4731.844: [GC pause (G1 Evacuation Pause) (young) 3228M->1293M(3732M), 0.0772344 secs]
4733.570: [GC pause (G1 Evacuation Pause) (young) 3229M->1320M(3732M), 0.0990537 secs]
4735.333: [GC pause (G1 Evacuation Pause) (young) 3194M->1364M(3732M), 0.0928530 secs]
4737.060: [GC pause (G1 Evacuation Pause) (young) 3212M->1385M(3732M), 0.0929067 secs]
4738.819: [GC pause (G1 Evacuation Pause) (young) 3243M->1404M(3732M), 0.0919702 secs]
4740.502: [GC pause (G1 Evacuation Pause) (young) 3224M->1428M(3732M), 0.0833554 secs]
4742.148: [GC pause (G1 Evacuation Pause) (young) 3204M->1438M(3732M), 0.0799800 secs]
4743.929: [GC pause (G1 Evacuation Pause) (young) 3304M->1446M(3732M), 0.0818100 secs]
4745.217: [GC pause (G1 Evacuation Pause) (young) 3286M->1548M(3732M), 0.1416778 secs]
4746.761: [GC pause (G1 Evacuation Pause) (young) 3112M->1553M(3732M), 0.1100831 secs]
4748.335: [GC pause (G1 Evacuation Pause) (young) 3277M->1590M(3732M), 0.0722808 secs]
4750.055: [GC pause (G1 Evacuation Pause) (young) 3280M->1608M(3732M), 0.0586134 secs]
4751.540: [GC pause (G1 Evacuation Pause) (young) 3274M->1653M(3732M), 0.0770313 secs]
4752.982: [GC pause (G1 Evacuation Pause) (young) 3219M->1663M(3732M), 0.0783860 secs]
4754.436: [GC pause (G1 Evacuation Pause) (young) 3237M->1685M(3732M), 0.0770339 secs]
4756.004: [GC pause (G1 Evacuation Pause) (young) 3226M->1671M(3732M), 0.0654149 secs]
4757.495: [GC pause (G1 Evacuation Pause) (young) 3271M->1716M(3732M), 0.0861769 secs]
4758.910: [GC pause (G1 Evacuation Pause) (young) 3216M->1730M(3732M), 0.0767181 secs]
4760.338: [GC pause (G1 Evacuation Pause) (young) 3226M->1765M(3732M), 0.0779606 secs]
4761.679: [GC pause (G1 Evacuation Pause) (young) 3225M->1752M(3732M), 0.0621607 secs]
4762.413: [GC pause (G1 Humongous Allocation) (young) (initial-mark) 2475M->1764M(3732M), 0.0460369 secs]
4762.459: [GC concurrent-root-region-scan-start]
4762.494: [GC concurrent-root-region-scan-end, 0.0356638 secs]
4762.494: [GC concurrent-mark-start]
4762.760: [GC concurrent-mark-end, 0.2653331 secs]
4762.760: [GC remark, 0.0072730 secs]
4762.768: [GC cleanup 2143M->1263M(3732M), 0.0040687 secs]
4762.772: [GC concurrent-cleanup-start]
4762.774: [GC concurrent-cleanup-end, 0.0020830 secs]
4763.616: [GC pause (G1 Evacuation Pause) (young) 2391M->893M(3732M), 0.0619004 secs]
4763.745: [GC pause (G1 Evacuation Pause) (mixed) 967M->615M(3732M), 0.0624764 secs]
4765.880: [GC pause (G1 Evacuation Pause) (young) 2845M->656M(3732M), 0.0740289 secs]
4767.827: [GC pause (G1 Evacuation Pause) (young) 2926M->761M(3732M), 0.1215374 secs]
4769.729: [GC pause (G1 Evacuation Pause) (young) 2856M->797M(3732M), 0.1014810 secs]
4771.620: [GC pause (G1 Evacuation Pause) (young) 2865M->846M(3732M), 0.1174755 secs]
4773.695: [GC pause (G1 Evacuation Pause) (young) 2980M->849M(3732M), 0.0782320 secs]
4775.674: [GC pause (G1 Evacuation Pause) (young) 2992M->880M(3732M), 0.0818172 secs]
4777.603: [GC pause (G1 Evacuation Pause) (young) 2980M->915M(3732M), 0.0831634 secs]
4779.442: [GC pause (G1 Evacuation Pause) (young) 2981M->881M(3732M), 0.0721165 secs]
4781.419: [GC pause (G1 Evacuation Pause) (young) 3021M->911M(3732M), 0.0871058 secs]
4783.294: [GC pause (G1 Evacuation Pause) (young) 3009M->948M(3732M), 0.0919945 secs]
4785.252: [GC pause (G1 Evacuation Pause) (young) 3010M->909M(3732M), 0.0791634 secs]
4787.252: [GC pause (G1 Evacuation Pause) (young) 3054M->941M(3732M), 0.0982909 secs]
4789.016: [GC pause (G1 Evacuation Pause) (young) 3103M->1027M(3732M), 0.1417469 secs]
4790.880: [GC pause (G1 Evacuation Pause) (young) 3033M->1014M(3732M), 0.1115926 secs]
4792.733: [GC pause (G1 Evacuation Pause) (young) 3116M->1075M(3732M), 0.1166277 secs]
4794.731: [GC pause (G1 Evacuation Pause) (young) 3201M->1082M(3732M), 0.0834693 secs]
4796.673: [GC pause (G1 Evacuation Pause) (young) 3212M->1121M(3732M), 0.0827849 secs]
4798.546: [GC pause (G1 Evacuation Pause) (young) 3227M->1136M(3732M), 0.0968355 secs]
4800.457: [GC pause (G1 Evacuation Pause) (young) 3214M->1157M(3732M), 0.0825985 secs]
4802.315: [GC pause (G1 Evacuation Pause) (young) 3187M->1183M(3732M), 0.0906881 secs]
4804.257: [GC pause (G1 Evacuation Pause) (young) 3209M->1209M(3732M), 0.1077219 secs]
4806.135: [GC pause (G1 Evacuation Pause) (young) 3221M->1221M(3732M), 0.0855484 secs]
4808.052: [GC pause (G1 Evacuation Pause) (young) 3201M->1253M(3732M), 0.0924976 secs]
4809.972: [GC pause (G1 Evacuation Pause) (young) 3301M->1309M(3732M), 0.0919903 secs]
4811.569: [GC pause (G1 Evacuation Pause) (young) 3221M->1349M(3732M), 0.1391118 secs]
4813.314: [GC pause (G1 Evacuation Pause) (young) 3121M->1378M(3732M), 0.1184504 secs]
4815.112: [GC pause (G1 Evacuation Pause) (young) 3200M->1415M(3732M), 0.1133688 secs]
4816.863: [GC pause (G1 Evacuation Pause) (young) 3289M->1448M(3732M), 0.0755440 secs]
4818.574: [GC pause (G1 Evacuation Pause) (young) 3246M->1480M(3732M), 0.0772220 secs]
4820.235: [GC pause (G1 Evacuation Pause) (young) 3214M->1503M(3732M), 0.0761387 secs]
4821.828: [GC pause (G1 Evacuation Pause) (young) 3209M->1508M(3732M), 0.0680009 secs]
4823.413: [GC pause (G1 Evacuation Pause) (young) 3270M->1543M(3732M), 0.0940178 secs]
4825.007: [GC pause (G1 Evacuation Pause) (young) 3205M->1572M(3732M), 0.0773129 secs]
4826.544: [GC pause (G1 Evacuation Pause) (young) 3224M->1594M(3732M), 0.0840555 secs]
4828.105: [GC pause (G1 Evacuation Pause) (young) 3222M->1576M(3732M), 0.0527480 secs]
4829.576: [GC pause (G1 Evacuation Pause) (young) 3295M->1627M(3732M), 0.0870448 secs]
4831.187: [GC pause (G1 Evacuation Pause) (young) 3221M->1634M(3732M), 0.0763081 secs]
4832.568: [GC pause (G1 Evacuation Pause) (young) 3319M->1766M(3732M), 0.1095660 secs]
4833.862: [GC pause (G1 Evacuation Pause) (young) 3153M->1727M(3732M), 0.0929784 secs]
4835.156: [GC pause (G1 Evacuation Pause) (young) 3223M->1776M(3732M), 0.1223818 secs]
4836.017: [GC pause (G1 Humongous Allocation) (young) (initial-mark) 2537M->1781M(3732M), 0.0630452 secs]
4836.080: [GC concurrent-root-region-scan-start]
4836.130: [GC concurrent-root-region-scan-end, 0.0505118 secs]
4836.130: [GC concurrent-mark-start]
4836.350: [GC concurrent-mark-end, 0.2195134 secs]
4836.350: [GC remark, 0.0070771 secs]
4836.357: [GC cleanup 2100M->1018M(3732M), 0.0048956 secs]
4836.362: [GC concurrent-cleanup-start]
4836.365: [GC concurrent-cleanup-end, 0.0021926 secs]
4837.337: [GC pause (G1 Evacuation Pause) (young) 2175M->731M(3732M), 0.0720261 secs]
4837.448: [GC pause (G1 Evacuation Pause) (mixed) 779M->585M(3732M), 0.0636924 secs]
4839.505: [GC pause (G1 Evacuation Pause) (young) 2813M->630M(3732M), 0.0739145 secs]
4841.576: [GC pause (G1 Evacuation Pause) (young) 2836M->676M(3732M), 0.0739218 secs]
4843.481: [GC pause (G1 Evacuation Pause) (young) 2808M->703M(3732M), 0.0768760 secs]
4845.442: [GC pause (G1 Evacuation Pause) (young) 2813M->700M(3732M), 0.0733854 secs]
4847.376: [GC pause (G1 Evacuation Pause) (young) 2826M->729M(3732M), 0.0833255 secs]
4849.383: [GC pause (G1 Evacuation Pause) (young) 2813M->770M(3732M), 0.1007527 secs]
4851.398: [GC pause (G1 Evacuation Pause) (young) 2840M->744M(3732M), 0.0780950 secs]
4853.498: [GC pause (G1 Evacuation Pause) (young) 2899M->779M(3732M), 0.0914915 secs]
4855.080: [GC pause (G1 Evacuation Pause) (young) 2959M->879M(3732M), 0.1427995 secs]
4856.928: [GC pause (G1 Evacuation Pause) (young) 2873M->856M(3732M), 0.1097537 secs]
4858.858: [GC pause (G1 Evacuation Pause) (young) 2955M->915M(3732M), 0.1254461 secs]
4860.890: [GC pause (G1 Evacuation Pause) (young) 3053M->933M(3732M), 0.0950589 secs]
4862.818: [GC pause (G1 Evacuation Pause) (young) 3043M->916M(3732M), 0.0585302 secs]
4864.710: [GC pause (G1 Evacuation Pause) (young) 3073M->973M(3732M), 0.0914079 secs]
4866.630: [GC pause (G1 Evacuation Pause) (young) 3053M->993M(3732M), 0.0946070 secs]
4868.540: [GC pause (G1 Evacuation Pause) (young) 3069M->1015M(3732M), 0.0976150 secs]
4870.513: [GC pause (G1 Evacuation Pause) (young) 3111M->1048M(3732M), 0.1043047 secs]
4872.516: [GC pause (G1 Evacuation Pause) (young) 3130M->1075M(3732M), 0.0971461 secs]
4874.642: [GC pause (G1 Evacuation Pause) (young) 3159M->1092M(3732M), 0.1008410 secs]
4876.570: [GC pause (G1 Evacuation Pause) (young) 3274M->1173M(3732M), 0.1382585 secs]
4878.441: [GC pause (G1 Evacuation Pause) (young) 3151M->1245M(3732M), 0.1219764 secs]
4880.359: [GC pause (G1 Evacuation Pause) (young) 3263M->1273M(3732M), 0.0752581 secs]
4882.291: [GC pause (G1 Evacuation Pause) (young) 3283M->1298M(3732M), 0.0624154 secs]
4884.030: [GC pause (G1 Evacuation Pause) (young) 3260M->1334M(3732M), 0.0790861 secs]
4885.811: [GC pause (G1 Evacuation Pause) (young) 3212M->1348M(3732M), 0.0839625 secs]
4887.534: [GC pause (G1 Evacuation Pause) (young) 3208M->1353M(3732M), 0.0654819 secs]
4889.353: [GC pause (G1 Evacuation Pause) (young) 3272M->1397M(3732M), 0.0958589 secs]
4891.070: [GC pause (G1 Evacuation Pause) (young) 3207M->1414M(3732M), 0.0873123 secs]
4892.765: [GC pause (G1 Evacuation Pause) (young) 3218M->1451M(3732M), 0.0868715 secs]
4894.503: [GC pause (G1 Evacuation Pause) (young) 3240M->1457M(3732M), 0.0736624 secs]
4896.229: [GC pause (G1 Evacuation Pause) (young) 3251M->1476M(3732M), 0.0811201 secs]
4897.718: [GC pause (G1 Evacuation Pause) (young) 3293M->1580M(3732M), 0.1307099 secs]
4899.178: [GC pause (G1 Evacuation Pause) (young) 3134M->1683M(3732M), 0.1243773 secs]
4900.761: [GC pause (G1 Evacuation Pause) (young) 3292M->1714M(3732M), 0.0648978 secs]
4902.221: [GC pause (G1 Evacuation Pause) (young) 3281M->1750M(3732M), 0.0643636 secs]
4903.650: [GC pause (G1 Evacuation Pause) (young) 3236M->1752M(3732M), 0.0561306 secs]
4905.067: [GC pause (G1 Evacuation Pause) (young) 3265M->1786M(3732M), 0.0748374 secs]
4906.565: [GC pause (G1 Evacuation Pause) (young) 3231M->1764M(3732M), 0.0519902 secs]
4906.659: [GC pause (G1 Humongous Allocation) (young) (initial-mark) 1818M->1769M(3732M), 0.0373116 secs]
4906.696: [GC concurrent-root-region-scan-start]
4906.732: [GC concurrent-root-region-scan-end, 0.0355004 secs]
4906.732: [GC concurrent-mark-start]
4907.008: [GC concurrent-mark-end, 0.2764363 secs]
4907.009: [GC remark, 0.0068890 secs]
4907.016: [GC cleanup 2143M->1133M(3732M), 0.0044996 secs]
4907.020: [GC concurrent-cleanup-start]
4907.023: [GC concurrent-cleanup-end, 0.0021649 secs]
4907.946: [GC pause (G1 Evacuation Pause) (young) 2246M->800M(3732M), 0.0775574 secs]
4908.060: [GC pause (G1 Evacuation Pause) (mixed) 844M->580M(3732M), 0.0806789 secs]
4910.109: [GC pause (G1 Evacuation Pause) (young) 2809M->623M(3732M), 0.0723064 secs]
4912.147: [GC pause (G1 Evacuation Pause) (young) 2810M->651M(3732M), 0.0539956 secs]
4914.083: [GC pause (G1 Evacuation Pause) (young) 2822M->703M(3732M), 0.0863083 secs]
4916.015: [GC pause (G1 Evacuation Pause) (young) 2810M->718M(3732M), 0.0841456 secs]
4918.054: [GC pause (G1 Evacuation Pause) (young) 2809M->706M(3732M), 0.0682757 secs]
4920.064: [GC pause (G1 Evacuation Pause) (young) 2939M->786M(3732M), 0.0918089 secs]
4921.836: [GC pause (G1 Evacuation Pause) (young) 2868M->832M(3732M), 0.1207207 secs]
4923.702: [GC pause (G1 Evacuation Pause) (young) 2860M->835M(3732M), 0.1051994 secs]
4925.594: [GC pause (G1 Evacuation Pause) (young) 2940M->894M(3732M), 0.1211619 secs]
4927.697: [GC pause (G1 Evacuation Pause) (young) 3024M->906M(3732M), 0.0794134 secs]
4929.707: [GC pause (G1 Evacuation Pause) (young) 3034M->917M(3732M), 0.0632717 secs]
4931.643: [GC pause (G1 Evacuation Pause) (young) 3056M->954M(3732M), 0.0986446 secs]
4933.591: [GC pause (G1 Evacuation Pause) (young) 3034M->977M(3732M), 0.0943480 secs]
4935.568: [GC pause (G1 Evacuation Pause) (young) 3041M->960M(3732M), 0.0745520 secs]
4937.539: [GC pause (G1 Evacuation Pause) (young) 3095M->997M(3732M), 0.1058911 secs]
4939.524: [GC pause (G1 Evacuation Pause) (young) 3073M->1014M(3732M), 0.0904850 secs]
4941.712: [GC pause (G1 Evacuation Pause) (young) 3098M->984M(3732M), 0.0651021 secs]
4942.643: [GC pause (G1 Evacuation Pause) (young) 2118M->1077M(3732M), 0.0846712 secs]
4944.351: [GC pause (G1 Evacuation Pause) (young) 3251M->1143M(3732M), 0.1427065 secs]
4946.329: [GC pause (G1 Evacuation Pause) (young) 3173M->1170M(3732M), 0.0934879 secs]
4948.335: [GC pause (G1 Evacuation Pause) (young) 3222M->1203M(3732M), 0.1075423 secs]
4950.159: [GC pause (G1 Evacuation Pause) (young) 3212M->1263M(3732M), 0.1176632 secs]
4952.063: [GC pause (G1 Evacuation Pause) (young) 3231M->1273M(3732M), 0.0807668 secs]
4953.810: [GC pause (G1 Evacuation Pause) (young) 3223M->1279M(3732M), 0.0726925 secs]
4955.662: [GC pause (G1 Evacuation Pause) (young) 3240M->1323M(3732M), 0.1017759 secs]
4957.505: [GC pause (G1 Evacuation Pause) (young) 3191M->1338M(3732M), 0.0817968 secs]
4959.275: [GC pause (G1 Evacuation Pause) (young) 3238M->1373M(3732M), 0.0918785 secs]
4960.989: [GC pause (G1 Evacuation Pause) (young) 3222M->1390M(3732M), 0.0909910 secs]
4962.715: [GC pause (G1 Evacuation Pause) (young) 3220M->1400M(3732M), 0.0697485 secs]
4964.470: [GC pause (G1 Evacuation Pause) (young) 3246M->1429M(3732M), 0.0741389 secs]
4965.892: [GC pause (G1 Evacuation Pause) (young) 3296M->1504M(3732M), 0.1293492 secs]
4967.405: [GC pause (G1 Evacuation Pause) (young) 3177M->1590M(3732M), 0.1322117 secs]
4969.013: [GC pause (G1 Evacuation Pause) (young) 3270M->1621M(3732M), 0.0776269 secs]
4970.470: [GC pause (G1 Evacuation Pause) (young) 3255M->1636M(3732M), 0.0550575 secs]
4971.887: [GC pause (G1 Evacuation Pause) (young) 3248M->1644M(3732M), 0.0613778 secs]
4973.367: [GC pause (G1 Evacuation Pause) (young) 3261M->1672M(3732M), 0.0793869 secs]
4974.670: [GC pause (G1 Evacuation Pause) (young) 3208M->1695M(3732M), 0.0744875 secs]
4976.088: [GC pause (G1 Evacuation Pause) (young) 3231M->1722M(3732M), 0.0712525 secs]
4977.518: [GC pause (G1 Evacuation Pause) (young) 3230M->1729M(3732M), 0.0622814 secs]
4978.964: [GC pause (G1 Evacuation Pause) (young) 3274M->1755M(3732M), 0.0858254 secs]
4980.336: [GC pause (G1 Evacuation Pause) (young) 3217M->1776M(3732M), 0.0667900 secs]
4981.715: [GC pause (G1 Evacuation Pause) (young) 3238M->1803M(3732M), 0.0711766 secs]
4983.050: [GC pause (G1 Evacuation Pause) (young) (initial-mark) 3237M->1831M(3732M), 0.0719126 secs]
4983.122: [GC concurrent-root-region-scan-start]
4983.174: [GC concurrent-root-region-scan-end, 0.0526187 secs]
4983.174: [GC concurrent-mark-start]
4983.545: [GC concurrent-mark-end, 0.3706951 secs]
4983.545: [GC remark, 0.0073080 secs]
4983.553: [GC cleanup 2229M->1331M(3732M), 0.0040691 secs]
4983.557: [GC concurrent-cleanup-start]
4983.559: [GC concurrent-cleanup-end, 0.0019294 secs]
4984.468: [GC pause (G1 Evacuation Pause) (young) 2337M->920M(3732M), 0.0590422 secs]
4984.605: [GC pause (G1 Evacuation Pause) (mixed) 1039M->645M(3732M), 0.0726985 secs]
4986.532: [GC pause (G1 Evacuation Pause) (young) 2863M->685M(3732M), 0.0697793 secs]
4988.304: [GC pause (G1 Evacuation Pause) (young) 2944M->805M(3732M), 0.1298292 secs]
4990.242: [GC pause (G1 Evacuation Pause) (young) 2885M->825M(3732M), 0.1170962 secs]
4992.208: [GC pause (G1 Evacuation Pause) (young) 2875M->884M(3732M), 0.0996617 secs]
4994.092: [GC pause (G1 Evacuation Pause) (young) 3036M->925M(3732M), 0.0913080 secs]
4996.055: [GC pause (G1 Evacuation Pause) (young) 3056M->933M(3732M), 0.0783693 secs]
4997.896: [GC pause (G1 Evacuation Pause) (young) 3045M->958M(3732M), 0.0903433 secs]
4999.738: [GC pause (G1 Evacuation Pause) (young) 3038M->977M(3732M), 0.0902597 secs]
5001.497: [GC pause (G1 Evacuation Pause) (young) 3075M->968M(3732M), 0.0804438 secs]
5003.273: [GC pause (G1 Evacuation Pause) (young) 3087M->989M(3732M), 0.0906258 secs]
5005.117: [GC pause (G1 Evacuation Pause) (young) 3077M->1025M(3732M), 0.0914211 secs]
5007.075: [GC pause (G1 Evacuation Pause) (young) 3097M->1051M(3732M), 0.0847446 secs]
5008.999: [GC pause (G1 Evacuation Pause) (young) 3168M->1059M(3732M), 0.0906667 secs]
5010.579: [GC pause (G1 Evacuation Pause) (young) 3217M->1175M(3732M), 0.1400244 secs]
5012.420: [GC pause (G1 Evacuation Pause) (young) 3115M->1227M(3732M), 0.1317147 secs]
5014.223: [GC pause (G1 Evacuation Pause) (young) 3212M->1285M(3732M), 0.1156699 secs]
5016.021: [GC pause (G1 Evacuation Pause) (young) 3245M->1307M(3732M), 0.0902546 secs]
5017.745: [GC pause (G1 Evacuation Pause) (young) 3233M->1323M(3732M), 0.0759344 secs]
5019.536: [GC pause (G1 Evacuation Pause) (young) 3217M->1318M(3732M), 0.0628079 secs]
5021.153: [GC pause (G1 Evacuation Pause) (young) 3265M->1366M(3732M), 0.0956225 secs]
5022.860: [GC pause (G1 Evacuation Pause) (young) 3200M->1387M(3732M), 0.0898318 secs]
5024.643: [GC pause (G1 Evacuation Pause) (young) 3213M->1381M(3732M), 0.0692062 secs]
5026.356: [GC pause (G1 Evacuation Pause) (young) 3280M->1435M(3732M), 0.0983664 secs]
5027.964: [GC pause (G1 Evacuation Pause) (young) 3205M->1448M(3732M), 0.0782055 secs]
5029.704: [GC pause (G1 Evacuation Pause) (young) 3218M->1451M(3732M), 0.0711147 secs]
5031.342: [GC pause (G1 Evacuation Pause) (young) 3331M->1533M(3732M), 0.0967344 secs]
5032.676: [GC pause (G1 Evacuation Pause) (young) 3228M->1571M(3732M), 0.1340524 secs]
5034.184: [GC pause (G1 Evacuation Pause) (young) 3153M->1602M(3732M), 0.1168389 secs]
5035.720: [GC pause (G1 Evacuation Pause) (young) 3222M->1640M(3732M), 0.1133386 secs]
5037.277: [GC pause (G1 Evacuation Pause) (young) 3276M->1644M(3732M), 0.0587815 secs]
5038.748: [GC pause (G1 Evacuation Pause) (young) 3303M->1700M(3732M), 0.0854648 secs]
5040.115: [GC pause (G1 Evacuation Pause) (young) 3226M->1714M(3732M), 0.0673383 secs]
5041.540: [GC pause (G1 Evacuation Pause) (young) 3232M->1751M(3732M), 0.0767702 secs]
5042.909: [GC pause (G1 Evacuation Pause) (young) 3221M->1735M(3732M), 0.0509769 secs]
5043.659: [GC pause (G1 Humongous Allocation) (young) (initial-mark) 2470M->1753M(3732M), 0.0496645 secs]
5043.709: [GC concurrent-root-region-scan-start]
5043.740: [GC concurrent-root-region-scan-end, 0.0307644 secs]
5043.740: [GC concurrent-mark-start]
5043.997: [GC concurrent-mark-end, 0.2573327 secs]
5043.997: [GC remark, 0.0070630 secs]
5044.005: [GC cleanup 2106M->1098M(3732M), 0.0037094 secs]
5044.008: [GC concurrent-cleanup-start]
5044.010: [GC concurrent-cleanup-end, 0.0017903 secs]
5044.957: [GC pause (G1 Evacuation Pause) (young) 2272M->790M(3732M), 0.0747760 secs]
5045.066: [GC pause (G1 Evacuation Pause) (mixed) 838M->608M(3732M), 0.0662593 secs]
5047.129: [GC pause (G1 Evacuation Pause) (young) 2837M->651M(3732M), 0.0723307 secs]
5049.156: [GC pause (G1 Evacuation Pause) (young) 2836M->679M(3732M), 0.0607698 secs]
5051.240: [GC pause (G1 Evacuation Pause) (young) 2858M->716M(3732M), 0.0895442 secs]
5053.188: [GC pause (G1 Evacuation Pause) (young) 2908M->771M(3732M), 0.0912910 secs]
5055.038: [GC pause (G1 Evacuation Pause) (young) 2898M->829M(3732M), 0.1341283 secs]
5056.931: [GC pause (G1 Evacuation Pause) (young) 2847M->853M(3732M), 0.1391660 secs]
5058.843: [GC pause (G1 Evacuation Pause) (young) 2921M->881M(3732M), 0.1261693 secs]
5060.880: [GC pause (G1 Evacuation Pause) (young) 3029M->899M(3732M), 0.0817264 secs]
5062.769: [GC pause (G1 Evacuation Pause) (young) 3046M->949M(3732M), 0.0986023 secs]
5064.734: [GC pause (G1 Evacuation Pause) (young) 3025M->974M(3732M), 0.0933134 secs]
5066.786: [GC pause (G1 Evacuation Pause) (young) 3067M->967M(3732M), 0.0865136 secs]
5068.706: [GC pause (G1 Evacuation Pause) (young) 3080M->1010M(3732M), 0.0983928 secs]
5070.610: [GC pause (G1 Evacuation Pause) (young) 3067M->1033M(3732M), 0.0992965 secs]
5072.612: [GC pause (G1 Evacuation Pause) (young) 3109M->1000M(3732M), 0.0804220 secs]
5074.689: [GC pause (G1 Evacuation Pause) (young) 3149M->1037M(3732M), 0.0932084 secs]
5076.313: [GC pause (G1 Evacuation Pause) (young) 3200M->1127M(3732M), 0.1394898 secs]
5078.233: [GC pause (G1 Evacuation Pause) (young) 3127M->1126M(3732M), 0.1114301 secs]
5080.175: [GC pause (G1 Evacuation Pause) (young) 3213M->1186M(3732M), 0.1374615 secs]
5082.188: [GC pause (G1 Evacuation Pause) (young) 3242M->1195M(3732M), 0.0810855 secs]
5084.137: [GC pause (G1 Evacuation Pause) (young) 3245M->1202M(3732M), 0.0715384 secs]
5086.016: [GC pause (G1 Evacuation Pause) (young) 3257M->1240M(3732M), 0.0963930 secs]
5087.885: [GC pause (G1 Evacuation Pause) (young) 3197M->1256M(3732M), 0.0824611 secs]
5089.687: [GC pause (G1 Evacuation Pause) (young) 3218M->1260M(3732M), 0.0805727 secs]
5091.541: [GC pause (G1 Evacuation Pause) (young) 3239M->1293M(3732M), 0.0980319 secs]
5093.262: [GC pause (G1 Evacuation Pause) (young) 3186M->1316M(3732M), 0.0812148 secs]
5095.055: [GC pause (G1 Evacuation Pause) (young) 3192M->1342M(3732M), 0.0913025 secs]
5096.963: [GC pause (G1 Evacuation Pause) (young) 3223M->1355M(3732M), 0.0942985 secs]
5098.551: [GC pause (G1 Evacuation Pause) (young) 3303M->1471M(3732M), 0.1414973 secs]
5100.139: [GC pause (G1 Evacuation Pause) (young) 3129M->1494M(3732M), 0.1131773 secs]
5101.836: [GC pause (G1 Evacuation Pause) (young) 3273M->1531M(3732M), 0.0680222 secs]
5103.513: [GC pause (G1 Evacuation Pause) (young) 3303M->1571M(3732M), 0.0804199 secs]
5105.050: [GC pause (G1 Evacuation Pause) (young) 3233M->1584M(3732M), 0.0642526 secs]
5106.641: [GC pause (G1 Evacuation Pause) (young) 3227M->1609M(3732M), 0.0814072 secs]
5108.163: [GC pause (G1 Evacuation Pause) (young) 3224M->1614M(3732M), 0.0615988 secs]
5109.645: [GC pause (G1 Evacuation Pause) (young) 3269M->1652M(3732M), 0.0869087 secs]
5111.097: [GC pause (G1 Evacuation Pause) (young) 3213M->1662M(3732M), 0.0742742 secs]
5112.580: [GC pause (G1 Evacuation Pause) (young) 3232M->1699M(3732M), 0.0767480 secs]
5114.065: [GC pause (G1 Evacuation Pause) (young) 3232M->1694M(3732M), 0.0665383 secs]
5115.587: [GC pause (G1 Evacuation Pause) (young) 3279M->1723M(3732M), 0.0652485 secs]
5116.932: [GC pause (G1 Evacuation Pause) (young) 3235M->1745M(3732M), 0.0678716 secs]
5118.330: [GC pause (G1 Evacuation Pause) (young) 3224M->1760M(3732M), 0.0657895 secs]
5119.738: [GC pause (G1 Evacuation Pause) (young) 3240M->1755M(3732M), 0.0643947 secs]
5120.058: [GC pause (G1 Humongous Allocation) (young) (initial-mark) 1986M->1742M(3732M), 0.0435721 secs]
5120.102: [GC concurrent-root-region-scan-start]
5120.140: [GC concurrent-root-region-scan-end, 0.0379375 secs]
5120.140: [GC concurrent-mark-start]
5120.359: [GC concurrent-mark-end, 0.2189702 secs]
5120.359: [GC remark, 0.0071701 secs]
5120.367: [GC cleanup 2086M->1126M(3732M), 0.0040708 secs]
5120.371: [GC concurrent-cleanup-start]
5120.373: [GC concurrent-cleanup-end, 0.0016247 secs]
5121.269: [GC pause (G1 Evacuation Pause) (young) 2402M->907M(3732M), 0.1333151 secs]
5121.404: [GC pause (G1 Evacuation Pause) (mixed) 909M->717M(3732M), 0.1058907 secs]
5123.445: [GC pause (G1 Evacuation Pause) (young) 2949M->766M(3732M), 0.0714215 secs]
5125.425: [GC pause (G1 Evacuation Pause) (young) 2948M->802M(3732M), 0.0604161 secs]
5127.454: [GC pause (G1 Evacuation Pause) (young) 2969M->840M(3732M), 0.0753191 secs]
5129.344: [GC pause (G1 Evacuation Pause) (young) 2950M->860M(3732M), 0.0751254 secs]
5131.263: [GC pause (G1 Evacuation Pause) (young) 2947M->883M(3732M), 0.0905255 secs]
5133.216: [GC pause (G1 Evacuation Pause) (young) 3001M->893M(3732M), 0.0925607 secs]
5135.113: [GC pause (G1 Evacuation Pause) (young) 2990M->918M(3732M), 0.0946518 secs]
5136.927: [GC pause (G1 Evacuation Pause) (young) 2977M->930M(3732M), 0.0849127 secs]
5138.884: [GC pause (G1 Evacuation Pause) (young) 3021M->906M(3732M), 0.0685671 secs]
5141.019: [GC pause (G1 Evacuation Pause) (young) 3042M->927M(3732M), 0.0841729 secs]
5142.876: [GC pause (G1 Evacuation Pause) (young) 3102M->1053M(3732M), 0.1243611 secs]
5144.801: [GC pause (G1 Evacuation Pause) (young) 3062M->1009M(3732M), 0.1137699 secs]
5146.767: [GC pause (G1 Evacuation Pause) (young) 3103M->1059M(3732M), 0.1373744 secs]
5148.660: [GC pause (G1 Evacuation Pause) (young) 3169M->1079M(3732M), 0.1006111 secs]
5150.590: [GC pause (G1 Evacuation Pause) (young) 3169M->1083M(3732M), 0.0693569 secs]
5152.501: [GC pause (G1 Evacuation Pause) (young) 3246M->1119M(3732M), 0.0955418 secs]
5154.509: [GC pause (G1 Evacuation Pause) (young) 3225M->1154M(3732M), 0.0868007 secs]
5156.425: [GC pause (G1 Evacuation Pause) (young) 3188M->1119M(3732M), 0.0638571 secs]
5158.312: [GC pause (G1 Evacuation Pause) (young) 3261M->1167M(3732M), 0.1006060 secs]
5160.191: [GC pause (G1 Evacuation Pause) (young) 3191M->1177M(3732M), 0.0749654 secs]
5162.194: [GC pause (G1 Evacuation Pause) (young) 3197M->1147M(3732M), 0.0562808 secs]
5164.164: [GC pause (G1 Evacuation Pause) (young) 3341M->1238M(3732M), 0.0938949 secs]
5165.641: [GC pause (G1 Evacuation Pause) (young) 3245M->1301M(3732M), 0.1448505 secs]
5167.361: [GC pause (G1 Evacuation Pause) (young) 3107M->1267M(3732M), 0.0992300 secs]
5169.110: [GC pause (G1 Evacuation Pause) (young) 3221M->1316M(3732M), 0.1273716 secs]
5170.956: [GC pause (G1 Evacuation Pause) (young) 3252M->1324M(3732M), 0.0695258 secs]
5172.692: [GC pause (G1 Evacuation Pause) (young) 3252M->1360M(3732M), 0.0755909 secs]
5174.354: [GC pause (G1 Evacuation Pause) (young) 3216M->1351M(3732M), 0.0619474 secs]
5175.988: [GC pause (G1 Evacuation Pause) (young) 3267M->1394M(3732M), 0.0897076 secs]
5177.647: [GC pause (G1 Evacuation Pause) (young) 3196M->1398M(3732M), 0.0723201 secs]
5179.281: [GC pause (G1 Evacuation Pause) (young) 3221M->1450M(3732M), 0.0891329 secs]
5180.830: [GC pause (G1 Evacuation Pause) (young) 3226M->1468M(3732M), 0.0964178 secs]
5182.482: [GC pause (G1 Evacuation Pause) (young) 3220M->1480M(3732M), 0.0694085 secs]
5184.078: [GC pause (G1 Evacuation Pause) (young) 3245M->1510M(3732M), 0.0734780 secs]
5185.758: [GC pause (G1 Evacuation Pause) (young) 3214M->1497M(3732M), 0.0593878 secs]
5186.949: [GC pause (G1 Evacuation Pause) (young) 3352M->1619M(3732M), 0.1443103 secs]
5188.422: [GC pause (G1 Evacuation Pause) (young) 3119M->1642M(3732M), 0.1186762 secs]
5189.986: [GC pause (G1 Evacuation Pause) (young) 3275M->1672M(3732M), 0.0656410 secs]
5191.477: [GC pause (G1 Evacuation Pause) (young) 3274M->1682M(3732M), 0.0395725 secs]
5192.887: [GC pause (G1 Evacuation Pause) (young) 3299M->1743M(3732M), 0.0810467 secs]
5194.255: [GC pause (G1 Evacuation Pause) (young) 3218M->1751M(3732M), 0.0738151 secs]
5195.606: [GC pause (G1 Evacuation Pause) (young) 3241M->1766M(3732M), 0.0732169 secs]
5196.933: [GC pause (G1 Evacuation Pause) (young) 3237M->1780M(3732M), 0.0718256 secs]
5198.329: [GC pause (G1 Evacuation Pause) (young) 3230M->1780M(3732M), 0.0481199 secs]
5198.541: [GC pause (G1 Humongous Allocation) (young) (initial-mark) 1932M->1772M(3732M), 0.0369225 secs]
5198.578: [GC concurrent-root-region-scan-start]
5198.610: [GC concurrent-root-region-scan-end, 0.0317551 secs]
5198.610: [GC concurrent-mark-start]
5198.927: [GC concurrent-mark-end, 0.3169718 secs]
5198.927: [GC remark, 0.0069240 secs]
5198.934: [GC cleanup 2200M->1117M(3732M), 0.0039394 secs]
5198.938: [GC concurrent-cleanup-start]
5198.940: [GC concurrent-cleanup-end, 0.0017882 secs]
5199.846: [GC pause (G1 Evacuation Pause) (young) 2219M->741M(3732M), 0.0770548 secs]
5199.967: [GC pause (G1 Evacuation Pause) (mixed) 795M->628M(3732M), 0.0610104 secs]
5201.980: [GC pause (G1 Evacuation Pause) (young) 2856M->673M(3732M), 0.0656935 secs]
5204.012: [GC pause (G1 Evacuation Pause) (young) 2855M->701M(3732M), 0.0580707 secs]
5205.906: [GC pause (G1 Evacuation Pause) (young) 2877M->732M(3732M), 0.0826484 secs]
5207.993: [GC pause (G1 Evacuation Pause) (young) 2937M->795M(3732M), 0.0820314 secs]
5209.740: [GC pause (G1 Evacuation Pause) (young) 2887M->816M(3732M), 0.1061198 secs]
5211.487: [GC pause (G1 Evacuation Pause) (young) 2878M->874M(3732M), 0.1490864 secs]
5213.307: [GC pause (G1 Evacuation Pause) (young) 2927M->896M(3732M), 0.1336837 secs]
5215.274: [GC pause (G1 Evacuation Pause) (young) 3039M->908M(3732M), 0.0766721 secs]
5216.999: [GC pause (G1 Evacuation Pause) (young) 3058M->930M(3732M), 0.0714194 secs]
5218.775: [GC pause (G1 Evacuation Pause) (young) 3041M->949M(3732M), 0.0810582 secs]
5220.611: [GC pause (G1 Evacuation Pause) (young) 3038M->968M(3732M), 0.0855740 secs]
5222.689: [GC pause (G1 Evacuation Pause) (young) 3076M->989M(3732M), 0.0856790 secs]
5224.612: [GC pause (G1 Evacuation Pause) (young) 3095M->1012M(3732M), 0.0826364 secs]
5226.468: [GC pause (G1 Evacuation Pause) (young) 3093M->1047M(3732M), 0.0948967 secs]
5228.577: [GC pause (G1 Evacuation Pause) (young) 3130M->1034M(3732M), 0.0748353 secs]
5230.535: [GC pause (G1 Evacuation Pause) (young) 3172M->1052M(3732M), 0.0846699 secs]
5232.241: [GC pause (G1 Evacuation Pause) (young) 3231M->1154M(3732M), 0.1560855 secs]
5234.180: [GC pause (G1 Evacuation Pause) (young) 3104M->1113M(3732M), 0.0888363 secs]
5236.070: [GC pause (G1 Evacuation Pause) (young) 3229M->1174M(3732M), 0.1258809 secs]
5237.889: [GC pause (G1 Evacuation Pause) (young) 3147M->1217M(3732M), 0.1146983 secs]
5239.797: [GC pause (G1 Evacuation Pause) (young) 3238M->1210M(3732M), 0.0808624 secs]
5241.650: [GC pause (G1 Evacuation Pause) (young) 3264M->1251M(3732M), 0.0909373 secs]
5243.439: [GC pause (G1 Evacuation Pause) (young) 3195M->1273M(3732M), 0.0811580 secs]
5245.256: [GC pause (G1 Evacuation Pause) (young) 3200M->1300M(3732M), 0.0949821 secs]
5247.008: [GC pause (G1 Evacuation Pause) (young) 3223M->1327M(3732M), 0.1005407 secs]
5248.782: [GC pause (G1 Evacuation Pause) (young) 3208M->1355M(3732M), 0.0896735 secs]
5250.452: [GC pause (G1 Evacuation Pause) (young) 3199M->1363M(3732M), 0.0729456 secs]
5252.273: [GC pause (G1 Evacuation Pause) (young) 3247M->1373M(3732M), 0.0706471 secs]
5253.640: [GC pause (G1 Evacuation Pause) (young) 3308M->1484M(3732M), 0.1533463 secs]
5255.220: [GC pause (G1 Evacuation Pause) (young) 3115M->1525M(3732M), 0.1286439 secs]
5256.912: [GC pause (G1 Evacuation Pause) (young) 3265M->1541M(3732M), 0.0614712 secs]
5258.491: [GC pause (G1 Evacuation Pause) (young) 3305M->1598M(3732M), 0.0713878 secs]
5259.952: [GC pause (G1 Evacuation Pause) (young) 3237M->1609M(3732M), 0.0688163 secs]
5261.394: [GC pause (G1 Evacuation Pause) (young) 3219M->1636M(3732M), 0.0747474 secs]
5262.934: [GC pause (G1 Evacuation Pause) (young) 3222M->1656M(3732M), 0.0761362 secs]
5264.485: [GC pause (G1 Evacuation Pause) (young) 3258M->1680M(3732M), 0.0703169 secs]
5265.864: [GC pause (G1 Evacuation Pause) (young) 3240M->1697M(3732M), 0.0725095 secs]
5267.238: [GC pause (G1 Evacuation Pause) (young) 3220M->1708M(3732M), 0.0713114 secs]
5268.640: [GC pause (G1 Evacuation Pause) (young) 3232M->1743M(3732M), 0.0737699 secs]
5270.047: [GC pause (G1 Evacuation Pause) (young) 3236M->1737M(3732M), 0.0579840 secs]
5271.469: [GC pause (G1 Evacuation Pause) (young) 3279M->1758M(3732M), 0.0680304 secs]
5272.769: [GC pause (G1 Evacuation Pause) (young) 3247M->1789M(3732M), 0.0694345 secs]
5274.147: [GC pause (G1 Evacuation Pause) (young) 3228M->1803M(3732M), 0.0678797 secs]
5274.356: [GC pause (G1 Humongous Allocation) (young) (initial-mark) 1956M->1798M(3732M), 0.0521797 secs]
5274.408: [GC concurrent-root-region-scan-start]
5274.466: [GC concurrent-root-region-scan-end, 0.0571533 secs]
5274.466: [GC concurrent-mark-start]
5274.675: [GC concurrent-mark-end, 0.2092734 secs]
5274.675: [GC remark, 0.0066795 secs]
5274.682: [GC cleanup 2201M->1249M(3732M), 0.0038174 secs]
5274.686: [GC concurrent-cleanup-start]
5274.688: [GC concurrent-cleanup-end, 0.0017212 secs]
5275.460: [GC pause (G1 Evacuation Pause) (young) 2377M->908M(3732M), 0.1001102 secs]
5275.576: [GC pause (G1 Evacuation Pause) (mixed) 928M->622M(3732M), 0.0941688 secs]
5277.503: [GC pause (G1 Evacuation Pause) (young) 2874M->682M(3732M), 0.0857358 secs]
5279.550: [GC pause (G1 Evacuation Pause) (young) 2852M->721M(3732M), 0.0712103 secs]
5281.481: [GC pause (G1 Evacuation Pause) (young) 2851M->717M(3732M), 0.0618633 secs]
5283.528: [GC pause (G1 Evacuation Pause) (young) 2873M->755M(3732M), 0.0874970 secs]
5285.466: [GC pause (G1 Evacuation Pause) (young) 2851M->775M(3732M), 0.0847898 secs]
5287.396: [GC pause (G1 Evacuation Pause) (young) 2851M->770M(3732M), 0.0799787 secs]
5289.273: [GC pause (G1 Evacuation Pause) (young) 2894M->802M(3732M), 0.0943583 secs]
5291.210: [GC pause (G1 Evacuation Pause) (young) 2870M->837M(3732M), 0.0945759 secs]
5293.103: [GC pause (G1 Evacuation Pause) (young) 2900M->865M(3732M), 0.0959864 secs]
5295.064: [GC pause (G1 Evacuation Pause) (young) 2969M->878M(3732M), 0.0969707 secs]
5296.694: [GC pause (G1 Evacuation Pause) (young) 3059M->977M(3732M), 0.1294145 secs]
5298.558: [GC pause (G1 Evacuation Pause) (young) 2979M->1001M(3732M), 0.1191553 secs]
5300.535: [GC pause (G1 Evacuation Pause) (young) 3100M->1043M(3732M), 0.1222111 secs]
5302.514: [GC pause (G1 Evacuation Pause) (young) 3198M->1079M(3732M), 0.0899124 secs]
5304.467: [GC pause (G1 Evacuation Pause) (young) 3198M->1101M(3732M), 0.0834079 secs]
5306.398: [GC pause (G1 Evacuation Pause) (young) 3219M->1103M(3732M), 0.0773505 secs]
5308.158: [GC pause (G1 Evacuation Pause) (young) 3219M->1129M(3732M), 0.0913955 secs]
5309.975: [GC pause (G1 Evacuation Pause) (young) 3173M->1135M(3732M), 0.0767484 secs]
5311.817: [GC pause (G1 Evacuation Pause) (young) 3219M->1146M(3732M), 0.0904244 secs]
5313.482: [GC pause (G1 Evacuation Pause) (young) 3231M->1161M(3732M), 0.0875359 secs]
5315.193: [GC pause (G1 Evacuation Pause) (young) 3204M->1185M(3732M), 0.0824470 secs]
5317.067: [GC pause (G1 Evacuation Pause) (young) 3201M->1157M(3732M), 0.0705170 secs]
5318.893: [GC pause (G1 Evacuation Pause) (young) 3361M->1277M(3732M), 0.1505994 secs]
5320.665: [GC pause (G1 Evacuation Pause) (young) 3139M->1307M(3732M), 0.1130160 secs]
5322.564: [GC pause (G1 Evacuation Pause) (young) 3257M->1323M(3732M), 0.0611418 secs]
5324.343: [GC pause (G1 Evacuation Pause) (young) 3299M->1369M(3732M), 0.0656683 secs]
5326.033: [GC pause (G1 Evacuation Pause) (young) 3251M->1395M(3732M), 0.0794655 secs]
5327.765: [GC pause (G1 Evacuation Pause) (young) 3217M->1411M(3732M), 0.0814115 secs]
5329.454: [GC pause (G1 Evacuation Pause) (young) 3217M->1394M(3732M), 0.0640568 secs]
5331.059: [GC pause (G1 Evacuation Pause) (young) 3266M->1448M(3732M), 0.0937771 secs]
5332.683: [GC pause (G1 Evacuation Pause) (young) 3190M->1462M(3732M), 0.0873119 secs]
5334.364: [GC pause (G1 Evacuation Pause) (young) 3230M->1474M(3732M), 0.0884063 secs]
5336.001: [GC pause (G1 Evacuation Pause) (young) 3210M->1479M(3732M), 0.0598546 secs]
5337.569: [GC pause (G1 Evacuation Pause) (young) 3264M->1516M(3732M), 0.0856504 secs]
5338.975: [GC pause (G1 Evacuation Pause) (young) 3208M->1532M(3732M), 0.0717364 secs]
5340.419: [GC pause (G1 Evacuation Pause) (young) 3302M->1569M(3732M), 0.0748421 secs]
5341.690: [GC pause (G1 Evacuation Pause) (young) 3271M->1623M(3732M), 0.1183894 secs]
5343.169: [GC pause (G1 Evacuation Pause) (young) 3151M->1652M(3732M), 0.1086256 secs]
5344.724: [GC pause (G1 Evacuation Pause) (young) 3278M->1681M(3732M), 0.0701884 secs]
5346.244: [GC pause (G1 Evacuation Pause) (young) 3281M->1695M(3732M), 0.0514142 secs]
5347.671: [GC pause (G1 Evacuation Pause) (young) 3281M->1744M(3732M), 0.0656952 secs]
5349.058: [GC pause (G1 Evacuation Pause) (young) 3228M->1750M(3732M), 0.0717142 secs]
5350.471: [GC pause (G1 Evacuation Pause) (young) 3236M->1773M(3732M), 0.0672043 secs]
5351.811: [GC pause (G1 Evacuation Pause) (young) 3239M->1794M(3732M), 0.0691265 secs]
5353.160: [GC pause (G1 Evacuation Pause) (young) 3226M->1784M(3732M), 0.0614716 secs]
5353.670: [GC pause (G1 Humongous Allocation) (young) (initial-mark) 2218M->1789M(3732M), 0.0445645 secs]
5353.714: [GC concurrent-root-region-scan-start]
5353.754: [GC concurrent-root-region-scan-end, 0.0396305 secs]
5353.754: [GC concurrent-mark-start]
5354.009: [GC concurrent-mark-end, 0.2549301 secs]
5354.009: [GC remark, 0.0069931 secs]
5354.016: [GC cleanup 2146M->1130M(3732M), 0.0043439 secs]
5354.021: [GC concurrent-cleanup-start]
5354.023: [GC concurrent-cleanup-end, 0.0022212 secs]
5354.917: [GC pause (G1 Evacuation Pause) (young) 2268M->807M(3732M), 0.0781940 secs]
5355.043: [GC pause (G1 Evacuation Pause) (mixed) 861M->594M(3732M), 0.0703139 secs]
5357.007: [GC pause (G1 Evacuation Pause) (young) 2822M->639M(3732M), 0.0713110 secs]
5359.044: [GC pause (G1 Evacuation Pause) (young) 2823M->668M(3732M), 0.0560440 secs]
5361.029: [GC pause (G1 Evacuation Pause) (young) 2847M->701M(3732M), 0.0829667 secs]
5362.838: [GC pause (G1 Evacuation Pause) (young) 2903M->800M(3732M), 0.1010424 secs]
5364.692: [GC pause (G1 Evacuation Pause) (young) 2854M->782M(3732M), 0.0966030 secs]
5366.463: [GC pause (G1 Evacuation Pause) (young) 2875M->834M(3732M), 0.1233691 secs]
5368.386: [GC pause (G1 Evacuation Pause) (young) 2892M->882M(3732M), 0.1239015 secs]
5370.356: [GC pause (G1 Evacuation Pause) (young) 2966M->911M(3732M), 0.1148886 secs]
5372.326: [GC pause (G1 Evacuation Pause) (young) 3048M->925M(3732M), 0.0948378 secs]
5374.269: [GC pause (G1 Evacuation Pause) (young) 3026M->945M(3732M), 0.0848423 secs]
5376.156: [GC pause (G1 Evacuation Pause) (young) 3026M->969M(3732M), 0.0894785 secs]
5378.005: [GC pause (G1 Evacuation Pause) (young) 3069M->998M(3732M), 0.1016978 secs]
5379.890: [GC pause (G1 Evacuation Pause) (young) 3085M->1029M(3732M), 0.0942072 secs]
5381.830: [GC pause (G1 Evacuation Pause) (young) 3116M->1041M(3732M), 0.0812327 secs]
5383.963: [GC pause (G1 Evacuation Pause) (young) 3171M->1035M(3732M), 0.0878443 secs]
5385.606: [GC pause (G1 Evacuation Pause) (young) 3223M->1141M(3732M), 0.1450527 secs]
5387.509: [GC pause (G1 Evacuation Pause) (young) 3116M->1162M(3732M), 0.1144432 secs]
5389.436: [GC pause (G1 Evacuation Pause) (young) 3218M->1220M(3732M), 0.1072611 secs]
5391.292: [GC pause (G1 Evacuation Pause) (young) 3258M->1227M(3732M), 0.0724126 secs]
5393.103: [GC pause (G1 Evacuation Pause) (young) 3250M->1247M(3732M), 0.0683440 secs]
5394.950: [GC pause (G1 Evacuation Pause) (young) 3230M->1239M(3732M), 0.0598520 secs]
5396.770: [GC pause (G1 Evacuation Pause) (young) 3260M->1297M(3732M), 0.0972319 secs]
5398.544: [GC pause (G1 Evacuation Pause) (young) 3180M->1315M(3732M), 0.0899807 secs]
5400.271: [GC pause (G1 Evacuation Pause) (young) 3200M->1321M(3732M), 0.0882044 secs]
5402.027: [GC pause (G1 Evacuation Pause) (young) 3249M->1355M(3732M), 0.0956374 secs]
5403.604: [GC pause (G1 Evacuation Pause) (young) 3194M->1375M(3732M), 0.0755401 secs]
5405.304: [GC pause (G1 Evacuation Pause) (young) 3216M->1392M(3732M), 0.0831894 secs]
5407.027: [GC pause (G1 Evacuation Pause) (young) 3329M->1484M(3732M), 0.1070188 secs]
5408.350: [GC pause (G1 Evacuation Pause) (young) 3181M->1508M(3732M), 0.1278375 secs]
5409.983: [GC pause (G1 Evacuation Pause) (young) 3171M->1532M(3732M), 0.1036225 secs]
5411.534: [GC pause (G1 Evacuation Pause) (young) 3232M->1559M(3732M), 0.0940289 secs]
5413.033: [GC pause (G1 Evacuation Pause) (young) 3230M->1596M(3732M), 0.0982213 secs]
5414.597: [GC pause (G1 Evacuation Pause) (young) 3252M->1617M(3732M), 0.0782887 secs]
5416.120: [GC pause (G1 Evacuation Pause) (young) 3229M->1646M(3732M), 0.0722595 secs]
5417.610: [GC pause (G1 Evacuation Pause) (young) 3226M->1637M(3732M), 0.0542541 secs]
5419.067: [GC pause (G1 Evacuation Pause) (young) 3293M->1691M(3732M), 0.0850505 secs]
5420.517: [GC pause (G1 Evacuation Pause) (young) 3218M->1707M(3732M), 0.0754010 secs]
5421.890: [GC pause (G1 Evacuation Pause) (young) 3239M->1729M(3732M), 0.0752402 secs]
5423.303: [GC pause (G1 Evacuation Pause) (young) 3237M->1761M(3732M), 0.0724178 secs]
5424.568: [GC pause (G1 Evacuation Pause) (young) 3257M->1777M(3732M), 0.0704935 secs]
5425.413: [GC pause (G1 Humongous Allocation) (young) (initial-mark) 2676M->1774M(3732M), 0.0514697 secs]
5425.464: [GC concurrent-root-region-scan-start]
5425.501: [GC concurrent-root-region-scan-end, 0.0365457 secs]
5425.501: [GC concurrent-mark-start]
5425.679: [GC concurrent-mark-end, 0.1784176 secs]
5425.679: [GC remark, 0.0061342 secs]
5425.686: [GC cleanup 2037M->1043M(3732M), 0.0039462 secs]
5425.690: [GC concurrent-cleanup-start]
5425.692: [GC concurrent-cleanup-end, 0.0022729 secs]
5426.672: [GC pause (G1 Evacuation Pause) (young) 2259M->804M(3732M), 0.0652813 secs]
5426.780: [GC pause (G1 Evacuation Pause) (mixed) 858M->591M(3732M), 0.0741756 secs]
5428.698: [GC pause (G1 Evacuation Pause) (young) 2899M->705M(3732M), 0.0783531 secs]
5430.597: [GC pause (G1 Evacuation Pause) (young) 2879M->740M(3732M), 0.0989253 secs]
5432.395: [GC pause (G1 Evacuation Pause) (young) 2818M->786M(3732M), 0.1070811 secs]
5434.318: [GC pause (G1 Evacuation Pause) (young) 2884M->808M(3732M), 0.1090365 secs]
5436.203: [GC pause (G1 Evacuation Pause) (young) 2905M->836M(3732M), 0.0962138 secs]
5438.089: [GC pause (G1 Evacuation Pause) (young) 2953M->859M(3732M), 0.1021445 secs]
5439.987: [GC pause (G1 Evacuation Pause) (young) 2952M->878M(3732M), 0.0783655 secs]
5441.857: [GC pause (G1 Evacuation Pause) (young) 2975M->873M(3732M), 0.0931794 secs]
5443.814: [GC pause (G1 Evacuation Pause) (young) 2968M->895M(3732M), 0.0896193 secs]
5445.769: [GC pause (G1 Evacuation Pause) (young) 2968M->917M(3732M), 0.0917825 secs]
5447.720: [GC pause (G1 Evacuation Pause) (young) 3005M->898M(3732M), 0.0673144 secs]
5449.709: [GC pause (G1 Evacuation Pause) (young) 3124M->961M(3732M), 0.0841046 secs]
5451.312: [GC pause (G1 Evacuation Pause) (young) 3063M->1030M(3732M), 0.1383788 secs]
5453.158: [GC pause (G1 Evacuation Pause) (young) 3021M->1000M(3732M), 0.1084767 secs]
5455.058: [GC pause (G1 Evacuation Pause) (young) 3102M->1053M(3732M), 0.1363329 secs]
5457.086: [GC pause (G1 Evacuation Pause) (young) 3192M->1071M(3732M), 0.0907154 secs]
5459.117: [GC pause (G1 Evacuation Pause) (young) 3192M->1068M(3732M), 0.0608670 secs]
5461.060: [GC pause (G1 Evacuation Pause) (young) 3214M->1113M(3732M), 0.0953562 secs]
5462.989: [GC pause (G1 Evacuation Pause) (young) 3192M->1134M(3732M), 0.0914527 secs]
5464.969: [GC pause (G1 Evacuation Pause) (young) 3187M->1108M(3732M), 0.0719143 secs]
5466.861: [GC pause (G1 Evacuation Pause) (young) 3250M->1146M(3732M), 0.0975041 secs]
5468.722: [GC pause (G1 Evacuation Pause) (young) 3199M->1170M(3732M), 0.0837590 secs]
5470.572: [GC pause (G1 Evacuation Pause) (young) 3197M->1131M(3732M), 0.0627986 secs]
5472.274: [GC pause (G1 Evacuation Pause) (young) 3362M->1250M(3732M), 0.1370604 secs]
5474.101: [GC pause (G1 Evacuation Pause) (young) 3143M->1290M(3732M), 0.1227986 secs]
5475.931: [GC pause (G1 Evacuation Pause) (young) 3269M->1315M(3732M), 0.0680500 secs]
5477.744: [GC pause (G1 Evacuation Pause) (young) 3298M->1359M(3732M), 0.0784965 secs]
5479.435: [GC pause (G1 Evacuation Pause) (young) 3237M->1373M(3732M), 0.0691708 secs]
5481.143: [GC pause (G1 Evacuation Pause) (young) 3223M->1375M(3732M), 0.0671945 secs]
5482.778: [GC pause (G1 Evacuation Pause) (young) 3261M->1407M(3732M), 0.0952598 secs]
5484.476: [GC pause (G1 Evacuation Pause) (young) 3201M->1418M(3732M), 0.0741044 secs]
5486.140: [GC pause (G1 Evacuation Pause) (young) 3218M->1462M(3732M), 0.0864410 secs]
5487.755: [GC pause (G1 Evacuation Pause) (young) 3209M->1460M(3732M), 0.0673596 secs]
5489.330: [GC pause (G1 Evacuation Pause) (young) 3259M->1500M(3732M), 0.0915785 secs]
5490.908: [GC pause (G1 Evacuation Pause) (young) 3197M->1519M(3732M), 0.0803277 secs]
5492.609: [GC pause (G1 Evacuation Pause) (young) 3236M->1526M(3732M), 0.0802599 secs]
5494.069: [GC pause (G1 Evacuation Pause) (young) 3333M->1630M(3732M), 0.1278768 secs]
5495.491: [GC pause (G1 Evacuation Pause) (young) 3152M->1696M(3732M), 0.1125027 secs]
5497.060: [GC pause (G1 Evacuation Pause) (young) 3273M->1722M(3732M), 0.0686866 secs]
5498.538: [GC pause (G1 Evacuation Pause) (young) 3281M->1747M(3732M), 0.0493137 secs]
5499.765: [GC pause (G1 Humongous Allocation) (young) (initial-mark) 3048M->1765M(3732M), 0.0491964 secs]
5499.814: [GC concurrent-root-region-scan-start]
5499.851: [GC concurrent-root-region-scan-end, 0.0370944 secs]
5499.851: [GC concurrent-mark-start]
5500.170: [GC concurrent-mark-end, 0.3190258 secs]
5500.171: [GC remark, 0.0068890 secs]
5500.178: [GC cleanup 2141M->1144M(3732M), 0.0040401 secs]
5500.182: [GC concurrent-cleanup-start]
5500.184: [GC concurrent-cleanup-end, 0.0018240 secs]
5501.083: [GC pause (G1 Evacuation Pause) (young) 2266M->795M(3732M), 0.0730846 secs]
5501.198: [GC pause (G1 Evacuation Pause) (mixed) 841M->625M(3732M), 0.0681136 secs]
5503.235: [GC pause (G1 Evacuation Pause) (young) 2852M->670M(3732M), 0.0712090 secs]
5505.273: [GC pause (G1 Evacuation Pause) (young) 2853M->695M(3732M), 0.0578697 secs]
5507.118: [GC pause (G1 Evacuation Pause) (young) 2874M->740M(3732M), 0.0836784 secs]
5509.040: [GC pause (G1 Evacuation Pause) (young) 2853M->763M(3732M), 0.0848171 secs]
5511.058: [GC pause (G1 Evacuation Pause) (young) 2853M->756M(3732M), 0.0745895 secs]
5512.842: [GC pause (G1 Evacuation Pause) (young) 2875M->781M(3732M), 0.0920103 secs]
5514.808: [GC pause (G1 Evacuation Pause) (young) 2860M->797M(3732M), 0.0864124 secs]
5516.614: [GC pause (G1 Evacuation Pause) (young) 2961M->862M(3732M), 0.1366081 secs]
5518.532: [GC pause (G1 Evacuation Pause) (young) 2930M->916M(3732M), 0.1388323 secs]
5520.501: [GC pause (G1 Evacuation Pause) (young) 2967M->949M(3732M), 0.1135527 secs]
5522.510: [GC pause (G1 Evacuation Pause) (young) 3094M->945M(3732M), 0.0722676 secs]
5524.432: [GC pause (G1 Evacuation Pause) (young) 3115M->991M(3732M), 0.0801336 secs]
5526.373: [GC pause (G1 Evacuation Pause) (young) 3094M->1007M(3732M), 0.0792781 secs]
5528.329: [GC pause (G1 Evacuation Pause) (young) 3090M->981M(3732M), 0.0626518 secs]
5530.203: [GC pause (G1 Evacuation Pause) (young) 3126M->1016M(3732M), 0.0894264 secs]
5532.115: [GC pause (G1 Evacuation Pause) (young) 3101M->1036M(3732M), 0.0785759 secs]
5534.000: [GC pause (G1 Evacuation Pause) (young) 3110M->1054M(3732M), 0.0773287 secs]
5535.797: [GC pause (G1 Evacuation Pause) (young) 3161M->1051M(3732M), 0.0842382 secs]
5537.502: [GC pause (G1 Evacuation Pause) (young) 3235M->1190M(3732M), 0.1266002 secs]
5539.164: [GC pause (G1 Evacuation Pause) (young) 3116M->1174M(3732M), 0.1242800 secs]
5541.071: [GC pause (G1 Evacuation Pause) (young) 3224M->1224M(3732M), 0.1307380 secs]
5543.055: [GC pause (G1 Evacuation Pause) (young) 3253M->1247M(3732M), 0.0903523 secs]
5544.959: [GC pause (G1 Evacuation Pause) (young) 3232M->1265M(3732M), 0.0779990 secs]
5546.784: [GC pause (G1 Evacuation Pause) (young) 3235M->1287M(3732M), 0.0918435 secs]
5548.615: [GC pause (G1 Evacuation Pause) (young) 3222M->1308M(3732M), 0.0920491 secs]
5550.213: [GC pause (G1 Evacuation Pause) (young) 3200M->1325M(3732M), 0.0797343 secs]
5552.015: [GC pause (G1 Evacuation Pause) (young) 3206M->1312M(3732M), 0.0701910 secs]
5553.728: [GC pause (G1 Evacuation Pause) (young) 3264M->1355M(3732M), 0.0850079 secs]
5555.444: [GC pause (G1 Evacuation Pause) (young) 3195M->1360M(3732M), 0.0755026 secs]
5557.141: [GC pause (G1 Evacuation Pause) (young) 3229M->1339M(3732M), 0.0598661 secs]
5558.910: [GC pause (G1 Evacuation Pause) (young) 3344M->1413M(3732M), 0.0869360 secs]
5560.207: [GC pause (G1 Evacuation Pause) (young) 3201M->1458M(3732M), 0.1180170 secs]
5561.822: [GC pause (G1 Evacuation Pause) (young) 3145M->1518M(3732M), 0.1215655 secs]
5563.589: [GC pause (G1 Evacuation Pause) (young) 3228M->1561M(3732M), 0.1058070 secs]
5565.147: [GC pause (G1 Evacuation Pause) (young) 3282M->1584M(3732M), 0.0836668 secs]
5566.660: [GC pause (G1 Evacuation Pause) (young) 3251M->1599M(3732M), 0.0557987 secs]
5568.143: [GC pause (G1 Evacuation Pause) (young) 3227M->1616M(3732M), 0.0664649 secs]
5569.665: [GC pause (G1 Evacuation Pause) (young) 3260M->1655M(3732M), 0.0868750 secs]
5571.168: [GC pause (G1 Evacuation Pause) (young) 3230M->1680M(3732M), 0.0719766 secs]
5572.586: [GC pause (G1 Evacuation Pause) (young) 3237M->1701M(3732M), 0.0696658 secs]
5574.023: [GC pause (G1 Evacuation Pause) (young) 3237M->1739M(3732M), 0.0696427 secs]
5575.481: [GC pause (G1 Evacuation Pause) (young) 3257M->1753M(3732M), 0.0673797 secs]
5576.801: [GC pause (G1 Evacuation Pause) (young) 3250M->1768M(3732M), 0.0696594 secs]
5578.206: [GC pause (G1 Evacuation Pause) (young) 3229M->1775M(3732M), 0.0603913 secs]
5579.622: [GC pause (G1 Evacuation Pause) (young) (initial-mark) 3249M->1780M(3732M), 0.0608308 secs]
5579.683: [GC concurrent-root-region-scan-start]
5579.725: [GC concurrent-root-region-scan-end, 0.0421103 secs]
5579.725: [GC concurrent-mark-start]
5579.935: [GC concurrent-mark-end, 0.2098063 secs]
5579.935: [GC remark, 0.0066581 secs]
5579.942: [GC cleanup 2036M->1036M(3732M), 0.0038255 secs]
5579.946: [GC concurrent-cleanup-start]
5579.948: [GC concurrent-cleanup-end, 0.0017506 secs]
5580.994: [GC pause (G1 Evacuation Pause) (young) 2251M->757M(3732M), 0.0455941 secs]
5581.160: [GC pause (G1 Evacuation Pause) (mixed) 855M->535M(3732M), 0.0540096 secs]
5582.792: [GC pause (G1 Evacuation Pause) (young) 2870M->684M(3732M), 0.1210804 secs]
5584.218: [GC pause (G1 Evacuation Pause) (young) 2120M->715M(3732M), 0.0886401 secs]
5586.234: [GC pause (G1 Evacuation Pause) (young) 2916M->740M(3732M), 0.0620327 secs]
5588.157: [GC pause (G1 Evacuation Pause) (young) 2943M->792M(3732M), 0.0760948 secs]
5590.059: [GC pause (G1 Evacuation Pause) (young) 2919M->812M(3732M), 0.0697208 secs]
5591.934: [GC pause (G1 Evacuation Pause) (young) 2919M->812M(3732M), 0.0656116 secs]
5593.767: [GC pause (G1 Evacuation Pause) (young) 2940M->851M(3732M), 0.1009119 secs]
5595.678: [GC pause (G1 Evacuation Pause) (young) 2916M->870M(3732M), 0.0981957 secs]
5597.671: [GC pause (G1 Evacuation Pause) (young) 2957M->849M(3732M), 0.0782870 secs]
5599.542: [GC pause (G1 Evacuation Pause) (young) 3001M->890M(3732M), 0.0940050 secs]
5601.491: [GC pause (G1 Evacuation Pause) (young) 2979M->909M(3732M), 0.0839054 secs]
5603.593: [GC pause (G1 Evacuation Pause) (young) 3072M->947M(3732M), 0.0822516 secs]
5605.350: [GC pause (G1 Evacuation Pause) (young) 3073M->1006M(3732M), 0.1403355 secs]
5607.256: [GC pause (G1 Evacuation Pause) (young) 3010M->1029M(3732M), 0.1259244 secs]
5609.161: [GC pause (G1 Evacuation Pause) (young) 3112M->1042M(3732M), 0.0966345 secs]
5611.189: [GC pause (G1 Evacuation Pause) (young) 3226M->1086M(3732M), 0.0978586 secs]
5613.175: [GC pause (G1 Evacuation Pause) (young) 3205M->1090M(3732M), 0.0658189 secs]
5615.119: [GC pause (G1 Evacuation Pause) (young) 3211M->1102M(3732M), 0.0695190 secs]
5616.991: [GC pause (G1 Evacuation Pause) (young) 3228M->1141M(3732M), 0.0994356 secs]
5618.909: [GC pause (G1 Evacuation Pause) (young) 3178M->1156M(3732M), 0.0951165 secs]
5620.830: [GC pause (G1 Evacuation Pause) (young) 3200M->1146M(3732M), 0.0766332 secs]
5622.697: [GC pause (G1 Evacuation Pause) (young) 3258M->1178M(3732M), 0.0890808 secs]
5624.485: [GC pause (G1 Evacuation Pause) (young) 3205M->1186M(3732M), 0.0683977 secs]
5626.169: [GC pause (G1 Evacuation Pause) (young) 3289M->1239M(3732M), 0.1143293 secs]
5627.945: [GC pause (G1 Evacuation Pause) (young) 3198M->1296M(3732M), 0.1211184 secs]
5629.741: [GC pause (G1 Evacuation Pause) (young) 3177M->1339M(3732M), 0.1209115 secs]
5631.535: [GC pause (G1 Evacuation Pause) (young) 3258M->1356M(3732M), 0.0879092 secs]
5633.262: [GC pause (G1 Evacuation Pause) (young) 3260M->1369M(3732M), 0.0808653 secs]
5634.953: [GC pause (G1 Evacuation Pause) (young) 3228M->1390M(3732M), 0.0767352 secs]
5636.635: [GC pause (G1 Evacuation Pause) (young) 3205M->1409M(3732M), 0.0823962 secs]
5638.332: [GC pause (G1 Evacuation Pause) (young) 3206M->1414M(3732M), 0.0649097 secs]
5639.987: [GC pause (G1 Evacuation Pause) (young) 3258M->1455M(3732M), 0.0935536 secs]
5641.611: [GC pause (G1 Evacuation Pause) (young) 3198M->1473M(3732M), 0.0866620 secs]
5643.204: [GC pause (G1 Evacuation Pause) (young) 3218M->1499M(3732M), 0.0884063 secs]
5644.835: [GC pause (G1 Evacuation Pause) (young) 3239M->1518M(3732M), 0.0802765 secs]
5646.409: [GC pause (G1 Evacuation Pause) (young) 3225M->1535M(3732M), 0.0635363 secs]
5647.875: [GC pause (G1 Evacuation Pause) (young) 3312M->1630M(3732M), 0.0932080 secs]
5649.153: [GC pause (G1 Evacuation Pause) (young) 3204M->1644M(3732M), 0.0962936 secs]
5650.539: [GC pause (G1 Evacuation Pause) (young) 3219M->1687M(3732M), 0.1116332 secs]
5652.048: [GC pause (G1 Evacuation Pause) (young) 3228M->1725M(3732M), 0.0992009 secs]
5653.555: [GC pause (G1 Evacuation Pause) (young) 3264M->1745M(3732M), 0.0883896 secs]
5654.983: [GC pause (G1 Evacuation Pause) (young) 3244M->1747M(3732M), 0.0538258 secs]
5655.769: [GC pause (G1 Humongous Allocation) (young) (initial-mark) 2544M->1759M(3732M), 0.0443452 secs]
5655.814: [GC concurrent-root-region-scan-start]
5655.852: [GC concurrent-root-region-scan-end, 0.0381001 secs]
5655.852: [GC concurrent-mark-start]
5656.143: [GC concurrent-mark-end, 0.2907855 secs]
5656.143: [GC remark, 0.0068715 secs]
5656.150: [GC cleanup 2154M->1078M(3732M), 0.0036996 secs]
5656.154: [GC concurrent-cleanup-start]
5656.155: [GC concurrent-cleanup-end, 0.0016115 secs]
5656.995: [GC pause (G1 Evacuation Pause) (young) 2208M->714M(3732M), 0.0706424 secs]
5657.119: [GC pause (G1 Evacuation Pause) (mixed) 772M->596M(3732M), 0.0559578 secs]
5659.093: [GC pause (G1 Evacuation Pause) (young) 2822M->635M(3732M), 0.0688188 secs]
5661.101: [GC pause (G1 Evacuation Pause) (young) 2823M->651M(3732M), 0.0506065 secs]
5663.140: [GC pause (G1 Evacuation Pause) (young) 2851M->704M(3732M), 0.0834305 secs]
5665.051: [GC pause (G1 Evacuation Pause) (young) 2822M->723M(3732M), 0.0775344 secs]
5666.960: [GC pause (G1 Evacuation Pause) (young) 2823M->718M(3732M), 0.0717398 secs]
5668.750: [GC pause (G1 Evacuation Pause) (young) 2844M->740M(3732M), 0.0890441 secs]
5670.513: [GC pause (G1 Evacuation Pause) (young) 2909M->851M(3732M), 0.1569537 secs]
5672.527: [GC pause (G1 Evacuation Pause) (young) 2848M->829M(3732M), 0.1114070 secs]
5674.465: [GC pause (G1 Evacuation Pause) (young) 2935M->885M(3732M), 0.1239749 secs]
5676.478: [GC pause (G1 Evacuation Pause) (young) 3029M->909M(3732M), 0.0867602 secs]
5678.428: [GC pause (G1 Evacuation Pause) (young) 3030M->906M(3732M), 0.0702857 secs]
5680.317: [GC pause (G1 Evacuation Pause) (young) 3050M->933M(3732M), 0.0857003 secs]
5682.228: [GC pause (G1 Evacuation Pause) (young) 3036M->963M(3732M), 0.0902695 secs]
5684.110: [GC pause (G1 Evacuation Pause) (young) 3030M->932M(3732M), 0.0701355 secs]
5686.025: [GC pause (G1 Evacuation Pause) (young) 3080M->973M(3732M), 0.1045424 secs]
5687.978: [GC pause (G1 Evacuation Pause) (young) 3058M->997M(3732M), 0.0833400 secs]
5690.085: [GC pause (G1 Evacuation Pause) (young) 3080M->963M(3732M), 0.0643896 secs]
5691.675: [GC pause (G1 Evacuation Pause) (young) 3201M->1085M(3732M), 0.1346856 secs]
5693.641: [GC pause (G1 Evacuation Pause) (young) 3099M->1111M(3732M), 0.1223839 secs]
5695.621: [GC pause (G1 Evacuation Pause) (young) 3257M->1138M(3732M), 0.0799096 secs]
5697.337: [GC pause (G1 Evacuation Pause) (young) 3288M->1169M(3732M), 0.0640858 secs]
5699.194: [GC pause (G1 Evacuation Pause) (young) 3251M->1196M(3732M), 0.0763807 secs]
5701.058: [GC pause (G1 Evacuation Pause) (young) 3214M->1206M(3732M), 0.0797317 secs]
5702.879: [GC pause (G1 Evacuation Pause) (young) 3204M->1200M(3732M), 0.0640922 secs]
5704.716: [GC pause (G1 Evacuation Pause) (young) 3264M->1252M(3732M), 0.1056423 secs]
5706.518: [GC pause (G1 Evacuation Pause) (young) 3184M->1271M(3732M), 0.0931986 secs]
5708.284: [GC pause (G1 Evacuation Pause) (young) 3206M->1299M(3732M), 0.0916869 secs]
5709.996: [GC pause (G1 Evacuation Pause) (young) 3233M->1320M(3732M), 0.0831681 secs]
5711.765: [GC pause (G1 Evacuation Pause) (young) 3301M->1367M(3732M), 0.0845458 secs]
5713.266: [GC pause (G1 Evacuation Pause) (young) 3214M->1427M(3732M), 0.1282151 secs]
5714.892: [GC pause (G1 Evacuation Pause) (young) 3134M->1422M(3732M), 0.0876395 secs]
5716.510: [GC pause (G1 Evacuation Pause) (young) 3244M->1464M(3732M), 0.1187248 secs]
5718.143: [GC pause (G1 Evacuation Pause) (young) 3180M->1501M(3732M), 0.0951587 secs]
5719.806: [GC pause (G1 Evacuation Pause) (young) 3259M->1516M(3732M), 0.0823463 secs]
5721.458: [GC pause (G1 Evacuation Pause) (young) 3268M->1526M(3732M), 0.0623049 secs]
5722.961: [GC pause (G1 Evacuation Pause) (young) 3244M->1546M(3732M), 0.0688931 secs]
5724.412: [GC pause (G1 Evacuation Pause) (young) 3216M->1563M(3732M), 0.0781283 secs]
5725.975: [GC pause (G1 Evacuation Pause) (young) 3229M->1592M(3732M), 0.0844058 secs]
5727.529: [GC pause (G1 Evacuation Pause) (young) 3250M->1623M(3732M), 0.0765202 secs]
5728.946: [GC pause (G1 Evacuation Pause) (young) 3235M->1651M(3732M), 0.0828152 secs]
5730.373: [GC pause (G1 Evacuation Pause) (young) 3217M->1672M(3732M), 0.0755039 secs]
5731.830: [GC pause (G1 Evacuation Pause) (young) 3235M->1692M(3732M), 0.0706369 secs]
5733.356: [GC pause (G1 Evacuation Pause) (young) 3259M->1686M(3732M), 0.0529869 secs]
5733.910: [GC pause (G1 Humongous Allocation) (young) (initial-mark) 2314M->1731M(3732M), 0.0713652 secs]
5733.981: [GC concurrent-root-region-scan-start]
5734.023: [GC concurrent-root-region-scan-end, 0.0415288 secs]
5734.023: [GC concurrent-mark-start]
5734.200: [GC concurrent-mark-end, 0.1775481 secs]
5734.201: [GC remark, 0.0062541 secs]
5734.207: [GC cleanup 2081M->1221M(3732M), 0.0034692 secs]
5734.211: [GC concurrent-cleanup-start]
5734.213: [GC concurrent-cleanup-end, 0.0017399 secs]
5734.889: [GC pause (G1 Evacuation Pause) (young) 2408M->929M(3732M), 0.1218386 secs]
5735.013: [GC pause (G1 Evacuation Pause) (mixed) 931M->701M(3732M), 0.1121170 secs]
5737.062: [GC pause (G1 Evacuation Pause) (young) 2927M->736M(3732M), 0.0631736 secs]
5739.006: [GC pause (G1 Evacuation Pause) (young) 2934M->765M(3732M), 0.0528995 secs]
5740.899: [GC pause (G1 Evacuation Pause) (young) 2948M->810M(3732M), 0.0831843 secs]
5742.855: [GC pause (G1 Evacuation Pause) (young) 2928M->836M(3732M), 0.0772540 secs]
5744.759: [GC pause (G1 Evacuation Pause) (young) 2928M->831M(3732M), 0.0679006 secs]
5746.628: [GC pause (G1 Evacuation Pause) (young) 2948M->856M(3732M), 0.0874527 secs]
5748.492: [GC pause (G1 Evacuation Pause) (young) 2934M->884M(3732M), 0.1006759 secs]
5750.446: [GC pause (G1 Evacuation Pause) (young) 2952M->863M(3732M), 0.0784129 secs]
5752.390: [GC pause (G1 Evacuation Pause) (young) 3011M->903M(3732M), 0.0989821 secs]
5753.983: [GC pause (G1 Evacuation Pause) (young) 2995M->916M(3732M), 0.0763167 secs]
5755.960: [GC pause (G1 Evacuation Pause) (young) 3085M->927M(3732M), 0.0755760 secs]
5757.458: [GC pause (G1 Evacuation Pause) (young) 3082M->1015M(3732M), 0.1439323 secs]
5759.344: [GC pause (G1 Evacuation Pause) (young) 3021M->1040M(3732M), 0.1223289 secs]
5761.227: [GC pause (G1 Evacuation Pause) (young) 3228M->1069M(3732M), 0.0666313 secs]
5763.208: [GC pause (G1 Evacuation Pause) (young) 3249M->1102M(3732M), 0.0759813 secs]
5765.139: [GC pause (G1 Evacuation Pause) (young) 3235M->1129M(3732M), 0.0813927 secs]
5767.023: [GC pause (G1 Evacuation Pause) (young) 3211M->1124M(3732M), 0.0704508 secs]
5768.917: [GC pause (G1 Evacuation Pause) (young) 3240M->1167M(3732M), 0.0983173 secs]
5770.780: [GC pause (G1 Evacuation Pause) (young) 3173M->1192M(3732M), 0.0992466 secs]
5772.691: [GC pause (G1 Evacuation Pause) (young) 3196M->1154M(3732M), 0.0688538 secs]
5774.608: [GC pause (G1 Evacuation Pause) (young) 3282M->1199M(3732M), 0.0861189 secs]
5776.413: [GC pause (G1 Evacuation Pause) (young) 3207M->1214M(3732M), 0.0754970 secs]
5777.927: [GC pause (G1 Evacuation Pause) (young) 3285M->1313M(3732M), 0.1358324 secs]
5779.640: [GC pause (G1 Evacuation Pause) (young) 3153M->1316M(3732M), 0.1196216 secs]
5781.399: [GC pause (G1 Evacuation Pause) (young) 3186M->1348M(3732M), 0.1064436 secs]
5783.181: [GC pause (G1 Evacuation Pause) (young) 3266M->1367M(3732M), 0.0896231 secs]
5784.888: [GC pause (G1 Evacuation Pause) (young) 3249M->1360M(3732M), 0.0556988 secs]
5786.618: [GC pause (G1 Evacuation Pause) (young) 3276M->1402M(3732M), 0.0874467 secs]
5788.336: [GC pause (G1 Evacuation Pause) (young) 3212M->1424M(3732M), 0.0818215 secs]
5789.973: [GC pause (G1 Evacuation Pause) (young) 3204M->1447M(3732M), 0.0836604 secs]
5791.684: [GC pause (G1 Evacuation Pause) (young) 3235M->1468M(3732M), 0.0756331 secs]
5793.269: [GC pause (G1 Evacuation Pause) (young) 3232M->1487M(3732M), 0.0836088 secs]
5794.843: [GC pause (G1 Evacuation Pause) (young) 3203M->1513M(3732M), 0.0842010 secs]
5796.454: [GC pause (G1 Evacuation Pause) (young) 3217M->1535M(3732M), 0.0783139 secs]
5798.108: [GC pause (G1 Evacuation Pause) (young) 3243M->1548M(3732M), 0.0817264 secs]
5799.686: [GC pause (G1 Evacuation Pause) (young) 3317M->1627M(3732M), 0.0971828 secs]
5800.980: [GC pause (G1 Evacuation Pause) (young) 3193M->1662M(3732M), 0.1198136 secs]
5802.455: [GC pause (G1 Evacuation Pause) (young) 3170M->1683M(3732M), 0.1211453 secs]
5804.037: [GC pause (G1 Evacuation Pause) (young) 3265M->1719M(3732M), 0.0838516 secs]
5805.406: [GC pause (G1 Evacuation Pause) (young) 3215M->1741M(3732M), 0.0822128 secs]
5806.764: [GC pause (G1 Evacuation Pause) (young) 3255M->1756M(3732M), 0.0832948 secs]
5808.190: [GC pause (G1 Evacuation Pause) (young) 3242M->1791M(3732M), 0.0661816 secs]
5809.579: [GC pause (G1 Humongous Allocation) (young) (initial-mark) 3207M->1773M(3732M), 0.0480828 secs]
5809.627: [GC concurrent-root-region-scan-start]
5809.658: [GC concurrent-root-region-scan-end, 0.0305848 secs]
5809.658: [GC concurrent-mark-start]
5809.920: [GC concurrent-mark-end, 0.2623307 secs]
5809.921: [GC remark, 0.0069001 secs]
5809.928: [GC cleanup 2049M->953M(3732M), 0.0049459 secs]
5809.933: [GC concurrent-cleanup-start]
5809.935: [GC concurrent-cleanup-end, 0.0019311 secs]
5810.936: [GC pause (G1 Evacuation Pause) (young) 2205M->721M(3732M), 0.0765069 secs]
5811.080: [GC pause (G1 Evacuation Pause) (mixed) 783M->571M(3732M), 0.0521434 secs]
5813.028: [GC pause (G1 Evacuation Pause) (young) 2803M->614M(3732M), 0.0698428 secs]
5815.060: [GC pause (G1 Evacuation Pause) (young) 2796M->636M(3732M), 0.0523964 secs]
5817.015: [GC pause (G1 Evacuation Pause) (young) 2817M->686M(3732M), 0.0854311 secs]
5819.047: [GC pause (G1 Evacuation Pause) (young) 2796M->687M(3732M), 0.0661957 secs]
5821.114: [GC pause (G1 Evacuation Pause) (young) 2804M->685M(3732M), 0.0717445 secs]
5822.816: [GC pause (G1 Evacuation Pause) (young) 2899M->807M(3732M), 0.1592266 secs]
5824.725: [GC pause (G1 Evacuation Pause) (young) 2797M->832M(3732M), 0.1749953 secs]
5826.838: [GC pause (G1 Evacuation Pause) (young) 3019M->848M(3732M), 0.0732272 secs]
5828.952: [GC pause (G1 Evacuation Pause) (young) 3040M->886M(3732M), 0.0761238 secs]
5830.903: [GC pause (G1 Evacuation Pause) (young) 3025M->916M(3732M), 0.0779597 secs]
5832.813: [GC pause (G1 Evacuation Pause) (young) 3019M->917M(3732M), 0.0745528 secs]
5834.708: [GC pause (G1 Evacuation Pause) (young) 3041M->957M(3732M), 0.1039493 secs]
5836.632: [GC pause (G1 Evacuation Pause) (young) 3020M->975M(3732M), 0.1016820 secs]
5838.522: [GC pause (G1 Evacuation Pause) (young) 3061M->1005M(3732M), 0.1021202 secs]
5840.486: [GC pause (G1 Evacuation Pause) (young) 3111M->1022M(3732M), 0.0972148 secs]
5842.461: [GC pause (G1 Evacuation Pause) (young) 3129M->1046M(3732M), 0.0862230 secs]
5844.366: [GC pause (G1 Evacuation Pause) (young) 3203M->1051M(3732M), 0.0797125 secs]
5846.130: [GC pause (G1 Evacuation Pause) (young) 3205M->1121M(3732M), 0.1392910 secs]
5848.036: [GC pause (G1 Evacuation Pause) (young) 3143M->1158M(3732M), 0.1210062 secs]
5849.932: [GC pause (G1 Evacuation Pause) (young) 3178M->1192M(3732M), 0.1283440 secs]
5851.905: [GC pause (G1 Evacuation Pause) (young) 3292M->1226M(3732M), 0.0773560 secs]
5853.724: [GC pause (G1 Evacuation Pause) (young) 3240M->1253M(3732M), 0.0736124 secs]
5855.539: [GC pause (G1 Evacuation Pause) (young) 3215M->1258M(3732M), 0.0742554 secs]
5857.340: [GC pause (G1 Evacuation Pause) (young) 3214M->1264M(3732M), 0.0718012 secs]
5859.087: [GC pause (G1 Evacuation Pause) (young) 3245M->1299M(3732M), 0.1013599 secs]
5860.786: [GC pause (G1 Evacuation Pause) (young) 3191M->1320M(3732M), 0.0846388 secs]
5862.540: [GC pause (G1 Evacuation Pause) (young) 3210M->1348M(3732M), 0.0922706 secs]
5864.497: [GC pause (G1 Evacuation Pause) (young) 3232M->1373M(3732M), 0.0821202 secs]
5866.234: [GC pause (G1 Evacuation Pause) (young) 3308M->1414M(3732M), 0.0844412 secs]
5867.629: [GC pause (G1 Evacuation Pause) (young) 3211M->1475M(3732M), 0.1222538 secs]
5869.220: [GC pause (G1 Evacuation Pause) (young) 3123M->1469M(3732M), 0.1030934 secs]
5870.806: [GC pause (G1 Evacuation Pause) (young) 3245M->1525M(3732M), 0.1166951 secs]
5872.338: [GC pause (G1 Evacuation Pause) (young) 3268M->1540M(3732M), 0.0776909 secs]
5873.947: [GC pause (G1 Evacuation Pause) (young) 3244M->1549M(3732M), 0.0593767 secs]
5875.479: [GC pause (G1 Evacuation Pause) (young) 3241M->1542M(3732M), 0.0534482 secs]
5877.004: [GC pause (G1 Evacuation Pause) (young) 3272M->1577M(3732M), 0.0830631 secs]
5878.553: [GC pause (G1 Evacuation Pause) (young) 3213M->1595M(3732M), 0.0761140 secs]
5880.050: [GC pause (G1 Evacuation Pause) (young) 3227M->1623M(3732M), 0.0779755 secs]
5881.496: [GC pause (G1 Evacuation Pause) (young) 3227M->1642M(3732M), 0.0661927 secs]
5883.004: [GC pause (G1 Evacuation Pause) (young) 3264M->1676M(3732M), 0.0907568 secs]
5884.501: [GC pause (G1 Evacuation Pause) (young) 3208M->1690M(3732M), 0.0782268 secs]
5885.953: [GC pause (G1 Evacuation Pause) (young) 3239M->1706M(3732M), 0.0715132 secs]
5887.359: [GC pause (G1 Evacuation Pause) (young) 3248M->1688M(3732M), 0.0561349 secs]
5888.244: [GC pause (G1 Humongous Allocation) (young) (initial-mark) 2666M->1737M(3732M), 0.0744615 secs]
5888.319: [GC concurrent-root-region-scan-start]
5888.367: [GC concurrent-root-region-scan-end, 0.0479343 secs]
5888.367: [GC concurrent-mark-start]
5888.563: [GC concurrent-mark-end, 0.1961606 secs]
5888.563: [GC remark, 0.0064862 secs]
5888.570: [GC cleanup 2098M->1180M(3732M), 0.0038750 secs]
5888.574: [GC concurrent-cleanup-start]
5888.575: [GC concurrent-cleanup-end, 0.0015693 secs]
5889.300: [GC pause (G1 Evacuation Pause) (young) 2379M->894M(3732M), 0.1286917 secs]
5889.431: [GC pause (G1 Evacuation Pause) (mixed) 896M->701M(3732M), 0.1032867 secs]
5891.488: [GC pause (G1 Evacuation Pause) (young) 2927M->744M(3732M), 0.0652067 secs]
5893.521: [GC pause (G1 Evacuation Pause) (young) 2928M->771M(3732M), 0.0550750 secs]
5895.331: [GC pause (G1 Evacuation Pause) (young) 2949M->819M(3732M), 0.0793110 secs]
5897.254: [GC pause (G1 Evacuation Pause) (young) 2927M->842M(3732M), 0.0810663 secs]
5899.173: [GC pause (G1 Evacuation Pause) (young) 2928M->826M(3732M), 0.0693637 secs]
5901.035: [GC pause (G1 Evacuation Pause) (young) 2984M->875M(3732M), 0.1025951 secs]
5902.979: [GC pause (G1 Evacuation Pause) (young) 2957M->898M(3732M), 0.0901471 secs]
5904.903: [GC pause (G1 Evacuation Pause) (young) 2982M->883M(3732M), 0.0732519 secs]
5906.897: [GC pause (G1 Evacuation Pause) (young) 3031M->925M(3732M), 0.0945682 secs]
5908.957: [GC pause (G1 Evacuation Pause) (young) 3015M->936M(3732M), 0.0754377 secs]
5910.752: [GC pause (G1 Evacuation Pause) (young) 3102M->994M(3732M), 0.1221595 secs]
5912.498: [GC pause (G1 Evacuation Pause) (young) 3061M->1042M(3732M), 0.1329460 secs]
5914.410: [GC pause (G1 Evacuation Pause) (young) 3092M->1076M(3732M), 0.1296556 secs]
5916.482: [GC pause (G1 Evacuation Pause) (young) 3214M->1062M(3732M), 0.0717005 secs]
5918.419: [GC pause (G1 Evacuation Pause) (young) 3242M->1109M(3732M), 0.0886200 secs]
5920.327: [GC pause (G1 Evacuation Pause) (young) 3213M->1132M(3732M), 0.0838025 secs]
5922.244: [GC pause (G1 Evacuation Pause) (young) 3198M->1105M(3732M), 0.0660562 secs]
5924.302: [GC pause (G1 Evacuation Pause) (young) 3253M->1138M(3732M), 0.0892587 secs]
5926.182: [GC pause (G1 Evacuation Pause) (young) 3202M->1163M(3732M), 0.0895139 secs]
5928.073: [GC pause (G1 Evacuation Pause) (young) 3177M->1132M(3732M), 0.0762019 secs]
5930.235: [GC pause (G1 Evacuation Pause) (young) 3262M->1150M(3732M), 0.0825059 secs]
5932.270: [GC pause (G1 Evacuation Pause) (young) 3309M->1231M(3732M), 0.0997940 secs]
5933.900: [GC pause (G1 Evacuation Pause) (young) 3181M->1228M(3732M), 0.1111455 secs]
5935.773: [GC pause (G1 Evacuation Pause) (young) 3199M->1282M(3732M), 0.1364464 secs]
5937.626: [GC pause (G1 Evacuation Pause) (young) 3196M->1315M(3732M), 0.1154147 secs]
5939.476: [GC pause (G1 Evacuation Pause) (young) 3257M->1334M(3732M), 0.0780289 secs]
5941.266: [GC pause (G1 Evacuation Pause) (young) 3251M->1335M(3732M), 0.0640589 secs]
5942.982: [GC pause (G1 Evacuation Pause) (young) 3257M->1359M(3732M), 0.0784726 secs]
5944.681: [GC pause (G1 Evacuation Pause) (young) 3214M->1372M(3732M), 0.0772259 secs]
5946.477: [GC pause (G1 Evacuation Pause) (young) 3217M->1382M(3732M), 0.0706676 secs]
5948.238: [GC pause (G1 Evacuation Pause) (young) 3270M->1428M(3732M), 0.0893492 secs]
5949.908: [GC pause (G1 Evacuation Pause) (young) 3198M->1442M(3732M), 0.0751066 secs]
5951.561: [GC pause (G1 Evacuation Pause) (young) 3211M->1477M(3732M), 0.0850036 secs]
5953.438: [GC pause (G1 Evacuation Pause) (young) 3249M->1494M(3732M), 0.0868289 secs]
5954.960: [GC pause (G1 Evacuation Pause) (young) 3315M->1609M(3732M), 0.1064483 secs]
5956.264: [GC pause (G1 Evacuation Pause) (young) 3151M->1622M(3732M), 0.1153656 secs]
5957.825: [GC pause (G1 Evacuation Pause) (young) 3205M->1653M(3732M), 0.1100383 secs]
5959.353: [GC pause (G1 Evacuation Pause) (young) 3283M->1693M(3732M), 0.0789219 secs]
5960.753: [GC pause (G1 Evacuation Pause) (young) 3233M->1710M(3732M), 0.0732493 secs]
5962.238: [GC pause (G1 Evacuation Pause) (young) 3250M->1717M(3732M), 0.0715785 secs]
5963.627: [GC pause (G1 Evacuation Pause) (young) 3248M->1748M(3732M), 0.0686324 secs]
5965.071: [GC pause (G1 Evacuation Pause) (young) 3233M->1748M(3732M), 0.0650885 secs]
5966.508: [GC pause (G1 Evacuation Pause) (young) 3265M->1768M(3732M), 0.0823753 secs]
5967.890: [GC pause (G1 Evacuation Pause) (young) 3226M->1785M(3732M), 0.0649839 secs]
5969.227: [GC pause (G1 Evacuation Pause) (young) (initial-mark) 3241M->1797M(3732M), 0.0697972 secs]
5969.297: [GC concurrent-root-region-scan-start]
5969.351: [GC concurrent-root-region-scan-end, 0.0536393 secs]
5969.351: [GC concurrent-mark-start]
5969.658: [GC concurrent-mark-end, 0.3066499 secs]
5969.658: [GC remark, 0.0072209 secs]
5969.666: [GC cleanup 2109M->1031M(3732M), 0.0042074 secs]
5969.670: [GC concurrent-cleanup-start]
5969.672: [GC concurrent-cleanup-end, 0.0025877 secs]
5970.602: [GC pause (G1 Evacuation Pause) (young) 2155M->720M(3732M), 0.0606341 secs]
5970.773: [GC pause (G1 Evacuation Pause) (mixed) 810M->610M(3732M), 0.0507687 secs]
5972.776: [GC pause (G1 Evacuation Pause) (young) 2858M->669M(3732M), 0.0712154 secs]
5974.665: [GC pause (G1 Evacuation Pause) (young) 2842M->688M(3732M), 0.0641332 secs]
5976.749: [GC pause (G1 Evacuation Pause) (young) 2938M->725M(3732M), 0.0653069 secs]
5978.526: [GC pause (G1 Evacuation Pause) (young) 2887M->792M(3732M), 0.1200696 secs]
5980.424: [GC pause (G1 Evacuation Pause) (young) 2843M->820M(3732M), 0.1217580 secs]
5982.414: [GC pause (G1 Evacuation Pause) (young) 2891M->853M(3732M), 0.1238990 secs]
5984.453: [GC pause (G1 Evacuation Pause) (young) 3037M->897M(3732M), 0.0873268 secs]
5986.426: [GC pause (G1 Evacuation Pause) (young) 3016M->916M(3732M), 0.0729276 secs]
5988.420: [GC pause (G1 Evacuation Pause) (young) 3017M->897M(3732M), 0.0660920 secs]
5990.364: [GC pause (G1 Evacuation Pause) (young) 3043M->954M(3732M), 0.0983805 secs]
5992.265: [GC pause (G1 Evacuation Pause) (young) 3019M->971M(3732M), 0.0906471 secs]
5994.179: [GC pause (G1 Evacuation Pause) (young) 3036M->958M(3732M), 0.0755248 secs]
5996.065: [GC pause (G1 Evacuation Pause) (young) 3109M->1000M(3732M), 0.0965727 secs]
5998.129: [GC pause (G1 Evacuation Pause) (young) 3088M->1017M(3732M), 0.0850889 secs]
5999.860: [GC pause (G1 Evacuation Pause) (young) 3201M->1083M(3732M), 0.1245676 secs]
6001.688: [GC pause (G1 Evacuation Pause) (young) 3138M->1122M(3732M), 0.1232769 secs]
6003.659: [GC pause (G1 Evacuation Pause) (young) 3169M->1161M(3732M), 0.1278265 secs]
6005.693: [GC pause (G1 Evacuation Pause) (young) 3256M->1175M(3732M), 0.0716101 secs]
6007.520: [GC pause (G1 Evacuation Pause) (young) 3263M->1221M(3732M), 0.0948434 secs]
6009.375: [GC pause (G1 Evacuation Pause) (young) 3196M->1237M(3732M), 0.0886081 secs]
6011.215: [GC pause (G1 Evacuation Pause) (young) 3221M->1233M(3732M), 0.0700404 secs]
6013.040: [GC pause (G1 Evacuation Pause) (young) 3246M->1276M(3732M), 0.0939743 secs]
6014.848: [GC pause (G1 Evacuation Pause) (young) 3180M->1296M(3732M), 0.0931845 secs]
6016.654: [GC pause (G1 Evacuation Pause) (young) 3202M->1283M(3732M), 0.0774379 secs]
6018.593: [GC pause (G1 Evacuation Pause) (young) 3259M->1297M(3732M), 0.0805223 secs]
6020.448: [GC pause (G1 Evacuation Pause) (young) 3230M->1321M(3732M), 0.0858049 secs]
6021.963: [GC pause (G1 Evacuation Pause) (young) 3280M->1402M(3732M), 0.1431976 secs]
6023.731: [GC pause (G1 Evacuation Pause) (young) 3159M->1456M(3732M), 0.1014729 secs]
6025.357: [GC pause (G1 Evacuation Pause) (young) 3271M->1489M(3732M), 0.0758614 secs]
6027.042: [GC pause (G1 Evacuation Pause) (young) 3259M->1500M(3732M), 0.0546970 secs]
6028.666: [GC pause (G1 Evacuation Pause) (young) 3256M->1517M(3732M), 0.0653999 secs]
6030.302: [GC pause (G1 Evacuation Pause) (young) 3258M->1532M(3732M), 0.0807450 secs]
6031.882: [GC pause (G1 Evacuation Pause) (young) 3224M->1559M(3732M), 0.0788370 secs]
6033.451: [GC pause (G1 Evacuation Pause) (young) 3209M->1585M(3732M), 0.0841042 secs]
6035.019: [GC pause (G1 Evacuation Pause) (young) 3215M->1588M(3732M), 0.0705968 secs]
6036.602: [GC pause (G1 Evacuation Pause) (young) 3278M->1620M(3732M), 0.0910776 secs]
6038.096: [GC pause (G1 Evacuation Pause) (young) 3225M->1651M(3732M), 0.0778659 secs]
6039.584: [GC pause (G1 Evacuation Pause) (young) 3235M->1673M(3732M), 0.0778032 secs]
6041.159: [GC pause (G1 Evacuation Pause) (young) 3240M->1665M(3732M), 0.0555043 secs]
6042.704: [GC pause (G1 Evacuation Pause) (young) 3290M->1690M(3732M), 0.0801660 secs]
6044.015: [GC pause (G1 Evacuation Pause) (young) 3323M->1827M(3732M), 0.1157262 secs]
6045.237: [GC pause (G1 Evacuation Pause) (young) 3141M->1814M(3732M), 0.1084370 secs]
6045.790: [GC pause (G1 Humongous Allocation) (young) (initial-mark) 2305M->1821M(3732M), 0.0431501 secs]
6045.833: [GC concurrent-root-region-scan-start]
6045.853: [GC concurrent-root-region-scan-end, 0.0201041 secs]
6045.853: [GC concurrent-mark-start]
6046.236: [GC concurrent-mark-end, 0.3832195 secs]
6046.237: [GC remark, 0.0067034 secs]
6046.244: [GC cleanup 2268M->1064M(3732M), 0.0038106 secs]
6046.248: [GC concurrent-cleanup-start]
6046.250: [GC concurrent-cleanup-end, 0.0022349 secs]
6047.163: [GC pause (G1 Evacuation Pause) (young) 2085M->644M(3732M), 0.0447540 secs]
6047.324: [GC pause (G1 Evacuation Pause) (mixed) 752M->564M(3732M), 0.0274799 secs]
6049.273: [GC pause (G1 Evacuation Pause) (young) 2816M->635M(3732M), 0.0887915 secs]
6051.266: [GC pause (G1 Evacuation Pause) (young) 2788M->650M(3732M), 0.0627969 secs]
6053.263: [GC pause (G1 Evacuation Pause) (young) 2788M->649M(3732M), 0.0628877 secs]
6055.291: [GC pause (G1 Evacuation Pause) (young) 2808M->693M(3732M), 0.0877419 secs]
6057.257: [GC pause (G1 Evacuation Pause) (young) 2787M->713M(3732M), 0.0836698 secs]
6059.279: [GC pause (G1 Evacuation Pause) (young) 2787M->670M(3732M), 0.0619969 secs]
6061.229: [GC pause (G1 Evacuation Pause) (young) 2830M->717M(3732M), 0.0961328 secs]
6063.219: [GC pause (G1 Evacuation Pause) (young) 2802M->739M(3732M), 0.0883431 secs]
6065.319: [GC pause (G1 Evacuation Pause) (young) 2915M->761M(3732M), 0.0883474 secs]
6066.937: [GC pause (G1 Evacuation Pause) (young) 2894M->818M(3732M), 0.1345106 secs]
6068.857: [GC pause (G1 Evacuation Pause) (young) 2849M->852M(3732M), 0.1188362 secs]
6070.819: [GC pause (G1 Evacuation Pause) (young) 2916M->880M(3732M), 0.1173125 secs]
6072.832: [GC pause (G1 Evacuation Pause) (young) 3070M->925M(3732M), 0.0878546 secs]
6074.768: [GC pause (G1 Evacuation Pause) (young) 3048M->947M(3732M), 0.0788391 secs]
6076.752: [GC pause (G1 Evacuation Pause) (young) 3048M->946M(3732M), 0.0715171 secs]
6078.608: [GC pause (G1 Evacuation Pause) (young) 3070M->989M(3732M), 0.0973202 secs]
6080.508: [GC pause (G1 Evacuation Pause) (young) 3048M->993M(3732M), 0.0864820 secs]
6082.418: [GC pause (G1 Evacuation Pause) (young) 3094M->968M(3732M), 0.0742000 secs]
6084.294: [GC pause (G1 Evacuation Pause) (young) 3107M->1013M(3732M), 0.0979943 secs]
6086.238: [GC pause (G1 Evacuation Pause) (young) 3087M->1026M(3732M), 0.0868075 secs]
6088.068: [GC pause (G1 Evacuation Pause) (young) 3189M->1081M(3732M), 0.1196490 secs]
6089.964: [GC pause (G1 Evacuation Pause) (young) 3159M->1134M(3732M), 0.1256347 secs]
6091.981: [GC pause (G1 Evacuation Pause) (young) 3176M->1165M(3732M), 0.1145136 secs]
6094.046: [GC pause (G1 Evacuation Pause) (young) 3271M->1172M(3732M), 0.0749389 secs]
6095.976: [GC pause (G1 Evacuation Pause) (young) 3277M->1214M(3732M), 0.0844182 secs]
6097.833: [GC pause (G1 Evacuation Pause) (young) 3214M->1236M(3732M), 0.0831984 secs]
6099.691: [GC pause (G1 Evacuation Pause) (young) 3192M->1205M(3732M), 0.0635580 secs]
6101.483: [GC pause (G1 Evacuation Pause) (young) 3259M->1242M(3732M), 0.0929285 secs]
6103.301: [GC pause (G1 Evacuation Pause) (young) 3198M->1264M(3732M), 0.0818710 secs]
6105.044: [GC pause (G1 Evacuation Pause) (young) 3203M->1297M(3732M), 0.0910469 secs]
6106.984: [GC pause (G1 Evacuation Pause) (young) 3231M->1298M(3732M), 0.0744073 secs]
6108.788: [GC pause (G1 Evacuation Pause) (young) 3320M->1370M(3732M), 0.0939555 secs]
6110.308: [GC pause (G1 Evacuation Pause) (young) 3195M->1425M(3732M), 0.1360667 secs]
6111.972: [GC pause (G1 Evacuation Pause) (young) 3140M->1429M(3732M), 0.1128227 secs]
6113.689: [GC pause (G1 Evacuation Pause) (young) 3233M->1472M(3732M), 0.1266053 secs]
6115.445: [GC pause (G1 Evacuation Pause) (young) 3265M->1487M(3732M), 0.0808918 secs]
6117.055: [GC pause (G1 Evacuation Pause) (young) 3252M->1505M(3732M), 0.0688257 secs]
6118.727: [GC pause (G1 Evacuation Pause) (young) 3234M->1499M(3732M), 0.0585110 secs]
6120.235: [GC pause (G1 Evacuation Pause) (young) 3261M->1533M(3732M), 0.0816103 secs]
6121.739: [GC pause (G1 Evacuation Pause) (young) 3197M->1542M(3732M), 0.0756933 secs]
6123.251: [GC pause (G1 Evacuation Pause) (young) 3227M->1583M(3732M), 0.0839182 secs]
6124.810: [GC pause (G1 Evacuation Pause) (young) 3216M->1582M(3732M), 0.0644429 secs]
6126.329: [GC pause (G1 Evacuation Pause) (young) 3280M->1618M(3732M), 0.0900272 secs]
6127.832: [GC pause (G1 Evacuation Pause) (young) 3223M->1634M(3732M), 0.0659141 secs]
6129.441: [GC pause (G1 Evacuation Pause) (young) 3241M->1645M(3732M), 0.0721660 secs]
6130.953: [GC pause (G1 Evacuation Pause) (young) 3253M->1650M(3732M), 0.0673630 secs]
6132.215: [GC pause (G1 Evacuation Pause) (young) 3339M->1774M(3732M), 0.1137473 secs]
6133.360: [GC pause (G1 Evacuation Pause) (young) 3154M->1776M(3732M), 0.1104018 secs]
6133.753: [GC pause (G1 Humongous Allocation) (young) (initial-mark) 2051M->1779M(3732M), 0.0460997 secs]
6133.799: [GC concurrent-root-region-scan-start]
6133.825: [GC concurrent-root-region-scan-end, 0.0258398 secs]
6133.825: [GC concurrent-mark-start]
6134.142: [GC concurrent-mark-end, 0.3172756 secs]
6134.142: [GC remark, 0.0070229 secs]
6134.150: [GC cleanup 2120M->914M(3732M), 0.0040875 secs]
6134.154: [GC concurrent-cleanup-start]
6134.156: [GC concurrent-cleanup-end, 0.0022293 secs]
6135.082: [GC pause (G1 Evacuation Pause) (young) 2079M->601M(3732M), 0.0519476 secs]
6135.221: [GC pause (G1 Evacuation Pause) (mixed) 703M->577M(3732M), 0.0335992 secs]
6137.239: [GC pause (G1 Evacuation Pause) (young) 2832M->650M(3732M), 0.0681242 secs]
6139.219: [GC pause (G1 Evacuation Pause) (young) 2814M->663M(3732M), 0.0672363 secs]
6141.136: [GC pause (G1 Evacuation Pause) (young) 2804M->686M(3732M), 0.0744773 secs]
6143.071: [GC pause (G1 Evacuation Pause) (young) 2824M->690M(3732M), 0.0697541 secs]
6144.928: [GC pause (G1 Evacuation Pause) (young) 2814M->724M(3732M), 0.0875751 secs]
6146.800: [GC pause (G1 Evacuation Pause) (young) 2803M->744M(3732M), 0.0948182 secs]
6148.763: [GC pause (G1 Evacuation Pause) (young) 2827M->724M(3732M), 0.0766051 secs]
6150.662: [GC pause (G1 Evacuation Pause) (young) 2868M->765M(3732M), 0.0937575 secs]
6152.754: [GC pause (G1 Evacuation Pause) (young) 2848M->778M(3732M), 0.0867627 secs]
6154.725: [GC pause (G1 Evacuation Pause) (young) 2962M->847M(3732M), 0.1289064 secs]
6156.662: [GC pause (G1 Evacuation Pause) (young) 2891M->883M(3732M), 0.1290322 secs]
6158.657: [GC pause (G1 Evacuation Pause) (young) 2942M->914M(3732M), 0.1233554 secs]
6160.726: [GC pause (G1 Evacuation Pause) (young) 3053M->926M(3732M), 0.0799971 secs]
6162.662: [GC pause (G1 Evacuation Pause) (young) 3074M->964M(3732M), 0.0903745 secs]
6164.651: [GC pause (G1 Evacuation Pause) (young) 3059M->991M(3732M), 0.0883836 secs]
6166.589: [GC pause (G1 Evacuation Pause) (young) 3056M->962M(3732M), 0.0757287 secs]
6168.475: [GC pause (G1 Evacuation Pause) (young) 3108M->1007M(3732M), 0.1060131 secs]
6170.520: [GC pause (G1 Evacuation Pause) (young) 3085M->1034M(3732M), 0.0865025 secs]
6172.451: [GC pause (G1 Evacuation Pause) (young) 3105M->1015M(3732M), 0.0749889 secs]
6174.443: [GC pause (G1 Evacuation Pause) (young) 3161M->1050M(3732M), 0.0923406 secs]
6176.464: [GC pause (G1 Evacuation Pause) (young) 3225M->1113M(3732M), 0.1031220 secs]
6178.202: [GC pause (G1 Evacuation Pause) (young) 3182M->1107M(3732M), 0.1116797 secs]
6180.062: [GC pause (G1 Evacuation Pause) (young) 3197M->1165M(3732M), 0.1333488 secs]
6181.982: [GC pause (G1 Evacuation Pause) (young) 3162M->1195M(3732M), 0.1224547 secs]
6183.864: [GC pause (G1 Evacuation Pause) (young) 3256M->1186M(3732M), 0.0770317 secs]
6185.839: [GC pause (G1 Evacuation Pause) (young) 3288M->1229M(3732M), 0.0812045 secs]
6187.637: [GC pause (G1 Evacuation Pause) (young) 3222M->1251M(3732M), 0.0811815 secs]
6189.425: [GC pause (G1 Evacuation Pause) (young) 3200M->1267M(3732M), 0.0873575 secs]
6191.288: [GC pause (G1 Evacuation Pause) (young) 3206M->1279M(3732M), 0.0775024 secs]
6193.038: [GC pause (G1 Evacuation Pause) (young) 3251M->1314M(3732M), 0.1012792 secs]
6194.775: [GC pause (G1 Evacuation Pause) (young) 3193M->1336M(3732M), 0.0829424 secs]
6196.649: [GC pause (G1 Evacuation Pause) (young) 3213M->1312M(3732M), 0.0693569 secs]
6198.238: [GC pause (G1 Evacuation Pause) (young) 3359M->1462M(3732M), 0.1221296 secs]
6199.757: [GC pause (G1 Evacuation Pause) (young) 3145M->1453M(3732M), 0.1156724 secs]
6201.506: [GC pause (G1 Evacuation Pause) (young) 3268M->1480M(3732M), 0.0703079 secs]
6203.156: [GC pause (G1 Evacuation Pause) (young) 3268M->1484M(3732M), 0.0500096 secs]
6204.751: [GC pause (G1 Evacuation Pause) (young) 3292M->1538M(3732M), 0.0866527 secs]
6206.323: [GC pause (G1 Evacuation Pause) (young) 3217M->1561M(3732M), 0.0810864 secs]
6207.890: [GC pause (G1 Evacuation Pause) (young) 3225M->1592M(3732M), 0.0809447 secs]
6209.468: [GC pause (G1 Evacuation Pause) (young) 3229M->1586M(3732M), 0.0640107 secs]
6210.960: [GC pause (G1 Evacuation Pause) (young) 3277M->1623M(3732M), 0.0899977 secs]
6212.453: [GC pause (G1 Evacuation Pause) (young) 3213M->1630M(3732M), 0.0656632 secs]
6213.906: [GC pause (G1 Evacuation Pause) (young) 3231M->1671M(3732M), 0.0798977 secs]
6215.344: [GC pause (G1 Evacuation Pause) (young) 3219M->1669M(3732M), 0.0623962 secs]
6216.714: [GC pause (G1 Evacuation Pause) (young) 3283M->1706M(3732M), 0.0826185 secs]
6218.185: [GC pause (G1 Evacuation Pause) (young) 3227M->1721M(3732M), 0.0680188 secs]
6219.698: [GC pause (G1 Humongous Allocation) (young) (initial-mark) 3153M->1773M(3732M), 0.0817097 secs]
6219.779: [GC concurrent-root-region-scan-start]
6219.829: [GC concurrent-root-region-scan-end, 0.0501201 secs]
6219.829: [GC concurrent-mark-start]
6220.060: [GC concurrent-mark-end, 0.2303605 secs]
6220.060: [GC remark, 0.0076830 secs]
6220.068: [GC cleanup 2115M->1181M(3732M), 0.0040286 secs]
6220.072: [GC concurrent-cleanup-start]
6220.074: [GC concurrent-cleanup-end, 0.0017916 secs]
6220.964: [GC pause (G1 Evacuation Pause) (young) 2339M->870M(3732M), 0.1172814 secs]
6221.083: [GC pause (G1 Evacuation Pause) (mixed) 872M->643M(3732M), 0.1043359 secs]
6223.083: [GC pause (G1 Evacuation Pause) (young) 2893M->710M(3732M), 0.0777353 secs]
6225.072: [GC pause (G1 Evacuation Pause) (young) 2871M->736M(3732M), 0.0664039 secs]
6227.042: [GC pause (G1 Evacuation Pause) (young) 2871M->733M(3732M), 0.0649417 secs]
6228.989: [GC pause (G1 Evacuation Pause) (young) 2893M->780M(3732M), 0.0918776 secs]
6230.891: [GC pause (G1 Evacuation Pause) (young) 2871M->797M(3732M), 0.0834936 secs]
6232.773: [GC pause (G1 Evacuation Pause) (young) 2872M->767M(3732M), 0.0656961 secs]
6234.595: [GC pause (G1 Evacuation Pause) (young) 2905M->808M(3732M), 0.1018019 secs]
6236.512: [GC pause (G1 Evacuation Pause) (young) 2885M->828M(3732M), 0.0927493 secs]
6238.459: [GC pause (G1 Evacuation Pause) (young) 2911M->810M(3732M), 0.0707939 secs]
6240.445: [GC pause (G1 Evacuation Pause) (young) 2957M->844M(3732M), 0.0948750 secs]
6242.511: [GC pause (G1 Evacuation Pause) (young) 3016M->904M(3732M), 0.0957684 secs]
6244.281: [GC pause (G1 Evacuation Pause) (young) 2988M->917M(3732M), 0.1187146 secs]
6246.235: [GC pause (G1 Evacuation Pause) (young) 2990M->960M(3732M), 0.1368948 secs]
6248.161: [GC pause (G1 Evacuation Pause) (young) 3028M->997M(3732M), 0.1237838 secs]
6250.220: [GC pause (G1 Evacuation Pause) (young) 3139M->992M(3732M), 0.0796336 secs]
6252.221: [GC pause (G1 Evacuation Pause) (young) 3155M->1028M(3732M), 0.0767382 secs]
6254.182: [GC pause (G1 Evacuation Pause) (young) 3138M->1048M(3732M), 0.0782682 secs]
6256.095: [GC pause (G1 Evacuation Pause) (young) 3138M->1034M(3732M), 0.0716515 secs]
6258.010: [GC pause (G1 Evacuation Pause) (young) 3171M->1072M(3732M), 0.0938633 secs]
6259.920: [GC pause (G1 Evacuation Pause) (young) 3149M->1090M(3732M), 0.0889170 secs]
6261.924: [GC pause (G1 Evacuation Pause) (young) 3174M->1075M(3732M), 0.0701820 secs]
6264.082: [GC pause (G1 Evacuation Pause) (young) 3222M->1106M(3732M), 0.0913460 secs]
6265.812: [GC pause (G1 Evacuation Pause) (young) 3280M->1210M(3732M), 0.1565676 secs]
6267.618: [GC pause (G1 Evacuation Pause) (young) 3104M->1175M(3732M), 0.1054887 secs]
6269.541: [GC pause (G1 Evacuation Pause) (young) 3222M->1220M(3732M), 0.1149258 secs]
6271.492: [GC pause (G1 Evacuation Pause) (young) 3264M->1241M(3732M), 0.0824338 secs]
6273.355: [GC pause (G1 Evacuation Pause) (young) 3239M->1262M(3732M), 0.0665562 secs]
6275.151: [GC pause (G1 Evacuation Pause) (young) 3247M->1281M(3732M), 0.0863408 secs]
6276.950: [GC pause (G1 Evacuation Pause) (young) 3205M->1299M(3732M), 0.0859845 secs]
6278.709: [GC pause (G1 Evacuation Pause) (young) 3203M->1325M(3732M), 0.0899465 secs]
6280.395: [GC pause (G1 Evacuation Pause) (young) 3202M->1306M(3732M), 0.0727834 secs]
6282.183: [GC pause (G1 Evacuation Pause) (young) 3261M->1336M(3732M), 0.0815629 secs]
6283.860: [GC pause (G1 Evacuation Pause) (young) 3218M->1365M(3732M), 0.0767105 secs]
6285.731: [GC pause (G1 Evacuation Pause) (young) 3199M->1389M(3732M), 0.0909778 secs]
6287.392: [GC pause (G1 Evacuation Pause) (young) 3318M->1501M(3732M), 0.1188583 secs]
6288.924: [GC pause (G1 Evacuation Pause) (young) 3175M->1536M(3732M), 0.1227513 secs]
6290.529: [GC pause (G1 Evacuation Pause) (young) 3182M->1549M(3732M), 0.1096210 secs]
6292.142: [GC pause (G1 Evacuation Pause) (young) 3265M->1582M(3732M), 0.0862183 secs]
6293.735: [GC pause (G1 Evacuation Pause) (young) 3251M->1627M(3732M), 0.0855548 secs]
6295.244: [GC pause (G1 Evacuation Pause) (young) 3241M->1651M(3732M), 0.0814797 secs]
6296.727: [GC pause (G1 Evacuation Pause) (young) 3226M->1672M(3732M), 0.0762825 secs]
6298.223: [GC pause (G1 Evacuation Pause) (young) 3216M->1682M(3732M), 0.0660404 secs]
6299.704: [GC pause (G1 Evacuation Pause) (young) 3269M->1710M(3732M), 0.0764489 secs]
6301.125: [GC pause (G1 Evacuation Pause) (young) 3229M->1719M(3732M), 0.0775873 secs]
6302.558: [GC pause (G1 Evacuation Pause) (young) 3221M->1749M(3732M), 0.0754275 secs]
6303.919: [GC pause (G1 Evacuation Pause) (young) 3239M->1774M(3732M), 0.0772882 secs]
6305.353: [GC pause (G1 Evacuation Pause) (young) 3232M->1758M(3732M), 0.0531849 secs]
6305.490: [GC pause (G1 Humongous Allocation) (young) (initial-mark) 1822M->1759M(3732M), 0.0347281 secs]
6305.525: [GC concurrent-root-region-scan-start]
6305.555: [GC concurrent-root-region-scan-end, 0.0306483 secs]
6305.556: [GC concurrent-mark-start]
6305.871: [GC concurrent-mark-end, 0.3150326 secs]
6305.871: [GC remark, 0.0074129 secs]
6305.879: [GC cleanup 2156M->1186M(3732M), 0.0043110 secs]
6305.883: [GC concurrent-cleanup-start]
6305.885: [GC concurrent-cleanup-end, 0.0019115 secs]
6306.828: [GC pause (G1 Evacuation Pause) (young) 2326M->837M(3732M), 0.0775617 secs]
6306.947: [GC pause (G1 Evacuation Pause) (mixed) 887M->621M(3732M), 0.0740468 secs]
6309.057: [GC pause (G1 Evacuation Pause) (young) 2850M->659M(3732M), 0.0559561 secs]
6310.856: [GC pause (G1 Evacuation Pause) (young) 2930M->767M(3732M), 0.1116263 secs]
6312.763: [GC pause (G1 Evacuation Pause) (young) 2871M->816M(3732M), 0.1164571 secs]
6314.702: [GC pause (G1 Evacuation Pause) (young) 2866M->866M(3732M), 0.0984556 secs]
6316.776: [GC pause (G1 Evacuation Pause) (young) 3014M->869M(3732M), 0.0788626 secs]
6318.848: [GC pause (G1 Evacuation Pause) (young) 3034M->923M(3732M), 0.0927293 secs]
6320.834: [GC pause (G1 Evacuation Pause) (young) 3013M->939M(3732M), 0.0861876 secs]
6322.684: [GC pause (G1 Evacuation Pause) (young) 3013M->906M(3732M), 0.0693761 secs]
6324.645: [GC pause (G1 Evacuation Pause) (young) 3046M->946M(3732M), 0.0945972 secs]
6326.565: [GC pause (G1 Evacuation Pause) (young) 3016M->954M(3732M), 0.0797641 secs]
6328.376: [GC pause (G1 Evacuation Pause) (young) 3051M->944M(3732M), 0.0782307 secs]
6330.510: [GC pause (G1 Evacuation Pause) (young) 3072M->972M(3732M), 0.1039561 secs]
6332.466: [GC pause (G1 Evacuation Pause) (young) 3131M->1045M(3732M), 0.1134994 secs]
6334.377: [GC pause (G1 Evacuation Pause) (young) 3112M->1057M(3732M), 0.1189044 secs]
6336.305: [GC pause (G1 Evacuation Pause) (young) 3135M->1101M(3732M), 0.1344799 secs]
6338.264: [GC pause (G1 Evacuation Pause) (young) 3171M->1123M(3732M), 0.1058322 secs]
6340.254: [GC pause (G1 Evacuation Pause) (young) 3266M->1141M(3732M), 0.0809925 secs]
6342.255: [GC pause (G1 Evacuation Pause) (young) 3270M->1177M(3732M), 0.0974239 secs]
6344.147: [GC pause (G1 Evacuation Pause) (young) 3213M->1196M(3732M), 0.0845385 secs]
6345.979: [GC pause (G1 Evacuation Pause) (young) 3206M->1203M(3732M), 0.0752333 secs]
6347.705: [GC pause (G1 Evacuation Pause) (young) 3210M->1214M(3732M), 0.0747990 secs]
6349.508: [GC pause (G1 Evacuation Pause) (young) 3245M->1250M(3732M), 0.1031079 secs]
6351.322: [GC pause (G1 Evacuation Pause) (young) 3178M->1261M(3732M), 0.0812545 secs]
6353.312: [GC pause (G1 Evacuation Pause) (young) 3218M->1276M(3732M), 0.0789961 secs]
6354.814: [GC pause (G1 Evacuation Pause) (young) 3334M->1414M(3732M), 0.1354501 secs]
6356.454: [GC pause (G1 Evacuation Pause) (young) 3132M->1424M(3732M), 0.1246994 secs]
6358.225: [GC pause (G1 Evacuation Pause) (young) 3256M->1451M(3732M), 0.0800393 secs]
6359.970: [GC pause (G1 Evacuation Pause) (young) 3284M->1506M(3732M), 0.0845377 secs]
6361.541: [GC pause (G1 Evacuation Pause) (young) 3208M->1504M(3732M), 0.0744031 secs]
6363.134: [GC pause (G1 Evacuation Pause) (young) 3255M->1534M(3732M), 0.0900907 secs]
6364.746: [GC pause (G1 Evacuation Pause) (young) 3216M->1546M(3732M), 0.0629304 secs]
6366.300: [GC pause (G1 Evacuation Pause) (young) 3263M->1579M(3732M), 0.0916724 secs]
6367.990: [GC pause (G1 Evacuation Pause) (young) 3210M->1585M(3732M), 0.0744244 secs]
6369.528: [GC pause (G1 Evacuation Pause) (young) 3233M->1617M(3732M), 0.0832581 secs]
6370.983: [GC pause (G1 Evacuation Pause) (young) 3209M->1606M(3732M), 0.0665067 secs]
6372.516: [GC pause (G1 Evacuation Pause) (young) 3267M->1648M(3732M), 0.0901070 secs]
6374.005: [GC pause (G1 Evacuation Pause) (young) 3213M->1660M(3732M), 0.0777084 secs]
6375.583: [GC pause (G1 Evacuation Pause) (young) 3232M->1662M(3732M), 0.0722821 secs]
6377.030: [GC pause (G1 Evacuation Pause) (young) 3340M->1741M(3732M), 0.0891900 secs]
6378.178: [GC pause (G1 Evacuation Pause) (young) 3242M->1781M(3732M), 0.1207587 secs]
6379.512: [GC pause (G1 Evacuation Pause) (young) 3159M->1812M(3732M), 0.1143455 secs]
6380.765: [GC pause (G1 Humongous Allocation) (young) (initial-mark) 3056M->1822M(3732M), 0.0507136 secs]
6380.816: [GC concurrent-root-region-scan-start]
6380.834: [GC concurrent-root-region-scan-end, 0.0179349 secs]
6380.834: [GC concurrent-mark-start]
6381.147: [GC concurrent-mark-end, 0.3137778 secs]
6381.148: [GC remark, 0.0071829 secs]
6381.155: [GC cleanup 2189M->1101M(3732M), 0.0040452 secs]
6381.159: [GC concurrent-cleanup-start]
6381.162: [GC concurrent-cleanup-end, 0.0022438 secs]
6382.007: [GC pause (G1 Evacuation Pause) (young) 2206M->769M(3732M), 0.0507781 secs]
6382.147: [GC pause (G1 Evacuation Pause) (mixed) 867M->598M(3732M), 0.0434953 secs]
6384.144: [GC pause (G1 Evacuation Pause) (young) 2848M->663M(3732M), 0.0828058 secs]
6386.129: [GC pause (G1 Evacuation Pause) (young) 2828M->689M(3732M), 0.0713690 secs]
6388.092: [GC pause (G1 Evacuation Pause) (young) 2819M->718M(3732M), 0.0752624 secs]
6390.036: [GC pause (G1 Evacuation Pause) (young) 2848M->732M(3732M), 0.0939487 secs]
6391.959: [GC pause (G1 Evacuation Pause) (young) 2827M->750M(3732M), 0.0899371 secs]
6393.883: [GC pause (G1 Evacuation Pause) (young) 2820M->758M(3732M), 0.0846166 secs]
6395.838: [GC pause (G1 Evacuation Pause) (young) 2872M->767M(3732M), 0.0914791 secs]
6397.895: [GC pause (G1 Evacuation Pause) (young) 2862M->779M(3732M), 0.0864060 secs]
6399.817: [GC pause (G1 Evacuation Pause) (young) 2933M->866M(3732M), 0.1217063 secs]
6401.616: [GC pause (G1 Evacuation Pause) (young) 2950M->879M(3732M), 0.1243969 secs]
6403.535: [GC pause (G1 Evacuation Pause) (young) 2929M->928M(3732M), 0.1172272 secs]
6405.525: [GC pause (G1 Evacuation Pause) (young) 3029M->968M(3732M), 0.1136261 secs]
6407.553: [GC pause (G1 Evacuation Pause) (young) 3029M->978M(3732M), 0.0931354 secs]
6409.500: [GC pause (G1 Evacuation Pause) (young) 3138M->1015M(3732M), 0.0888632 secs]
6411.445: [GC pause (G1 Evacuation Pause) (young) 3111M->1046M(3732M), 0.0813027 secs]
6413.368: [GC pause (G1 Evacuation Pause) (young) 3117M->1013M(3732M), 0.0727267 secs]
6415.324: [GC pause (G1 Evacuation Pause) (young) 3152M->1056M(3732M), 0.1003751 secs]
6417.261: [GC pause (G1 Evacuation Pause) (young) 3120M->1064M(3732M), 0.0821675 secs]
6419.183: [GC pause (G1 Evacuation Pause) (young) 3154M->1060M(3732M), 0.0754228 secs]
6421.275: [GC pause (G1 Evacuation Pause) (young) 3201M->1092M(3732M), 0.0951591 secs]
6423.028: [GC pause (G1 Evacuation Pause) (young) 3260M->1195M(3732M), 0.1635317 secs]
6424.942: [GC pause (G1 Evacuation Pause) (young) 3103M->1159M(3732M), 0.0901445 secs]
6426.829: [GC pause (G1 Evacuation Pause) (young) 3230M->1232M(3732M), 0.1377874 secs]
6428.787: [GC pause (G1 Evacuation Pause) (young) 3252M->1258M(3732M), 0.0946053 secs]
6430.601: [GC pause (G1 Evacuation Pause) (young) 3225M->1251M(3732M), 0.0628276 secs]
6432.406: [GC pause (G1 Evacuation Pause) (young) 3247M->1292M(3732M), 0.0899623 secs]
6434.143: [GC pause (G1 Evacuation Pause) (young) 3192M->1311M(3732M), 0.0912726 secs]
6435.929: [GC pause (G1 Evacuation Pause) (young) 3218M->1330M(3732M), 0.0866740 secs]
6437.707: [GC pause (G1 Evacuation Pause) (young) 3216M->1333M(3732M), 0.0710793 secs]
6439.390: [GC pause (G1 Evacuation Pause) (young) 3246M->1364M(3732M), 0.1004178 secs]
6441.107: [GC pause (G1 Evacuation Pause) (young) 3182M->1366M(3732M), 0.0774652 secs]
6442.868: [GC pause (G1 Evacuation Pause) (young) 3242M->1393M(3732M), 0.0922484 secs]
6444.490: [GC pause (G1 Evacuation Pause) (young) 3315M->1495M(3732M), 0.1361085 secs]
6446.139: [GC pause (G1 Evacuation Pause) (young) 3133M->1553M(3732M), 0.1169426 secs]
6447.810: [GC pause (G1 Evacuation Pause) (young) 3273M->1589M(3732M), 0.0738428 secs]
6449.414: [GC pause (G1 Evacuation Pause) (young) 3269M->1612M(3732M), 0.0551570 secs]
6450.939: [GC pause (G1 Evacuation Pause) (young) 3279M->1644M(3732M), 0.0833601 secs]
6452.391: [GC pause (G1 Evacuation Pause) (young) 3216M->1668M(3732M), 0.0763615 secs]
6453.829: [GC pause (G1 Evacuation Pause) (young) 3224M->1687M(3732M), 0.0826531 secs]
6455.253: [GC pause (G1 Evacuation Pause) (young) 3243M->1713M(3732M), 0.0781261 secs]
6456.664: [GC pause (G1 Evacuation Pause) (young) 3248M->1724M(3732M), 0.0828459 secs]
6458.060: [GC pause (G1 Evacuation Pause) (young) 3226M->1764M(3732M), 0.0688163 secs]
6459.394: [GC pause (G1 Evacuation Pause) (young) 3229M->1784M(3732M), 0.0723230 secs]
6460.779: [GC pause (G1 Evacuation Pause) (young) (initial-mark) 3248M->1806M(3732M), 0.0689507 secs]
6460.848: [GC concurrent-root-region-scan-start]
6460.908: [GC concurrent-root-region-scan-end, 0.0606669 secs]
6460.908: [GC concurrent-mark-start]
6461.264: [GC concurrent-mark-end, 0.3558663 secs]
6461.265: [GC remark, 0.0069862 secs]
6461.272: [GC cleanup 2234M->1232M(3732M), 0.0031962 secs]
6461.275: [GC concurrent-cleanup-start]
6461.277: [GC concurrent-cleanup-end, 0.0017267 secs]
6462.170: [GC pause (G1 Evacuation Pause) (young) 2234M->790M(3732M), 0.0560133 secs]
6462.313: [GC pause (G1 Evacuation Pause) (mixed) 884M->675M(3732M), 0.0605385 secs]
6464.414: [GC pause (G1 Evacuation Pause) (young) 2915M->728M(3732M), 0.0825959 secs]
6466.209: [GC pause (G1 Evacuation Pause) (young) 2983M->849M(3732M), 0.1194540 secs]
6468.196: [GC pause (G1 Evacuation Pause) (young) 2925M->858M(3732M), 0.1084366 secs]
6470.101: [GC pause (G1 Evacuation Pause) (young) 2926M->918M(3732M), 0.1043581 secs]
6472.079: [GC pause (G1 Evacuation Pause) (young) 3068M->958M(3732M), 0.0974431 secs]
6474.085: [GC pause (G1 Evacuation Pause) (young) 3069M->945M(3732M), 0.0695130 secs]
6475.930: [GC pause (G1 Evacuation Pause) (young) 3078M->985M(3732M), 0.0932430 secs]
6477.910: [GC pause (G1 Evacuation Pause) (young) 3068M->1012M(3732M), 0.0962207 secs]
6479.874: [GC pause (G1 Evacuation Pause) (young) 3083M->979M(3732M), 0.0743437 secs]
6481.867: [GC pause (G1 Evacuation Pause) (young) 3112M->1029M(3732M), 0.0986049 secs]
6483.782: [GC pause (G1 Evacuation Pause) (young) 3102M->1049M(3732M), 0.0926111 secs]
6485.742: [GC pause (G1 Evacuation Pause) (young) 3137M->1018M(3732M), 0.0658625 secs]
6487.606: [GC pause (G1 Evacuation Pause) (young) 3160M->1072M(3732M), 0.0903032 secs]
6489.379: [GC pause (G1 Evacuation Pause) (young) 3240M->1140M(3732M), 0.1433708 secs]
6491.358: [GC pause (G1 Evacuation Pause) (young) 3136M->1157M(3732M), 0.0978326 secs]
6493.262: [GC pause (G1 Evacuation Pause) (young) 3276M->1214M(3732M), 0.0849319 secs]
6495.166: [GC pause (G1 Evacuation Pause) (young) 3270M->1236M(3732M), 0.0767804 secs]
6497.083: [GC pause (G1 Evacuation Pause) (young) 3226M->1242M(3732M), 0.0628161 secs]
6498.912: [GC pause (G1 Evacuation Pause) (young) 3242M->1264M(3732M), 0.0878396 secs]
6500.706: [GC pause (G1 Evacuation Pause) (young) 3208M->1272M(3732M), 0.0778753 secs]
6502.449: [GC pause (G1 Evacuation Pause) (young) 3223M->1287M(3732M), 0.0908233 secs]
6504.254: [GC pause (G1 Evacuation Pause) (young) 3209M->1276M(3732M), 0.0760240 secs]
6506.076: [GC pause (G1 Evacuation Pause) (young) 3246M->1303M(3732M), 0.0882168 secs]
6507.887: [GC pause (G1 Evacuation Pause) (young) 3210M->1309M(3732M), 0.0767083 secs]
6509.586: [GC pause (G1 Evacuation Pause) (young) 3215M->1318M(3732M), 0.0748122 secs]
6511.368: [GC pause (G1 Evacuation Pause) (young) 3314M->1402M(3732M), 0.1024662 secs]
6512.931: [GC pause (G1 Evacuation Pause) (young) 3177M->1396M(3732M), 0.1076750 secs]
6514.622: [GC pause (G1 Evacuation Pause) (young) 3195M->1415M(3732M), 0.1056880 secs]
6516.380: [GC pause (G1 Evacuation Pause) (young) 3263M->1457M(3732M), 0.0949018 secs]
6518.058: [GC pause (G1 Evacuation Pause) (young) 3215M->1482M(3732M), 0.0848534 secs]
6519.652: [GC pause (G1 Evacuation Pause) (young) 3249M->1497M(3732M), 0.0821355 secs]
6521.267: [GC pause (G1 Evacuation Pause) (young) 3241M->1500M(3732M), 0.0661253 secs]
6522.877: [GC pause (G1 Evacuation Pause) (young) 3231M->1514M(3732M), 0.0699094 secs]
6524.469: [GC pause (G1 Evacuation Pause) (young) 3234M->1522M(3732M), 0.0772301 secs]
6526.024: [GC pause (G1 Evacuation Pause) (young) 3210M->1515M(3732M), 0.0639685 secs]
6527.521: [GC pause (G1 Evacuation Pause) (young) 3253M->1538M(3732M), 0.0819047 secs]
6529.122: [GC pause (G1 Evacuation Pause) (young) 3206M->1539M(3732M), 0.0675201 secs]
6530.689: [GC pause (G1 Evacuation Pause) (young) 3257M->1552M(3732M), 0.0754714 secs]
6532.233: [GC pause (G1 Evacuation Pause) (young) 3220M->1519M(3732M), 0.0471902 secs]
6533.649: [GC pause (G1 Evacuation Pause) (young) 3370M->1672M(3732M), 0.1161294 secs]
6535.023: [GC pause (G1 Evacuation Pause) (young) 3154M->1619M(3732M), 0.0830652 secs]
6536.525: [GC pause (G1 Evacuation Pause) (young) 3291M->1666M(3732M), 0.0890266 secs]
6538.066: [GC pause (G1 Evacuation Pause) (young) 3246M->1661M(3732M), 0.0499478 secs]
6539.569: [GC pause (G1 Evacuation Pause) (young) 3275M->1707M(3732M), 0.0809084 secs]
6540.975: [GC pause (G1 Evacuation Pause) (young) 3207M->1733M(3732M), 0.0770667 secs]
6542.420: [GC pause (G1 Evacuation Pause) (young) 3240M->1739M(3732M), 0.0839156 secs]
6543.808: [GC pause (G1 Evacuation Pause) (young) 3235M->1767M(3732M), 0.0684007 secs]
6545.186: [GC pause (G1 Evacuation Pause) (young) 3245M->1759M(3732M), 0.0705677 secs]
6546.560: [GC pause (G1 Evacuation Pause) (young) 3245M->1779M(3732M), 0.0688961 secs]
6547.953: [GC pause (G1 Evacuation Pause) (young) 3235M->1761M(3732M), 0.0580186 secs]
6548.144: [GC pause (G1 Humongous Allocation) (young) (initial-mark) 1904M->1762M(3732M), 0.0394740 secs]
6548.184: [GC concurrent-root-region-scan-start]
6548.216: [GC concurrent-root-region-scan-end, 0.0322176 secs]
6548.216: [GC concurrent-mark-start]
6548.499: [GC concurrent-mark-end, 0.2829007 secs]
6548.499: [GC remark, 0.0080696 secs]
6548.508: [GC cleanup 2097M->921M(3732M), 0.0042112 secs]
6548.512: [GC concurrent-cleanup-start]
6548.514: [GC concurrent-cleanup-end, 0.0022767 secs]
6549.344: [GC pause (G1 Evacuation Pause) (young) 2091M->621M(3732M), 0.0666608 secs]
6549.454: [GC pause (G1 Evacuation Pause) (mixed) 677M->599M(3732M), 0.0496086 secs]
6551.481: [GC pause (G1 Evacuation Pause) (young) 2838M->655M(3732M), 0.0681003 secs]
6553.515: [GC pause (G1 Evacuation Pause) (young) 2827M->681M(3732M), 0.0649609 secs]
6555.549: [GC pause (G1 Evacuation Pause) (young) 2828M->702M(3732M), 0.0743237 secs]
6557.322: [GC pause (G1 Evacuation Pause) (young) 2920M->785M(3732M), 0.1392274 secs]
6559.238: [GC pause (G1 Evacuation Pause) (young) 2827M->793M(3732M), 0.1067807 secs]
6561.129: [GC pause (G1 Evacuation Pause) (young) 2982M->838M(3732M), 0.0839361 secs]
6563.114: [GC pause (G1 Evacuation Pause) (young) 2983M->853M(3732M), 0.0659273 secs]
6565.022: [GC pause (G1 Evacuation Pause) (young) 2993M->878M(3732M), 0.0804745 secs]
6566.980: [GC pause (G1 Evacuation Pause) (young) 2983M->900M(3732M), 0.0877432 secs]
6568.819: [GC pause (G1 Evacuation Pause) (young) 2983M->893M(3732M), 0.0829641 secs]
6570.771: [GC pause (G1 Evacuation Pause) (young) 3017M->907M(3732M), 0.0901594 secs]
6572.688: [GC pause (G1 Evacuation Pause) (young) 3006M->919M(3732M), 0.0844562 secs]
6574.571: [GC pause (G1 Evacuation Pause) (young) 3006M->936M(3732M), 0.0811952 secs]
6576.717: [GC pause (G1 Evacuation Pause) (young) 3032M->932M(3732M), 0.0869291 secs]
6578.492: [GC pause (G1 Evacuation Pause) (young) 3120M->1003M(3732M), 0.1206482 secs]
6580.290: [GC pause (G1 Evacuation Pause) (young) 3038M->1046M(3732M), 0.1280325 secs]
6582.175: [GC pause (G1 Evacuation Pause) (young) 3110M->1057M(3732M), 0.1261441 secs]
6584.270: [GC pause (G1 Evacuation Pause) (young) 3193M->1048M(3732M), 0.0653650 secs]
6586.229: [GC pause (G1 Evacuation Pause) (young) 3214M->1099M(3732M), 0.0850300 secs]
6588.182: [GC pause (G1 Evacuation Pause) (young) 3215M->1099M(3732M), 0.0826027 secs]
6590.104: [GC pause (G1 Evacuation Pause) (young) 3193M->1128M(3732M), 0.0839638 secs]
6591.942: [GC pause (G1 Evacuation Pause) (young) 3201M->1127M(3732M), 0.0944035 secs]
6593.915: [GC pause (G1 Evacuation Pause) (young) 3211M->1103M(3732M), 0.0690411 secs]
6595.716: [GC pause (G1 Evacuation Pause) (young) 3245M->1153M(3732M), 0.0907525 secs]
6597.666: [GC pause (G1 Evacuation Pause) (young) 3207M->1143M(3732M), 0.0828220 secs]
6599.626: [GC pause (G1 Evacuation Pause) (young) 3300M->1180M(3732M), 0.0746637 secs]
6601.267: [GC pause (G1 Evacuation Pause) (young) 3241M->1251M(3732M), 0.1354122 secs]
6603.094: [GC pause (G1 Evacuation Pause) (young) 3122M->1263M(3732M), 0.1249644 secs]
6604.997: [GC pause (G1 Evacuation Pause) (young) 3267M->1293M(3732M), 0.0831378 secs]
6606.801: [GC pause (G1 Evacuation Pause) (young) 3271M->1334M(3732M), 0.0720632 secs]
6608.618: [GC pause (G1 Evacuation Pause) (young) 3245M->1334M(3732M), 0.0658326 secs]
6610.277: [GC pause (G1 Evacuation Pause) (young) 3228M->1365M(3732M), 0.0737566 secs]
6611.937: [GC pause (G1 Evacuation Pause) (young) 3216M->1358M(3732M), 0.0871647 secs]
6613.662: [GC pause (G1 Evacuation Pause) (young) 3232M->1384M(3732M), 0.0880961 secs]
6615.396: [GC pause (G1 Evacuation Pause) (young) 3229M->1383M(3732M), 0.0773040 secs]
6617.095: [GC pause (G1 Evacuation Pause) (young) 3223M->1379M(3732M), 0.0667077 secs]
6618.779: [GC pause (G1 Evacuation Pause) (young) 3249M->1400M(3732M), 0.0796229 secs]
6620.514: [GC pause (G1 Evacuation Pause) (young) 3218M->1403M(3732M), 0.0832974 secs]
6622.001: [GC pause (G1 Evacuation Pause) (young) 3315M->1527M(3732M), 0.1233366 secs]
6623.292: [GC pause (G1 Evacuation Pause) (young) 3147M->1512M(3732M), 0.1038759 secs]
6624.854: [GC pause (G1 Evacuation Pause) (young) 3273M->1546M(3732M), 0.0708195 secs]
6626.446: [GC pause (G1 Evacuation Pause) (young) 3267M->1569M(3732M), 0.0679339 secs]
6627.991: [GC pause (G1 Evacuation Pause) (young) 3231M->1582M(3732M), 0.0599702 secs]
6629.548: [GC pause (G1 Evacuation Pause) (young) 3243M->1601M(3732M), 0.0811696 secs]
6631.120: [GC pause (G1 Evacuation Pause) (young) 3225M->1612M(3732M), 0.0673980 secs]
6632.645: [GC pause (G1 Evacuation Pause) (young) 3263M->1646M(3732M), 0.0857648 secs]
6634.152: [GC pause (G1 Evacuation Pause) (young) 3206M->1644M(3732M), 0.0622759 secs]
6635.615: [GC pause (G1 Evacuation Pause) (young) 3267M->1659M(3732M), 0.0774247 secs]
6637.066: [GC pause (G1 Evacuation Pause) (young) 3231M->1660M(3732M), 0.0551599 secs]
6638.479: [GC pause (G1 Evacuation Pause) (young) 3253M->1665M(3732M), 0.0627977 secs]
6639.995: [GC pause (G1 Evacuation Pause) (young) 3248M->1673M(3732M), 0.0647147 secs]
6641.510: [GC pause (G1 Evacuation Pause) (young) 3238M->1699M(3732M), 0.0780604 secs]
6643.108: [GC pause (G1 Evacuation Pause) (young) 3236M->1693M(3732M), 0.0710955 secs]
6643.486: [GC pause (G1 Humongous Allocation) (young) (initial-mark) 2081M->1732M(3732M), 0.0691132 secs]
6643.555: [GC concurrent-root-region-scan-start]
6643.599: [GC concurrent-root-region-scan-end, 0.0436020 secs]
6643.599: [GC concurrent-mark-start]
6643.775: [GC concurrent-mark-end, 0.1763607 secs]
6643.776: [GC remark, 0.0066432 secs]
6643.783: [GC cleanup 2036M->1064M(3732M), 0.0040738 secs]
6643.787: [GC concurrent-cleanup-start]
6643.788: [GC concurrent-cleanup-end, 0.0017399 secs]
6644.481: [GC pause (G1 Evacuation Pause) (young) 2309M->827M(3732M), 0.1142320 secs]
6644.597: [GC pause (G1 Evacuation Pause) (mixed) 829M->645M(3732M), 0.1005420 secs]
6646.503: [GC pause (G1 Evacuation Pause) (young) 2888M->709M(3732M), 0.0782213 secs]
6648.449: [GC pause (G1 Evacuation Pause) (young) 2865M->728M(3732M), 0.0579422 secs]
6650.399: [GC pause (G1 Evacuation Pause) (young) 2889M->768M(3732M), 0.0827521 secs]
6652.383: [GC pause (G1 Evacuation Pause) (young) 2876M->781M(3732M), 0.0815053 secs]
6654.327: [GC pause (G1 Evacuation Pause) (young) 2888M->780M(3732M), 0.0778876 secs]
6656.239: [GC pause (G1 Evacuation Pause) (young) 2870M->782M(3732M), 0.0760568 secs]
6658.115: [GC pause (G1 Evacuation Pause) (young) 2889M->809M(3732M), 0.0984295 secs]
6660.006: [GC pause (G1 Evacuation Pause) (young) 2865M->779M(3732M), 0.0685278 secs]
6661.855: [GC pause (G1 Evacuation Pause) (young) 2922M->831M(3732M), 0.1021902 secs]
6663.911: [GC pause (G1 Evacuation Pause) (young) 2922M->821M(3732M), 0.1361746 secs]
6665.798: [GC pause (G1 Evacuation Pause) (young) 3003M->902M(3732M), 0.1298322 secs]
6667.601: [GC pause (G1 Evacuation Pause) (young) 2945M->928M(3732M), 0.1215314 secs]
6669.514: [GC pause (G1 Evacuation Pause) (young) 2993M->971M(3732M), 0.1294555 secs]
6671.505: [GC pause (G1 Evacuation Pause) (young) 3113M->970M(3732M), 0.0797671 secs]
6673.521: [GC pause (G1 Evacuation Pause) (young) 3113M->1010M(3732M), 0.0802821 secs]
6675.488: [GC pause (G1 Evacuation Pause) (young) 3125M->1006M(3732M), 0.0858258 secs]
6677.361: [GC pause (G1 Evacuation Pause) (young) 3102M->1034M(3732M), 0.0759740 secs]
6679.265: [GC pause (G1 Evacuation Pause) (young) 3124M->1030M(3732M), 0.0913140 secs]
6681.301: [GC pause (G1 Evacuation Pause) (young) 3133M->1011M(3732M), 0.0627371 secs]
6683.137: [GC pause (G1 Evacuation Pause) (young) 3148M->1058M(3732M), 0.0849328 secs]
6685.168: [GC pause (G1 Evacuation Pause) (young) 3148M->1049M(3732M), 0.0861001 secs]
6687.247: [GC pause (G1 Evacuation Pause) (young) 3240M->1090M(3732M), 0.0798665 secs]
6689.016: [GC pause (G1 Evacuation Pause) (young) 3202M->1154M(3732M), 0.1302623 secs]
6690.874: [GC pause (G1 Evacuation Pause) (young) 3121M->1140M(3732M), 0.1109565 secs]
6692.737: [GC pause (G1 Evacuation Pause) (young) 3200M->1173M(3732M), 0.1180362 secs]
6694.760: [GC pause (G1 Evacuation Pause) (young) 3282M->1215M(3732M), 0.0758981 secs]
6696.592: [GC pause (G1 Evacuation Pause) (young) 3232M->1230M(3732M), 0.0732660 secs]
6698.391: [GC pause (G1 Evacuation Pause) (young) 3218M->1209M(3732M), 0.0718597 secs]
6700.174: [GC pause (G1 Evacuation Pause) (young) 3236M->1250M(3732M), 0.0831578 secs]
6701.941: [GC pause (G1 Evacuation Pause) (young) 3209M->1241M(3732M), 0.0913643 secs]
6703.753: [GC pause (G1 Evacuation Pause) (young) 3221M->1272M(3732M), 0.0804276 secs]
6705.546: [GC pause (G1 Evacuation Pause) (young) 3215M->1268M(3732M), 0.0826582 secs]
6707.470: [GC pause (G1 Evacuation Pause) (young) 3220M->1235M(3732M), 0.0500497 secs]
6709.369: [GC pause (G1 Evacuation Pause) (young) 3278M->1283M(3732M), 0.0817746 secs]
6711.010: [GC pause (G1 Evacuation Pause) (young) 3310M->1365M(3732M), 0.1387914 secs]
6712.697: [GC pause (G1 Evacuation Pause) (young) 3133M->1440M(3732M), 0.1197403 secs]
6714.444: [GC pause (G1 Evacuation Pause) (young) 3282M->1487M(3732M), 0.0692924 secs]
6716.063: [GC pause (G1 Evacuation Pause) (young) 3257M->1504M(3732M), 0.0565231 secs]
6717.690: [GC pause (G1 Evacuation Pause) (young) 3248M->1519M(3732M), 0.0652830 secs]
6719.266: [GC pause (G1 Evacuation Pause) (young) 3237M->1536M(3732M), 0.0757377 secs]
6720.801: [GC pause (G1 Evacuation Pause) (young) 3243M->1555M(3732M), 0.0795235 secs]
6722.397: [GC pause (G1 Evacuation Pause) (young) 3238M->1565M(3732M), 0.0730100 secs]
6723.933: [GC pause (G1 Evacuation Pause) (young) 3229M->1587M(3732M), 0.0784803 secs]
6725.431: [GC pause (G1 Evacuation Pause) (young) 3228M->1578M(3732M), 0.0737767 secs]
6726.957: [GC pause (G1 Evacuation Pause) (young) 3246M->1606M(3732M), 0.0737596 secs]
6728.518: [GC pause (G1 Evacuation Pause) (young) 3223M->1577M(3732M), 0.0565022 secs]
6730.050: [GC pause (G1 Evacuation Pause) (young) 3281M->1611M(3732M), 0.0713929 secs]
6731.687: [GC pause (G1 Evacuation Pause) (young) 3332M->1662M(3732M), 0.0906659 secs]
6732.875: [GC pause (G1 Evacuation Pause) (young) 3230M->1709M(3732M), 0.1108123 secs]
6734.189: [GC pause (G1 Evacuation Pause) (young) 3151M->1717M(3732M), 0.1036417 secs]
6734.943: [GC pause (G1 Humongous Allocation) (young) (initial-mark) 2416M->1730M(3732M), 0.0493722 secs]
6734.992: [GC concurrent-root-region-scan-start]
6735.017: [GC concurrent-root-region-scan-end, 0.0247057 secs]
6735.017: [GC concurrent-mark-start]
6735.284: [GC concurrent-mark-end, 0.2673517 secs]
6735.285: [GC remark, 0.0066722 secs]
6735.292: [GC cleanup 2060M->960M(3732M), 0.0047740 secs]
6735.296: [GC concurrent-cleanup-start]
6735.298: [GC concurrent-cleanup-end, 0.0018620 secs]
6736.330: [GC pause (G1 Evacuation Pause) (young) 2189M->658M(3732M), 0.0556348 secs]
6736.466: [GC pause (G1 Evacuation Pause) (mixed) 750M->584M(3732M), 0.0429684 secs]
6738.566: [GC pause (G1 Evacuation Pause) (young) 2825M->639M(3732M), 0.0664956 secs]
6740.515: [GC pause (G1 Evacuation Pause) (young) 2820M->673M(3732M), 0.0684301 secs]
6742.470: [GC pause (G1 Evacuation Pause) (young) 2816M->690M(3732M), 0.0745724 secs]
6744.409: [GC pause (G1 Evacuation Pause) (young) 2812M->713M(3732M), 0.0772109 secs]
6746.303: [GC pause (G1 Evacuation Pause) (young) 2826M->711M(3732M), 0.0854716 secs]
6748.224: [GC pause (G1 Evacuation Pause) (young) 2803M->738M(3732M), 0.0867888 secs]
6750.132: [GC pause (G1 Evacuation Pause) (young) 2825M->731M(3732M), 0.0931243 secs]
6752.238: [GC pause (G1 Evacuation Pause) (young) 2834M->728M(3732M), 0.0740062 secs]
6753.987: [GC pause (G1 Evacuation Pause) (young) 2922M->830M(3732M), 0.1285317 secs]
6755.744: [GC pause (G1 Evacuation Pause) (young) 2835M->821M(3732M), 0.1108080 secs]
6757.688: [GC pause (G1 Evacuation Pause) (young) 2899M->847M(3732M), 0.1175719 secs]
6759.743: [GC pause (G1 Evacuation Pause) (young) 3018M->889M(3732M), 0.0848735 secs]
6761.746: [GC pause (G1 Evacuation Pause) (young) 3006M->897M(3732M), 0.0737357 secs]
6763.650: [GC pause (G1 Evacuation Pause) (young) 3008M->894M(3732M), 0.0664734 secs]
6765.553: [GC pause (G1 Evacuation Pause) (young) 3007M->925M(3732M), 0.0816470 secs]
6767.488: [GC pause (G1 Evacuation Pause) (young) 3018M->931M(3732M), 0.0952730 secs]
6769.436: [GC pause (G1 Evacuation Pause) (young) 3013M->933M(3732M), 0.0820003 secs]
6771.223: [GC pause (G1 Evacuation Pause) (young) 3036M->955M(3732M), 0.0960598 secs]
6773.192: [GC pause (G1 Evacuation Pause) (young) 3037M->942M(3732M), 0.0726430 secs]
6775.116: [GC pause (G1 Evacuation Pause) (young) 3159M->1047M(3732M), 0.1110098 secs]
6776.945: [GC pause (G1 Evacuation Pause) (young) 3113M->1069M(3732M), 0.1250582 secs]
6778.862: [GC pause (G1 Evacuation Pause) (young) 3117M->1090M(3732M), 0.1244630 secs]
6780.918: [GC pause (G1 Evacuation Pause) (young) 3201M->1096M(3732M), 0.0970237 secs]
6782.866: [GC pause (G1 Evacuation Pause) (young) 3199M->1134M(3732M), 0.0933966 secs]
6784.705: [GC pause (G1 Evacuation Pause) (young) 3191M->1136M(3732M), 0.0901236 secs]
6786.588: [GC pause (G1 Evacuation Pause) (young) 3222M->1164M(3732M), 0.0928133 secs]
6788.532: [GC pause (G1 Evacuation Pause) (young) 3217M->1175M(3732M), 0.0862311 secs]
6790.460: [GC pause (G1 Evacuation Pause) (young) 3215M->1157M(3732M), 0.0685769 secs]
6792.310: [GC pause (G1 Evacuation Pause) (young) 3235M->1198M(3732M), 0.0850390 secs]
6794.238: [GC pause (G1 Evacuation Pause) (young) 3207M->1189M(3732M), 0.0775156 secs]
6796.134: [GC pause (G1 Evacuation Pause) (young) 3227M->1200M(3732M), 0.0790418 secs]
6797.819: [GC pause (G1 Evacuation Pause) (young) 3295M->1314M(3732M), 0.1185486 secs]
6799.251: [GC pause (G1 Evacuation Pause) (young) 3136M->1302M(3732M), 0.1121311 secs]
6800.990: [GC pause (G1 Evacuation Pause) (young) 3185M->1314M(3732M), 0.1131581 secs]
6802.810: [GC pause (G1 Evacuation Pause) (young) 3269M->1353M(3732M), 0.0889989 secs]
6804.452: [GC pause (G1 Evacuation Pause) (young) 3240M->1362M(3732M), 0.0796186 secs]
6806.142: [GC pause (G1 Evacuation Pause) (young) 3210M->1395M(3732M), 0.0752214 secs]
6807.740: [GC pause (G1 Evacuation Pause) (young) 3234M->1403M(3732M), 0.0822507 secs]
6809.412: [GC pause (G1 Evacuation Pause) (young) 3229M->1428M(3732M), 0.0756877 secs]
6811.019: [GC pause (G1 Evacuation Pause) (young) 3229M->1420M(3732M), 0.0795836 secs]
6812.677: [GC pause (G1 Evacuation Pause) (young) 3236M->1425M(3732M), 0.0657217 secs]
6814.405: [GC pause (G1 Evacuation Pause) (young) 3252M->1442M(3732M), 0.0807638 secs]
6816.021: [GC pause (G1 Evacuation Pause) (young) 3225M->1450M(3732M), 0.0683853 secs]
6817.924: [GC pause (G1 Evacuation Pause) (young) 3233M->1449M(3732M), 0.0649029 secs]
6819.335: [GC pause (G1 Evacuation Pause) (young) 3310M->1541M(3732M), 0.1089699 secs]
6820.792: [GC pause (G1 Evacuation Pause) (young) 3163M->1536M(3732M), 0.1049068 secs]
6822.357: [GC pause (G1 Evacuation Pause) (young) 3203M->1557M(3732M), 0.1172110 secs]
6823.895: [GC pause (G1 Evacuation Pause) (young) 3229M->1573M(3732M), 0.0819132 secs]
6825.520: [GC pause (G1 Evacuation Pause) (young) 3236M->1628M(3732M), 0.0921067 secs]
6827.123: [GC pause (G1 Evacuation Pause) (young) 3240M->1652M(3732M), 0.0815331 secs]
6828.544: [GC pause (G1 Evacuation Pause) (young) 3239M->1651M(3732M), 0.0679954 secs]
6829.951: [GC pause (G1 Evacuation Pause) (young) 3237M->1674M(3732M), 0.0684690 secs]
6831.478: [GC pause (G1 Evacuation Pause) (young) 3212M->1638M(3732M), 0.0470840 secs]
6832.961: [GC pause (G1 Evacuation Pause) (young) 3295M->1692M(3732M), 0.0823130 secs]
6834.443: [GC pause (G1 Evacuation Pause) (young) 3218M->1687M(3732M), 0.0574341 secs]
6835.794: [GC pause (G1 Evacuation Pause) (young) 3266M->1717M(3732M), 0.0801989 secs]
6837.243: [GC pause (G1 Evacuation Pause) (young) 3213M->1709M(3732M), 0.0587265 secs]
6838.645: [GC pause (G1 Evacuation Pause) (young) 3261M->1707M(3732M), 0.0553792 secs]
6840.071: [GC pause (G1 Evacuation Pause) (young) 3276M->1721M(3732M), 0.0731457 secs]
6840.773: [GC pause (G1 Humongous Allocation) (young) (initial-mark) 2423M->1773M(3732M), 0.0770147 secs]
6840.850: [GC concurrent-root-region-scan-start]
6840.912: [GC concurrent-root-region-scan-end, 0.0623779 secs]
6840.912: [GC concurrent-mark-start]
6841.123: [GC concurrent-mark-end, 0.2110193 secs]
6841.123: [GC remark, 0.0077402 secs]
6841.132: [GC cleanup 2093M->1001M(3732M), 0.0041451 secs]
6841.136: [GC concurrent-cleanup-start]
6841.138: [GC concurrent-cleanup-end, 0.0022519 secs]
6841.869: [GC pause (G1 Evacuation Pause) (young) 2169M->720M(3732M), 0.1073618 secs]
6841.979: [GC pause (G1 Evacuation Pause) (mixed) 724M->639M(3732M), 0.0777682 secs]
6843.879: [GC pause (G1 Evacuation Pause) (young) 2885M->704M(3732M), 0.0789057 secs]
6845.844: [GC pause (G1 Evacuation Pause) (young) 2886M->736M(3732M), 0.0659166 secs]
6847.802: [GC pause (G1 Evacuation Pause) (young) 2862M->764M(3732M), 0.0730300 secs]
6849.614: [GC pause (G1 Evacuation Pause) (young) 2886M->757M(3732M), 0.0819231 secs]
6851.521: [GC pause (G1 Evacuation Pause) (young) 2872M->778M(3732M), 0.0820447 secs]
6853.469: [GC pause (G1 Evacuation Pause) (young) 2875M->787M(3732M), 0.0868208 secs]
6855.415: [GC pause (G1 Evacuation Pause) (young) 2872M->802M(3732M), 0.0894759 secs]
6857.343: [GC pause (G1 Evacuation Pause) (young) 2899M->800M(3732M), 0.0801165 secs]
6859.207: [GC pause (G1 Evacuation Pause) (young) 2898M->829M(3732M), 0.0874002 secs]
6861.233: [GC pause (G1 Evacuation Pause) (young) 2915M->816M(3732M), 0.0888607 secs]
6863.005: [GC pause (G1 Evacuation Pause) (young) 3019M->858M(3732M), 0.0862034 secs]
6864.652: [GC pause (G1 Evacuation Pause) (young) 2962M->918M(3732M), 0.1266510 secs]
6866.552: [GC pause (G1 Evacuation Pause) (young) 2939M->917M(3732M), 0.1123291 secs]
6868.471: [GC pause (G1 Evacuation Pause) (young) 2989M->937M(3732M), 0.1038217 secs]
6870.486: [GC pause (G1 Evacuation Pause) (young) 3107M->978M(3732M), 0.0895386 secs]
6872.380: [GC pause (G1 Evacuation Pause) (young) 3093M->991M(3732M), 0.0791284 secs]
6874.325: [GC pause (G1 Evacuation Pause) (young) 3103M->979M(3732M), 0.0717756 secs]
6876.244: [GC pause (G1 Evacuation Pause) (young) 3093M->1013M(3732M), 0.0847096 secs]
6878.119: [GC pause (G1 Evacuation Pause) (young) 3106M->1011M(3732M), 0.0944334 secs]
6879.974: [GC pause (G1 Evacuation Pause) (young) 3099M->1019M(3732M), 0.0774367 secs]
6881.875: [GC pause (G1 Evacuation Pause) (young) 3123M->1033M(3732M), 0.0915819 secs]
6883.991: [GC pause (G1 Evacuation Pause) (young) 3110M->1011M(3732M), 0.0772937 secs]
6885.829: [GC pause (G1 Evacuation Pause) (young) 3223M->1118M(3732M), 0.1357548 secs]
6887.722: [GC pause (G1 Evacuation Pause) (young) 3130M->1124M(3732M), 0.1072146 secs]
6889.620: [GC pause (G1 Evacuation Pause) (young) 3210M->1178M(3732M), 0.1242186 secs]
6891.642: [GC pause (G1 Evacuation Pause) (young) 3258M->1176M(3732M), 0.0735024 secs]
6893.535: [GC pause (G1 Evacuation Pause) (young) 3261M->1219M(3732M), 0.0797543 secs]
6895.426: [GC pause (G1 Evacuation Pause) (young) 3230M->1216M(3732M), 0.0845035 secs]
6897.258: [GC pause (G1 Evacuation Pause) (young) 3208M->1244M(3732M), 0.0765193 secs]
6899.025: [GC pause (G1 Evacuation Pause) (young) 3203M->1236M(3732M), 0.0879199 secs]
6900.898: [GC pause (G1 Evacuation Pause) (young) 3218M->1237M(3732M), 0.0736436 secs]
6902.606: [GC pause (G1 Evacuation Pause) (young) 3242M->1266M(3732M), 0.0865311 secs]
6904.517: [GC pause (G1 Evacuation Pause) (young) 3198M->1269M(3732M), 0.0777464 secs]
6906.479: [GC pause (G1 Evacuation Pause) (young) 3276M->1314M(3732M), 0.0857524 secs]
6908.036: [GC pause (G1 Evacuation Pause) (young) 3273M->1380M(3732M), 0.1410365 secs]
6909.752: [GC pause (G1 Evacuation Pause) (young) 3131M->1372M(3732M), 0.1007933 secs]
6911.399: [GC pause (G1 Evacuation Pause) (young) 3267M->1409M(3732M), 0.0733957 secs]
6913.187: [GC pause (G1 Evacuation Pause) (young) 3276M->1431M(3732M), 0.0710128 secs]
6914.822: [GC pause (G1 Evacuation Pause) (young) 3237M->1457M(3732M), 0.0740720 secs]
6916.500: [GC pause (G1 Evacuation Pause) (young) 3228M->1448M(3732M), 0.0776393 secs]
6918.176: [GC pause (G1 Evacuation Pause) (young) 3236M->1474M(3732M), 0.0731474 secs]
6919.811: [GC pause (G1 Evacuation Pause) (young) 3220M->1454M(3732M), 0.0671139 secs]
6921.435: [GC pause (G1 Evacuation Pause) (young) 3264M->1494M(3732M), 0.0778646 secs]
6923.074: [GC pause (G1 Evacuation Pause) (young) 3223M->1478M(3732M), 0.0652557 secs]
6924.654: [GC pause (G1 Evacuation Pause) (young) 3254M->1513M(3732M), 0.0766179 secs]
6926.273: [GC pause (G1 Evacuation Pause) (young) 3216M->1489M(3732M), 0.0606686 secs]
6927.683: [GC pause (G1 Evacuation Pause) (young) 3269M->1497M(3732M), 0.0660472 secs]
6929.298: [GC pause (G1 Evacuation Pause) (young) 3352M->1567M(3732M), 0.0827713 secs]
6930.624: [GC pause (G1 Evacuation Pause) (young) 3227M->1602M(3732M), 0.1153298 secs]
6932.115: [GC pause (G1 Evacuation Pause) (young) 3174M->1628M(3732M), 0.0915781 secs]
6933.591: [GC pause (G1 Evacuation Pause) (young) 3221M->1664M(3732M), 0.1037893 secs]
6935.042: [GC pause (G1 Evacuation Pause) (young) 3270M->1678M(3732M), 0.0693308 secs]
6936.523: [GC pause (G1 Evacuation Pause) (young) 3262M->1684M(3732M), 0.0593387 secs]
6937.946: [GC pause (G1 Evacuation Pause) (young) 3255M->1716M(3732M), 0.0704982 secs]
6939.368: [GC pause (G1 Evacuation Pause) (young) 3224M->1696M(3732M), 0.0592461 secs]
6940.792: [GC pause (G1 Evacuation Pause) (young) 3265M->1729M(3732M), 0.0711809 secs]
6942.206: [GC pause (G1 Evacuation Pause) (young) 3223M->1700M(3732M), 0.0454622 secs]
6943.605: [GC pause (G1 Evacuation Pause) (young) 3294M->1743M(3732M), 0.0748088 secs]
6944.991: [GC pause (G1 Evacuation Pause) (young) 3231M->1768M(3732M), 0.0665669 secs]
6946.319: [GC pause (G1 Evacuation Pause) (young) 3250M->1789M(3732M), 0.0786185 secs]
6947.683: [GC pause (G1 Evacuation Pause) (young) 3233M->1818M(3732M), 0.0639228 secs]
6948.568: [GC pause (G1 Humongous Allocation) (young) (initial-mark) 2753M->1782M(3732M), 0.0398272 secs]
6948.608: [GC concurrent-root-region-scan-start]
6948.632: [GC concurrent-root-region-scan-end, 0.0240354 secs]
6948.632: [GC concurrent-mark-start]
6948.815: [GC concurrent-mark-end, 0.1827513 secs]
6948.815: [GC remark, 0.0076160 secs]
6948.823: [GC cleanup 2010M->876M(3732M), 0.0038690 secs]
6948.827: [GC concurrent-cleanup-start]
6948.829: [GC concurrent-cleanup-end, 0.0020574 secs]
6949.807: [GC pause (G1 Evacuation Pause) (young) 2165M->682M(3732M), 0.0722731 secs]
6949.950: [GC pause (G1 Evacuation Pause) (mixed) 758M->547M(3732M), 0.0673387 secs]
6951.963: [GC pause (G1 Evacuation Pause) (young) 2867M->671M(3732M), 0.0869859 secs]
6953.910: [GC pause (G1 Evacuation Pause) (young) 2805M->700M(3732M), 0.0932306 secs]
6955.811: [GC pause (G1 Evacuation Pause) (young) 2788M->747M(3732M), 0.1112607 secs]
6957.798: [GC pause (G1 Evacuation Pause) (young) 2838M->777M(3732M), 0.1155760 secs]
6959.838: [GC pause (G1 Evacuation Pause) (young) 2934M->794M(3732M), 0.0908101 secs]
6961.835: [GC pause (G1 Evacuation Pause) (young) 2910M->823M(3732M), 0.0745477 secs]
6963.701: [GC pause (G1 Evacuation Pause) (young) 2934M->821M(3732M), 0.0856372 secs]
6965.788: [GC pause (G1 Evacuation Pause) (young) 2922M->834M(3732M), 0.0761464 secs]
6967.602: [GC pause (G1 Evacuation Pause) (young) 2923M->846M(3732M), 0.0896508 secs]
6969.559: [GC pause (G1 Evacuation Pause) (young) 2935M->870M(3732M), 0.0915585 secs]
6971.479: [GC pause (G1 Evacuation Pause) (young) 2967M->864M(3732M), 0.0835721 secs]
6973.445: [GC pause (G1 Evacuation Pause) (young) 3057M->890M(3732M), 0.0705502 secs]
6975.028: [GC pause (G1 Evacuation Pause) (young) 3015M->971M(3732M), 0.1293245 secs]
6976.910: [GC pause (G1 Evacuation Pause) (young) 2986M->973M(3732M), 0.1201170 secs]
6978.786: [GC pause (G1 Evacuation Pause) (young) 3027M->1012M(3732M), 0.1228229 secs]
6980.713: [GC pause (G1 Evacuation Pause) (young) 3168M->1037M(3732M), 0.0912854 secs]
6982.612: [GC pause (G1 Evacuation Pause) (young) 3154M->1048M(3732M), 0.0742170 secs]
6984.552: [GC pause (G1 Evacuation Pause) (young) 3157M->1061M(3732M), 0.0843551 secs]
6986.499: [GC pause (G1 Evacuation Pause) (young) 3154M->1080M(3732M), 0.0889136 secs]
6988.399: [GC pause (G1 Evacuation Pause) (young) 3177M->1062M(3732M), 0.0770177 secs]
6990.188: [GC pause (G1 Evacuation Pause) (young) 3175M->1073M(3732M), 0.0696905 secs]
6992.198: [GC pause (G1 Evacuation Pause) (young) 3186M->1095M(3732M), 0.0840009 secs]
6994.238: [GC pause (G1 Evacuation Pause) (young) 3176M->1075M(3732M), 0.0766763 secs]
6995.926: [GC pause (G1 Evacuation Pause) (young) 3278M->1195M(3732M), 0.1497896 secs]
6997.843: [GC pause (G1 Evacuation Pause) (young) 3130M->1200M(3732M), 0.1243948 secs]
6999.697: [GC pause (G1 Evacuation Pause) (young) 3168M->1238M(3732M), 0.1203905 secs]
7001.618: [GC pause (G1 Evacuation Pause) (young) 3277M->1261M(3732M), 0.0833400 secs]
7003.433: [GC pause (G1 Evacuation Pause) (young) 3229M->1267M(3732M), 0.0644417 secs]
7005.246: [GC pause (G1 Evacuation Pause) (young) 3246M->1285M(3732M), 0.0859457 secs]
7007.063: [GC pause (G1 Evacuation Pause) (young) 3216M->1299M(3732M), 0.0839220 secs]
7008.846: [GC pause (G1 Evacuation Pause) (young) 3221M->1316M(3732M), 0.0880611 secs]
7010.545: [GC pause (G1 Evacuation Pause) (young) 3220M->1334M(3732M), 0.0736709 secs]
7012.265: [GC pause (G1 Evacuation Pause) (young) 3227M->1351M(3732M), 0.0828344 secs]
7013.952: [GC pause (G1 Evacuation Pause) (young) 3225M->1366M(3732M), 0.0738202 secs]
7015.764: [GC pause (G1 Evacuation Pause) (young) 3237M->1354M(3732M), 0.0812212 secs]
7017.281: [GC pause (G1 Evacuation Pause) (young) 3306M->1463M(3732M), 0.1253620 secs]
7018.878: [GC pause (G1 Evacuation Pause) (young) 3142M->1455M(3732M), 0.1179077 secs]
7020.502: [GC pause (G1 Evacuation Pause) (young) 3177M->1490M(3732M), 0.1091512 secs]
7022.231: [GC pause (G1 Evacuation Pause) (young) 3269M->1496M(3732M), 0.0774618 secs]
7023.746: [GC pause (G1 Evacuation Pause) (young) 3265M->1534M(3732M), 0.0707303 secs]
7025.353: [GC pause (G1 Evacuation Pause) (young) 3225M->1516M(3732M), 0.0625383 secs]
7026.902: [GC pause (G1 Evacuation Pause) (young) 3262M->1529M(3732M), 0.0667149 secs]
7028.475: [GC pause (G1 Evacuation Pause) (young) 3244M->1560M(3732M), 0.0757104 secs]
7030.023: [GC pause (G1 Evacuation Pause) (young) 3218M->1546M(3732M), 0.0644225 secs]
7031.593: [GC pause (G1 Evacuation Pause) (young) 3258M->1581M(3732M), 0.0819017 secs]
7033.201: [GC pause (G1 Evacuation Pause) (young) 3215M->1549M(3732M), 0.0506313 secs]
7034.711: [GC pause (G1 Evacuation Pause) (young) 3291M->1598M(3732M), 0.0844511 secs]
7036.340: [GC pause (G1 Evacuation Pause) (young) 3227M->1588M(3732M), 0.0642049 secs]
7037.949: [GC pause (G1 Evacuation Pause) (young) 3261M->1617M(3732M), 0.0747359 secs]
7039.380: [GC pause (G1 Evacuation Pause) (young) 3312M->1705M(3732M), 0.1033874 secs]
7040.698: [GC pause (G1 Evacuation Pause) (young) 3204M->1746M(3732M), 0.1197296 secs]
7042.091: [GC pause (G1 Evacuation Pause) (young) 3192M->1771M(3732M), 0.1058151 secs]
7043.448: [GC pause (G1 Evacuation Pause) (young) 3225M->1787M(3732M), 0.0778637 secs]
7043.833: [GC pause (G1 Humongous Allocation) (young) (initial-mark) 2129M->1790M(3732M), 0.0492165 secs]
7043.882: [GC concurrent-root-region-scan-start]
7043.913: [GC concurrent-root-region-scan-end, 0.0314163 secs]
7043.913: [GC concurrent-mark-start]
7044.144: [GC concurrent-mark-end, 0.2300738 secs]
7044.144: [GC remark, 0.0066061 secs]
7044.151: [GC cleanup 2144M->920M(3732M), 0.0043136 secs]
7044.155: [GC concurrent-cleanup-start]
7044.157: [GC concurrent-cleanup-end, 0.0020160 secs]
7045.054: [GC pause (G1 Evacuation Pause) (young) 2075M->605M(3732M), 0.0664555 secs]
7045.191: [GC pause (G1 Evacuation Pause) (mixed) 677M->559M(3732M), 0.0454533 secs]
7047.186: [GC pause (G1 Evacuation Pause) (young) 2779M->596M(3732M), 0.0608961 secs]
7049.147: [GC pause (G1 Evacuation Pause) (young) 2801M->652M(3732M), 0.0742204 secs]
7051.081: [GC pause (G1 Evacuation Pause) (young) 2801M->675M(3732M), 0.0821471 secs]
7053.058: [GC pause (G1 Evacuation Pause) (young) 2779M->705M(3732M), 0.0833272 secs]
7055.012: [GC pause (G1 Evacuation Pause) (young) 2802M->699M(3732M), 0.0916515 secs]
7056.952: [GC pause (G1 Evacuation Pause) (young) 2820M->712M(3732M), 0.0782887 secs]
7058.838: [GC pause (G1 Evacuation Pause) (young) 2829M->721M(3732M), 0.0822239 secs]
7060.791: [GC pause (G1 Evacuation Pause) (young) 2874M->754M(3732M), 0.0850684 secs]
7062.519: [GC pause (G1 Evacuation Pause) (young) 2914M->810M(3732M), 0.1438393 secs]
7064.428: [GC pause (G1 Evacuation Pause) (young) 2810M->813M(3732M), 0.1290527 secs]
7066.435: [GC pause (G1 Evacuation Pause) (young) 3021M->868M(3732M), 0.0868156 secs]
7068.405: [GC pause (G1 Evacuation Pause) (young) 3010M->884M(3732M), 0.0686115 secs]
7070.311: [GC pause (G1 Evacuation Pause) (young) 3014M->923M(3732M), 0.0837364 secs]
7072.202: [GC pause (G1 Evacuation Pause) (young) 3021M->917M(3732M), 0.0855263 secs]
7074.071: [GC pause (G1 Evacuation Pause) (young) 3025M->948M(3732M), 0.0813791 secs]
7076.075: [GC pause (G1 Evacuation Pause) (young) 3049M->946M(3732M), 0.0887391 secs]
7078.037: [GC pause (G1 Evacuation Pause) (young) 3054M->959M(3732M), 0.0879932 secs]
7079.919: [GC pause (G1 Evacuation Pause) (young) 3056M->970M(3732M), 0.0797304 secs]
7081.952: [GC pause (G1 Evacuation Pause) (young) 3054M->976M(3732M), 0.0828229 secs]
7083.745: [GC pause (G1 Evacuation Pause) (young) 3173M->1073M(3732M), 0.1466775 secs]
7085.639: [GC pause (G1 Evacuation Pause) (young) 3085M->1171M(3732M), 0.1179478 secs]
7087.634: [GC pause (G1 Evacuation Pause) (young) 3277M->1225M(3732M), 0.0782418 secs]
7089.494: [GC pause (G1 Evacuation Pause) (young) 3255M->1248M(3732M), 0.0719190 secs]
7091.060: [GC pause (G1 Evacuation Pause) (young) 3233M->1264M(3732M), 0.0718605 secs]
7092.828: [GC pause (G1 Evacuation Pause) (young) 3220M->1288M(3732M), 0.0872944 secs]
7094.769: [GC pause (G1 Evacuation Pause) (young) 3180M->1256M(3732M), 0.0666104 secs]
7096.590: [GC pause (G1 Evacuation Pause) (young) 3266M->1313M(3732M), 0.0956272 secs]
7098.380: [GC pause (G1 Evacuation Pause) (young) 3193M->1291M(3732M), 0.0721861 secs]
7099.981: [GC pause (G1 Evacuation Pause) (young) 3252M->1338M(3732M), 0.0940519 secs]
7101.782: [GC pause (G1 Evacuation Pause) (young) 3200M->1316M(3732M), 0.0701492 secs]
7103.685: [GC pause (G1 Evacuation Pause) (young) 3262M->1326M(3732M), 0.0774200 secs]
7105.432: [GC pause (G1 Evacuation Pause) (young) 3322M->1414M(3732M), 0.0987896 secs]
7106.884: [GC pause (G1 Evacuation Pause) (young) 3190M->1430M(3732M), 0.1239212 secs]
7108.548: [GC pause (G1 Evacuation Pause) (young) 3156M->1440M(3732M), 0.0948993 secs]
7110.151: [GC pause (G1 Evacuation Pause) (young) 3241M->1489M(3732M), 0.1045829 secs]
7111.853: [GC pause (G1 Evacuation Pause) (young) 3253M->1483M(3732M), 0.0762381 secs]
7113.507: [GC pause (G1 Evacuation Pause) (young) 3282M->1532M(3732M), 0.0827120 secs]
7115.100: [GC pause (G1 Evacuation Pause) (young) 3212M->1533M(3732M), 0.0623574 secs]
7116.652: [GC pause (G1 Evacuation Pause) (young) 3256M->1550M(3732M), 0.0828387 secs]
7118.202: [GC pause (G1 Evacuation Pause) (young) 3228M->1557M(3732M), 0.0673801 secs]
7119.746: [GC pause (G1 Evacuation Pause) (young) 3227M->1562M(3732M), 0.0568064 secs]
7121.228: [GC pause (G1 Evacuation Pause) (young) 3262M->1584M(3732M), 0.0836993 secs]
7122.737: [GC pause (G1 Evacuation Pause) (young) 3216M->1612M(3732M), 0.0735668 secs]
7124.177: [GC pause (G1 Evacuation Pause) (young) 3231M->1612M(3732M), 0.0723171 secs]
7125.736: [GC pause (G1 Evacuation Pause) (young) 3240M->1627M(3732M), 0.0671638 secs]
7127.338: [GC pause (G1 Evacuation Pause) (young) 3340M->1678M(3732M), 0.0819235 secs]
7128.599: [GC pause (G1 Evacuation Pause) (young) 3238M->1739M(3732M), 0.1129004 secs]
7129.985: [GC pause (G1 Evacuation Pause) (young) 3153M->1732M(3732M), 0.0911139 secs]
7130.095: [GC pause (G1 Humongous Allocation) (young) (initial-mark) 1763M->1726M(3732M), 0.0596702 secs]
7130.155: [GC concurrent-root-region-scan-start]
7130.178: [GC concurrent-root-region-scan-end, 0.0225899 secs]
7130.178: [GC concurrent-mark-start]
7130.437: [GC concurrent-mark-end, 0.2594072 secs]
7130.438: [GC remark, 0.0068617 secs]
7130.445: [GC cleanup 2048M->837M(3732M), 0.0047147 secs]
7130.450: [GC concurrent-cleanup-start]
7130.452: [GC concurrent-cleanup-end, 0.0020220 secs]
7131.351: [GC pause (G1 Evacuation Pause) (young) 2058M->552M(3732M), 0.0517547 secs]
7131.494: [GC pause (G1 Evacuation Pause) (mixed) 652M->548M(3732M), 0.0352231 secs]
7133.488: [GC pause (G1 Evacuation Pause) (young) 2777M->595M(3732M), 0.0715824 secs]
7135.426: [GC pause (G1 Evacuation Pause) (young) 2778M->624M(3732M), 0.0610518 secs]
7137.373: [GC pause (G1 Evacuation Pause) (young) 2790M->661M(3732M), 0.0784453 secs]
7139.292: [GC pause (G1 Evacuation Pause) (young) 2776M->677M(3732M), 0.0810535 secs]
7141.268: [GC pause (G1 Evacuation Pause) (young) 2778M->663M(3732M), 0.0745537 secs]
7143.183: [GC pause (G1 Evacuation Pause) (young) 2776M->705M(3732M), 0.0906147 secs]
7145.065: [GC pause (G1 Evacuation Pause) (young) 2789M->705M(3732M), 0.0983920 secs]
7146.957: [GC pause (G1 Evacuation Pause) (young) 2791M->701M(3732M), 0.0755341 secs]
7148.751: [GC pause (G1 Evacuation Pause) (young) 2842M->744M(3732M), 0.0976671 secs]
7150.428: [GC pause (G1 Evacuation Pause) (young) 2882M->777M(3732M), 0.1326115 secs]
7152.298: [GC pause (G1 Evacuation Pause) (young) 2817M->827M(3732M), 0.1338902 secs]
7154.302: [GC pause (G1 Evacuation Pause) (young) 2891M->852M(3732M), 0.1166721 secs]
7156.371: [GC pause (G1 Evacuation Pause) (young) 3022M->891M(3732M), 0.0723661 secs]
7158.263: [GC pause (G1 Evacuation Pause) (young) 3003M->888M(3732M), 0.0595917 secs]
7160.140: [GC pause (G1 Evacuation Pause) (young) 3022M->914M(3732M), 0.0863088 secs]
7162.122: [GC pause (G1 Evacuation Pause) (young) 2998M->886M(3732M), 0.0573300 secs]
7163.978: [GC pause (G1 Evacuation Pause) (young) 3022M->943M(3732M), 0.0953592 secs]
7165.904: [GC pause (G1 Evacuation Pause) (young) 3010M->927M(3732M), 0.0849038 secs]
7167.855: [GC pause (G1 Evacuation Pause) (young) 3044M->937M(3732M), 0.0854273 secs]
7170.020: [GC pause (G1 Evacuation Pause) (young) 3041M->939M(3732M), 0.0764523 secs]
7171.626: [GC pause (G1 Evacuation Pause) (young) 3134M->1049M(3732M), 0.1352564 secs]
7173.599: [GC pause (G1 Evacuation Pause) (young) 3043M->1033M(3732M), 0.1165808 secs]
7175.565: [GC pause (G1 Evacuation Pause) (young) 3221M->1078M(3732M), 0.0809857 secs]
7177.496: [GC pause (G1 Evacuation Pause) (young) 3233M->1103M(3732M), 0.0815954 secs]
7179.480: [GC pause (G1 Evacuation Pause) (young) 3211M->1104M(3732M), 0.0681822 secs]
7181.442: [GC pause (G1 Evacuation Pause) (young) 3233M->1132M(3732M), 0.0879408 secs]
7183.398: [GC pause (G1 Evacuation Pause) (young) 3202M->1113M(3732M), 0.0767740 secs]
7185.276: [GC pause (G1 Evacuation Pause) (young) 3244M->1130M(3732M), 0.0821923 secs]
7187.286: [GC pause (G1 Evacuation Pause) (young) 3237M->1155M(3732M), 0.0847314 secs]
7189.176: [GC pause (G1 Evacuation Pause) (young) 3204M->1168M(3732M), 0.0899606 secs]
7191.025: [GC pause (G1 Evacuation Pause) (young) 3204M->1152M(3732M), 0.0718042 secs]
7192.929: [GC pause (G1 Evacuation Pause) (young) 3314M->1255M(3732M), 0.1001767 secs]
7194.647: [GC pause (G1 Evacuation Pause) (young) 3184M->1271M(3732M), 0.1342162 secs]
7196.458: [GC pause (G1 Evacuation Pause) (young) 3161M->1303M(3732M), 0.1213270 secs]
7198.279: [GC pause (G1 Evacuation Pause) (young) 3222M->1342M(3732M), 0.1038704 secs]
7200.078: [GC pause (G1 Evacuation Pause) (young) 3254M->1353M(3732M), 0.0909394 secs]
7201.839: [GC pause (G1 Evacuation Pause) (young) 3264M->1388M(3732M), 0.0780007 secs]
7203.511: [GC pause (G1 Evacuation Pause) (young) 3219M->1405M(3732M), 0.0780963 secs]
7205.188: [GC pause (G1 Evacuation Pause) (young) 3233M->1417M(3732M), 0.0817686 secs]
7206.820: [GC pause (G1 Evacuation Pause) (young) 3219M->1428M(3732M), 0.0765893 secs]
7208.501: [GC pause (G1 Evacuation Pause) (young) 3229M->1448M(3732M), 0.0821381 secs]
7210.151: [GC pause (G1 Evacuation Pause) (young) 3230M->1465M(3732M), 0.0771414 secs]
7211.771: [GC pause (G1 Evacuation Pause) (young) 3227M->1475M(3732M), 0.0755188 secs]
7213.428: [GC pause (G1 Evacuation Pause) (young) 3231M->1488M(3732M), 0.0754509 secs]
7214.982: [GC pause (G1 Evacuation Pause) (young) 3248M->1476M(3732M), 0.0750823 secs]
7216.370: [GC pause (G1 Evacuation Pause) (young) 3318M->1605M(3732M), 0.1306459 secs]
7217.845: [GC pause (G1 Evacuation Pause) (young) 3167M->1573M(3732M), 0.1147286 secs]
7219.474: [GC pause (G1 Evacuation Pause) (young) 3263M->1597M(3732M), 0.0694789 secs]
7221.083: [GC pause (G1 Evacuation Pause) (young) 3286M->1622M(3732M), 0.0720670 secs]
7222.599: [GC pause (G1 Evacuation Pause) (young) 3236M->1649M(3732M), 0.0683725 secs]
7224.120: [GC pause (G1 Evacuation Pause) (young) 3234M->1643M(3732M), 0.0671966 secs]
7225.620: [GC pause (G1 Evacuation Pause) (young) 3231M->1659M(3732M), 0.0694904 secs]
7227.114: [GC pause (G1 Evacuation Pause) (young) 3224M->1637M(3732M), 0.0632572 secs]
7228.603: [GC pause (G1 Evacuation Pause) (young) 3270M->1676M(3732M), 0.0728065 secs]
7230.026: [GC pause (G1 Evacuation Pause) (young) 3227M->1680M(3732M), 0.0574469 secs]
7231.433: [GC pause (G1 Evacuation Pause) (young) 3252M->1689M(3732M), 0.0681345 secs]
7232.908: [GC pause (G1 Evacuation Pause) (young) 3227M->1685M(3732M), 0.0521024 secs]
7234.329: [GC pause (G1 Evacuation Pause) (young) 3259M->1688M(3732M), 0.0675064 secs]
7235.867: [GC pause (G1 Evacuation Pause) (young) 3256M->1689M(3732M), 0.0610415 secs]
7237.287: [GC pause (G1 Evacuation Pause) (young) 3255M->1719M(3732M), 0.0697285 secs]
7238.089: [GC pause (G1 Humongous Allocation) (young) (initial-mark) 2584M->1726M(3732M), 0.0605901 secs]
7238.150: [GC concurrent-root-region-scan-start]
7238.182: [GC concurrent-root-region-scan-end, 0.0316741 secs]
7238.182: [GC concurrent-mark-start]
7238.354: [GC concurrent-mark-end, 0.1725783 secs]
7238.355: [GC remark, 0.0069995 secs]
7238.362: [GC cleanup 2010M->950M(3732M), 0.0038455 secs]
7238.366: [GC concurrent-cleanup-start]
7238.367: [GC concurrent-cleanup-end, 0.0016947 secs]
7239.167: [GC pause (G1 Evacuation Pause) (young) 2227M->736M(3732M), 0.1247062 secs]
7239.293: [GC pause (G1 Evacuation Pause) (mixed) 738M->633M(3732M), 0.0968850 secs]
7241.452: [GC pause (G1 Evacuation Pause) (young) 2863M->685M(3732M), 0.0715815 secs]
7243.391: [GC pause (G1 Evacuation Pause) (young) 2871M->727M(3732M), 0.0717850 secs]
7245.432: [GC pause (G1 Evacuation Pause) (young) 2876M->753M(3732M), 0.0834868 secs]
7247.356: [GC pause (G1 Evacuation Pause) (young) 2863M->766M(3732M), 0.0758004 secs]
7249.178: [GC pause (G1 Evacuation Pause) (young) 2870M->780M(3732M), 0.0832014 secs]
7251.151: [GC pause (G1 Evacuation Pause) (young) 2864M->792M(3732M), 0.0935689 secs]
7253.181: [GC pause (G1 Evacuation Pause) (young) 2894M->781M(3732M), 0.0859171 secs]
7255.133: [GC pause (G1 Evacuation Pause) (young) 2893M->819M(3732M), 0.0881550 secs]
7256.887: [GC pause (G1 Evacuation Pause) (young) 2906M->810M(3732M), 0.0959118 secs]
7259.014: [GC pause (G1 Evacuation Pause) (young) 2917M->791M(3732M), 0.0688696 secs]
7260.846: [GC pause (G1 Evacuation Pause) (young) 3004M->932M(3732M), 0.1256999 secs]
7262.692: [GC pause (G1 Evacuation Pause) (young) 2970M->917M(3732M), 0.1256539 secs]
7264.644: [GC pause (G1 Evacuation Pause) (young) 2969M->929M(3732M), 0.1031907 secs]
7266.630: [GC pause (G1 Evacuation Pause) (young) 3078M->971M(3732M), 0.1047203 secs]
7268.569: [GC pause (G1 Evacuation Pause) (young) 3066M->981M(3732M), 0.0835696 secs]
7270.388: [GC pause (G1 Evacuation Pause) (young) 3078M->980M(3732M), 0.0867316 secs]
7272.291: [GC pause (G1 Evacuation Pause) (young) 3102M->1015M(3732M), 0.0882049 secs]
7274.267: [GC pause (G1 Evacuation Pause) (young) 3120M->1020M(3732M), 0.0874091 secs]
7276.258: [GC pause (G1 Evacuation Pause) (young) 3118M->1023M(3732M), 0.0726059 secs]
7278.164: [GC pause (G1 Evacuation Pause) (young) 3140M->1043M(3732M), 0.0910162 secs]
7280.169: [GC pause (G1 Evacuation Pause) (young) 3127M->1025M(3732M), 0.0765185 secs]
7282.292: [GC pause (G1 Evacuation Pause) (young) 3153M->1032M(3732M), 0.0786608 secs]
7284.011: [GC pause (G1 Evacuation Pause) (young) 3243M->1137M(3732M), 0.1501710 secs]
7285.904: [GC pause (G1 Evacuation Pause) (young) 3129M->1158M(3732M), 0.1217767 secs]
7287.996: [GC pause (G1 Evacuation Pause) (young) 3267M->1190M(3732M), 0.0793869 secs]
7289.971: [GC pause (G1 Evacuation Pause) (young) 3270M->1229M(3732M), 0.0726149 secs]
7291.886: [GC pause (G1 Evacuation Pause) (young) 3244M->1240M(3732M), 0.0863288 secs]
7293.740: [GC pause (G1 Evacuation Pause) (young) 3212M->1267M(3732M), 0.0800018 secs]
7295.551: [GC pause (G1 Evacuation Pause) (young) 3206M->1262M(3732M), 0.0868869 secs]
7297.445: [GC pause (G1 Evacuation Pause) (young) 3228M->1264M(3732M), 0.0763781 secs]
7299.201: [GC pause (G1 Evacuation Pause) (young) 3249M->1285M(3732M), 0.0838678 secs]
7300.912: [GC pause (G1 Evacuation Pause) (young) 3213M->1296M(3732M), 0.0740071 secs]
7302.794: [GC pause (G1 Evacuation Pause) (young) 3215M->1280M(3732M), 0.0646255 secs]
7304.540: [GC pause (G1 Evacuation Pause) (young) 3329M->1377M(3732M), 0.1052421 secs]
7306.242: [GC pause (G1 Evacuation Pause) (young) 3205M->1391M(3732M), 0.1136402 secs]
7307.852: [GC pause (G1 Evacuation Pause) (young) 3173M->1426M(3732M), 0.1162808 secs]
7309.524: [GC pause (G1 Evacuation Pause) (young) 3215M->1444M(3732M), 0.0914945 secs]
7311.258: [GC pause (G1 Evacuation Pause) (young) 3285M->1485M(3732M), 0.0779772 secs]
7312.929: [GC pause (G1 Evacuation Pause) (young) 3242M->1480M(3732M), 0.0632457 secs]
7314.499: [GC pause (G1 Evacuation Pause) (young) 3251M->1504M(3732M), 0.0737370 secs]
7316.134: [GC pause (G1 Evacuation Pause) (young) 3225M->1507M(3732M), 0.0732869 secs]
7317.712: [GC pause (G1 Evacuation Pause) (young) 3232M->1522M(3732M), 0.0769485 secs]
7319.324: [GC pause (G1 Evacuation Pause) (young) 3231M->1539M(3732M), 0.0839600 secs]
7320.860: [GC pause (G1 Evacuation Pause) (young) 3236M->1548M(3732M), 0.0627977 secs]
7322.326: [GC pause (G1 Evacuation Pause) (young) 3242M->1561M(3732M), 0.0725355 secs]
7323.778: [GC pause (G1 Evacuation Pause) (young) 3215M->1554M(3732M), 0.0591945 secs]
7325.435: [GC pause (G1 Evacuation Pause) (young) 3265M->1565M(3732M), 0.0733061 secs]
7326.952: [GC pause (G1 Evacuation Pause) (young) 3309M->1657M(3732M), 0.0997006 secs]
7328.241: [GC pause (G1 Evacuation Pause) (young) 3210M->1680M(3732M), 0.1131512 secs]
7329.701: [GC pause (G1 Evacuation Pause) (young) 3184M->1707M(3732M), 0.0998836 secs]
7331.169: [GC pause (G1 Evacuation Pause) (young) 3262M->1730M(3732M), 0.0881968 secs]
7332.565: [GC pause (G1 Evacuation Pause) (young) 3218M->1764M(3732M), 0.0691218 secs]
7333.920: [GC pause (G1 Evacuation Pause) (young) 3255M->1778M(3732M), 0.0771487 secs]
7335.301: [GC pause (G1 Evacuation Pause) (young) 3243M->1811M(3732M), 0.0703634 secs]
7336.614: [GC pause (G1 Humongous Allocation) (young) (initial-mark) 3182M->1810M(3732M), 0.0578962 secs]
7336.672: [GC concurrent-root-region-scan-start]
7336.717: [GC concurrent-root-region-scan-end, 0.0452015 secs]
7336.717: [GC concurrent-mark-start]
7336.981: [GC concurrent-mark-end, 0.2638052 secs]
7336.981: [GC remark, 0.0071928 secs]
7336.989: [GC cleanup 2126M->944M(3732M), 0.0050197 secs]
7336.994: [GC concurrent-cleanup-start]
7336.996: [GC concurrent-cleanup-end, 0.0021611 secs]
7337.969: [GC pause (G1 Evacuation Pause) (young) 2079M->645M(3732M), 0.0666791 secs]
7338.112: [GC pause (G1 Evacuation Pause) (mixed) 713M->564M(3732M), 0.0483670 secs]
7340.106: [GC pause (G1 Evacuation Pause) (young) 2807M->624M(3732M), 0.0757961 secs]
7342.114: [GC pause (G1 Evacuation Pause) (young) 2796M->653M(3732M), 0.0694631 secs]
7344.048: [GC pause (G1 Evacuation Pause) (young) 2795M->675M(3732M), 0.0700587 secs]
7345.965: [GC pause (G1 Evacuation Pause) (young) 2808M->669M(3732M), 0.0777511 secs]
7347.932: [GC pause (G1 Evacuation Pause) (young) 2785M->644M(3732M), 0.0571183 secs]
7349.725: [GC pause (G1 Evacuation Pause) (young) 2887M->776M(3732M), 0.1481273 secs]
7351.710: [GC pause (G1 Evacuation Pause) (young) 2807M->778M(3732M), 0.1365253 secs]
7353.748: [GC pause (G1 Evacuation Pause) (young) 2944M->798M(3732M), 0.0763747 secs]
7355.787: [GC pause (G1 Evacuation Pause) (young) 2966M->841M(3732M), 0.0792095 secs]
7357.764: [GC pause (G1 Evacuation Pause) (young) 2955M->841M(3732M), 0.0744837 secs]
7359.690: [GC pause (G1 Evacuation Pause) (young) 2957M->840M(3732M), 0.0686268 secs]
7361.603: [GC pause (G1 Evacuation Pause) (young) 2966M->865M(3732M), 0.0816265 secs]
7363.552: [GC pause (G1 Evacuation Pause) (young) 2961M->880M(3732M), 0.0903903 secs]
7365.496: [GC pause (G1 Evacuation Pause) (young) 2956M->866M(3732M), 0.0879271 secs]
7367.482: [GC pause (G1 Evacuation Pause) (young) 2986M->905M(3732M), 0.0928632 secs]
7369.586: [GC pause (G1 Evacuation Pause) (young) 2998M->899M(3732M), 0.0870729 secs]
7371.432: [GC pause (G1 Evacuation Pause) (young) 3091M->962M(3732M), 0.1137588 secs]
7373.303: [GC pause (G1 Evacuation Pause) (young) 3018M->1014M(3732M), 0.1222282 secs]
7375.247: [GC pause (G1 Evacuation Pause) (young) 3058M->1007M(3732M), 0.1082164 secs]
7377.310: [GC pause (G1 Evacuation Pause) (young) 3169M->1028M(3732M), 0.0844805 secs]
7379.266: [GC pause (G1 Evacuation Pause) (young) 3179M->1049M(3732M), 0.0809985 secs]
7381.184: [GC pause (G1 Evacuation Pause) (young) 3168M->1065M(3732M), 0.0816372 secs]
7383.177: [GC pause (G1 Evacuation Pause) (young) 3169M->1055M(3732M), 0.0689613 secs]
7385.057: [GC pause (G1 Evacuation Pause) (young) 3168M->1095M(3732M), 0.0848867 secs]
7386.913: [GC pause (G1 Evacuation Pause) (young) 3180M->1087M(3732M), 0.0896180 secs]
7388.850: [GC pause (G1 Evacuation Pause) (young) 3179M->1083M(3732M), 0.0751676 secs]
7390.781: [GC pause (G1 Evacuation Pause) (young) 3202M->1105M(3732M), 0.0794544 secs]
7392.715: [GC pause (G1 Evacuation Pause) (young) 3283M->1152M(3732M), 0.1047587 secs]
7394.441: [GC pause (G1 Evacuation Pause) (young) 3194M->1218M(3732M), 0.1311071 secs]
7396.271: [GC pause (G1 Evacuation Pause) (young) 3129M->1238M(3732M), 0.1275013 secs]
7398.096: [GC pause (G1 Evacuation Pause) (young) 3184M->1262M(3732M), 0.1079084 secs]
7399.941: [GC pause (G1 Evacuation Pause) (young) 3289M->1297M(3732M), 0.0830170 secs]
7401.719: [GC pause (G1 Evacuation Pause) (young) 3242M->1310M(3732M), 0.0718712 secs]
7403.520: [GC pause (G1 Evacuation Pause) (young) 3233M->1322M(3732M), 0.0786539 secs]
7405.257: [GC pause (G1 Evacuation Pause) (young) 3219M->1334M(3732M), 0.0799544 secs]
7407.023: [GC pause (G1 Evacuation Pause) (young) 3220M->1326M(3732M), 0.0702345 secs]
7408.752: [GC pause (G1 Evacuation Pause) (young) 3252M->1361M(3732M), 0.0829488 secs]
7410.452: [GC pause (G1 Evacuation Pause) (young) 3228M->1359M(3732M), 0.0782793 secs]
7412.158: [GC pause (G1 Evacuation Pause) (young) 3225M->1383M(3732M), 0.0757539 secs]
7413.947: [GC pause (G1 Evacuation Pause) (young) 3224M->1374M(3732M), 0.0781215 secs]
7415.505: [GC pause (G1 Evacuation Pause) (young) 3313M->1476M(3732M), 0.1058309 secs]
7417.047: [GC pause (G1 Evacuation Pause) (young) 3195M->1474M(3732M), 0.1118512 secs]
7418.661: [GC pause (G1 Evacuation Pause) (young) 3190M->1503M(3732M), 0.1010249 secs]
7420.257: [GC pause (G1 Evacuation Pause) (young) 3259M->1519M(3732M), 0.0844882 secs]
7421.720: [GC pause (G1 Evacuation Pause) (young) 3260M->1544M(3732M), 0.0731056 secs]
7423.299: [GC pause (G1 Evacuation Pause) (young) 3214M->1543M(3732M), 0.0648534 secs]
7424.884: [GC pause (G1 Evacuation Pause) (young) 3262M->1562M(3732M), 0.0830610 secs]
7426.413: [GC pause (G1 Evacuation Pause) (young) 3222M->1587M(3732M), 0.0718669 secs]
7427.937: [GC pause (G1 Evacuation Pause) (young) 3233M->1585M(3732M), 0.0777793 secs]
7429.445: [GC pause (G1 Evacuation Pause) (young) 3241M->1608M(3732M), 0.0668771 secs]
7430.933: [GC pause (G1 Evacuation Pause) (young) 3238M->1603M(3732M), 0.0685458 secs]
7432.376: [GC pause (G1 Evacuation Pause) (young) 3243M->1628M(3732M), 0.0676062 secs]
7433.961: [GC pause (G1 Evacuation Pause) (young) 3227M->1603M(3732M), 0.0609899 secs]
7435.520: [GC pause (G1 Evacuation Pause) (young) 3275M->1638M(3732M), 0.0667324 secs]
7436.996: [GC pause (G1 Evacuation Pause) (young) 3316M->1678M(3732M), 0.0866876 secs]
7438.308: [GC pause (G1 Evacuation Pause) (young) 3250M->1731M(3732M), 0.1145780 secs]
7439.602: [GC pause (G1 Evacuation Pause) (young) 3155M->1739M(3732M), 0.1043495 secs]
7441.057: [GC pause (G1 Humongous Allocation) (young) (initial-mark) 3197M->1758M(3732M), 0.0558797 secs]
7441.113: [GC concurrent-root-region-scan-start]
7441.140: [GC concurrent-root-region-scan-end, 0.0271970 secs]
7441.140: [GC concurrent-mark-start]
7441.419: [GC concurrent-mark-end, 0.2784049 secs]
7441.419: [GC remark, 0.0069700 secs]
7441.427: [GC cleanup 2112M->860M(3732M), 0.0042304 secs]
7441.431: [GC concurrent-cleanup-start]
7441.433: [GC concurrent-cleanup-end, 0.0025510 secs]
7442.417: [GC pause (G1 Evacuation Pause) (young) 2052M->540M(3732M), 0.0632444 secs]
7444.373: [GC pause (G1 Evacuation Pause) (young) 2674M->556M(3732M), 0.0639134 secs]
7446.355: [GC pause (G1 Evacuation Pause) (young) 2697M->582M(3732M), 0.0860220 secs]
7448.299: [GC pause (G1 Evacuation Pause) (young) 2697M->584M(3732M), 0.0753148 secs]
7450.259: [GC pause (G1 Evacuation Pause) (young) 2686M->615M(3732M), 0.0834288 secs]
7452.140: [GC pause (G1 Evacuation Pause) (young) 2698M->603M(3732M), 0.0950320 secs]
7454.129: [GC pause (G1 Evacuation Pause) (young) 2710M->621M(3732M), 0.0814482 secs]
7455.970: [GC pause (G1 Evacuation Pause) (young) 2717M->634M(3732M), 0.0860417 secs]
7457.916: [GC pause (G1 Evacuation Pause) (young) 2711M->615M(3732M), 0.0744598 secs]
7459.585: [GC pause (G1 Evacuation Pause) (young) 2824M->720M(3732M), 0.1523248 secs]
7461.528: [GC pause (G1 Evacuation Pause) (young) 2732M->739M(3732M), 0.1051393 secs]
7463.494: [GC pause (G1 Evacuation Pause) (young) 2933M->786M(3732M), 0.0840585 secs]
7465.496: [GC pause (G1 Evacuation Pause) (young) 2940M->813M(3732M), 0.0817622 secs]
7467.387: [GC pause (G1 Evacuation Pause) (young) 2917M->837M(3732M), 0.0760351 secs]
7469.093: [GC pause (G1 Evacuation Pause) (young) 2939M->838M(3732M), 0.0843785 secs]
7471.068: [GC pause (G1 Evacuation Pause) (young) 2944M->845M(3732M), 0.0744287 secs]
7473.010: [GC pause (G1 Evacuation Pause) (young) 2968M->867M(3732M), 0.0900033 secs]
7474.876: [GC pause (G1 Evacuation Pause) (young) 2955M->870M(3732M), 0.0728094 secs]
7476.720: [GC pause (G1 Evacuation Pause) (young) 2978M->890M(3732M), 0.0899632 secs]
7478.724: [GC pause (G1 Evacuation Pause) (young) 2983M->874M(3732M), 0.0761844 secs]
7480.390: [GC pause (G1 Evacuation Pause) (young) 3070M->974M(3732M), 0.1458907 secs]
7482.320: [GC pause (G1 Evacuation Pause) (young) 2990M->987M(3732M), 0.1207813 secs]
7484.272: [GC pause (G1 Evacuation Pause) (young) 3054M->1023M(3732M), 0.1221142 secs]
7486.346: [GC pause (G1 Evacuation Pause) (young) 3172M->1026M(3732M), 0.0794352 secs]
7488.381: [GC pause (G1 Evacuation Pause) (young) 3169M->1071M(3732M), 0.0778970 secs]
7490.431: [GC pause (G1 Evacuation Pause) (young) 3182M->1067M(3732M), 0.0859619 secs]
7492.427: [GC pause (G1 Evacuation Pause) (young) 3170M->1057M(3732M), 0.0703548 secs]
7494.357: [GC pause (G1 Evacuation Pause) (young) 3176M->1097M(3732M), 0.0912466 secs]
7496.320: [GC pause (G1 Evacuation Pause) (young) 3182M->1089M(3732M), 0.0806844 secs]
7498.264: [GC pause (G1 Evacuation Pause) (young) 3201M->1099M(3732M), 0.0828532 secs]
7500.110: [GC pause (G1 Evacuation Pause) (young) 3201M->1115M(3732M), 0.0790401 secs]
7502.031: [GC pause (G1 Evacuation Pause) (young) 3275M->1173M(3732M), 0.1074979 secs]
7503.828: [GC pause (G1 Evacuation Pause) (young) 3210M->1217M(3732M), 0.1238823 secs]
7505.633: [GC pause (G1 Evacuation Pause) (young) 3153M->1228M(3732M), 0.1073588 secs]
7507.526: [GC pause (G1 Evacuation Pause) (young) 3247M->1270M(3732M), 0.1079143 secs]
7509.358: [GC pause (G1 Evacuation Pause) (young) 3194M->1278M(3732M), 0.0803538 secs]
7511.205: [GC pause (G1 Evacuation Pause) (young) 3268M->1313M(3732M), 0.0844519 secs]
7513.071: [GC pause (G1 Evacuation Pause) (young) 3241M->1301M(3732M), 0.0676805 secs]
7514.809: [GC pause (G1 Evacuation Pause) (young) 3237M->1332M(3732M), 0.0749496 secs]
7516.472: [GC pause (G1 Evacuation Pause) (young) 3208M->1316M(3732M), 0.0648504 secs]
7518.256: [GC pause (G1 Evacuation Pause) (young) 3248M->1325M(3732M), 0.0723670 secs]
7520.064: [GC pause (G1 Evacuation Pause) (young) 3240M->1333M(3732M), 0.0742379 secs]
7521.944: [GC pause (G1 Evacuation Pause) (young) 3244M->1354M(3732M), 0.0782465 secs]
7523.700: [GC pause (G1 Evacuation Pause) (young) 3210M->1360M(3732M), 0.0751480 secs]
7525.244: [GC pause (G1 Evacuation Pause) (young) 3303M->1465M(3732M), 0.1458664 secs]
7526.914: [GC pause (G1 Evacuation Pause) (young) 3143M->1470M(3732M), 0.1067013 secs]
7528.618: [GC pause (G1 Evacuation Pause) (young) 3269M->1509M(3732M), 0.0722697 secs]
7530.294: [GC pause (G1 Evacuation Pause) (young) 3272M->1517M(3732M), 0.0570902 secs]
7531.873: [GC pause (G1 Evacuation Pause) (young) 3262M->1554M(3732M), 0.0745225 secs]
7533.455: [GC pause (G1 Evacuation Pause) (young) 3223M->1533M(3732M), 0.0554906 secs]
7534.970: [GC pause (G1 Evacuation Pause) (young) 3269M->1572M(3732M), 0.0806179 secs]
7536.565: [GC pause (G1 Evacuation Pause) (young) 3224M->1550M(3732M), 0.0555337 secs]
7538.156: [GC pause (G1 Evacuation Pause) (young) 3262M->1588M(3732M), 0.0755307 secs]
7539.567: [GC pause (G1 Evacuation Pause) (young) 3223M->1599M(3732M), 0.0640833 secs]
7540.992: [GC pause (G1 Evacuation Pause) (young) 3233M->1617M(3732M), 0.0776858 secs]
7542.497: [GC pause (G1 Evacuation Pause) (young) 3235M->1626M(3732M), 0.0711676 secs]
7544.011: [GC pause (G1 Evacuation Pause) (young) 3241M->1639M(3732M), 0.0664406 secs]
7545.543: [GC pause (G1 Evacuation Pause) (young) 3243M->1640M(3732M), 0.0686379 secs]
7546.856: [GC pause (G1 Evacuation Pause) (young) 3322M->1748M(3732M), 0.1051657 secs]
7548.111: [GC pause (G1 Evacuation Pause) (young) 3180M->1749M(3732M), 0.1098407 secs]
7549.628: [GC pause (G1 Evacuation Pause) (young) (initial-mark) 3267M->1774M(3732M), 0.0647361 secs]
7549.693: [GC concurrent-root-region-scan-start]
7549.747: [GC concurrent-root-region-scan-end, 0.0537280 secs]
7549.747: [GC concurrent-mark-start]
7550.024: [GC concurrent-mark-end, 0.2775469 secs]
7550.024: [GC remark, 0.0071044 secs]
7550.032: [GC cleanup 2125M->921M(3732M), 0.0049080 secs]
7550.037: [GC concurrent-cleanup-start]
7550.039: [GC concurrent-cleanup-end, 0.0020621 secs]
7551.002: [GC pause (G1 Evacuation Pause) (young) 2064M->586M(3732M), 0.0607134 secs]
7551.117: [GC pause (G1 Evacuation Pause) (mixed) 660M->576M(3732M), 0.0461393 secs]
7553.178: [GC pause (G1 Evacuation Pause) (young) 2817M->634M(3732M), 0.0619418 secs]
7555.226: [GC pause (G1 Evacuation Pause) (young) 2811M->665M(3732M), 0.0675145 secs]
7557.209: [GC pause (G1 Evacuation Pause) (young) 2808M->665M(3732M), 0.0632786 secs]
7559.158: [GC pause (G1 Evacuation Pause) (young) 2806M->704M(3732M), 0.0774183 secs]
7561.162: [GC pause (G1 Evacuation Pause) (young) 2817M->702M(3732M), 0.0821262 secs]
7563.166: [GC pause (G1 Evacuation Pause) (young) 2794M->679M(3732M), 0.0623749 secs]
7565.124: [GC pause (G1 Evacuation Pause) (young) 2818M->729M(3732M), 0.0938791 secs]
7567.156: [GC pause (G1 Evacuation Pause) (young) 2818M->722M(3732M), 0.0902653 secs]
7569.188: [GC pause (G1 Evacuation Pause) (young) 2905M->769M(3732M), 0.1147645 secs]
7571.041: [GC pause (G1 Evacuation Pause) (young) 2871M->826M(3732M), 0.1380686 secs]
7572.974: [GC pause (G1 Evacuation Pause) (young) 2825M->822M(3732M), 0.1192871 secs]
7574.892: [GC pause (G1 Evacuation Pause) (young) 2904M->854M(3732M), 0.1254461 secs]
7576.914: [GC pause (G1 Evacuation Pause) (young) 3022M->887M(3732M), 0.0812583 secs]
7578.913: [GC pause (G1 Evacuation Pause) (young) 3015M->906M(3732M), 0.0741598 secs]
7580.919: [GC pause (G1 Evacuation Pause) (young) 3012M->889M(3732M), 0.0697370 secs]
7582.816: [GC pause (G1 Evacuation Pause) (young) 3010M->932M(3732M), 0.0862179 secs]
7584.737: [GC pause (G1 Evacuation Pause) (young) 3022M->932M(3732M), 0.0891171 secs]
7586.623: [GC pause (G1 Evacuation Pause) (young) 3018M->907M(3732M), 0.0685091 secs]
7588.485: [GC pause (G1 Evacuation Pause) (young) 3039M->956M(3732M), 0.0901748 secs]
7590.489: [GC pause (G1 Evacuation Pause) (young) 3040M->943M(3732M), 0.0887920 secs]
7592.217: [GC pause (G1 Evacuation Pause) (young) 3123M->1013M(3732M), 0.1274817 secs]
7594.099: [GC pause (G1 Evacuation Pause) (young) 3065M->1058M(3732M), 0.1315380 secs]
7596.021: [GC pause (G1 Evacuation Pause) (young) 3118M->1083M(3732M), 0.1266011 secs]
7597.850: [GC pause (G1 Evacuation Pause) (young) 3235M->1088M(3732M), 0.0789061 secs]
7599.755: [GC pause (G1 Evacuation Pause) (young) 3233M->1102M(3732M), 0.0637253 secs]
7601.633: [GC pause (G1 Evacuation Pause) (young) 3244M->1128M(3732M), 0.0824137 secs]
7603.555: [GC pause (G1 Evacuation Pause) (young) 3220M->1113M(3732M), 0.0667256 secs]
7605.350: [GC pause (G1 Evacuation Pause) (young) 3234M->1157M(3732M), 0.0836144 secs]
7607.170: [GC pause (G1 Evacuation Pause) (young) 3203M->1152M(3732M), 0.0932455 secs]
7609.051: [GC pause (G1 Evacuation Pause) (young) 3210M->1176M(3732M), 0.0853492 secs]
7610.672: [GC pause (G1 Evacuation Pause) (young) 3208M->1170M(3732M), 0.0771474 secs]
7612.591: [GC pause (G1 Evacuation Pause) (young) 3292M->1212M(3732M), 0.0727536 secs]
7614.321: [GC pause (G1 Evacuation Pause) (young) 3258M->1272M(3732M), 0.1304564 secs]
7616.058: [GC pause (G1 Evacuation Pause) (young) 3136M->1277M(3732M), 0.1139461 secs]
7617.941: [GC pause (G1 Evacuation Pause) (young) 3255M->1292M(3732M), 0.0647702 secs]
7619.695: [GC pause (G1 Evacuation Pause) (young) 3288M->1328M(3732M), 0.0811256 secs]
7621.516: [GC pause (G1 Evacuation Pause) (young) 3240M->1340M(3732M), 0.0723533 secs]
7623.301: [GC pause (G1 Evacuation Pause) (young) 3229M->1352M(3732M), 0.0771708 secs]
7624.965: [GC pause (G1 Evacuation Pause) (young) 3216M->1363M(3732M), 0.0753857 secs]
7626.724: [GC pause (G1 Evacuation Pause) (young) 3221M->1352M(3732M), 0.0694947 secs]
7628.443: [GC pause (G1 Evacuation Pause) (young) 3250M->1392M(3732M), 0.0793887 secs]
7630.210: [GC pause (G1 Evacuation Pause) (young) 3222M->1387M(3732M), 0.0805812 secs]
7631.900: [GC pause (G1 Evacuation Pause) (young) 3225M->1410M(3732M), 0.0764075 secs]
7633.540: [GC pause (G1 Evacuation Pause) (young) 3227M->1397M(3732M), 0.0653415 secs]
7634.881: [GC pause (G1 Evacuation Pause) (young) 3320M->1511M(3732M), 0.1011581 secs]
7636.164: [GC pause (G1 Evacuation Pause) (young) 3186M->1504M(3732M), 0.1180664 secs]
7637.726: [GC pause (G1 Evacuation Pause) (young) 3176M->1521M(3732M), 0.0990013 secs]
7639.348: [GC pause (G1 Evacuation Pause) (young) 3292M->1561M(3732M), 0.0937072 secs]
7640.962: [GC pause (G1 Evacuation Pause) (young) 3229M->1585M(3732M), 0.0717436 secs]
7642.477: [GC pause (G1 Evacuation Pause) (young) 3228M->1584M(3732M), 0.0796434 secs]
7643.964: [GC pause (G1 Evacuation Pause) (young) 3228M->1599M(3732M), 0.0727544 secs]
7645.440: [GC pause (G1 Evacuation Pause) (young) 3234M->1604M(3732M), 0.0693150 secs]
7646.934: [GC pause (G1 Evacuation Pause) (young) 3232M->1617M(3732M), 0.0698206 secs]
7648.404: [GC pause (G1 Evacuation Pause) (young) 3230M->1603M(3732M), 0.0611021 secs]
7649.873: [GC pause (G1 Evacuation Pause) (young) 3263M->1612M(3732M), 0.0652609 secs]
7651.392: [GC pause (G1 Evacuation Pause) (young) 3255M->1641M(3732M), 0.0700408 secs]
7652.861: [GC pause (G1 Evacuation Pause) (young) 3225M->1624M(3732M), 0.0617187 secs]
7654.393: [GC pause (G1 Evacuation Pause) (young) 3266M->1651M(3732M), 0.0656180 secs]
7655.982: [GC pause (G1 Evacuation Pause) (young) 3253M->1645M(3732M), 0.0614426 secs]
7657.141: [GC pause (G1 Evacuation Pause) (young) 3333M->1744M(3732M), 0.1288257 secs]
7658.548: [GC pause (G1 Evacuation Pause) (young) 3172M->1739M(3732M), 0.0971261 secs]
7659.938: [GC pause (G1 Evacuation Pause) (young) (initial-mark) 3269M->1763M(3732M), 0.0639075 secs]
7660.002: [GC concurrent-root-region-scan-start]
7660.035: [GC concurrent-root-region-scan-end, 0.0334046 secs]
7660.035: [GC concurrent-mark-start]
7660.351: [GC concurrent-mark-end, 0.3154298 secs]
7660.351: [GC remark, 0.0072026 secs]
7660.359: [GC cleanup 2087M->807M(3732M), 0.0042180 secs]
7660.363: [GC concurrent-cleanup-start]
7660.365: [GC concurrent-cleanup-end, 0.0023100 secs]
7661.388: [GC pause (G1 Evacuation Pause) (young) 2001M->489M(3732M), 0.0508259 secs]
7663.304: [GC pause (G1 Evacuation Pause) (young) 2648M->536M(3732M), 0.0689353 secs]
7665.112: [GC pause (G1 Evacuation Pause) (young) 2658M->535M(3732M), 0.0811802 secs]
7666.981: [GC pause (G1 Evacuation Pause) (young) 2637M->510M(3732M), 0.0584141 secs]
7668.913: [GC pause (G1 Evacuation Pause) (young) 2658M->561M(3732M), 0.0885778 secs]
7670.854: [GC pause (G1 Evacuation Pause) (young) 2659M->559M(3732M), 0.0825831 secs]
7672.779: [GC pause (G1 Evacuation Pause) (young) 2653M->566M(3732M), 0.0751288 secs]
7674.773: [GC pause (G1 Evacuation Pause) (young) 2670M->588M(3732M), 0.0825174 secs]
7676.773: [GC pause (G1 Evacuation Pause) (young) 2665M->588M(3732M), 0.0811661 secs]
7678.408: [GC pause (G1 Evacuation Pause) (young) 2758M->672M(3732M), 0.1350056 secs]
7680.315: [GC pause (G1 Evacuation Pause) (young) 2700M->725M(3732M), 0.1242681 secs]
7682.208: [GC pause (G1 Evacuation Pause) (young) 2805M->763M(3732M), 0.1293731 secs]
7684.239: [GC pause (G1 Evacuation Pause) (young) 2899M->753M(3732M), 0.0694277 secs]
7686.229: [GC pause (G1 Evacuation Pause) (young) 2921M->807M(3732M), 0.0838239 secs]
7688.200: [GC pause (G1 Evacuation Pause) (young) 2921M->806M(3732M), 0.0826906 secs]
7690.138: [GC pause (G1 Evacuation Pause) (young) 2900M->809M(3732M), 0.0683213 secs]
7692.051: [GC pause (G1 Evacuation Pause) (young) 2921M->836M(3732M), 0.0987628 secs]
7693.984: [GC pause (G1 Evacuation Pause) (young) 2911M->822M(3732M), 0.0769852 secs]
7695.836: [GC pause (G1 Evacuation Pause) (young) 2929M->836M(3732M), 0.0829910 secs]
7697.882: [GC pause (G1 Evacuation Pause) (young) 2940M->856M(3732M), 0.0873823 secs]
7699.639: [GC pause (G1 Evacuation Pause) (young) 3036M->948M(3732M), 0.1038089 secs]
7701.378: [GC pause (G1 Evacuation Pause) (young) 3004M->956M(3732M), 0.1191822 secs]
7703.258: [GC pause (G1 Evacuation Pause) (young) 3018M->997M(3732M), 0.1250395 secs]
7705.174: [GC pause (G1 Evacuation Pause) (young) 3106M->1024M(3732M), 0.1118055 secs]
7707.123: [GC pause (G1 Evacuation Pause) (young) 3108M->1021M(3732M), 0.0781035 secs]
7709.090: [GC pause (G1 Evacuation Pause) (young) 3166M->1033M(3732M), 0.0840112 secs]
7711.022: [GC pause (G1 Evacuation Pause) (young) 3177M->1057M(3732M), 0.0829052 secs]
7712.927: [GC pause (G1 Evacuation Pause) (young) 3167M->1047M(3732M), 0.0700950 secs]
7714.896: [GC pause (G1 Evacuation Pause) (young) 3166M->1089M(3732M), 0.0860084 secs]
7716.778: [GC pause (G1 Evacuation Pause) (young) 3177M->1085M(3732M), 0.0901018 secs]
7718.714: [GC pause (G1 Evacuation Pause) (young) 3179M->1082M(3732M), 0.0634727 secs]
7720.420: [GC pause (G1 Evacuation Pause) (young) 3200M->1101M(3732M), 0.0898104 secs]
7722.120: [GC pause (G1 Evacuation Pause) (young) 3282M->1176M(3732M), 0.1327967 secs]
7723.919: [GC pause (G1 Evacuation Pause) (young) 3130M->1190M(3732M), 0.1111293 secs]
7725.747: [GC pause (G1 Evacuation Pause) (young) 3205M->1233M(3732M), 0.1179666 secs]
7727.658: [GC pause (G1 Evacuation Pause) (young) 3267M->1251M(3732M), 0.0774746 secs]
7729.460: [GC pause (G1 Evacuation Pause) (young) 3248M->1287M(3732M), 0.0787994 secs]
7731.200: [GC pause (G1 Evacuation Pause) (young) 3223M->1288M(3732M), 0.0830162 secs]
7732.926: [GC pause (G1 Evacuation Pause) (young) 3232M->1317M(3732M), 0.0810475 secs]
7734.714: [GC pause (G1 Evacuation Pause) (young) 3223M->1315M(3732M), 0.0853014 secs]
7736.469: [GC pause (G1 Evacuation Pause) (young) 3221M->1313M(3732M), 0.0651013 secs]
7738.174: [GC pause (G1 Evacuation Pause) (young) 3245M->1339M(3732M), 0.0928602 secs]
7739.902: [GC pause (G1 Evacuation Pause) (young) 3207M->1347M(3732M), 0.0813500 secs]
7741.659: [GC pause (G1 Evacuation Pause) (young) 3219M->1360M(3732M), 0.0780058 secs]
7743.316: [GC pause (G1 Evacuation Pause) (young) 3230M->1340M(3732M), 0.0643324 secs]
7744.763: [GC pause (G1 Evacuation Pause) (young) 3342M->1449M(3732M), 0.1268135 secs]
7746.301: [GC pause (G1 Evacuation Pause) (young) 3135M->1444M(3732M), 0.1114791 secs]
7747.948: [GC pause (G1 Evacuation Pause) (young) 3278M->1493M(3732M), 0.0706100 secs]
7749.578: [GC pause (G1 Evacuation Pause) (young) 3257M->1503M(3732M), 0.0521993 secs]
7751.115: [GC pause (G1 Evacuation Pause) (young) 3269M->1527M(3732M), 0.0661705 secs]
7752.755: [GC pause (G1 Evacuation Pause) (young) 3223M->1524M(3732M), 0.0559147 secs]
7754.321: [GC pause (G1 Evacuation Pause) (young) 3250M->1548M(3732M), 0.0796916 secs]
7755.823: [GC pause (G1 Evacuation Pause) (young) 3204M->1568M(3732M), 0.0782115 secs]
7757.349: [GC pause (G1 Evacuation Pause) (young) 3234M->1580M(3732M), 0.0809746 secs]
7758.892: [GC pause (G1 Evacuation Pause) (young) 3238M->1573M(3732M), 0.0567800 secs]
7760.427: [GC pause (G1 Evacuation Pause) (young) 3251M->1579M(3732M), 0.0610795 secs]
7761.900: [GC pause (G1 Evacuation Pause) (young) 3247M->1587M(3732M), 0.0659013 secs]
7763.395: [GC pause (G1 Evacuation Pause) (young) 3237M->1585M(3732M), 0.0605906 secs]
7764.858: [GC pause (G1 Evacuation Pause) (young) 3260M->1602M(3732M), 0.0713123 secs]
7766.236: [GC pause (G1 Evacuation Pause) (young) 3299M->1682M(3732M), 0.1297328 secs]
7767.638: [GC pause (G1 Evacuation Pause) (young) 3173M->1738M(3732M), 0.1135937 secs]
7769.142: [GC pause (G1 Evacuation Pause) (young) (initial-mark) 3266M->1762M(3732M), 0.0738526 secs]
7769.216: [GC concurrent-root-region-scan-start]
7769.262: [GC concurrent-root-region-scan-end, 0.0461688 secs]
7769.262: [GC concurrent-mark-start]
7769.592: [GC concurrent-mark-end, 0.3298106 secs]
7769.593: [GC remark, 0.0070195 secs]
7769.600: [GC cleanup 2100M->924M(3732M), 0.0041856 secs]
7769.604: [GC concurrent-cleanup-start]
7769.606: [GC concurrent-cleanup-end, 0.0022195 secs]
7770.540: [GC pause (G1 Evacuation Pause) (young) 2111M->606M(3732M), 0.0593281 secs]
7770.663: [GC pause (G1 Evacuation Pause) (mixed) 690M->565M(3732M), 0.0444809 secs]
7772.578: [GC pause (G1 Evacuation Pause) (young) 2783M->608M(3732M), 0.0747615 secs]
7774.503: [GC pause (G1 Evacuation Pause) (young) 2804M->654M(3732M), 0.0765581 secs]
7776.404: [GC pause (G1 Evacuation Pause) (young) 2792M->658M(3732M), 0.0637048 secs]
7778.287: [GC pause (G1 Evacuation Pause) (young) 2794M->701M(3732M), 0.0809426 secs]
7780.179: [GC pause (G1 Evacuation Pause) (young) 2806M->699M(3732M), 0.0839126 secs]
7781.964: [GC pause (G1 Evacuation Pause) (young) 2791M->699M(3732M), 0.0686563 secs]
7783.734: [GC pause (G1 Evacuation Pause) (young) 2814M->720M(3732M), 0.0901321 secs]
7785.657: [GC pause (G1 Evacuation Pause) (young) 2800M->698M(3732M), 0.0688798 secs]
7787.285: [GC pause (G1 Evacuation Pause) (young) 2903M->799M(3732M), 0.1372451 secs]
7789.158: [GC pause (G1 Evacuation Pause) (young) 2833M->830M(3732M), 0.1154092 secs]
7791.038: [GC pause (G1 Evacuation Pause) (young) 2899M->867M(3732M), 0.1310201 secs]
7793.129: [GC pause (G1 Evacuation Pause) (young) 3011M->892M(3732M), 0.0931819 secs]
7795.056: [GC pause (G1 Evacuation Pause) (young) 3009M->907M(3732M), 0.0749872 secs]
7796.897: [GC pause (G1 Evacuation Pause) (young) 3011M->893M(3732M), 0.0699862 secs]
7798.882: [GC pause (G1 Evacuation Pause) (young) 3010M->904M(3732M), 0.0696786 secs]
7800.726: [GC pause (G1 Evacuation Pause) (young) 3020M->931M(3732M), 0.0900980 secs]
7802.639: [GC pause (G1 Evacuation Pause) (young) 3011M->921M(3732M), 0.0819243 secs]
7804.491: [GC pause (G1 Evacuation Pause) (young) 3024M->955M(3732M), 0.0830695 secs]
7806.483: [GC pause (G1 Evacuation Pause) (young) 3035M->946M(3732M), 0.0830972 secs]
7808.294: [GC pause (G1 Evacuation Pause) (young) 3121M->1000M(3732M), 0.1079724 secs]
7810.054: [GC pause (G1 Evacuation Pause) (young) 3062M->1065M(3732M), 0.1356490 secs]
7811.925: [GC pause (G1 Evacuation Pause) (young) 3121M->1072M(3732M), 0.1183856 secs]
7813.942: [GC pause (G1 Evacuation Pause) (young) 3208M->1104M(3732M), 0.0799719 secs]
7815.843: [GC pause (G1 Evacuation Pause) (young) 3230M->1098M(3732M), 0.0743391 secs]
7817.777: [GC pause (G1 Evacuation Pause) (young) 3219M->1087M(3732M), 0.0629321 secs]
7819.677: [GC pause (G1 Evacuation Pause) (young) 3221M->1127M(3732M), 0.0818317 secs]
7821.542: [GC pause (G1 Evacuation Pause) (young) 3219M->1125M(3732M), 0.0902145 secs]
7823.479: [GC pause (G1 Evacuation Pause) (young) 3220M->1143M(3732M), 0.0760726 secs]
7825.335: [GC pause (G1 Evacuation Pause) (young) 3208M->1159M(3732M), 0.0860523 secs]
7827.288: [GC pause (G1 Evacuation Pause) (young) 3200M->1143M(3732M), 0.0674505 secs]
7829.088: [GC pause (G1 Evacuation Pause) (young) 3323M->1263M(3732M), 0.1078243 secs]
7830.639: [GC pause (G1 Evacuation Pause) (young) 3157M->1261M(3732M), 0.1233610 secs]
7832.439: [GC pause (G1 Evacuation Pause) (young) 3180M->1282M(3732M), 0.1195154 secs]
7834.230: [GC pause (G1 Evacuation Pause) (young) 3245M->1290M(3732M), 0.0860750 secs]
7836.044: [GC pause (G1 Evacuation Pause) (young) 3237M->1330M(3732M), 0.0832116 secs]
7837.753: [GC pause (G1 Evacuation Pause) (young) 3208M->1325M(3732M), 0.0885402 secs]
7839.470: [GC pause (G1 Evacuation Pause) (young) 3233M->1354M(3732M), 0.0850953 secs]
7841.242: [GC pause (G1 Evacuation Pause) (young) 3224M->1355M(3732M), 0.0830691 secs]
7842.941: [GC pause (G1 Evacuation Pause) (young) 3219M->1358M(3732M), 0.0641217 secs]
7844.672: [GC pause (G1 Evacuation Pause) (young) 3235M->1378M(3732M), 0.0861343 secs]
7846.286: [GC pause (G1 Evacuation Pause) (young) 3204M->1386M(3732M), 0.0736572 secs]
7848.019: [GC pause (G1 Evacuation Pause) (young) 3220M->1408M(3732M), 0.0760504 secs]
7849.889: [GC pause (G1 Evacuation Pause) (young) 3232M->1404M(3732M), 0.0699529 secs]
7851.361: [GC pause (G1 Evacuation Pause) (young) 3315M->1517M(3732M), 0.1082971 secs]
7852.840: [GC pause (G1 Evacuation Pause) (young) 3177M->1510M(3732M), 0.1140554 secs]
7854.543: [GC pause (G1 Evacuation Pause) (young) 3268M->1532M(3732M), 0.0664137 secs]
7856.050: [GC pause (G1 Evacuation Pause) (young) 3266M->1554M(3732M), 0.0667841 secs]
7857.613: [GC pause (G1 Evacuation Pause) (young) 3242M->1562M(3732M), 0.0690117 secs]
7859.193: [GC pause (G1 Evacuation Pause) (young) 3224M->1557M(3732M), 0.0594390 secs]
7860.668: [GC pause (G1 Evacuation Pause) (young) 3271M->1583M(3732M), 0.0795282 secs]
7862.266: [GC pause (G1 Evacuation Pause) (young) 3223M->1581M(3732M), 0.0574366 secs]
7863.718: [GC pause (G1 Evacuation Pause) (young) 3256M->1597M(3732M), 0.0724126 secs]
7865.186: [GC pause (G1 Evacuation Pause) (young) 3217M->1598M(3732M), 0.0602027 secs]
7866.664: [GC pause (G1 Evacuation Pause) (young) 3252M->1616M(3732M), 0.0792978 secs]
7868.112: [GC pause (G1 Evacuation Pause) (young) 3212M->1641M(3732M), 0.0673310 secs]
7869.665: [GC pause (G1 Evacuation Pause) (young) 3219M->1635M(3732M), 0.0663378 secs]
7871.234: [GC pause (G1 Evacuation Pause) (young) 3265M->1639M(3732M), 0.0606055 secs]
7872.703: [GC pause (G1 Evacuation Pause) (young) 3353M->1724M(3732M), 0.0865776 secs]
7873.846: [GC pause (G1 Evacuation Pause) (young) 3206M->1732M(3732M), 0.0908216 secs]
7875.220: [GC pause (G1 Evacuation Pause) (young) 3200M->1747M(3732M), 0.0946458 secs]
7876.563: [GC pause (G1 Evacuation Pause) (young) 3238M->1785M(3732M), 0.0882616 secs]
7877.328: [GC pause (G1 Humongous Allocation) (young) (initial-mark) 2530M->1780M(3732M), 0.0555320 secs]
7877.383: [GC concurrent-root-region-scan-start]
7877.412: [GC concurrent-root-region-scan-end, 0.0282560 secs]
7877.412: [GC concurrent-mark-start]
7877.668: [GC concurrent-mark-end, 0.2567482 secs]
7877.669: [GC remark, 0.0067533 secs]
7877.676: [GC cleanup 2126M->908M(3732M), 0.0042138 secs]
7877.680: [GC concurrent-cleanup-start]
7877.683: [GC concurrent-cleanup-end, 0.0024465 secs]
7878.587: [GC pause (G1 Evacuation Pause) (young) 2076M->597M(3732M), 0.0674475 secs]
7878.722: [GC pause (G1 Evacuation Pause) (mixed) 669M->559M(3732M), 0.0427810 secs]
7880.718: [GC pause (G1 Evacuation Pause) (young) 2791M->608M(3732M), 0.0716114 secs]
7882.581: [GC pause (G1 Evacuation Pause) (young) 2791M->650M(3732M), 0.0688598 secs]
7884.468: [GC pause (G1 Evacuation Pause) (young) 2802M->675M(3732M), 0.0826083 secs]
7886.399: [GC pause (G1 Evacuation Pause) (young) 2779M->682M(3732M), 0.0688048 secs]
7888.352: [GC pause (G1 Evacuation Pause) (young) 2802M->702M(3732M), 0.0893829 secs]
7890.306: [GC pause (G1 Evacuation Pause) (young) 2802M->706M(3732M), 0.0921656 secs]
7892.198: [GC pause (G1 Evacuation Pause) (young) 2810M->726M(3732M), 0.0731128 secs]
7894.014: [GC pause (G1 Evacuation Pause) (young) 2885M->769M(3732M), 0.0944683 secs]
7895.647: [GC pause (G1 Evacuation Pause) (young) 2901M->784M(3732M), 0.1200274 secs]
7897.480: [GC pause (G1 Evacuation Pause) (young) 2821M->826M(3732M), 0.1258130 secs]
7899.435: [GC pause (G1 Evacuation Pause) (young) 2904M->867M(3732M), 0.1237364 secs]
7901.498: [GC pause (G1 Evacuation Pause) (young) 3010M->890M(3732M), 0.0958985 secs]
7903.379: [GC pause (G1 Evacuation Pause) (young) 3010M->906M(3732M), 0.0753972 secs]
7905.342: [GC pause (G1 Evacuation Pause) (young) 3009M->894M(3732M), 0.0712811 secs]
7907.271: [GC pause (G1 Evacuation Pause) (young) 3020M->921M(3732M), 0.0849272 secs]
7909.138: [GC pause (G1 Evacuation Pause) (young) 3011M->934M(3732M), 0.0825673 secs]
7911.053: [GC pause (G1 Evacuation Pause) (young) 3029M->950M(3732M), 0.0895783 secs]
7913.052: [GC pause (G1 Evacuation Pause) (young) 3040M->945M(3732M), 0.0757206 secs]
7915.032: [GC pause (G1 Evacuation Pause) (young) 3039M->937M(3732M), 0.0667580 secs]
7916.699: [GC pause (G1 Evacuation Pause) (young) 3136M->1043M(3732M), 0.1251222 secs]
7918.509: [GC pause (G1 Evacuation Pause) (young) 3045M->1031M(3732M), 0.1042650 secs]
7920.399: [GC pause (G1 Evacuation Pause) (young) 3114M->1083M(3732M), 0.1217588 secs]
7922.389: [GC pause (G1 Evacuation Pause) (young) 3243M->1111M(3732M), 0.0868370 secs]
7924.306: [GC pause (G1 Evacuation Pause) (young) 3221M->1089M(3732M), 0.0531427 secs]
7926.251: [GC pause (G1 Evacuation Pause) (young) 3243M->1141M(3732M), 0.0873323 secs]
7928.135: [GC pause (G1 Evacuation Pause) (young) 3217M->1142M(3732M), 0.0824658 secs]
7930.017: [GC pause (G1 Evacuation Pause) (young) 3218M->1141M(3732M), 0.0734891 secs]
7931.928: [GC pause (G1 Evacuation Pause) (young) 3239M->1168M(3732M), 0.0901309 secs]
7933.843: [GC pause (G1 Evacuation Pause) (young) 3202M->1181M(3732M), 0.0872180 secs]
7935.725: [GC pause (G1 Evacuation Pause) (young) 3201M->1173M(3732M), 0.0721511 secs]
7937.687: [GC pause (G1 Evacuation Pause) (young) 3253M->1191M(3732M), 0.0777042 secs]
7939.182: [GC pause (G1 Evacuation Pause) (young) 3303M->1282M(3732M), 0.1534632 secs]
7940.932: [GC pause (G1 Evacuation Pause) (young) 3131M->1272M(3732M), 0.1102418 secs]
7942.728: [GC pause (G1 Evacuation Pause) (young) 3200M->1325M(3732M), 0.1230546 secs]
7944.550: [GC pause (G1 Evacuation Pause) (young) 3277M->1348M(3732M), 0.0725168 secs]
7946.249: [GC pause (G1 Evacuation Pause) (young) 3234M->1375M(3732M), 0.0721251 secs]
7947.882: [GC pause (G1 Evacuation Pause) (young) 3227M->1368M(3732M), 0.0661321 secs]
7949.549: [GC pause (G1 Evacuation Pause) (young) 3240M->1386M(3732M), 0.0636114 secs]
7951.154: [GC pause (G1 Evacuation Pause) (young) 3242M->1396M(3732M), 0.0813475 secs]
7952.754: [GC pause (G1 Evacuation Pause) (young) 3210M->1395M(3732M), 0.0654968 secs]
7954.260: [GC pause (G1 Evacuation Pause) (young) 3241M->1414M(3732M), 0.0847267 secs]
7955.925: [GC pause (G1 Evacuation Pause) (young) 3202M->1411M(3732M), 0.0659768 secs]
7957.610: [GC pause (G1 Evacuation Pause) (young) 3249M->1428M(3732M), 0.0829833 secs]
7959.130: [GC pause (G1 Evacuation Pause) (young) 3304M->1537M(3732M), 0.1185567 secs]
7960.569: [GC pause (G1 Evacuation Pause) (young) 3165M->1544M(3732M), 0.1177426 secs]
7962.210: [GC pause (G1 Evacuation Pause) (young) 3268M->1565M(3732M), 0.0665438 secs]
7963.740: [GC pause (G1 Evacuation Pause) (young) 3277M->1605M(3732M), 0.0612877 secs]
7965.360: [GC pause (G1 Evacuation Pause) (young) 3233M->1588M(3732M), 0.0463177 secs]
7966.818: [GC pause (G1 Evacuation Pause) (young) 3270M->1632M(3732M), 0.0798695 secs]
7968.320: [GC pause (G1 Evacuation Pause) (young) 3214M->1611M(3732M), 0.0585054 secs]
7969.838: [GC pause (G1 Evacuation Pause) (young) 3273M->1651M(3732M), 0.0797983 secs]
7971.367: [GC pause (G1 Evacuation Pause) (young) 3226M->1656M(3732M), 0.0585366 secs]
7972.718: [GC pause (G1 Evacuation Pause) (young) 3254M->1665M(3732M), 0.0719962 secs]
7974.235: [GC pause (G1 Evacuation Pause) (young) 3239M->1670M(3732M), 0.0582042 secs]
7975.654: [GC pause (G1 Evacuation Pause) (young) 3252M->1682M(3732M), 0.0691768 secs]
7977.080: [GC pause (G1 Evacuation Pause) (young) 3222M->1676M(3732M), 0.0561938 secs]
7978.482: [GC pause (G1 Evacuation Pause) (young) 3268M->1694M(3732M), 0.0669543 secs]
7979.930: [GC pause (G1 Evacuation Pause) (young) 3245M->1692M(3732M), 0.0616495 secs]
7981.232: [GC pause (G1 Evacuation Pause) (young) 3311M->1769M(3732M), 0.1121998 secs]
7982.519: [GC pause (G1 Evacuation Pause) (young) 3185M->1809M(3732M), 0.1017618 secs]
7983.875: [GC pause (G1 Evacuation Pause) (young) (initial-mark) 3269M->1827M(3732M), 0.0655954 secs]
7983.941: [GC concurrent-root-region-scan-start]
7983.970: [GC concurrent-root-region-scan-end, 0.0293615 secs]
7983.970: [GC concurrent-mark-start]
7984.275: [GC concurrent-mark-end, 0.3049782 secs]
7984.275: [GC remark, 0.0070780 secs]
7984.283: [GC cleanup 2156M->896M(3732M), 0.0041182 secs]
7984.287: [GC concurrent-cleanup-start]
7984.290: [GC concurrent-cleanup-end, 0.0030063 secs]
7985.196: [GC pause (G1 Evacuation Pause) (young) 2021M->574M(3732M), 0.0507324 secs]
7985.337: [GC pause (G1 Evacuation Pause) (mixed) 668M->551M(3732M), 0.0331128 secs]
7987.306: [GC pause (G1 Evacuation Pause) (young) 2781M->602M(3732M), 0.0726580 secs]
7989.151: [GC pause (G1 Evacuation Pause) (young) 2794M->640M(3732M), 0.0747981 secs]
7991.155: [GC pause (G1 Evacuation Pause) (young) 2772M->630M(3732M), 0.0474769 secs]
7993.096: [GC pause (G1 Evacuation Pause) (young) 2794M->685M(3732M), 0.0892272 secs]
7994.955: [GC pause (G1 Evacuation Pause) (young) 2781M->666M(3732M), 0.0668720 secs]
7996.802: [GC pause (G1 Evacuation Pause) (young) 2784M->683M(3732M), 0.0763563 secs]
7998.709: [GC pause (G1 Evacuation Pause) (young) 2793M->708M(3732M), 0.0852878 secs]
8000.679: [GC pause (G1 Evacuation Pause) (young) 2782M->700M(3732M), 0.0796950 secs]
8002.456: [GC pause (G1 Evacuation Pause) (young) 2897M->817M(3732M), 0.1253317 secs]
8004.358: [GC pause (G1 Evacuation Pause) (young) 2845M->809M(3732M), 0.1093211 secs]
8006.239: [GC pause (G1 Evacuation Pause) (young) 2883M->846M(3732M), 0.1309096 secs]
8008.267: [GC pause (G1 Evacuation Pause) (young) 2982M->851M(3732M), 0.0766665 secs]
8010.225: [GC pause (G1 Evacuation Pause) (young) 2979M->890M(3732M), 0.0849392 secs]
8012.168: [GC pause (G1 Evacuation Pause) (young) 2992M->894M(3732M), 0.0871527 secs]
8014.166: [GC pause (G1 Evacuation Pause) (young) 3009M->876M(3732M), 0.0629048 secs]
8016.081: [GC pause (G1 Evacuation Pause) (young) 3023M->923M(3732M), 0.0865810 secs]
8018.062: [GC pause (G1 Evacuation Pause) (young) 3023M->922M(3732M), 0.0897626 secs]
8019.956: [GC pause (G1 Evacuation Pause) (young) 3014M->927M(3732M), 0.0691555 secs]
8021.835: [GC pause (G1 Evacuation Pause) (young) 3037M->948M(3732M), 0.0848218 secs]
8023.946: [GC pause (G1 Evacuation Pause) (young) 3036M->937M(3732M), 0.0798226 secs]
8025.852: [GC pause (G1 Evacuation Pause) (young) 3128M->1033M(3732M), 0.1018377 secs]
8027.476: [GC pause (G1 Evacuation Pause) (young) 3089M->1039M(3732M), 0.1181249 secs]
8029.216: [GC pause (G1 Evacuation Pause) (young) 3094M->1046M(3732M), 0.1068831 secs]
8031.232: [GC pause (G1 Evacuation Pause) (young) 3174M->1077M(3732M), 0.0881422 secs]
8033.195: [GC pause (G1 Evacuation Pause) (young) 3184M->1104M(3732M), 0.0988686 secs]
8035.131: [GC pause (G1 Evacuation Pause) (young) 3172M->1122M(3732M), 0.0962134 secs]
8037.106: [GC pause (G1 Evacuation Pause) (young) 3230M->1106M(3732M), 0.0849503 secs]
8039.063: [GC pause (G1 Evacuation Pause) (young) 3234M->1151M(3732M), 0.0839211 secs]
8040.863: [GC pause (G1 Evacuation Pause) (young) 3209M->1147M(3732M), 0.0863762 secs]
8042.758: [GC pause (G1 Evacuation Pause) (young) 3205M->1124M(3732M), 0.0600035 secs]
8044.661: [GC pause (G1 Evacuation Pause) (young) 3252M->1167M(3732M), 0.0894012 secs]
8046.491: [GC pause (G1 Evacuation Pause) (young) 3207M->1159M(3732M), 0.0816944 secs]
8048.130: [GC pause (G1 Evacuation Pause) (young) 3297M->1244M(3732M), 0.1300054 secs]
8049.874: [GC pause (G1 Evacuation Pause) (young) 3152M->1277M(3732M), 0.1250002 secs]
8051.650: [GC pause (G1 Evacuation Pause) (young) 3181M->1311M(3732M), 0.1213650 secs]
8053.485: [GC pause (G1 Evacuation Pause) (young) 3267M->1339M(3732M), 0.0898663 secs]
8055.138: [GC pause (G1 Evacuation Pause) (young) 3237M->1347M(3732M), 0.0719553 secs]
8056.919: [GC pause (G1 Evacuation Pause) (young) 3231M->1335M(3732M), 0.0665797 secs]
8058.613: [GC pause (G1 Evacuation Pause) (young) 3241M->1354M(3732M), 0.0707260 secs]
8060.346: [GC pause (G1 Evacuation Pause) (young) 3236M->1367M(3732M), 0.0848799 secs]
8062.077: [GC pause (G1 Evacuation Pause) (young) 3207M->1393M(3732M), 0.0803307 secs]
8063.779: [GC pause (G1 Evacuation Pause) (young) 3223M->1402M(3732M), 0.0853616 secs]
8065.560: [GC pause (G1 Evacuation Pause) (young) 3224M->1374M(3732M), 0.0506795 secs]
8067.211: [GC pause (G1 Evacuation Pause) (young) 3274M->1418M(3732M), 0.0744521 secs]
8068.871: [GC pause (G1 Evacuation Pause) (young) 3310M->1454M(3732M), 0.0738509 secs]
8070.272: [GC pause (G1 Evacuation Pause) (young) 3220M->1514M(3732M), 0.1182734 secs]
8071.881: [GC pause (G1 Evacuation Pause) (young) 3132M->1490M(3732M), 0.0920735 secs]
8073.427: [GC pause (G1 Evacuation Pause) (young) 3220M->1543M(3732M), 0.1182141 secs]
8075.092: [GC pause (G1 Evacuation Pause) (young) 3273M->1550M(3732M), 0.0740442 secs]
8076.755: [GC pause (G1 Evacuation Pause) (young) 3269M->1588M(3732M), 0.0717240 secs]
8078.316: [GC pause (G1 Evacuation Pause) (young) 3230M->1602M(3732M), 0.0684890 secs]
8079.778: [GC pause (G1 Evacuation Pause) (young) 3239M->1623M(3732M), 0.0731026 secs]
8081.302: [GC pause (G1 Evacuation Pause) (young) 3241M->1632M(3732M), 0.0697259 secs]
8082.784: [GC pause (G1 Evacuation Pause) (young) 3235M->1639M(3732M), 0.0689204 secs]
8084.197: [GC pause (G1 Evacuation Pause) (young) 3235M->1653M(3732M), 0.0709129 secs]
8085.591: [GC pause (G1 Evacuation Pause) (young) 3238M->1666M(3732M), 0.0721690 secs]
8087.033: [GC pause (G1 Evacuation Pause) (young) 3234M->1680M(3732M), 0.0698949 secs]
8088.375: [GC pause (G1 Evacuation Pause) (young) 3237M->1685M(3732M), 0.0680926 secs]
8089.839: [GC pause (G1 Evacuation Pause) (young) 3244M->1688M(3732M), 0.0667841 secs]
8090.794: [GC pause (G1 Humongous Allocation) (young) (initial-mark) 2612M->1727M(3732M), 0.0595307 secs]
8090.853: [GC concurrent-root-region-scan-start]
8090.890: [GC concurrent-root-region-scan-end, 0.0364813 secs]
8090.890: [GC concurrent-mark-start]
8091.067: [GC concurrent-mark-end, 0.1767289 secs]
8091.067: [GC remark, 0.0069304 secs]
8091.074: [GC cleanup 2053M->1003M(3732M), 0.0034069 secs]
8091.078: [GC concurrent-cleanup-start]
8091.080: [GC concurrent-cleanup-end, 0.0020305 secs]
8091.869: [GC pause (G1 Evacuation Pause) (young) 2203M->709M(3732M), 0.1015267 secs]
8091.975: [GC pause (G1 Evacuation Pause) (mixed) 715M->618M(3732M), 0.0915930 secs]
8094.041: [GC pause (G1 Evacuation Pause) (young) 2860M->673M(3732M), 0.0639386 secs]
8096.001: [GC pause (G1 Evacuation Pause) (young) 2853M->705M(3732M), 0.0680201 secs]
8097.951: [GC pause (G1 Evacuation Pause) (young) 2848M->707M(3732M), 0.0657814 secs]
8099.856: [GC pause (G1 Evacuation Pause) (young) 2847M->723M(3732M), 0.0675721 secs]
8101.811: [GC pause (G1 Evacuation Pause) (young) 2858M->750M(3732M), 0.0839745 secs]
8103.800: [GC pause (G1 Evacuation Pause) (young) 2849M->738M(3732M), 0.0693018 secs]
8105.701: [GC pause (G1 Evacuation Pause) (young) 2848M->751M(3732M), 0.0777724 secs]
8107.659: [GC pause (G1 Evacuation Pause) (young) 2858M->780M(3732M), 0.0963209 secs]
8109.586: [GC pause (G1 Evacuation Pause) (young) 2849M->789M(3732M), 0.0854081 secs]
8111.619: [GC pause (G1 Evacuation Pause) (young) 2879M->782M(3732M), 0.0694324 secs]
8113.429: [GC pause (G1 Evacuation Pause) (young) 2994M->892M(3732M), 0.1084353 secs]
8115.207: [GC pause (G1 Evacuation Pause) (young) 2943M->902M(3732M), 0.1265234 secs]
8117.127: [GC pause (G1 Evacuation Pause) (young) 2958M->905M(3732M), 0.1091022 secs]
8119.104: [GC pause (G1 Evacuation Pause) (young) 3045M->946M(3732M), 0.0942580 secs]
8120.932: [GC pause (G1 Evacuation Pause) (young) 3035M->979M(3732M), 0.0894874 secs]
8122.782: [GC pause (G1 Evacuation Pause) (young) 3105M->992M(3732M), 0.0910571 secs]
8124.702: [GC pause (G1 Evacuation Pause) (young) 3114M->990M(3732M), 0.0708796 secs]
8126.641: [GC pause (G1 Evacuation Pause) (young) 3116M->1004M(3732M), 0.0824014 secs]
8128.568: [GC pause (G1 Evacuation Pause) (young) 3106M->1020M(3732M), 0.0853091 secs]
8130.426: [GC pause (G1 Evacuation Pause) (young) 3106M->1014M(3732M), 0.0765010 secs]
8132.284: [GC pause (G1 Evacuation Pause) (young) 3127M->1034M(3732M), 0.0827312 secs]
8134.275: [GC pause (G1 Evacuation Pause) (young) 3116M->1014M(3732M), 0.0716225 secs]
8136.048: [GC pause (G1 Evacuation Pause) (young) 3211M->1110M(3732M), 0.1370467 secs]
8137.960: [GC pause (G1 Evacuation Pause) (young) 3141M->1141M(3732M), 0.1237821 secs]
8139.839: [GC pause (G1 Evacuation Pause) (young) 3179M->1175M(3732M), 0.1278286 secs]
8141.701: [GC pause (G1 Evacuation Pause) (young) 3264M->1180M(3732M), 0.0698364 secs]
8143.309: [GC pause (G1 Evacuation Pause) (young) 3257M->1197M(3732M), 0.0599681 secs]
8144.934: [GC pause (G1 Evacuation Pause) (young) 3253M->1217M(3732M), 0.0755849 secs]
8146.763: [GC pause (G1 Evacuation Pause) (young) 3211M->1208M(3732M), 0.0565824 secs]
8148.509: [GC pause (G1 Evacuation Pause) (young) 3240M->1243M(3732M), 0.0871459 secs]
8150.333: [GC pause (G1 Evacuation Pause) (young) 3203M->1237M(3732M), 0.0770134 secs]
8152.106: [GC pause (G1 Evacuation Pause) (young) 3233M->1263M(3732M), 0.0865793 secs]
8153.928: [GC pause (G1 Evacuation Pause) (young) 3214M->1256M(3732M), 0.0766866 secs]
8155.809: [GC pause (G1 Evacuation Pause) (young) 3315M->1300M(3732M), 0.0763423 secs]
8157.248: [GC pause (G1 Evacuation Pause) (young) 3231M->1358M(3732M), 0.1242015 secs]
8158.863: [GC pause (G1 Evacuation Pause) (young) 3143M->1358M(3732M), 0.1053351 secs]
8160.522: [GC pause (G1 Evacuation Pause) (young) 3200M->1395M(3732M), 0.1099154 secs]
8162.117: [GC pause (G1 Evacuation Pause) (young) 3278M->1417M(3732M), 0.0759612 secs]
8163.769: [GC pause (G1 Evacuation Pause) (young) 3235M->1414M(3732M), 0.0573364 secs]
8165.399: [GC pause (G1 Evacuation Pause) (young) 3257M->1438M(3732M), 0.0752466 secs]
8167.080: [GC pause (G1 Evacuation Pause) (young) 3222M->1450M(3732M), 0.0703655 secs]
8168.735: [GC pause (G1 Evacuation Pause) (young) 3229M->1461M(3732M), 0.0796139 secs]
8170.363: [GC pause (G1 Evacuation Pause) (young) 3220M->1469M(3732M), 0.0792056 secs]
8172.018: [GC pause (G1 Evacuation Pause) (young) 3226M->1489M(3732M), 0.0784346 secs]
8173.634: [GC pause (G1 Evacuation Pause) (young) 3221M->1511M(3732M), 0.0812980 secs]
8175.144: [GC pause (G1 Evacuation Pause) (young) 3230M->1501M(3732M), 0.0654221 secs]
8176.773: [GC pause (G1 Evacuation Pause) (young) 3263M->1505M(3732M), 0.0611576 secs]
8178.216: [GC pause (G1 Evacuation Pause) (young) 3351M->1602M(3732M), 0.0955150 secs]
8179.519: [GC pause (G1 Evacuation Pause) (young) 3188M->1603M(3732M), 0.0955329 secs]
8181.015: [GC pause (G1 Evacuation Pause) (young) 3209M->1633M(3732M), 0.1125535 secs]
8182.583: [GC pause (G1 Evacuation Pause) (young) 3219M->1652M(3732M), 0.0846452 secs]
8184.153: [GC pause (G1 Evacuation Pause) (young) 3287M->1668M(3732M), 0.0713434 secs]
8185.632: [GC pause (G1 Evacuation Pause) (young) 3270M->1677M(3732M), 0.0583164 secs]
8187.084: [GC pause (G1 Evacuation Pause) (young) 3260M->1686M(3732M), 0.0574021 secs]
8188.538: [GC pause (G1 Evacuation Pause) (young) 3252M->1695M(3732M), 0.0635380 secs]
8189.882: [GC pause (G1 Evacuation Pause) (young) 3242M->1703M(3732M), 0.0633848 secs]
8191.295: [GC pause (G1 Evacuation Pause) (young) 3243M->1711M(3732M), 0.0661142 secs]
8192.699: [GC pause (G1 Evacuation Pause) (young) 3251M->1719M(3732M), 0.0658258 secs]
8194.089: [GC pause (G1 Evacuation Pause) (young) 3243M->1754M(3732M), 0.0726550 secs]
8195.479: [GC pause (G1 Evacuation Pause) (young) 3219M->1743M(3732M), 0.0672107 secs]
8196.824: [GC pause (G1 Evacuation Pause) (young) 3267M->1774M(3732M), 0.0714889 secs]
8198.285: [GC pause (G1 Evacuation Pause) (young) 3234M->1749M(3732M), 0.0533411 secs]
8198.543: [GC pause (G1 Humongous Allocation) (young) (initial-mark) 1957M->1752M(3732M), 0.0406046 secs]
8198.584: [GC concurrent-root-region-scan-start]
8198.623: [GC concurrent-root-region-scan-end, 0.0393238 secs]
8198.623: [GC concurrent-mark-start]
8198.804: [GC concurrent-mark-end, 0.1804563 secs]
8198.804: [GC remark, 0.0070741 secs]
8198.812: [GC cleanup 1978M->892M(3732M), 0.0040619 secs]
8198.816: [GC concurrent-cleanup-start]
8198.818: [GC concurrent-cleanup-end, 0.0018927 secs]
8199.955: [GC pause (G1 Evacuation Pause) (young) 2272M->713M(3732M), 0.0632431 secs]
8200.099: [GC pause (G1 Evacuation Pause) (mixed) 807M->565M(3732M), 0.0562437 secs]
8201.832: [GC pause (G1 Evacuation Pause) (young) 2802M->703M(3732M), 0.1308912 secs]
8203.685: [GC pause (G1 Evacuation Pause) (young) 2792M->741M(3732M), 0.0949483 secs]
8205.505: [GC pause (G1 Evacuation Pause) (young) 2813M->766M(3732M), 0.0945277 secs]
8207.546: [GC pause (G1 Evacuation Pause) (young) 2933M->799M(3732M), 0.0877560 secs]
8209.333: [GC pause (G1 Evacuation Pause) (young) 2922M->817M(3732M), 0.0703843 secs]
8211.255: [GC pause (G1 Evacuation Pause) (young) 2921M->831M(3732M), 0.0805488 secs]
8213.173: [GC pause (G1 Evacuation Pause) (young) 2932M->826M(3732M), 0.0836596 secs]
8215.103: [GC pause (G1 Evacuation Pause) (young) 2932M->833M(3732M), 0.0684336 secs]
8216.953: [GC pause (G1 Evacuation Pause) (young) 2953M->859M(3732M), 0.0894170 secs]
8218.840: [GC pause (G1 Evacuation Pause) (young) 2953M->860M(3732M), 0.0787533 secs]
8220.891: [GC pause (G1 Evacuation Pause) (young) 2950M->853M(3732M), 0.0664606 secs]
8222.592: [GC pause (G1 Evacuation Pause) (young) 3046M->952M(3732M), 0.1500737 secs]
8224.584: [GC pause (G1 Evacuation Pause) (young) 2967M->958M(3732M), 0.1325091 secs]
8226.636: [GC pause (G1 Evacuation Pause) (young) 3124M->985M(3732M), 0.0797692 secs]
8228.530: [GC pause (G1 Evacuation Pause) (young) 3146M->1014M(3732M), 0.0776905 secs]
8230.503: [GC pause (G1 Evacuation Pause) (young) 3134M->1003M(3732M), 0.0611883 secs]
8232.315: [GC pause (G1 Evacuation Pause) (young) 3136M->1043M(3732M), 0.0826697 secs]
8234.288: [GC pause (G1 Evacuation Pause) (young) 3146M->1046M(3732M), 0.0898740 secs]
8236.189: [GC pause (G1 Evacuation Pause) (young) 3154M->1066M(3732M), 0.0891644 secs]
8238.124: [GC pause (G1 Evacuation Pause) (young) 3155M->1077M(3732M), 0.0855907 secs]
8240.081: [GC pause (G1 Evacuation Pause) (young) 3170M->1073M(3732M), 0.0743860 secs]
8241.970: [GC pause (G1 Evacuation Pause) (young) 3207M->1094M(3732M), 0.0843252 secs]
8243.603: [GC pause (G1 Evacuation Pause) (young) 3276M->1166M(3732M), 0.1334307 secs]
8245.478: [GC pause (G1 Evacuation Pause) (young) 3141M->1200M(3732M), 0.1180686 secs]
8247.340: [GC pause (G1 Evacuation Pause) (young) 3194M->1235M(3732M), 0.1313759 secs]
8249.202: [GC pause (G1 Evacuation Pause) (young) 3253M->1253M(3732M), 0.0783647 secs]
8250.867: [GC pause (G1 Evacuation Pause) (young) 3257M->1275M(3732M), 0.0798362 secs]
8252.701: [GC pause (G1 Evacuation Pause) (young) 3225M->1257M(3732M), 0.0605569 secs]
8254.450: [GC pause (G1 Evacuation Pause) (young) 3247M->1299M(3732M), 0.0778774 secs]
8256.165: [GC pause (G1 Evacuation Pause) (young) 3211M->1296M(3732M), 0.0849055 secs]
8257.877: [GC pause (G1 Evacuation Pause) (young) 3224M->1320M(3732M), 0.0766145 secs]
8259.585: [GC pause (G1 Evacuation Pause) (young) 3222M->1318M(3732M), 0.0828916 secs]
8261.386: [GC pause (G1 Evacuation Pause) (young) 3228M->1324M(3732M), 0.0648103 secs]
8263.094: [GC pause (G1 Evacuation Pause) (young) 3243M->1336M(3732M), 0.0815088 secs]
8265.044: [GC pause (G1 Evacuation Pause) (young) 3301M->1368M(3732M), 0.0773594 secs]
8266.407: [GC pause (G1 Evacuation Pause) (young) 3238M->1437M(3732M), 0.1261962 secs]
8268.094: [GC pause (G1 Evacuation Pause) (young) 3128M->1424M(3732M), 0.1044596 secs]
8269.795: [GC pause (G1 Evacuation Pause) (young) 3207M->1470M(3732M), 0.1173633 secs]
8271.558: [GC pause (G1 Evacuation Pause) (young) 3282M->1497M(3732M), 0.0828843 secs]
8273.225: [GC pause (G1 Evacuation Pause) (young) 3237M->1494M(3732M), 0.0605347 secs]
8274.689: [GC pause (G1 Evacuation Pause) (young) 3258M->1510M(3732M), 0.0636754 secs]
8276.238: [GC pause (G1 Evacuation Pause) (young) 3236M->1523M(3732M), 0.0716890 secs]
8277.852: [GC pause (G1 Evacuation Pause) (young) 3211M->1523M(3732M), 0.0659265 secs]
8279.345: [GC pause (G1 Evacuation Pause) (young) 3243M->1540M(3732M), 0.0851623 secs]
8280.930: [GC pause (G1 Evacuation Pause) (young) 3202M->1540M(3732M), 0.0623032 secs]
8282.441: [GC pause (G1 Evacuation Pause) (young) 3246M->1554M(3732M), 0.0813517 secs]
8283.855: [GC pause (G1 Evacuation Pause) (young) 3210M->1557M(3732M), 0.0598076 secs]
8285.196: [GC pause (G1 Evacuation Pause) (young) 3250M->1566M(3732M), 0.0757671 secs]
8286.884: [GC pause (G1 Evacuation Pause) (young) 3233M->1545M(3732M), 0.0570300 secs]
8288.164: [GC pause (G1 Evacuation Pause) (young) 3342M->1689M(3732M), 0.1108097 secs]
8289.584: [GC pause (G1 Evacuation Pause) (young) 3149M->1638M(3732M), 0.0834083 secs]
8291.013: [GC pause (G1 Evacuation Pause) (young) 3291M->1680M(3732M), 0.0778305 secs]
8292.451: [GC pause (G1 Evacuation Pause) (young) 3265M->1695M(3732M), 0.0590302 secs]
8293.837: [GC pause (G1 Evacuation Pause) (young) 3250M->1727M(3732M), 0.0727873 secs]
8295.238: [GC pause (G1 Evacuation Pause) (young) 3216M->1737M(3732M), 0.0649293 secs]
8296.548: [GC pause (G1 Evacuation Pause) (young) 3242M->1753M(3732M), 0.0742644 secs]
8297.943: [GC pause (G1 Evacuation Pause) (young) 3243M->1767M(3732M), 0.0631412 secs]
8299.321: [GC pause (G1 Evacuation Pause) (young) 3248M->1783M(3732M), 0.0621095 secs]
8300.659: [GC pause (G1 Humongous Allocation) (young) (initial-mark) 3181M->1777M(3732M), 0.0477722 secs]
8300.707: [GC concurrent-root-region-scan-start]
8300.744: [GC concurrent-root-region-scan-end, 0.0370505 secs]
8300.744: [GC concurrent-mark-start]
8301.007: [GC concurrent-mark-end, 0.2631896 secs]
8301.008: [GC remark, 0.0072401 secs]
8301.015: [GC cleanup 2115M->959M(3732M), 0.0040090 secs]
8301.019: [GC concurrent-cleanup-start]
8301.022: [GC concurrent-cleanup-end, 0.0022891 secs]
8302.012: [GC pause (G1 Evacuation Pause) (young) 2099M->623M(3732M), 0.0566597 secs]
8302.136: [GC pause (G1 Evacuation Pause) (mixed) 701M->566M(3732M), 0.0447689 secs]
8304.118: [GC pause (G1 Evacuation Pause) (young) 2805M->623M(3732M), 0.0752223 secs]
8306.152: [GC pause (G1 Evacuation Pause) (young) 2794M->639M(3732M), 0.0729699 secs]
8308.414: [GC pause (G1 Evacuation Pause) (young) 2793M->622M(3732M), 0.0522723 secs]
8310.408: [GC pause (G1 Evacuation Pause) (young) 2886M->746M(3732M), 0.0988865 secs]
8312.110: [GC pause (G1 Evacuation Pause) (young) 2845M->754M(3732M), 0.1151510 secs]
8314.055: [GC pause (G1 Evacuation Pause) (young) 2812M->783M(3732M), 0.1132148 secs]
8315.990: [GC pause (G1 Evacuation Pause) (young) 2888M->815M(3732M), 0.1001703 secs]
8317.883: [GC pause (G1 Evacuation Pause) (young) 2887M->808M(3732M), 0.0808099 secs]
8319.768: [GC pause (G1 Evacuation Pause) (young) 2967M->834M(3732M), 0.0859171 secs]
8321.732: [GC pause (G1 Evacuation Pause) (young) 2957M->830M(3732M), 0.0709428 secs]
8323.620: [GC pause (G1 Evacuation Pause) (young) 2956M->864M(3732M), 0.0799907 secs]
8325.488: [GC pause (G1 Evacuation Pause) (young) 2966M->865M(3732M), 0.0870332 secs]
8327.411: [GC pause (G1 Evacuation Pause) (young) 2969M->857M(3732M), 0.0764421 secs]
8329.257: [GC pause (G1 Evacuation Pause) (young) 2968M->893M(3732M), 0.0827448 secs]
8331.242: [GC pause (G1 Evacuation Pause) (young) 2979M->885M(3732M), 0.0906642 secs]
8332.946: [GC pause (G1 Evacuation Pause) (young) 3082M->967M(3732M), 0.1365437 secs]
8334.671: [GC pause (G1 Evacuation Pause) (young) 2981M->982M(3732M), 0.1129153 secs]
8336.698: [GC pause (G1 Evacuation Pause) (young) 3191M->1037M(3732M), 0.1012084 secs]
8338.809: [GC pause (G1 Evacuation Pause) (young) 3186M->1058M(3732M), 0.0690249 secs]
8340.805: [GC pause (G1 Evacuation Pause) (young) 3180M->1068M(3732M), 0.0717488 secs]
8342.653: [GC pause (G1 Evacuation Pause) (young) 3190M->1093M(3732M), 0.0896389 secs]
8344.618: [GC pause (G1 Evacuation Pause) (young) 3179M->1086M(3732M), 0.0769144 secs]
8346.466: [GC pause (G1 Evacuation Pause) (young) 3216M->1111M(3732M), 0.0886379 secs]
8348.337: [GC pause (G1 Evacuation Pause) (young) 3207M->1125M(3732M), 0.0868293 secs]
8350.270: [GC pause (G1 Evacuation Pause) (young) 3197M->1116M(3732M), 0.0769827 secs]
8352.020: [GC pause (G1 Evacuation Pause) (young) 3233M->1108M(3732M), 0.0787171 secs]
8353.916: [GC pause (G1 Evacuation Pause) (young) 3304M->1207M(3732M), 0.1095344 secs]
8355.650: [GC pause (G1 Evacuation Pause) (young) 3179M->1224M(3732M), 0.1275376 secs]
8357.494: [GC pause (G1 Evacuation Pause) (young) 3179M->1234M(3732M), 0.1106941 secs]
8359.350: [GC pause (G1 Evacuation Pause) (young) 3234M->1248M(3732M), 0.0819627 secs]
8361.221: [GC pause (G1 Evacuation Pause) (young) 3238M->1268M(3732M), 0.0869172 secs]
8363.025: [GC pause (G1 Evacuation Pause) (young) 3208M->1264M(3732M), 0.0769904 secs]
8364.814: [GC pause (G1 Evacuation Pause) (young) 3256M->1279M(3732M), 0.0832931 secs]
8366.626: [GC pause (G1 Evacuation Pause) (young) 3253M->1298M(3732M), 0.0824538 secs]
8368.415: [GC pause (G1 Evacuation Pause) (young) 3222M->1291M(3732M), 0.0711924 secs]
8370.211: [GC pause (G1 Evacuation Pause) (young) 3231M->1304M(3732M), 0.0740045 secs]
8371.975: [GC pause (G1 Evacuation Pause) (young) 3226M->1326M(3732M), 0.0861560 secs]
8373.742: [GC pause (G1 Evacuation Pause) (young) 3204M->1319M(3732M), 0.0678887 secs]
8375.611: [GC pause (G1 Evacuation Pause) (young) 3250M->1335M(3732M), 0.0696180 secs]
8376.969: [GC pause (G1 Evacuation Pause) (young) 3305M->1434M(3732M), 0.1377409 secs]
8378.569: [GC pause (G1 Evacuation Pause) (young) 3127M->1449M(3732M), 0.1221309 secs]
8380.192: [GC pause (G1 Evacuation Pause) (young) 3269M->1471M(3732M), 0.0683034 secs]
8381.842: [GC pause (G1 Evacuation Pause) (young) 3277M->1497M(3732M), 0.0552636 secs]
8383.421: [GC pause (G1 Evacuation Pause) (young) 3267M->1516M(3732M), 0.0694802 secs]
8384.999: [GC pause (G1 Evacuation Pause) (young) 3226M->1514M(3732M), 0.0543864 secs]
8386.483: [GC pause (G1 Evacuation Pause) (young) 3248M->1534M(3732M), 0.0749978 secs]
8388.118: [GC pause (G1 Evacuation Pause) (young) 3208M->1512M(3732M), 0.0575305 secs]
8389.710: [GC pause (G1 Evacuation Pause) (young) 3266M->1553M(3732M), 0.0847361 secs]
8391.294: [GC pause (G1 Evacuation Pause) (young) 3227M->1556M(3732M), 0.0657434 secs]
8392.730: [GC pause (G1 Evacuation Pause) (young) 3234M->1574M(3732M), 0.0765880 secs]
8394.256: [GC pause (G1 Evacuation Pause) (young) 3228M->1575M(3732M), 0.0710695 secs]
8395.814: [GC pause (G1 Evacuation Pause) (young) 3239M->1587M(3732M), 0.0654571 secs]
8397.328: [GC pause (G1 Evacuation Pause) (young) 3327M->1680M(3732M), 0.1010514 secs]
8398.587: [GC pause (G1 Evacuation Pause) (young) 3184M->1704M(3732M), 0.1035534 secs]
8399.947: [GC pause (G1 Evacuation Pause) (young) 3208M->1728M(3732M), 0.1098680 secs]
8401.437: [GC pause (G1 Evacuation Pause) (young) 3238M->1743M(3732M), 0.0841358 secs]
8402.783: [GC pause (G1 Evacuation Pause) (young) 3245M->1794M(3732M), 0.0798887 secs]
8404.140: [GC pause (G1 Evacuation Pause) (young) (initial-mark) 3244M->1787M(3732M), 0.0664982 secs]
8404.207: [GC concurrent-root-region-scan-start]
8404.239: [GC concurrent-root-region-scan-end, 0.0325888 secs]
8404.239: [GC concurrent-mark-start]
8404.511: [GC concurrent-mark-end, 0.2719819 secs]
8404.511: [GC remark, 0.0067281 secs]
8404.519: [GC cleanup 2133M->955M(3732M), 0.0045321 secs]
8404.523: [GC concurrent-cleanup-start]
8404.526: [GC concurrent-cleanup-end, 0.0024892 secs]
8405.383: [GC pause (G1 Evacuation Pause) (young) 2095M->630M(3732M), 0.0679058 secs]
8405.503: [GC pause (G1 Evacuation Pause) (mixed) 694M->572M(3732M), 0.0508485 secs]
8407.476: [GC pause (G1 Evacuation Pause) (young) 2800M->616M(3732M), 0.0758640 secs]
8409.480: [GC pause (G1 Evacuation Pause) (young) 2800M->646M(3732M), 0.0615361 secs]
8411.368: [GC pause (G1 Evacuation Pause) (young) 2810M->683M(3732M), 0.0800709 secs]
8413.355: [GC pause (G1 Evacuation Pause) (young) 2799M->679M(3732M), 0.0736871 secs]
8415.319: [GC pause (G1 Evacuation Pause) (young) 2809M->700M(3732M), 0.0844028 secs]
8417.271: [GC pause (G1 Evacuation Pause) (young) 2801M->682M(3732M), 0.0695770 secs]
8418.964: [GC pause (G1 Evacuation Pause) (young) 2918M->820M(3732M), 0.1122147 secs]
8420.749: [GC pause (G1 Evacuation Pause) (young) 2867M->818M(3732M), 0.1254977 secs]
8422.598: [GC pause (G1 Evacuation Pause) (young) 2873M->821M(3732M), 0.1191203 secs]
8424.547: [GC pause (G1 Evacuation Pause) (young) 2955M->862M(3732M), 0.0948886 secs]
8426.400: [GC pause (G1 Evacuation Pause) (young) 2945M->905M(3732M), 0.0893500 secs]
8428.284: [GC pause (G1 Evacuation Pause) (young) 3041M->904M(3732M), 0.0726000 secs]
8430.157: [GC pause (G1 Evacuation Pause) (young) 3036M->922M(3732M), 0.0725214 secs]
8432.062: [GC pause (G1 Evacuation Pause) (young) 3030M->934M(3732M), 0.0801208 secs]
8433.884: [GC pause (G1 Evacuation Pause) (young) 3040M->936M(3732M), 0.0847007 secs]
8435.793: [GC pause (G1 Evacuation Pause) (young) 3030M->933M(3732M), 0.0763367 secs]
8437.664: [GC pause (G1 Evacuation Pause) (young) 3031M->969M(3732M), 0.0823327 secs]
8439.453: [GC pause (G1 Evacuation Pause) (young) 3041M->963M(3732M), 0.0883329 secs]
8441.078: [GC pause (G1 Evacuation Pause) (young) 3156M->1046M(3732M), 0.1402139 secs]
8442.989: [GC pause (G1 Evacuation Pause) (young) 3064M->1045M(3732M), 0.0985857 secs]
8444.892: [GC pause (G1 Evacuation Pause) (young) 3236M->1085M(3732M), 0.0834595 secs]
8446.752: [GC pause (G1 Evacuation Pause) (young) 3241M->1116M(3732M), 0.0813539 secs]
8448.749: [GC pause (G1 Evacuation Pause) (young) 3222M->1091M(3732M), 0.0508156 secs]
8450.582: [GC pause (G1 Evacuation Pause) (young) 3241M->1146M(3732M), 0.0894196 secs]
8452.487: [GC pause (G1 Evacuation Pause) (young) 3212M->1148M(3732M), 0.0895749 secs]
8454.415: [GC pause (G1 Evacuation Pause) (young) 3219M->1133M(3732M), 0.0609174 secs]
8456.325: [GC pause (G1 Evacuation Pause) (young) 3247M->1173M(3732M), 0.0885897 secs]
8458.158: [GC pause (G1 Evacuation Pause) (young) 3210M->1170M(3732M), 0.0792675 secs]
8460.159: [GC pause (G1 Evacuation Pause) (young) 3226M->1155M(3732M), 0.0737494 secs]
8462.211: [GC pause (G1 Evacuation Pause) (young) 3325M->1208M(3732M), 0.0886507 secs]
8463.702: [GC pause (G1 Evacuation Pause) (young) 3240M->1274M(3732M), 0.1190943 secs]
8465.316: [GC pause (G1 Evacuation Pause) (young) 3127M->1282M(3732M), 0.1250941 secs]
8467.142: [GC pause (G1 Evacuation Pause) (young) 3263M->1311M(3732M), 0.0712602 secs]
8468.839: [GC pause (G1 Evacuation Pause) (young) 3271M->1350M(3732M), 0.0733014 secs]
8470.560: [GC pause (G1 Evacuation Pause) (young) 3244M->1345M(3732M), 0.0679019 secs]
8472.323: [GC pause (G1 Evacuation Pause) (young) 3231M->1350M(3732M), 0.0630409 secs]
8474.065: [GC pause (G1 Evacuation Pause) (young) 3244M->1373M(3732M), 0.0820703 secs]
8475.759: [GC pause (G1 Evacuation Pause) (young) 3223M->1367M(3732M), 0.0699102 secs]
8477.449: [GC pause (G1 Evacuation Pause) (young) 3225M->1396M(3732M), 0.0785613 secs]
8479.087: [GC pause (G1 Evacuation Pause) (young) 3213M->1394M(3732M), 0.0843516 secs]
8480.747: [GC pause (G1 Evacuation Pause) (young) 3218M->1405M(3732M), 0.0725415 secs]
8482.501: [GC pause (G1 Evacuation Pause) (young) 3230M->1412M(3732M), 0.0776368 secs]
8483.995: [GC pause (G1 Evacuation Pause) (young) 3306M->1475M(3732M), 0.1173560 secs]
8485.521: [GC pause (G1 Evacuation Pause) (young) 3161M->1520M(3732M), 0.1186075 secs]
8487.283: [GC pause (G1 Evacuation Pause) (young) 3272M->1542M(3732M), 0.0651333 secs]
8488.849: [GC pause (G1 Evacuation Pause) (young) 3281M->1575M(3732M), 0.0673874 secs]
8490.411: [GC pause (G1 Evacuation Pause) (young) 3259M->1583M(3732M), 0.0646703 secs]
8491.899: [GC pause (G1 Evacuation Pause) (young) 3233M->1585M(3732M), 0.0580660 secs]
8493.387: [GC pause (G1 Evacuation Pause) (young) 3249M->1602M(3732M), 0.0741193 secs]
8494.886: [GC pause (G1 Evacuation Pause) (young) 3210M->1601M(3732M), 0.0631813 secs]
8496.335: [GC pause (G1 Evacuation Pause) (young) 3261M->1618M(3732M), 0.0760483 secs]
8497.838: [GC pause (G1 Evacuation Pause) (young) 3222M->1620M(3732M), 0.0553289 secs]
8499.310: [GC pause (G1 Evacuation Pause) (young) 3256M->1642M(3732M), 0.0772434 secs]
8500.748: [GC pause (G1 Evacuation Pause) (young) 3223M->1652M(3732M), 0.0645957 secs]
8502.209: [GC pause (G1 Evacuation Pause) (young) 3241M->1652M(3732M), 0.0710729 secs]
8503.758: [GC pause (G1 Evacuation Pause) (young) 3238M->1660M(3732M), 0.0602492 secs]
8505.228: [GC pause (G1 Evacuation Pause) (young) 3243M->1661M(3732M), 0.0624811 secs]
8506.414: [GC pause (G1 Evacuation Pause) (young) 3324M->1757M(3732M), 0.1361896 secs]
8507.819: [GC pause (G1 Evacuation Pause) (young) 3158M->1794M(3732M), 0.1036400 secs]
8508.738: [GC pause (G1 Humongous Allocation) (young) (initial-mark) 2670M->1804M(3732M), 0.0407612 secs]
8508.779: [GC concurrent-root-region-scan-start]
8508.802: [GC concurrent-root-region-scan-end, 0.0236288 secs]
8508.802: [GC concurrent-mark-start]
8509.048: [GC concurrent-mark-end, 0.2459940 secs]
8509.049: [GC remark, 0.0065720 secs]
8509.056: [GC cleanup 2146M->916M(3732M), 0.0047206 secs]
8509.061: [GC concurrent-cleanup-start]
8509.063: [GC concurrent-cleanup-end, 0.0025762 secs]
8509.971: [GC pause (G1 Evacuation Pause) (young) 2060M->596M(3732M), 0.0463382 secs]
8510.111: [GC pause (G1 Evacuation Pause) (mixed) 698M->572M(3732M), 0.0346816 secs]
8512.098: [GC pause (G1 Evacuation Pause) (young) 2812M->631M(3732M), 0.0692779 secs]
8514.040: [GC pause (G1 Evacuation Pause) (young) 2811M->658M(3732M), 0.0623727 secs]
8515.993: [GC pause (G1 Evacuation Pause) (young) 2796M->658M(3732M), 0.0577182 secs]
8517.848: [GC pause (G1 Evacuation Pause) (young) 2812M->692M(3732M), 0.0767706 secs]
8519.715: [GC pause (G1 Evacuation Pause) (young) 2812M->689M(3732M), 0.0794437 secs]
8521.658: [GC pause (G1 Evacuation Pause) (young) 2791M->671M(3732M), 0.0610671 secs]
8523.568: [GC pause (G1 Evacuation Pause) (young) 2811M->720M(3732M), 0.0896799 secs]
8525.511: [GC pause (G1 Evacuation Pause) (young) 2812M->714M(3732M), 0.0888014 secs]
8527.431: [GC pause (G1 Evacuation Pause) (young) 2898M->801M(3732M), 0.1064850 secs]
8529.294: [GC pause (G1 Evacuation Pause) (young) 2860M->802M(3732M), 0.1137883 secs]
8531.186: [GC pause (G1 Evacuation Pause) (young) 2873M->840M(3732M), 0.1201004 secs]
8533.118: [GC pause (G1 Evacuation Pause) (young) 2964M->843M(3732M), 0.0924967 secs]
8535.051: [GC pause (G1 Evacuation Pause) (young) 2974M->868M(3732M), 0.0843662 secs]
8537.000: [GC pause (G1 Evacuation Pause) (young) 2965M->885M(3732M), 0.0923768 secs]
8538.929: [GC pause (G1 Evacuation Pause) (young) 2963M->902M(3732M), 0.0923773 secs]
8540.844: [GC pause (G1 Evacuation Pause) (young) 3014M->906M(3732M), 0.0954633 secs]
8542.864: [GC pause (G1 Evacuation Pause) (young) 2994M->886M(3732M), 0.0580527 secs]
8544.763: [GC pause (G1 Evacuation Pause) (young) 3014M->933M(3732M), 0.0926448 secs]
8546.615: [GC pause (G1 Evacuation Pause) (young) 3014M->926M(3732M), 0.0844127 secs]
8548.475: [GC pause (G1 Evacuation Pause) (young) 3027M->914M(3732M), 0.0677624 secs]
8550.097: [GC pause (G1 Evacuation Pause) (young) 3119M->1021M(3732M), 0.1325936 secs]
8551.947: [GC pause (G1 Evacuation Pause) (young) 3033M->1036M(3732M), 0.1223276 secs]
8553.925: [GC pause (G1 Evacuation Pause) (young) 3100M->1073M(3732M), 0.1281610 secs]
8555.827: [GC pause (G1 Evacuation Pause) (young) 3230M->1086M(3732M), 0.0784939 secs]
8557.764: [GC pause (G1 Evacuation Pause) (young) 3219M->1099M(3732M), 0.0650398 secs]
8559.582: [GC pause (G1 Evacuation Pause) (young) 3224M->1119M(3732M), 0.0758495 secs]
8561.406: [GC pause (G1 Evacuation Pause) (young) 3226M->1119M(3732M), 0.0816521 secs]
8563.353: [GC pause (G1 Evacuation Pause) (young) 3205M->1103M(3732M), 0.0618846 secs]
8565.258: [GC pause (G1 Evacuation Pause) (young) 3230M->1149M(3732M), 0.0951950 secs]
8567.127: [GC pause (G1 Evacuation Pause) (young) 3196M->1146M(3732M), 0.0892246 secs]
8568.920: [GC pause (G1 Evacuation Pause) (young) 3223M->1129M(3732M), 0.0694332 secs]
8570.487: [GC pause (G1 Evacuation Pause) (young) 3324M->1284M(3732M), 0.1251615 secs]
8572.126: [GC pause (G1 Evacuation Pause) (young) 3135M->1250M(3732M), 0.1151489 secs]
8573.917: [GC pause (G1 Evacuation Pause) (young) 3176M->1261M(3732M), 0.1034761 secs]
8575.771: [GC pause (G1 Evacuation Pause) (young) 3286M->1304M(3732M), 0.0941223 secs]
8577.654: [GC pause (G1 Evacuation Pause) (young) 3241M->1301M(3732M), 0.0760402 secs]
8579.393: [GC pause (G1 Evacuation Pause) (young) 3225M->1328M(3732M), 0.0757330 secs]
8581.052: [GC pause (G1 Evacuation Pause) (young) 3217M->1327M(3732M), 0.0855523 secs]
8582.810: [GC pause (G1 Evacuation Pause) (young) 3229M->1312M(3732M), 0.0628613 secs]
8584.547: [GC pause (G1 Evacuation Pause) (young) 3249M->1352M(3732M), 0.0811632 secs]
8586.234: [GC pause (G1 Evacuation Pause) (young) 3216M->1353M(3732M), 0.0774499 secs]
8587.965: [GC pause (G1 Evacuation Pause) (young) 3219M->1349M(3732M), 0.0682373 secs]
8589.651: [GC pause (G1 Evacuation Pause) (young) 3238M->1369M(3732M), 0.0746087 secs]
8591.254: [GC pause (G1 Evacuation Pause) (young) 3207M->1350M(3732M), 0.0647681 secs]
8592.630: [GC pause (G1 Evacuation Pause) (young) 3329M->1449M(3732M), 0.1237531 secs]
8594.207: [GC pause (G1 Evacuation Pause) (young) 3150M->1461M(3732M), 0.1011098 secs]
8595.870: [GC pause (G1 Evacuation Pause) (young) 3281M->1496M(3732M), 0.0783361 secs]
8597.493: [GC pause (G1 Evacuation Pause) (young) 3274M->1522M(3732M), 0.0573910 secs]
8599.005: [GC pause (G1 Evacuation Pause) (young) 3250M->1528M(3732M), 0.0636745 secs]
8600.558: [GC pause (G1 Evacuation Pause) (young) 3242M->1520M(3732M), 0.0588024 secs]
8602.087: [GC pause (G1 Evacuation Pause) (young) 3249M->1552M(3732M), 0.0733581 secs]
8603.590: [GC pause (G1 Evacuation Pause) (young) 3228M->1541M(3732M), 0.0698070 secs]
8605.166: [GC pause (G1 Evacuation Pause) (young) 3241M->1568M(3732M), 0.0728048 secs]
8606.688: [GC pause (G1 Evacuation Pause) (young) 3233M->1562M(3732M), 0.0727190 secs]
8608.263: [GC pause (G1 Evacuation Pause) (young) 3242M->1587M(3732M), 0.0712897 secs]
8609.768: [GC pause (G1 Evacuation Pause) (young) 3235M->1586M(3732M), 0.0753575 secs]
8611.253: [GC pause (G1 Evacuation Pause) (young) 3234M->1578M(3732M), 0.0551160 secs]
8612.865: [GC pause (G1 Evacuation Pause) (young) 3262M->1593M(3732M), 0.0682501 secs]
8614.102: [GC pause (G1 Evacuation Pause) (young) 3319M->1660M(3732M), 0.1125454 secs]
8615.399: [GC pause (G1 Evacuation Pause) (young) 3179M->1707M(3732M), 0.1056504 secs]
8616.819: [GC pause (G1 Evacuation Pause) (young) 3279M->1728M(3732M), 0.0567510 secs]
8618.214: [GC pause (G1 Evacuation Pause) (young) 3287M->1761M(3732M), 0.0581214 secs]
8619.519: [GC pause (G1 Evacuation Pause) (young) 3255M->1782M(3732M), 0.0643930 secs]
8620.873: [GC pause (G1 Evacuation Pause) (young) 3237M->1784M(3732M), 0.0677876 secs]
8622.021: [GC pause (G1 Humongous Allocation) (young) (initial-mark) 3035M->1790M(3732M), 0.0548352 secs]
8622.076: [GC concurrent-root-region-scan-start]
8622.114: [GC concurrent-root-region-scan-end, 0.0385903 secs]
8622.114: [GC concurrent-mark-start]
8622.415: [GC concurrent-mark-end, 0.3009193 secs]
8622.416: [GC remark, 0.0071544 secs]
8622.423: [GC cleanup 2135M->947M(3732M), 0.0041033 secs]
8622.427: [GC concurrent-cleanup-start]
8622.430: [GC concurrent-cleanup-end, 0.0024721 secs]
8623.427: [GC pause (G1 Evacuation Pause) (young) 2088M->616M(3732M), 0.0615535 secs]
8623.542: [GC pause (G1 Evacuation Pause) (mixed) 694M->558M(3732M), 0.0461854 secs]
8625.399: [GC pause (G1 Evacuation Pause) (young) 2786M->613M(3732M), 0.0708540 secs]
8627.345: [GC pause (G1 Evacuation Pause) (young) 2786M->642M(3732M), 0.0593524 secs]
8629.259: [GC pause (G1 Evacuation Pause) (young) 2796M->665M(3732M), 0.0712956 secs]
8631.196: [GC pause (G1 Evacuation Pause) (young) 2791M->681M(3732M), 0.0828169 secs]
8633.169: [GC pause (G1 Evacuation Pause) (young) 2795M->674M(3732M), 0.0754288 secs]
8635.025: [GC pause (G1 Evacuation Pause) (young) 2786M->659M(3732M), 0.0685210 secs]
8636.607: [GC pause (G1 Evacuation Pause) (young) 2866M->762M(3732M), 0.1408944 secs]
8638.518: [GC pause (G1 Evacuation Pause) (young) 2796M->786M(3732M), 0.1378395 secs]
8640.495: [GC pause (G1 Evacuation Pause) (young) 2859M->813M(3732M), 0.1055229 secs]
8642.526: [GC pause (G1 Evacuation Pause) (young) 2955M->816M(3732M), 0.0793328 secs]
8644.542: [GC pause (G1 Evacuation Pause) (young) 2970M->841M(3732M), 0.0774580 secs]
8646.393: [GC pause (G1 Evacuation Pause) (young) 2969M->847M(3732M), 0.0808871 secs]
8648.368: [GC pause (G1 Evacuation Pause) (young) 2960M->837M(3732M), 0.0603422 secs]
8650.299: [GC pause (G1 Evacuation Pause) (young) 2964M->876M(3732M), 0.0836822 secs]
8652.238: [GC pause (G1 Evacuation Pause) (young) 2970M->878M(3732M), 0.0839591 secs]
8654.212: [GC pause (G1 Evacuation Pause) (young) 2970M->873M(3732M), 0.0758038 secs]
8656.220: [GC pause (G1 Evacuation Pause) (young) 2986M->880M(3732M), 0.0785076 secs]
8657.864: [GC pause (G1 Evacuation Pause) (young) 3078M->989M(3732M), 0.1496368 secs]
8659.853: [GC pause (G1 Evacuation Pause) (young) 2996M->992M(3732M), 0.1257725 secs]
8661.934: [GC pause (G1 Evacuation Pause) (young) 3160M->1000M(3732M), 0.0571252 secs]
8663.804: [GC pause (G1 Evacuation Pause) (young) 3180M->1051M(3732M), 0.0789936 secs]
8665.611: [GC pause (G1 Evacuation Pause) (young) 3181M->1056M(3732M), 0.0759391 secs]
8667.538: [GC pause (G1 Evacuation Pause) (young) 3170M->1046M(3732M), 0.0643474 secs]
8669.422: [GC pause (G1 Evacuation Pause) (young) 3170M->1062M(3732M), 0.0718477 secs]
8671.231: [GC pause (G1 Evacuation Pause) (young) 3180M->1093M(3732M), 0.0908203 secs]
8673.109: [GC pause (G1 Evacuation Pause) (young) 3171M->1080M(3732M), 0.0785524 secs]
8674.945: [GC pause (G1 Evacuation Pause) (young) 3198M->1106M(3732M), 0.0871199 secs]
8677.022: [GC pause (G1 Evacuation Pause) (young) 3198M->1100M(3732M), 0.0746868 secs]
8678.636: [GC pause (G1 Evacuation Pause) (young) 3289M->1199M(3732M), 0.1435048 secs]
8680.443: [GC pause (G1 Evacuation Pause) (young) 3118M->1219M(3732M), 0.1191143 secs]
8682.329: [GC pause (G1 Evacuation Pause) (young) 3274M->1259M(3732M), 0.0855544 secs]
8684.188: [GC pause (G1 Evacuation Pause) (young) 3265M->1286M(3732M), 0.0629018 secs]
8685.815: [GC pause (G1 Evacuation Pause) (young) 3241M->1293M(3732M), 0.0666040 secs]
8687.520: [GC pause (G1 Evacuation Pause) (young) 3240M->1293M(3732M), 0.0748997 secs]
8689.306: [GC pause (G1 Evacuation Pause) (young) 3223M->1298M(3732M), 0.0680385 secs]
8691.045: [GC pause (G1 Evacuation Pause) (young) 3233M->1320M(3732M), 0.0875969 secs]
8692.852: [GC pause (G1 Evacuation Pause) (young) 3201M->1310M(3732M), 0.0640495 secs]
8694.541: [GC pause (G1 Evacuation Pause) (young) 3246M->1346M(3732M), 0.0920159 secs]
8696.295: [GC pause (G1 Evacuation Pause) (young) 3214M->1344M(3732M), 0.0848321 secs]
8698.243: [GC pause (G1 Evacuation Pause) (young) 3232M->1325M(3732M), 0.0629244 secs]
8700.071: [GC pause (G1 Evacuation Pause) (young) 3336M->1398M(3732M), 0.1015523 secs]
8701.604: [GC pause (G1 Evacuation Pause) (young) 3225M->1443M(3732M), 0.1332464 secs]
8703.235: [GC pause (G1 Evacuation Pause) (young) 3131M->1451M(3732M), 0.1090821 secs]
8704.930: [GC pause (G1 Evacuation Pause) (young) 3282M->1497M(3732M), 0.0672581 secs]
8706.537: [GC pause (G1 Evacuation Pause) (young) 3268M->1506M(3732M), 0.0548796 secs]
8708.126: [GC pause (G1 Evacuation Pause) (young) 3258M->1540M(3732M), 0.0685667 secs]
8709.757: [GC pause (G1 Evacuation Pause) (young) 3233M->1540M(3732M), 0.0734648 secs]
8711.404: [GC pause (G1 Evacuation Pause) (young) 3236M->1542M(3732M), 0.0648389 secs]
8712.995: [GC pause (G1 Evacuation Pause) (young) 3254M->1559M(3732M), 0.0701778 secs]
8714.547: [GC pause (G1 Evacuation Pause) (young) 3219M->1560M(3732M), 0.0591766 secs]
8716.048: [GC pause (G1 Evacuation Pause) (young) 3250M->1580M(3732M), 0.0808521 secs]
8717.584: [GC pause (G1 Evacuation Pause) (young) 3220M->1590M(3732M), 0.0726622 secs]
8719.074: [GC pause (G1 Evacuation Pause) (young) 3230M->1610M(3732M), 0.0713626 secs]
8720.645: [GC pause (G1 Evacuation Pause) (young) 3234M->1594M(3732M), 0.0576504 secs]
8722.233: [GC pause (G1 Evacuation Pause) (young) 3343M->1669M(3732M), 0.0830123 secs]
8723.494: [GC pause (G1 Evacuation Pause) (young) 3236M->1707M(3732M), 0.1196694 secs]
8724.959: [GC pause (G1 Evacuation Pause) (young) 3157M->1777M(3732M), 0.0910486 secs]
8725.559: [GC pause (G1 Humongous Allocation) (young) (initial-mark) 2353M->1781M(3732M), 0.0366187 secs]
8725.596: [GC concurrent-root-region-scan-start]
8725.613: [GC concurrent-root-region-scan-end, 0.0169788 secs]
8725.613: [GC concurrent-mark-start]
8725.894: [GC concurrent-mark-end, 0.2807606 secs]
8725.894: [GC remark, 0.0065638 secs]
8725.901: [GC cleanup 2114M->928M(3732M), 0.0045052 secs]
8725.905: [GC concurrent-cleanup-start]
8725.907: [GC concurrent-cleanup-end, 0.0018163 secs]
8726.887: [GC pause (G1 Evacuation Pause) (young) 2117M->640M(3732M), 0.0604417 secs]
8727.025: [GC pause (G1 Evacuation Pause) (mixed) 736M->550M(3732M), 0.0439476 secs]
8728.990: [GC pause (G1 Evacuation Pause) (young) 2787M->608M(3732M), 0.0703553 secs]
8731.006: [GC pause (G1 Evacuation Pause) (young) 2768M->619M(3732M), 0.0526106 secs]
8732.933: [GC pause (G1 Evacuation Pause) (young) 2786M->662M(3732M), 0.0801003 secs]
8734.877: [GC pause (G1 Evacuation Pause) (young) 2787M->665M(3732M), 0.0815373 secs]
8736.767: [GC pause (G1 Evacuation Pause) (young) 2776M->658M(3732M), 0.0646490 secs]
8738.716: [GC pause (G1 Evacuation Pause) (young) 2777M->670M(3732M), 0.0759467 secs]
8740.671: [GC pause (G1 Evacuation Pause) (young) 2787M->699M(3732M), 0.0939760 secs]
8742.830: [GC pause (G1 Evacuation Pause) (young) 2786M->689M(3732M), 0.0836523 secs]
8744.577: [GC pause (G1 Evacuation Pause) (young) 2883M->764M(3732M), 0.1284494 secs]
8746.455: [GC pause (G1 Evacuation Pause) (young) 2803M->807M(3732M), 0.1150072 secs]
8748.425: [GC pause (G1 Evacuation Pause) (young) 2876M->823M(3732M), 0.1276174 secs]
8750.440: [GC pause (G1 Evacuation Pause) (young) 2982M->839M(3732M), 0.0846089 secs]
8752.355: [GC pause (G1 Evacuation Pause) (young) 2963M->848M(3732M), 0.0606029 secs]
8754.347: [GC pause (G1 Evacuation Pause) (young) 2981M->875M(3732M), 0.0793076 secs]
8756.289: [GC pause (G1 Evacuation Pause) (young) 2982M->880M(3732M), 0.0843141 secs]
8758.273: [GC pause (G1 Evacuation Pause) (young) 2981M->875M(3732M), 0.0715849 secs]
8760.155: [GC pause (G1 Evacuation Pause) (young) 2973M->908M(3732M), 0.0871510 secs]
8761.999: [GC pause (G1 Evacuation Pause) (young) 2981M->912M(3732M), 0.0940182 secs]
8763.969: [GC pause (G1 Evacuation Pause) (young) 3013M->904M(3732M), 0.0899747 secs]
8765.999: [GC pause (G1 Evacuation Pause) (young) 3084M->948M(3732M), 0.0834838 secs]
8767.712: [GC pause (G1 Evacuation Pause) (young) 3044M->1015M(3732M), 0.1397322 secs]
8769.628: [GC pause (G1 Evacuation Pause) (young) 3014M->1019M(3732M), 0.1276767 secs]
8771.717: [GC pause (G1 Evacuation Pause) (young) 3110M->1046M(3732M), 0.0983369 secs]
8773.572: [GC pause (G1 Evacuation Pause) (young) 3186M->1075M(3732M), 0.0954919 secs]
8775.494: [GC pause (G1 Evacuation Pause) (young) 3204M->1076M(3732M), 0.0792807 secs]
8777.474: [GC pause (G1 Evacuation Pause) (young) 3205M->1077M(3732M), 0.0787589 secs]
8779.453: [GC pause (G1 Evacuation Pause) (young) 3185M->1063M(3732M), 0.0626313 secs]
8781.391: [GC pause (G1 Evacuation Pause) (young) 3204M->1109M(3732M), 0.0887139 secs]
8783.165: [GC pause (G1 Evacuation Pause) (young) 3204M->1119M(3732M), 0.0919301 secs]
8785.121: [GC pause (G1 Evacuation Pause) (young) 3213M->1112M(3732M), 0.0866386 secs]
8787.190: [GC pause (G1 Evacuation Pause) (young) 3223M->1097M(3732M), 0.0643772 secs]
8788.795: [GC pause (G1 Evacuation Pause) (young) 3310M->1225M(3732M), 0.1505499 secs]
8790.602: [GC pause (G1 Evacuation Pause) (young) 3124M->1224M(3732M), 0.1290851 secs]
8792.543: [GC pause (G1 Evacuation Pause) (young) 3262M->1243M(3732M), 0.0744939 secs]
8794.438: [GC pause (G1 Evacuation Pause) (young) 3271M->1282M(3732M), 0.0715482 secs]
8796.268: [GC pause (G1 Evacuation Pause) (young) 3247M->1283M(3732M), 0.0759489 secs]
8798.040: [GC pause (G1 Evacuation Pause) (young) 3239M->1272M(3732M), 0.0644050 secs]
8799.853: [GC pause (G1 Evacuation Pause) (young) 3248M->1292M(3732M), 0.0674996 secs]
8801.564: [GC pause (G1 Evacuation Pause) (young) 3237M->1314M(3732M), 0.0832423 secs]
8803.382: [GC pause (G1 Evacuation Pause) (young) 3206M->1305M(3732M), 0.0760116 secs]
8805.213: [GC pause (G1 Evacuation Pause) (young) 3236M->1328M(3732M), 0.0865080 secs]
8806.901: [GC pause (G1 Evacuation Pause) (young) 3206M->1307M(3732M), 0.0609959 secs]
8808.443: [GC pause (G1 Evacuation Pause) (young) 3256M->1345M(3732M), 0.0811158 secs]
8809.921: [GC pause (G1 Evacuation Pause) (young) 3303M->1429M(3732M), 0.1249767 secs]
8811.583: [GC pause (G1 Evacuation Pause) (young) 3153M->1456M(3732M), 0.1008031 secs]
8813.261: [GC pause (G1 Evacuation Pause) (young) 3270M->1492M(3732M), 0.0756639 secs]
8814.892: [GC pause (G1 Evacuation Pause) (young) 3281M->1514M(3732M), 0.0686981 secs]
8816.491: [GC pause (G1 Evacuation Pause) (young) 3240M->1518M(3732M), 0.0577835 secs]
8818.097: [GC pause (G1 Evacuation Pause) (young) 3255M->1533M(3732M), 0.0742917 secs]
8819.636: [GC pause (G1 Evacuation Pause) (young) 3232M->1526M(3732M), 0.0632939 secs]
8821.185: [GC pause (G1 Evacuation Pause) (young) 3259M->1560M(3732M), 0.0746859 secs]
8822.790: [GC pause (G1 Evacuation Pause) (young) 3235M->1556M(3732M), 0.0759732 secs]
8824.359: [GC pause (G1 Evacuation Pause) (young) 3249M->1567M(3732M), 0.0612289 secs]
8825.875: [GC pause (G1 Evacuation Pause) (young) 3243M->1580M(3732M), 0.0718550 secs]
8827.434: [GC pause (G1 Evacuation Pause) (young) 3225M->1582M(3732M), 0.0710507 secs]
8828.945: [GC pause (G1 Evacuation Pause) (young) 3242M->1577M(3732M), 0.0601144 secs]
8830.516: [GC pause (G1 Evacuation Pause) (young) 3254M->1589M(3732M), 0.0640244 secs]
8831.792: [GC pause (G1 Evacuation Pause) (young) 3319M->1709M(3732M), 0.1090924 secs]
8833.062: [GC pause (G1 Evacuation Pause) (young) 3154M->1690M(3732M), 0.1129426 secs]
8834.574: [GC pause (G1 Evacuation Pause) (young) 3277M->1720M(3732M), 0.0817857 secs]
8835.978: [GC pause (G1 Evacuation Pause) (young) 3266M->1727M(3732M), 0.0592632 secs]
8837.410: [GC pause (G1 Evacuation Pause) (young) 3256M->1758M(3732M), 0.0683341 secs]
8838.787: [GC pause (G1 Evacuation Pause) (young) 3228M->1745M(3732M), 0.0657268 secs]
8840.150: [GC pause (G1 Evacuation Pause) (young) 3271M->1776M(3732M), 0.0747265 secs]
8841.530: [GC pause (G1 Evacuation Pause) (young) 3238M->1765M(3732M), 0.0507870 secs]
8841.593: [GC pause (G1 Humongous Allocation) (young) (initial-mark) 1785M->1763M(3732M), 0.0314931 secs]
8841.625: [GC concurrent-root-region-scan-start]
8841.655: [GC concurrent-root-region-scan-end, 0.0308860 secs]
8841.655: [GC concurrent-mark-start]
8841.902: [GC concurrent-mark-end, 0.2463712 secs]
8841.902: [GC remark, 0.0064179 secs]
8841.909: [GC cleanup 2140M->942M(3732M), 0.0037124 secs]
8841.913: [GC concurrent-cleanup-start]
8841.915: [GC concurrent-cleanup-end, 0.0024926 secs]
8842.820: [GC pause (G1 Evacuation Pause) (young) 2076M->596M(3732M), 0.0617558 secs]
8842.944: [GC pause (G1 Evacuation Pause) (mixed) 664M->570M(3732M), 0.0478541 secs]
8844.962: [GC pause (G1 Evacuation Pause) (young) 2809M->627M(3732M), 0.0830601 secs]
8847.071: [GC pause (G1 Evacuation Pause) (young) 2799M->644M(3732M), 0.0561144 secs]
8849.051: [GC pause (G1 Evacuation Pause) (young) 2799M->658M(3732M), 0.0658006 secs]
8850.985: [GC pause (G1 Evacuation Pause) (young) 2809M->683M(3732M), 0.0790751 secs]
8853.014: [GC pause (G1 Evacuation Pause) (young) 2862M->736M(3732M), 0.0886414 secs]
8854.774: [GC pause (G1 Evacuation Pause) (young) 2889M->768M(3732M), 0.1433038 secs]
8856.717: [GC pause (G1 Evacuation Pause) (young) 2799M->764M(3732M), 0.1313038 secs]
8858.790: [GC pause (G1 Evacuation Pause) (young) 2956M->807M(3732M), 0.0799258 secs]
8860.793: [GC pause (G1 Evacuation Pause) (young) 2961M->825M(3732M), 0.0741065 secs]
8862.691: [GC pause (G1 Evacuation Pause) (young) 2961M->833M(3732M), 0.0749624 secs]
8864.623: [GC pause (G1 Evacuation Pause) (young) 2952M->829M(3732M), 0.0712094 secs]
8866.616: [GC pause (G1 Evacuation Pause) (young) 2953M->847M(3732M), 0.0730522 secs]
8868.509: [GC pause (G1 Evacuation Pause) (young) 2961M->871M(3732M), 0.0910478 secs]
8870.395: [GC pause (G1 Evacuation Pause) (young) 2952M->869M(3732M), 0.0796075 secs]
8872.267: [GC pause (G1 Evacuation Pause) (young) 2985M->892M(3732M), 0.0825699 secs]
8874.365: [GC pause (G1 Evacuation Pause) (young) 2984M->894M(3732M), 0.0822968 secs]
8876.346: [GC pause (G1 Evacuation Pause) (young) 3079M->973M(3732M), 0.1224633 secs]
8878.247: [GC pause (G1 Evacuation Pause) (young) 3031M->967M(3732M), 0.1127122 secs]
8880.177: [GC pause (G1 Evacuation Pause) (young) 3034M->1019M(3732M), 0.1218139 secs]
8882.202: [GC pause (G1 Evacuation Pause) (young) 3136M->1045M(3732M), 0.1143775 secs]
8884.196: [GC pause (G1 Evacuation Pause) (young) 3126M->1048M(3732M), 0.0813313 secs]
8886.156: [GC pause (G1 Evacuation Pause) (young) 3211M->1076M(3732M), 0.0834266 secs]
8888.131: [GC pause (G1 Evacuation Pause) (young) 3207M->1092M(3732M), 0.0711275 secs]
8890.091: [GC pause (G1 Evacuation Pause) (young) 3211M->1095M(3732M), 0.0795452 secs]
8892.043: [GC pause (G1 Evacuation Pause) (young) 3202M->1113M(3732M), 0.0823745 secs]
8893.950: [GC pause (G1 Evacuation Pause) (young) 3212M->1119M(3732M), 0.0908903 secs]
8896.015: [GC pause (G1 Evacuation Pause) (young) 3208M->1106M(3732M), 0.0753195 secs]
8898.153: [GC pause (G1 Evacuation Pause) (young) 3222M->1104M(3732M), 0.0705592 secs]
8899.812: [GC pause (G1 Evacuation Pause) (young) 3297M->1226M(3732M), 0.1543174 secs]
8901.678: [GC pause (G1 Evacuation Pause) (young) 3112M->1226M(3732M), 0.1382487 secs]
8903.678: [GC pause (G1 Evacuation Pause) (young) 3272M->1248M(3732M), 0.0731260 secs]
8905.469: [GC pause (G1 Evacuation Pause) (young) 3270M->1273M(3732M), 0.0665076 secs]
8907.224: [GC pause (G1 Evacuation Pause) (young) 3250M->1281M(3732M), 0.0720564 secs]
8909.049: [GC pause (G1 Evacuation Pause) (young) 3248M->1277M(3732M), 0.0634386 secs]
8910.814: [GC pause (G1 Evacuation Pause) (young) 3253M->1303M(3732M), 0.0804400 secs]
8912.543: [GC pause (G1 Evacuation Pause) (young) 3229M->1308M(3732M), 0.0801020 secs]
8914.255: [GC pause (G1 Evacuation Pause) (young) 3204M->1305M(3732M), 0.0708506 secs]
8915.981: [GC pause (G1 Evacuation Pause) (young) 3235M->1330M(3732M), 0.0912171 secs]
8917.772: [GC pause (G1 Evacuation Pause) (young) 3212M->1333M(3732M), 0.0823122 secs]
8919.723: [GC pause (G1 Evacuation Pause) (young) 3231M->1326M(3732M), 0.0849400 secs]
8921.303: [GC pause (G1 Evacuation Pause) (young) 3303M->1418M(3732M), 0.1402331 secs]
8922.957: [GC pause (G1 Evacuation Pause) (young) 3148M->1429M(3732M), 0.1178011 secs]
8924.633: [GC pause (G1 Evacuation Pause) (young) 3196M->1457M(3732M), 0.1093919 secs]
8926.348: [GC pause (G1 Evacuation Pause) (young) 3279M->1477M(3732M), 0.0680969 secs]
8927.997: [GC pause (G1 Evacuation Pause) (young) 3278M->1492M(3732M), 0.0694256 secs]
8929.677: [GC pause (G1 Evacuation Pause) (young) 3251M->1486M(3732M), 0.0588502 secs]
8931.340: [GC pause (G1 Evacuation Pause) (young) 3264M->1507M(3732M), 0.0643175 secs]
8932.949: [GC pause (G1 Evacuation Pause) (young) 3245M->1522M(3732M), 0.0729788 secs]
8934.482: [GC pause (G1 Evacuation Pause) (young) 3221M->1535M(3732M), 0.0754706 secs]
8936.028: [GC pause (G1 Evacuation Pause) (young) 3231M->1532M(3732M), 0.0699026 secs]
8937.589: [GC pause (G1 Evacuation Pause) (young) 3251M->1562M(3732M), 0.0745332 secs]
8939.145: [GC pause (G1 Evacuation Pause) (young) 3230M->1562M(3732M), 0.0768090 secs]
8940.848: [GC pause (G1 Evacuation Pause) (young) 3251M->1555M(3732M), 0.0675017 secs]
8942.249: [GC pause (G1 Evacuation Pause) (young) 3322M->1660M(3732M), 0.0978083 secs]
8943.643: [GC pause (G1 Evacuation Pause) (young) 3194M->1656M(3732M), 0.1161866 secs]
8945.159: [GC pause (G1 Evacuation Pause) (young) 3190M->1678M(3732M), 0.0938343 secs]
8946.570: [GC pause (G1 Evacuation Pause) (young) 3262M->1710M(3732M), 0.0979785 secs]
8947.987: [GC pause (G1 Evacuation Pause) (young) 3221M->1742M(3732M), 0.0778271 secs]
8949.409: [GC pause (G1 Evacuation Pause) (young) 3264M->1760M(3732M), 0.0803077 secs]
8950.812: [GC pause (G1 Evacuation Pause) (young) 3245M->1783M(3732M), 0.0644732 secs]
8951.508: [GC pause (G1 Humongous Allocation) (young) (initial-mark) 2376M->1783M(3732M), 0.0423659 secs]
8951.551: [GC concurrent-root-region-scan-start]
8951.588: [GC concurrent-root-region-scan-end, 0.0368354 secs]
8951.588: [GC concurrent-mark-start]
8951.850: [GC concurrent-mark-end, 0.2623687 secs]
8951.850: [GC remark, 0.0070584 secs]
8951.858: [GC cleanup 2080M->852M(3732M), 0.0054741 secs]
8951.863: [GC concurrent-cleanup-start]
8951.866: [GC concurrent-cleanup-end, 0.0030903 secs]
8952.845: [GC pause (G1 Evacuation Pause) (young) 2054M->572M(3732M), 0.0616781 secs]
8952.977: [GC pause (G1 Evacuation Pause) (mixed) 652M->553M(3732M), 0.0417724 secs]
8954.967: [GC pause (G1 Evacuation Pause) (young) 2782M->598M(3732M), 0.0618206 secs]
8956.890: [GC pause (G1 Evacuation Pause) (young) 2790M->638M(3732M), 0.0665694 secs]
8958.861: [GC pause (G1 Evacuation Pause) (young) 2785M->666M(3732M), 0.0753298 secs]
8960.846: [GC pause (G1 Evacuation Pause) (young) 2790M->665M(3732M), 0.0812336 secs]
8962.915: [GC pause (G1 Evacuation Pause) (young) 2791M->663M(3732M), 0.0762108 secs]
8964.798: [GC pause (G1 Evacuation Pause) (young) 2862M->705M(3732M), 0.0911792 secs]
8966.555: [GC pause (G1 Evacuation Pause) (young) 2831M->765M(3732M), 0.1341279 secs]
8968.479: [GC pause (G1 Evacuation Pause) (young) 2782M->760M(3732M), 0.1115517 secs]
8970.493: [GC pause (G1 Evacuation Pause) (young) 2864M->781M(3732M), 0.1052967 secs]
8972.424: [GC pause (G1 Evacuation Pause) (young) 2858M->821M(3732M), 0.1038350 secs]
8974.440: [GC pause (G1 Evacuation Pause) (young) 2961M->826M(3732M), 0.0861616 secs]
8976.352: [GC pause (G1 Evacuation Pause) (young) 2960M->827M(3732M), 0.0745848 secs]
8978.329: [GC pause (G1 Evacuation Pause) (young) 2951M->824M(3732M), 0.0646183 secs]
8980.253: [GC pause (G1 Evacuation Pause) (young) 2951M->845M(3732M), 0.0747141 secs]
8982.178: [GC pause (G1 Evacuation Pause) (young) 2961M->866M(3732M), 0.0880351 secs]
8984.116: [GC pause (G1 Evacuation Pause) (young) 2950M->859M(3732M), 0.0703510 secs]
8986.236: [GC pause (G1 Evacuation Pause) (young) 2971M->855M(3732M), 0.0784013 secs]
8987.870: [GC pause (G1 Evacuation Pause) (young) 3052M->970M(3732M), 0.1542017 secs]
8989.846: [GC pause (G1 Evacuation Pause) (young) 2970M->970M(3732M), 0.1238572 secs]
8991.825: [GC pause (G1 Evacuation Pause) (young) 3052M->986M(3732M), 0.0985567 secs]
8993.726: [GC pause (G1 Evacuation Pause) (young) 3142M->1000M(3732M), 0.0716519 secs]
8995.615: [GC pause (G1 Evacuation Pause) (young) 3154M->1022M(3732M), 0.0720901 secs]
8997.605: [GC pause (G1 Evacuation Pause) (young) 3154M->1028M(3732M), 0.0772383 secs]
8999.528: [GC pause (G1 Evacuation Pause) (young) 3144M->1021M(3732M), 0.0634492 secs]
9001.460: [GC pause (G1 Evacuation Pause) (young) 3155M->1048M(3732M), 0.0770027 secs]
9003.366: [GC pause (G1 Evacuation Pause) (young) 3146M->1046M(3732M), 0.0789334 secs]
9005.172: [GC pause (G1 Evacuation Pause) (young) 3154M->1069M(3732M), 0.0809187 secs]
9007.191: [GC pause (G1 Evacuation Pause) (young) 3149M->1056M(3732M), 0.0776141 secs]
9009.097: [GC pause (G1 Evacuation Pause) (young) 3257M->1190M(3732M), 0.1222832 secs]
9010.840: [GC pause (G1 Evacuation Pause) (young) 3142M->1170M(3732M), 0.1236528 secs]
9012.757: [GC pause (G1 Evacuation Pause) (young) 3196M->1186M(3732M), 0.1118990 secs]
9014.669: [GC pause (G1 Evacuation Pause) (young) 3256M->1204M(3732M), 0.0949095 secs]
9016.586: [GC pause (G1 Evacuation Pause) (young) 3242M->1210M(3732M), 0.0712470 secs]
9018.436: [GC pause (G1 Evacuation Pause) (young) 3230M->1222M(3732M), 0.0784150 secs]
9020.239: [GC pause (G1 Evacuation Pause) (young) 3214M->1238M(3732M), 0.0819772 secs]
9021.913: [GC pause (G1 Evacuation Pause) (young) 3208M->1242M(3732M), 0.0840671 secs]
9023.767: [GC pause (G1 Evacuation Pause) (young) 3233M->1245M(3732M), 0.0875231 secs]
9025.579: [GC pause (G1 Evacuation Pause) (young) 3215M->1254M(3732M), 0.0650283 secs]
9027.314: [GC pause (G1 Evacuation Pause) (young) 3221M->1279M(3732M), 0.0820186 secs]
9029.015: [GC pause (G1 Evacuation Pause) (young) 3198M->1270M(3732M), 0.0789872 secs]
9030.864: [GC pause (G1 Evacuation Pause) (young) 3232M->1261M(3732M), 0.0665259 secs]
9032.476: [GC pause (G1 Evacuation Pause) (young) 3329M->1371M(3732M), 0.1443479 secs]
9034.257: [GC pause (G1 Evacuation Pause) (young) 3139M->1372M(3732M), 0.1218134 secs]
9036.051: [GC pause (G1 Evacuation Pause) (young) 3254M->1375M(3732M), 0.0562125 secs]
9037.841: [GC pause (G1 Evacuation Pause) (young) 3283M->1420M(3732M), 0.0680376 secs]
9039.499: [GC pause (G1 Evacuation Pause) (young) 3248M->1411M(3732M), 0.0569451 secs]
9041.126: [GC pause (G1 Evacuation Pause) (young) 3265M->1436M(3732M), 0.0715034 secs]
9042.821: [GC pause (G1 Evacuation Pause) (young) 3234M->1430M(3732M), 0.0637684 secs]
9044.425: [GC pause (G1 Evacuation Pause) (young) 3238M->1462M(3732M), 0.0781547 secs]
9046.036: [GC pause (G1 Evacuation Pause) (young) 3216M->1463M(3732M), 0.0800581 secs]
9047.680: [GC pause (G1 Evacuation Pause) (young) 3231M->1450M(3732M), 0.0723538 secs]
9049.328: [GC pause (G1 Evacuation Pause) (young) 3247M->1465M(3732M), 0.0702529 secs]
9050.969: [GC pause (G1 Evacuation Pause) (young) 3238M->1483M(3732M), 0.0766388 secs]
9052.628: [GC pause (G1 Evacuation Pause) (young) 3222M->1470M(3732M), 0.0665080 secs]
9054.206: [GC pause (G1 Evacuation Pause) (young) 3340M->1579M(3732M), 0.1415805 secs]
9055.792: [GC pause (G1 Evacuation Pause) (young) 3141M->1574M(3732M), 0.1045846 secs]
9057.373: [GC pause (G1 Evacuation Pause) (young) 3270M->1608M(3732M), 0.0683811 secs]
9058.956: [GC pause (G1 Evacuation Pause) (young) 3284M->1632M(3732M), 0.0662524 secs]
9060.477: [GC pause (G1 Evacuation Pause) (young) 3250M->1640M(3732M), 0.0609665 secs]
9061.953: [GC pause (G1 Evacuation Pause) (young) 3244M->1648M(3732M), 0.0674484 secs]
9063.526: [GC pause (G1 Evacuation Pause) (young) 3234M->1642M(3732M), 0.0611405 secs]
9065.045: [GC pause (G1 Evacuation Pause) (young) 3265M->1662M(3732M), 0.0721665 secs]
9066.572: [GC pause (G1 Evacuation Pause) (young) 3238M->1656M(3732M), 0.0553993 secs]
9068.063: [GC pause (G1 Evacuation Pause) (young) 3257M->1685M(3732M), 0.0675866 secs]
9069.566: [GC pause (G1 Evacuation Pause) (young) 3227M->1674M(3732M), 0.0584798 secs]
9070.996: [GC pause (G1 Evacuation Pause) (young) 3255M->1705M(3732M), 0.0741918 secs]
9072.404: [GC pause (G1 Evacuation Pause) (young) 3236M->1705M(3732M), 0.0650095 secs]
9073.917: [GC pause (G1 Evacuation Pause) (young) 3254M->1712M(3732M), 0.0689191 secs]
9075.349: [GC pause (G1 Humongous Allocation) (young) (initial-mark) 3190M->1737M(3732M), 0.0780980 secs]
9075.427: [GC concurrent-root-region-scan-start]
9075.470: [GC concurrent-root-region-scan-end, 0.0433012 secs]
9075.471: [GC concurrent-mark-start]
9075.734: [GC concurrent-mark-end, 0.2630287 secs]
9075.734: [GC remark, 0.0092941 secs]
9075.744: [GC cleanup 2069M->969M(3732M), 0.0046963 secs]
9075.748: [GC concurrent-cleanup-start]
9075.751: [GC concurrent-cleanup-end, 0.0026590 secs]
9076.564: [GC pause (G1 Evacuation Pause) (young) 2188M->704M(3732M), 0.1240974 secs]
9076.690: [GC pause (G1 Evacuation Pause) (mixed) 706M->653M(3732M), 0.0955047 secs]
9078.747: [GC pause (G1 Evacuation Pause) (young) 2888M->707M(3732M), 0.0773876 secs]
9080.697: [GC pause (G1 Evacuation Pause) (young) 2888M->734M(3732M), 0.0713554 secs]
9082.702: [GC pause (G1 Evacuation Pause) (young) 2889M->747M(3732M), 0.0697067 secs]
9084.667: [GC pause (G1 Evacuation Pause) (young) 2884M->762M(3732M), 0.0705182 secs]
9086.588: [GC pause (G1 Evacuation Pause) (young) 2889M->766M(3732M), 0.0781808 secs]
9088.596: [GC pause (G1 Evacuation Pause) (young) 2889M->776M(3732M), 0.0845270 secs]
9090.629: [GC pause (G1 Evacuation Pause) (young) 2879M->768M(3732M), 0.0638789 secs]
9092.492: [GC pause (G1 Evacuation Pause) (young) 2885M->787M(3732M), 0.0815574 secs]
9094.400: [GC pause (G1 Evacuation Pause) (young) 2888M->812M(3732M), 0.0877547 secs]
9096.470: [GC pause (G1 Evacuation Pause) (young) 2903M->798M(3732M), 0.0822490 secs]
9098.228: [GC pause (G1 Evacuation Pause) (young) 2993M->882M(3732M), 0.1260929 secs]
9100.145: [GC pause (G1 Evacuation Pause) (young) 2921M->924M(3732M), 0.1291163 secs]
9102.270: [GC pause (G1 Evacuation Pause) (young) 2989M->940M(3732M), 0.1240726 secs]
9104.317: [GC pause (G1 Evacuation Pause) (young) 3098M->949M(3732M), 0.0854315 secs]
9106.299: [GC pause (G1 Evacuation Pause) (young) 3087M->967M(3732M), 0.0717129 secs]
9108.202: [GC pause (G1 Evacuation Pause) (young) 3097M->972M(3732M), 0.0754544 secs]
9110.152: [GC pause (G1 Evacuation Pause) (young) 3098M->979M(3732M), 0.0805756 secs]
9112.134: [GC pause (G1 Evacuation Pause) (young) 3087M->974M(3732M), 0.0714817 secs]
9114.049: [GC pause (G1 Evacuation Pause) (young) 3097M->1003M(3732M), 0.0855907 secs]
9116.001: [GC pause (G1 Evacuation Pause) (young) 3096M->1005M(3732M), 0.0877236 secs]
9118.080: [GC pause (G1 Evacuation Pause) (young) 3096M->997M(3732M), 0.0675516 secs]
9120.019: [GC pause (G1 Evacuation Pause) (young) 3203M->1126M(3732M), 0.1197023 secs]
9121.864: [GC pause (G1 Evacuation Pause) (young) 3151M->1118M(3732M), 0.1259820 secs]
9123.880: [GC pause (G1 Evacuation Pause) (young) 3187M->1137M(3732M), 0.1211803 secs]
9125.920: [GC pause (G1 Evacuation Pause) (young) 3241M->1149M(3732M), 0.0754701 secs]
9127.922: [GC pause (G1 Evacuation Pause) (young) 3244M->1156M(3732M), 0.0777165 secs]
9129.872: [GC pause (G1 Evacuation Pause) (young) 3235M->1162M(3732M), 0.0757381 secs]
9131.821: [GC pause (G1 Evacuation Pause) (young) 3219M->1155M(3732M), 0.0663924 secs]
9133.685: [GC pause (G1 Evacuation Pause) (young) 3238M->1187M(3732M), 0.0807749 secs]
9135.539: [GC pause (G1 Evacuation Pause) (young) 3206M->1191M(3732M), 0.0873183 secs]
9137.460: [GC pause (G1 Evacuation Pause) (young) 3236M->1200M(3732M), 0.0834633 secs]
9139.265: [GC pause (G1 Evacuation Pause) (young) 3221M->1225M(3732M), 0.0804067 secs]
9141.140: [GC pause (G1 Evacuation Pause) (young) 3202M->1221M(3732M), 0.0835726 secs]
9142.970: [GC pause (G1 Evacuation Pause) (young) 3311M->1300M(3732M), 0.1012097 secs]
9144.595: [GC pause (G1 Evacuation Pause) (young) 3181M->1308M(3732M), 0.1047148 secs]
9146.347: [GC pause (G1 Evacuation Pause) (young) 3188M->1346M(3732M), 0.1226420 secs]
9148.171: [GC pause (G1 Evacuation Pause) (young) 3233M->1363M(3732M), 0.1012204 secs]
9149.904: [GC pause (G1 Evacuation Pause) (young) 3208M->1376M(3732M), 0.0762339 secs]
9151.627: [GC pause (G1 Evacuation Pause) (young) 3285M->1398M(3732M), 0.0729063 secs]
9153.351: [GC pause (G1 Evacuation Pause) (young) 3263M->1400M(3732M), 0.0629342 secs]
9155.095: [GC pause (G1 Evacuation Pause) (young) 3244M->1412M(3732M), 0.0602872 secs]
9156.689: [GC pause (G1 Evacuation Pause) (young) 3249M->1416M(3732M), 0.0706206 secs]
9158.394: [GC pause (G1 Evacuation Pause) (young) 3235M->1428M(3732M), 0.0660702 secs]
9160.002: [GC pause (G1 Evacuation Pause) (young) 3233M->1454M(3732M), 0.0833998 secs]
9161.595: [GC pause (G1 Evacuation Pause) (young) 3207M->1449M(3732M), 0.0793639 secs]
9163.080: [GC pause (G1 Evacuation Pause) (young) 3234M->1437M(3732M), 0.0680112 secs]
9164.830: [GC pause (G1 Evacuation Pause) (young) 3256M->1460M(3732M), 0.0788114 secs]
9166.216: [GC pause (G1 Evacuation Pause) (young) 3311M->1541M(3732M), 0.1261479 secs]
9167.636: [GC pause (G1 Evacuation Pause) (young) 3152M->1584M(3732M), 0.1035572 secs]
9169.238: [GC pause (G1 Evacuation Pause) (young) 3283M->1615M(3732M), 0.0748775 secs]
9170.792: [GC pause (G1 Evacuation Pause) (young) 3271M->1614M(3732M), 0.0422200 secs]
9172.318: [GC pause (G1 Evacuation Pause) (young) 3287M->1652M(3732M), 0.0680624 secs]
9173.834: [GC pause (G1 Evacuation Pause) (young) 3249M->1652M(3732M), 0.0634680 secs]
9175.280: [GC pause (G1 Evacuation Pause) (young) 3245M->1665M(3732M), 0.0690526 secs]
9176.785: [GC pause (G1 Evacuation Pause) (young) 3238M->1664M(3732M), 0.0675981 secs]
9178.289: [GC pause (G1 Evacuation Pause) (young) 3240M->1674M(3732M), 0.0635781 secs]
9179.799: [GC pause (G1 Evacuation Pause) (young) 3247M->1691M(3732M), 0.0749765 secs]
9181.232: [GC pause (G1 Evacuation Pause) (young) 3234M->1709M(3732M), 0.0671403 secs]
9182.630: [GC pause (G1 Evacuation Pause) (young) 3243M->1722M(3732M), 0.0727275 secs]
9184.085: [GC pause (G1 Evacuation Pause) (young) 3242M->1727M(3732M), 0.0615134 secs]
9185.368: [GC pause (G1 Evacuation Pause) (young) 3251M->1737M(3732M), 0.0669748 secs]
9186.866: [GC pause (G1 Evacuation Pause) (young) 3242M->1725M(3732M), 0.0559454 secs]
9187.535: [GC pause (G1 Humongous Allocation) (young) (initial-mark) 2388M->1749M(3732M), 0.0549509 secs]
9187.590: [GC concurrent-root-region-scan-start]
9187.626: [GC concurrent-root-region-scan-end, 0.0357837 secs]
9187.626: [GC concurrent-mark-start]
9187.809: [GC concurrent-mark-end, 0.1837070 secs]
9187.810: [GC remark, 0.0068809 secs]
9187.817: [GC cleanup 2075M->967M(3732M), 0.0042159 secs]
9187.821: [GC concurrent-cleanup-start]
9187.823: [GC concurrent-cleanup-end, 0.0019209 secs]
9188.525: [GC pause (G1 Evacuation Pause) (young) 2214M->729M(3732M), 0.1148660 secs]
9188.641: [GC pause (G1 Evacuation Pause) (mixed) 731M->641M(3732M), 0.0900707 secs]
9190.641: [GC pause (G1 Evacuation Pause) (young) 2878M->693M(3732M), 0.0782260 secs]
9192.656: [GC pause (G1 Evacuation Pause) (young) 2869M->711M(3732M), 0.0551168 secs]
9194.698: [GC pause (G1 Evacuation Pause) (young) 2878M->744M(3732M), 0.0716839 secs]
9196.580: [GC pause (G1 Evacuation Pause) (young) 2879M->747M(3732M), 0.0764959 secs]
9198.540: [GC pause (G1 Evacuation Pause) (young) 2878M->757M(3732M), 0.0631156 secs]
9200.421: [GC pause (G1 Evacuation Pause) (young) 2875M->781M(3732M), 0.0797620 secs]
9202.279: [GC pause (G1 Evacuation Pause) (young) 2878M->782M(3732M), 0.0874147 secs]
9204.107: [GC pause (G1 Evacuation Pause) (young) 2879M->788M(3732M), 0.0824440 secs]
9206.010: [GC pause (G1 Evacuation Pause) (young) 2887M->781M(3732M), 0.0739704 secs]
9208.062: [GC pause (G1 Evacuation Pause) (young) 2896M->806M(3732M), 0.0807638 secs]
9209.705: [GC pause (G1 Evacuation Pause) (young) 2978M->891M(3732M), 0.1330578 secs]
9211.511: [GC pause (G1 Evacuation Pause) (young) 2910M->923M(3732M), 0.1217870 secs]
9213.523: [GC pause (G1 Evacuation Pause) (young) 2994M->921M(3732M), 0.1003781 secs]
9215.497: [GC pause (G1 Evacuation Pause) (young) 3103M->951M(3732M), 0.0731290 secs]
9217.450: [GC pause (G1 Evacuation Pause) (young) 3106M->956M(3732M), 0.0663215 secs]
9219.432: [GC pause (G1 Evacuation Pause) (young) 3105M->959M(3732M), 0.0668749 secs]
9221.448: [GC pause (G1 Evacuation Pause) (young) 3097M->961M(3732M), 0.0536244 secs]
9223.367: [GC pause (G1 Evacuation Pause) (young) 3106M->992M(3732M), 0.0751322 secs]
9225.298: [GC pause (G1 Evacuation Pause) (young) 3105M->997M(3732M), 0.0782507 secs]
9227.249: [GC pause (G1 Evacuation Pause) (young) 3106M->1005M(3732M), 0.0811670 secs]
9229.158: [GC pause (G1 Evacuation Pause) (young) 3104M->1000M(3732M), 0.0640299 secs]
9231.066: [GC pause (G1 Evacuation Pause) (young) 3109M->1025M(3732M), 0.0803359 secs]
9232.736: [GC pause (G1 Evacuation Pause) (young) 3183M->1101M(3732M), 0.1471212 secs]
9234.665: [GC pause (G1 Evacuation Pause) (young) 3128M->1119M(3732M), 0.1099017 secs]
9236.545: [GC pause (G1 Evacuation Pause) (young) 3199M->1147M(3732M), 0.1138232 secs]
9238.536: [GC pause (G1 Evacuation Pause) (young) 3286M->1168M(3732M), 0.0797398 secs]
9240.439: [GC pause (G1 Evacuation Pause) (young) 3267M->1172M(3732M), 0.0654942 secs]
9242.363: [GC pause (G1 Evacuation Pause) (young) 3254M->1171M(3732M), 0.0572941 secs]
9244.275: [GC pause (G1 Evacuation Pause) (young) 3266M->1209M(3732M), 0.0776735 secs]
9246.136: [GC pause (G1 Evacuation Pause) (young) 3228M->1224M(3732M), 0.0819469 secs]
9247.927: [GC pause (G1 Evacuation Pause) (young) 3211M->1226M(3732M), 0.0736641 secs]
9249.701: [GC pause (G1 Evacuation Pause) (young) 3221M->1240M(3732M), 0.0813466 secs]
9251.657: [GC pause (G1 Evacuation Pause) (young) 3211M->1242M(3732M), 0.0775565 secs]
9253.450: [GC pause (G1 Evacuation Pause) (young) 3304M->1323M(3732M), 0.0990554 secs]
9255.069: [GC pause (G1 Evacuation Pause) (young) 3173M->1344M(3732M), 0.1212780 secs]
9256.801: [GC pause (G1 Evacuation Pause) (young) 3179M->1354M(3732M), 0.1219047 secs]
9258.590: [GC pause (G1 Evacuation Pause) (young) 3245M->1369M(3732M), 0.0846281 secs]
9260.281: [GC pause (G1 Evacuation Pause) (young) 3211M->1403M(3732M), 0.0732604 secs]
9261.953: [GC pause (G1 Evacuation Pause) (young) 3274M->1422M(3732M), 0.0808355 secs]
9263.758: [GC pause (G1 Evacuation Pause) (young) 3253M->1416M(3732M), 0.0609929 secs]
9265.441: [GC pause (G1 Evacuation Pause) (young) 3255M->1441M(3732M), 0.0735079 secs]
9267.120: [GC pause (G1 Evacuation Pause) (young) 3236M->1440M(3732M), 0.0729959 secs]
9268.719: [GC pause (G1 Evacuation Pause) (young) 3218M->1428M(3732M), 0.0554761 secs]
9270.350: [GC pause (G1 Evacuation Pause) (young) 3247M->1468M(3732M), 0.0818121 secs]
9271.983: [GC pause (G1 Evacuation Pause) (young) 3198M->1451M(3732M), 0.0695885 secs]
9273.767: [GC pause (G1 Evacuation Pause) (young) 3257M->1470M(3732M), 0.0708946 secs]
9275.278: [GC pause (G1 Evacuation Pause) (young) 3313M->1543M(3732M), 0.0911369 secs]
9276.594: [GC pause (G1 Evacuation Pause) (young) 3205M->1584M(3732M), 0.1177285 secs]
9278.060: [GC pause (G1 Evacuation Pause) (young) 3175M->1591M(3732M), 0.1083163 secs]
9279.661: [GC pause (G1 Evacuation Pause) (young) 3227M->1596M(3732M), 0.0764545 secs]
9281.207: [GC pause (G1 Evacuation Pause) (young) 3294M->1637M(3732M), 0.0835478 secs]
9282.715: [GC pause (G1 Evacuation Pause) (young) 3267M->1636M(3732M), 0.0611162 secs]
9284.221: [GC pause (G1 Evacuation Pause) (young) 3256M->1652M(3732M), 0.0537490 secs]
9285.617: [GC pause (G1 Evacuation Pause) (young) 3244M->1653M(3732M), 0.0672278 secs]
9287.080: [GC pause (G1 Evacuation Pause) (young) 3241M->1668M(3732M), 0.0674096 secs]
9288.480: [GC pause (G1 Evacuation Pause) (young) 3242M->1670M(3732M), 0.0632457 secs]
9289.931: [GC pause (G1 Evacuation Pause) (young) 3238M->1693M(3732M), 0.0668788 secs]
9291.338: [GC pause (G1 Evacuation Pause) (young) 3234M->1692M(3732M), 0.0735911 secs]
9292.805: [GC pause (G1 Evacuation Pause) (young) 3249M->1699M(3732M), 0.0601323 secs]
9294.153: [GC pause (G1 Evacuation Pause) (young) 3245M->1707M(3732M), 0.0621291 secs]
9295.625: [GC pause (G1 Evacuation Pause) (young) 3236M->1689M(3732M), 0.0533223 secs]
9296.798: [GC pause (G1 Humongous Allocation) (young) (initial-mark) 3011M->1742M(3732M), 0.0766239 secs]
9296.874: [GC concurrent-root-region-scan-start]
9296.921: [GC concurrent-root-region-scan-end, 0.0467751 secs]
9296.921: [GC concurrent-mark-start]
9297.113: [GC concurrent-mark-end, 0.1923125 secs]
9297.114: [GC remark, 0.0069393 secs]
9297.121: [GC cleanup 2067M->947M(3732M), 0.0039697 secs]
9297.125: [GC concurrent-cleanup-start]
9297.127: [GC concurrent-cleanup-end, 0.0017438 secs]
9297.862: [GC pause (G1 Evacuation Pause) (young) 2149M->667M(3732M), 0.1115461 secs]
9297.974: [GC pause (G1 Evacuation Pause) (mixed) 669M->628M(3732M), 0.0907026 secs]
9300.007: [GC pause (G1 Evacuation Pause) (young) 2865M->684M(3732M), 0.0751378 secs]
9301.964: [GC pause (G1 Evacuation Pause) (young) 2865M->714M(3732M), 0.0683841 secs]
9303.903: [GC pause (G1 Evacuation Pause) (young) 2865M->721M(3732M), 0.0708993 secs]
9305.883: [GC pause (G1 Evacuation Pause) (young) 2856M->717M(3732M), 0.0610249 secs]
9307.813: [GC pause (G1 Evacuation Pause) (young) 2866M->751M(3732M), 0.0826364 secs]
9309.726: [GC pause (G1 Evacuation Pause) (young) 2866M->751M(3732M), 0.0827977 secs]
9311.665: [GC pause (G1 Evacuation Pause) (young) 2866M->759M(3732M), 0.0824833 secs]
9313.601: [GC pause (G1 Evacuation Pause) (young) 2856M->776M(3732M), 0.0835674 secs]
9315.512: [GC pause (G1 Evacuation Pause) (young) 2865M->777M(3732M), 0.0893816 secs]
9317.479: [GC pause (G1 Evacuation Pause) (young) 2878M->778M(3732M), 0.0800436 secs]
9319.119: [GC pause (G1 Evacuation Pause) (young) 2556M->833M(3732M), 0.0933496 secs]
9320.886: [GC pause (G1 Evacuation Pause) (young) 3064M->901M(3732M), 0.1076519 secs]
9322.749: [GC pause (G1 Evacuation Pause) (young) 3022M->924M(3732M), 0.0834296 secs]
9324.622: [GC pause (G1 Evacuation Pause) (young) 3020M->925M(3732M), 0.0795440 secs]
9326.538: [GC pause (G1 Evacuation Pause) (young) 3013M->924M(3732M), 0.0780284 secs]
9328.529: [GC pause (G1 Evacuation Pause) (young) 3037M->961M(3732M), 0.0979781 secs]
9330.407: [GC pause (G1 Evacuation Pause) (young) 3036M->964M(3732M), 0.0897204 secs]
9332.455: [GC pause (G1 Evacuation Pause) (young) 3105M->974M(3732M), 0.0763056 secs]
9334.471: [GC pause (G1 Evacuation Pause) (young) 3099M->996M(3732M), 0.0750482 secs]
9336.385: [GC pause (G1 Evacuation Pause) (young) 3105M->1004M(3732M), 0.0746829 secs]
9338.290: [GC pause (G1 Evacuation Pause) (young) 3113M->1009M(3732M), 0.0767382 secs]
9340.307: [GC pause (G1 Evacuation Pause) (young) 3104M->1001M(3732M), 0.0738087 secs]
9342.056: [GC pause (G1 Evacuation Pause) (young) 3180M->1100M(3732M), 0.1342747 secs]
9343.939: [GC pause (G1 Evacuation Pause) (young) 3117M->1110M(3732M), 0.1154979 secs]
9345.890: [GC pause (G1 Evacuation Pause) (young) 3189M->1114M(3732M), 0.0988063 secs]
9347.813: [GC pause (G1 Evacuation Pause) (young) 3289M->1154M(3732M), 0.0771431 secs]
9349.732: [GC pause (G1 Evacuation Pause) (young) 3265M->1168M(3732M), 0.0744056 secs]
9351.611: [GC pause (G1 Evacuation Pause) (young) 3251M->1172M(3732M), 0.0710721 secs]
9353.497: [GC pause (G1 Evacuation Pause) (young) 3238M->1193M(3732M), 0.0746778 secs]
9355.362: [GC pause (G1 Evacuation Pause) (young) 3224M->1193M(3732M), 0.0816457 secs]
9357.211: [GC pause (G1 Evacuation Pause) (young) 3224M->1200M(3732M), 0.0793080 secs]
9358.958: [GC pause (G1 Evacuation Pause) (young) 3210M->1194M(3732M), 0.0724549 secs]
9360.937: [GC pause (G1 Evacuation Pause) (young) 3235M->1220M(3732M), 0.0838648 secs]
9362.631: [GC pause (G1 Evacuation Pause) (young) 3290M->1269M(3732M), 0.0888939 secs]
9364.241: [GC pause (G1 Evacuation Pause) (young) 3222M->1300M(3732M), 0.1269061 secs]
9365.983: [GC pause (G1 Evacuation Pause) (young) 3142M->1329M(3732M), 0.1082322 secs]
9367.777: [GC pause (G1 Evacuation Pause) (young) 3199M->1346M(3732M), 0.1023950 secs]
9369.617: [GC pause (G1 Evacuation Pause) (young) 3272M->1346M(3732M), 0.0597517 secs]
9371.372: [GC pause (G1 Evacuation Pause) (young) 3289M->1396M(3732M), 0.0688043 secs]
9372.997: [GC pause (G1 Evacuation Pause) (young) 3239M->1398M(3732M), 0.0686106 secs]
9374.656: [GC pause (G1 Evacuation Pause) (young) 3228M->1387M(3732M), 0.0600815 secs]
9376.315: [GC pause (G1 Evacuation Pause) (young) 3250M->1415M(3732M), 0.0802253 secs]
9377.998: [GC pause (G1 Evacuation Pause) (young) 3215M->1412M(3732M), 0.0712483 secs]
9379.639: [GC pause (G1 Evacuation Pause) (young) 3235M->1441M(3732M), 0.0832180 secs]
9381.263: [GC pause (G1 Evacuation Pause) (young) 3214M->1442M(3732M), 0.0786637 secs]
9382.989: [GC pause (G1 Evacuation Pause) (young) 3245M->1436M(3732M), 0.0791719 secs]
9384.728: [GC pause (G1 Evacuation Pause) (young) 3322M->1506M(3732M), 0.0850928 secs]
9386.174: [GC pause (G1 Evacuation Pause) (young) 3219M->1535M(3732M), 0.1195649 secs]
9387.713: [GC pause (G1 Evacuation Pause) (young) 3155M->1588M(3732M), 0.0944346 secs]
9389.291: [GC pause (G1 Evacuation Pause) (young) 3287M->1629M(3732M), 0.0783442 secs]
9390.806: [GC pause (G1 Evacuation Pause) (young) 3284M->1651M(3732M), 0.0609959 secs]
9392.232: [GC pause (G1 Evacuation Pause) (young) 3252M->1661M(3732M), 0.0597163 secs]
9393.666: [GC pause (G1 Evacuation Pause) (young) 3244M->1669M(3732M), 0.0663096 secs]
9395.104: [GC pause (G1 Evacuation Pause) (young) 3234M->1683M(3732M), 0.0682970 secs]
9396.512: [GC pause (G1 Evacuation Pause) (young) 3248M->1679M(3732M), 0.0703011 secs]
9397.921: [GC pause (G1 Evacuation Pause) (young) 3235M->1697M(3732M), 0.0605658 secs]
9399.343: [GC pause (G1 Evacuation Pause) (young) 3234M->1700M(3732M), 0.0737588 secs]
9400.777: [GC pause (G1 Evacuation Pause) (young) 3246M->1712M(3732M), 0.0711924 secs]
9402.208: [GC pause (G1 Evacuation Pause) (young) 3236M->1707M(3732M), 0.0606285 secs]
9403.697: [GC pause (G1 Evacuation Pause) (young) 3256M->1707M(3732M), 0.0561899 secs]
9405.203: [GC pause (G1 Evacuation Pause) (young) 3266M->1727M(3732M), 0.0666629 secs]
9406.627: [GC pause (G1 Humongous Allocation) (young) (initial-mark) 3217M->1753M(3732M), 0.0698782 secs]
9406.697: [GC concurrent-root-region-scan-start]
9406.736: [GC concurrent-root-region-scan-end, 0.0387030 secs]
9406.736: [GC concurrent-mark-start]
9406.920: [GC concurrent-mark-end, 0.1840381 secs]
9406.920: [GC remark, 0.0067814 secs]
9406.927: [GC cleanup 2078M->1006M(3732M), 0.0038127 secs]
9406.931: [GC concurrent-cleanup-start]
9406.933: [GC concurrent-cleanup-end, 0.0020493 secs]
9407.727: [GC pause (G1 Evacuation Pause) (young) 2238M->743M(3732M), 0.1155815 secs]
9407.844: [GC pause (G1 Evacuation Pause) (mixed) 745M->636M(3732M), 0.0821637 secs]
9409.875: [GC pause (G1 Evacuation Pause) (young) 2866M->688M(3732M), 0.0747892 secs]
9411.940: [GC pause (G1 Evacuation Pause) (young) 2873M->712M(3732M), 0.0559808 secs]
9413.823: [GC pause (G1 Evacuation Pause) (young) 2864M->735M(3732M), 0.0697315 secs]
9415.845: [GC pause (G1 Evacuation Pause) (young) 2874M->755M(3732M), 0.0793972 secs]
9417.825: [GC pause (G1 Evacuation Pause) (young) 2874M->762M(3732M), 0.0816807 secs]
9419.737: [GC pause (G1 Evacuation Pause) (young) 2864M->759M(3732M), 0.0756417 secs]
9421.593: [GC pause (G1 Evacuation Pause) (young) 2874M->785M(3732M), 0.0862081 secs]
9423.518: [GC pause (G1 Evacuation Pause) (young) 2874M->790M(3732M), 0.0963819 secs]
9425.506: [GC pause (G1 Evacuation Pause) (young) 2889M->781M(3732M), 0.0796519 secs]
9427.590: [GC pause (G1 Evacuation Pause) (young) 2898M->805M(3732M), 0.0824884 secs]
9429.391: [GC pause (G1 Evacuation Pause) (young) 2978M->927M(3732M), 0.1291094 secs]
9431.273: [GC pause (G1 Evacuation Pause) (young) 2954M->905M(3732M), 0.1114514 secs]
9433.247: [GC pause (G1 Evacuation Pause) (young) 2983M->917M(3732M), 0.1116950 secs]
9435.279: [GC pause (G1 Evacuation Pause) (young) 3092M->946M(3732M), 0.0797778 secs]
9437.224: [GC pause (G1 Evacuation Pause) (young) 3089M->950M(3732M), 0.0619875 secs]
9439.210: [GC pause (G1 Evacuation Pause) (young) 3093M->952M(3732M), 0.0691521 secs]
9441.156: [GC pause (G1 Evacuation Pause) (young) 3083M->947M(3732M), 0.0628762 secs]
9443.130: [GC pause (G1 Evacuation Pause) (young) 3092M->990M(3732M), 0.0812754 secs]
9445.070: [GC pause (G1 Evacuation Pause) (young) 3093M->1002M(3732M), 0.0880022 secs]
9446.998: [GC pause (G1 Evacuation Pause) (young) 3093M->1013M(3732M), 0.0916169 secs]
9448.957: [GC pause (G1 Evacuation Pause) (young) 3096M->998M(3732M), 0.0739952 secs]
9450.826: [GC pause (G1 Evacuation Pause) (young) 3123M->1018M(3732M), 0.0765603 secs]
9452.570: [GC pause (G1 Evacuation Pause) (young) 3204M->1111M(3732M), 0.1487651 secs]
9454.480: [GC pause (G1 Evacuation Pause) (young) 3122M->1120M(3732M), 0.1253198 secs]
9456.449: [GC pause (G1 Evacuation Pause) (young) 3183M->1123M(3732M), 0.1046934 secs]
9458.409: [GC pause (G1 Evacuation Pause) (young) 3276M->1155M(3732M), 0.0833464 secs]
9460.359: [GC pause (G1 Evacuation Pause) (young) 3262M->1165M(3732M), 0.0748575 secs]
9462.268: [GC pause (G1 Evacuation Pause) (young) 3252M->1169M(3732M), 0.0694925 secs]
9464.178: [GC pause (G1 Evacuation Pause) (young) 3238M->1190M(3732M), 0.0702955 secs]
9466.052: [GC pause (G1 Evacuation Pause) (young) 3225M->1192M(3732M), 0.0774682 secs]
9467.917: [GC pause (G1 Evacuation Pause) (young) 3216M->1187M(3732M), 0.0665891 secs]
9469.710: [GC pause (G1 Evacuation Pause) (young) 3220M->1207M(3732M), 0.0765061 secs]
9471.608: [GC pause (G1 Evacuation Pause) (young) 3217M->1216M(3732M), 0.0760747 secs]
9473.489: [GC pause (G1 Evacuation Pause) (young) 3211M->1215M(3732M), 0.0730987 secs]
9475.098: [GC pause (G1 Evacuation Pause) (young) 3307M->1304M(3732M), 0.1295033 secs]
9476.793: [GC pause (G1 Evacuation Pause) (young) 3124M->1321M(3732M), 0.1069249 secs]
9478.681: [GC pause (G1 Evacuation Pause) (young) 3278M->1355M(3732M), 0.0721191 secs]
9480.498: [GC pause (G1 Evacuation Pause) (young) 3286M->1386M(3732M), 0.0633208 secs]
9482.269: [GC pause (G1 Evacuation Pause) (young) 3250M->1402M(3732M), 0.0679130 secs]
9483.939: [GC pause (G1 Evacuation Pause) (young) 3237M->1401M(3732M), 0.0746091 secs]
9485.711: [GC pause (G1 Evacuation Pause) (young) 3223M->1384M(3732M), 0.0515324 secs]
9487.321: [GC pause (G1 Evacuation Pause) (young) 3255M->1431M(3732M), 0.0847288 secs]
9488.947: [GC pause (G1 Evacuation Pause) (young) 3210M->1431M(3732M), 0.0798051 secs]
9490.587: [GC pause (G1 Evacuation Pause) (young) 3232M->1436M(3732M), 0.0799416 secs]
9492.263: [GC pause (G1 Evacuation Pause) (young) 3239M->1447M(3732M), 0.0713127 secs]
9494.042: [GC pause (G1 Evacuation Pause) (young) 3226M->1438M(3732M), 0.0628011 secs]
9495.683: [GC pause (G1 Evacuation Pause) (young) 3310M->1484M(3732M), 0.0752982 secs]
9497.087: [GC pause (G1 Evacuation Pause) (young) 3237M->1545M(3732M), 0.1261812 secs]
9498.617: [GC pause (G1 Evacuation Pause) (young) 3130M->1539M(3732M), 0.0977217 secs]
9500.121: [GC pause (G1 Evacuation Pause) (young) 3230M->1572M(3732M), 0.0982627 secs]
9501.735: [GC pause (G1 Evacuation Pause) (young) 3277M->1574M(3732M), 0.0546467 secs]
9503.253: [GC pause (G1 Evacuation Pause) (young) 3279M->1605M(3732M), 0.0620276 secs]
9504.734: [GC pause (G1 Evacuation Pause) (young) 3256M->1606M(3732M), 0.0625656 secs]
9506.209: [GC pause (G1 Evacuation Pause) (young) 3243M->1623M(3732M), 0.0661381 secs]
9507.717: [GC pause (G1 Evacuation Pause) (young) 3231M->1610M(3732M), 0.0568820 secs]
9509.208: [GC pause (G1 Evacuation Pause) (young) 3252M->1641M(3732M), 0.0728005 secs]
9510.667: [GC pause (G1 Evacuation Pause) (young) 3232M->1639M(3732M), 0.0733756 secs]
9512.166: [GC pause (G1 Evacuation Pause) (young) 3246M->1654M(3732M), 0.0707098 secs]
9513.624: [GC pause (G1 Evacuation Pause) (young) 3232M->1665M(3732M), 0.0688231 secs]
9515.004: [GC pause (G1 Evacuation Pause) (young) 3240M->1648M(3732M), 0.0555405 secs]
9516.502: [GC pause (G1 Evacuation Pause) (young) 3264M->1672M(3732M), 0.0659550 secs]
9517.805: [GC pause (G1 Evacuation Pause) (young) 3321M->1779M(3732M), 0.1044169 secs]
9519.051: [GC pause (G1 Evacuation Pause) (young) 3173M->1770M(3732M), 0.0957846 secs]
9520.033: [GC pause (G1 Humongous Allocation) (young) (initial-mark) 2765M->1783M(3732M), 0.0532847 secs]
9520.086: [GC concurrent-root-region-scan-start]
9520.121: [GC concurrent-root-region-scan-end, 0.0348369 secs]
9520.121: [GC concurrent-mark-start]
9520.388: [GC concurrent-mark-end, 0.2672625 secs]
9520.389: [GC remark, 0.0073016 secs]
9520.396: [GC cleanup 2107M->843M(3732M), 0.0048713 secs]
9520.401: [GC concurrent-cleanup-start]
9520.404: [GC concurrent-cleanup-end, 0.0022857 secs]
9521.376: [GC pause (G1 Evacuation Pause) (young) 2030M->551M(3732M), 0.0629825 secs]
9521.509: [GC pause (G1 Evacuation Pause) (mixed) 635M->550M(3732M), 0.0409916 secs]
9523.501: [GC pause (G1 Evacuation Pause) (young) 2784M->605M(3732M), 0.0774891 secs]
9525.496: [GC pause (G1 Evacuation Pause) (young) 2785M->620M(3732M), 0.0600026 secs]
9527.431: [GC pause (G1 Evacuation Pause) (young) 2780M->652M(3732M), 0.0673916 secs]
9529.354: [GC pause (G1 Evacuation Pause) (young) 2784M->655M(3732M), 0.0679685 secs]
9531.247: [GC pause (G1 Evacuation Pause) (young) 2785M->663M(3732M), 0.0737818 secs]
9533.160: [GC pause (G1 Evacuation Pause) (young) 2769M->655M(3732M), 0.0638290 secs]
9535.051: [GC pause (G1 Evacuation Pause) (young) 2785M->686M(3732M), 0.0806055 secs]
9537.021: [GC pause (G1 Evacuation Pause) (young) 2792M->694M(3732M), 0.0764212 secs]
9538.942: [GC pause (G1 Evacuation Pause) (young) 2865M->756M(3732M), 0.0953200 secs]
9540.670: [GC pause (G1 Evacuation Pause) (young) 2841M->781M(3732M), 0.1135677 secs]
9542.600: [GC pause (G1 Evacuation Pause) (young) 2825M->818M(3732M), 0.1085778 secs]
9544.432: [GC pause (G1 Evacuation Pause) (young) 2898M->830M(3732M), 0.1082356 secs]
9546.371: [GC pause (G1 Evacuation Pause) (young) 2935M->842M(3732M), 0.0915329 secs]
9548.259: [GC pause (G1 Evacuation Pause) (young) 2925M->875M(3732M), 0.0865460 secs]
9550.290: [GC pause (G1 Evacuation Pause) (young) 3024M->883M(3732M), 0.0853180 secs]
9552.285: [GC pause (G1 Evacuation Pause) (young) 3023M->890M(3732M), 0.0711988 secs]
9554.279: [GC pause (G1 Evacuation Pause) (young) 3013M->885M(3732M), 0.0576730 secs]
9556.198: [GC pause (G1 Evacuation Pause) (young) 3023M->930M(3732M), 0.0867307 secs]
9557.998: [GC pause (G1 Evacuation Pause) (young) 3022M->933M(3732M), 0.0812916 secs]
9560.064: [GC pause (G1 Evacuation Pause) (young) 3034M->920M(3732M), 0.0687736 secs]
9561.835: [GC pause (G1 Evacuation Pause) (young) 3104M->1001M(3732M), 0.1314557 secs]
9563.722: [GC pause (G1 Evacuation Pause) (young) 3034M->1027M(3732M), 0.1208206 secs]
9565.672: [GC pause (G1 Evacuation Pause) (young) 3109M->1046M(3732M), 0.1063229 secs]
9567.731: [GC pause (G1 Evacuation Pause) (young) 3219M->1059M(3732M), 0.0681716 secs]
9569.684: [GC pause (G1 Evacuation Pause) (young) 3214M->1075M(3732M), 0.0571712 secs]
9571.627: [GC pause (G1 Evacuation Pause) (young) 3220M->1079M(3732M), 0.0664530 secs]
9573.572: [GC pause (G1 Evacuation Pause) (young) 3220M->1085M(3732M), 0.0670733 secs]
9575.530: [GC pause (G1 Evacuation Pause) (young) 3210M->1083M(3732M), 0.0610219 secs]
9577.523: [GC pause (G1 Evacuation Pause) (young) 3220M->1110M(3732M), 0.0769592 secs]
9579.420: [GC pause (G1 Evacuation Pause) (young) 3219M->1115M(3732M), 0.0700647 secs]
9581.471: [GC pause (G1 Evacuation Pause) (young) 3227M->1122M(3732M), 0.0792001 secs]
9583.163: [GC pause (G1 Evacuation Pause) (young) 3288M->1224M(3732M), 0.1515794 secs]
9584.950: [GC pause (G1 Evacuation Pause) (young) 3102M->1218M(3732M), 0.1208428 secs]
9586.762: [GC pause (G1 Evacuation Pause) (young) 3211M->1234M(3732M), 0.0990333 secs]
9588.691: [GC pause (G1 Evacuation Pause) (young) 3277M->1262M(3732M), 0.0854665 secs]
9590.556: [GC pause (G1 Evacuation Pause) (young) 3271M->1277M(3732M), 0.0682825 secs]
9592.393: [GC pause (G1 Evacuation Pause) (young) 3254M->1280M(3732M), 0.0697114 secs]
9594.179: [GC pause (G1 Evacuation Pause) (young) 3243M->1302M(3732M), 0.0723798 secs]
9595.880: [GC pause (G1 Evacuation Pause) (young) 3231M->1301M(3732M), 0.0766298 secs]
9597.684: [GC pause (G1 Evacuation Pause) (young) 3230M->1309M(3732M), 0.0802868 secs]
9599.449: [GC pause (G1 Evacuation Pause) (young) 3212M->1324M(3732M), 0.0786403 secs]
9601.229: [GC pause (G1 Evacuation Pause) (young) 3211M->1320M(3732M), 0.0720120 secs]
9602.864: [GC pause (G1 Evacuation Pause) (young) 3252M->1326M(3732M), 0.0806102 secs]
9604.685: [GC pause (G1 Evacuation Pause) (young) 3229M->1315M(3732M), 0.0578206 secs]
9606.177: [GC pause (G1 Evacuation Pause) (young) 3325M->1417M(3732M), 0.1269206 secs]
9607.867: [GC pause (G1 Evacuation Pause) (young) 3150M->1435M(3732M), 0.1279028 secs]
9609.635: [GC pause (G1 Evacuation Pause) (young) 3266M->1464M(3732M), 0.0715529 secs]
9611.353: [GC pause (G1 Evacuation Pause) (young) 3277M->1477M(3732M), 0.0646742 secs]
9612.956: [GC pause (G1 Evacuation Pause) (young) 3256M->1464M(3732M), 0.0491303 secs]
9614.577: [GC pause (G1 Evacuation Pause) (young) 3276M->1497M(3732M), 0.0650697 secs]
9616.234: [GC pause (G1 Evacuation Pause) (young) 3237M->1484M(3732M), 0.0583629 secs]
9617.828: [GC pause (G1 Evacuation Pause) (young) 3247M->1519M(3732M), 0.0739491 secs]
9619.408: [GC pause (G1 Evacuation Pause) (young) 3223M->1518M(3732M), 0.0788677 secs]
9620.961: [GC pause (G1 Evacuation Pause) (young) 3245M->1520M(3732M), 0.0675499 secs]
9622.474: [GC pause (G1 Evacuation Pause) (young) 3239M->1536M(3732M), 0.0667725 secs]
9624.014: [GC pause (G1 Evacuation Pause) (young) 3220M->1523M(3732M), 0.0608239 secs]
9625.541: [GC pause (G1 Evacuation Pause) (young) 3252M->1527M(3732M), 0.0627124 secs]
9626.993: [GC pause (G1 Evacuation Pause) (young) 3338M->1616M(3732M), 0.1033652 secs]
9628.390: [GC pause (G1 Evacuation Pause) (young) 3205M->1631M(3732M), 0.1213070 secs]
9629.890: [GC pause (G1 Evacuation Pause) (young) 3181M->1642M(3732M), 0.0997919 secs]
9631.382: [GC pause (G1 Evacuation Pause) (young) 3251M->1672M(3732M), 0.0868255 secs]
9632.846: [GC pause (G1 Evacuation Pause) (young) 3211M->1728M(3732M), 0.0811798 secs]
9634.296: [GC pause (G1 Evacuation Pause) (young) 3267M->1726M(3732M), 0.0823395 secs]
9635.763: [GC pause (G1 Evacuation Pause) (young) 3252M->1719M(3732M), 0.0466701 secs]
9637.236: [GC pause (G1 Evacuation Pause) (young) 3278M->1746M(3732M), 0.0664585 secs]
9638.576: [GC pause (G1 Evacuation Pause) (young) 3239M->1735M(3732M), 0.0533125 secs]
9639.978: [GC pause (G1 Evacuation Pause) (young) 3263M->1753M(3732M), 0.0592641 secs]
9641.334: [GC pause (G1 Evacuation Pause) (young) 3242M->1755M(3732M), 0.0550925 secs]
9642.681: [GC pause (G1 Evacuation Pause) (young) 3260M->1774M(3732M), 0.0679105 secs]
9644.066: [GC pause (G1 Evacuation Pause) (young) 3229M->1766M(3732M), 0.0517125 secs]
9644.148: [GC pause (G1 Humongous Allocation) (young) (initial-mark) 1806M->1762M(3732M), 0.0375220 secs]
9644.186: [GC concurrent-root-region-scan-start]
9644.218: [GC concurrent-root-region-scan-end, 0.0316497 secs]
9644.218: [GC concurrent-mark-start]
9644.482: [GC concurrent-mark-end, 0.2641432 secs]
9644.482: [GC remark, 0.0066082 secs]
9644.489: [GC cleanup 2108M->960M(3732M), 0.0037009 secs]
9644.493: [GC concurrent-cleanup-start]
9644.495: [GC concurrent-cleanup-end, 0.0017229 secs]
9645.440: [GC pause (G1 Evacuation Pause) (young) 2119M->647M(3732M), 0.0645684 secs]
9645.564: [GC pause (G1 Evacuation Pause) (mixed) 709M->591M(3732M), 0.0504209 secs]
9647.450: [GC pause (G1 Evacuation Pause) (young) 2826M->626M(3732M), 0.0521780 secs]
9649.331: [GC pause (G1 Evacuation Pause) (young) 2914M->693M(3732M), 0.0737323 secs]
9651.076: [GC pause (G1 Evacuation Pause) (young) 2856M->730M(3732M), 0.1003478 secs]
9653.021: [GC pause (G1 Evacuation Pause) (young) 2781M->762M(3732M), 0.1093454 secs]
9654.956: [GC pause (G1 Evacuation Pause) (young) 2835M->787M(3732M), 0.1064359 secs]
9656.925: [GC pause (G1 Evacuation Pause) (young) 2952M->794M(3732M), 0.0747401 secs]
9658.894: [GC pause (G1 Evacuation Pause) (young) 2947M->816M(3732M), 0.0673686 secs]
9660.888: [GC pause (G1 Evacuation Pause) (young) 2951M->823M(3732M), 0.0757846 secs]
9662.785: [GC pause (G1 Evacuation Pause) (young) 2952M->826M(3732M), 0.0700907 secs]
9664.695: [GC pause (G1 Evacuation Pause) (young) 2941M->824M(3732M), 0.0637313 secs]
9666.658: [GC pause (G1 Evacuation Pause) (young) 2954M->852M(3732M), 0.0787768 secs]
9668.556: [GC pause (G1 Evacuation Pause) (young) 2954M->859M(3732M), 0.0748088 secs]
9670.294: [GC pause (G1 Evacuation Pause) (young) 2955M->857M(3732M), 0.0776961 secs]
9671.898: [GC pause (G1 Evacuation Pause) (young) 3023M->934M(3732M), 0.1334619 secs]
9673.770: [GC pause (G1 Evacuation Pause) (young) 2961M->966M(3732M), 0.1183988 secs]
9675.736: [GC pause (G1 Evacuation Pause) (young) 3042M->986M(3732M), 0.1207809 secs]
9677.793: [GC pause (G1 Evacuation Pause) (young) 3152M->994M(3732M), 0.0769835 secs]
9679.660: [GC pause (G1 Evacuation Pause) (young) 3136M->996M(3732M), 0.0598012 secs]
9681.604: [GC pause (G1 Evacuation Pause) (young) 3156M->1016M(3732M), 0.0688794 secs]
9683.541: [GC pause (G1 Evacuation Pause) (young) 3152M->1027M(3732M), 0.0723990 secs]
9685.594: [GC pause (G1 Evacuation Pause) (young) 3150M->1030M(3732M), 0.0669918 secs]
9687.468: [GC pause (G1 Evacuation Pause) (young) 3145M->1056M(3732M), 0.0764319 secs]
9689.282: [GC pause (G1 Evacuation Pause) (young) 3149M->1062M(3732M), 0.0882164 secs]
9691.197: [GC pause (G1 Evacuation Pause) (young) 3159M->1060M(3732M), 0.0828814 secs]
9693.187: [GC pause (G1 Evacuation Pause) (young) 3245M->1129M(3732M), 0.0960756 secs]
9694.996: [GC pause (G1 Evacuation Pause) (young) 3191M->1157M(3732M), 0.1147312 secs]
9696.756: [GC pause (G1 Evacuation Pause) (young) 3158M->1179M(3732M), 0.1141484 secs]
9698.666: [GC pause (G1 Evacuation Pause) (young) 3238M->1176M(3732M), 0.0769221 secs]
9700.508: [GC pause (G1 Evacuation Pause) (young) 3249M->1226M(3732M), 0.0932408 secs]
9702.275: [GC pause (G1 Evacuation Pause) (young) 3199M->1236M(3732M), 0.0940400 secs]
9704.187: [GC pause (G1 Evacuation Pause) (young) 3253M->1241M(3732M), 0.0743053 secs]
9706.024: [GC pause (G1 Evacuation Pause) (young) 3242M->1261M(3732M), 0.0741005 secs]
9707.862: [GC pause (G1 Evacuation Pause) (young) 3230M->1265M(3732M), 0.0799851 secs]
9709.692: [GC pause (G1 Evacuation Pause) (young) 3226M->1268M(3732M), 0.0792820 secs]
9711.426: [GC pause (G1 Evacuation Pause) (young) 3212M->1290M(3732M), 0.0801669 secs]
9713.214: [GC pause (G1 Evacuation Pause) (young) 3212M->1291M(3732M), 0.0783130 secs]
9715.046: [GC pause (G1 Evacuation Pause) (young) 3236M->1288M(3732M), 0.0692220 secs]
9716.575: [GC pause (G1 Evacuation Pause) (young) 3322M->1370M(3732M), 0.1198282 secs]
9718.196: [GC pause (G1 Evacuation Pause) (young) 3151M->1392M(3732M), 0.1089298 secs]
9719.938: [GC pause (G1 Evacuation Pause) (young) 3198M->1407M(3732M), 0.1005936 secs]
9721.698: [GC pause (G1 Evacuation Pause) (young) 3276M->1419M(3732M), 0.0648820 secs]
9723.375: [GC pause (G1 Evacuation Pause) (young) 3284M->1446M(3732M), 0.0661347 secs]
9725.018: [GC pause (G1 Evacuation Pause) (young) 3259M->1447M(3732M), 0.0685317 secs]
9726.603: [GC pause (G1 Evacuation Pause) (young) 3246M->1466M(3732M), 0.0680491 secs]
9728.261: [GC pause (G1 Evacuation Pause) (young) 3239M->1465M(3732M), 0.0712670 secs]
9729.865: [GC pause (G1 Evacuation Pause) (young) 3221M->1462M(3732M), 0.0563584 secs]
9731.491: [GC pause (G1 Evacuation Pause) (young) 3243M->1490M(3732M), 0.0827538 secs]
9733.136: [GC pause (G1 Evacuation Pause) (young) 3215M->1486M(3732M), 0.0737869 secs]
9734.687: [GC pause (G1 Evacuation Pause) (young) 3241M->1502M(3732M), 0.0766887 secs]
9736.200: [GC pause (G1 Evacuation Pause) (young) 3229M->1501M(3732M), 0.0639992 secs]
9737.720: [GC pause (G1 Evacuation Pause) (young) 3252M->1493M(3732M), 0.0729050 secs]
9739.071: [GC pause (G1 Evacuation Pause) (young) 3324M->1586M(3732M), 0.1196003 secs]
9740.573: [GC pause (G1 Evacuation Pause) (young) 3169M->1604M(3732M), 0.1151020 secs]
9742.118: [GC pause (G1 Evacuation Pause) (young) 3271M->1632M(3732M), 0.0681844 secs]
9743.654: [GC pause (G1 Evacuation Pause) (young) 3283M->1645M(3732M), 0.0604071 secs]
9745.107: [GC pause (G1 Evacuation Pause) (young) 3262M->1633M(3732M), 0.0416815 secs]
9746.580: [GC pause (G1 Evacuation Pause) (young) 3279M->1667M(3732M), 0.0625963 secs]
9748.050: [GC pause (G1 Evacuation Pause) (young) 3240M->1656M(3732M), 0.0554816 secs]
9749.463: [GC pause (G1 Evacuation Pause) (young) 3259M->1678M(3732M), 0.0717321 secs]
9750.903: [GC pause (G1 Evacuation Pause) (young) 3230M->1674M(3732M), 0.0642561 secs]
9752.337: [GC pause (G1 Evacuation Pause) (young) 3251M->1700M(3732M), 0.0755303 secs]
9753.733: [GC pause (G1 Evacuation Pause) (young) 3235M->1698M(3732M), 0.0645210 secs]
9755.184: [GC pause (G1 Evacuation Pause) (young) 3247M->1711M(3732M), 0.0649788 secs]
9756.606: [GC pause (G1 Evacuation Pause) (young) 3237M->1715M(3732M), 0.0675772 secs]
9758.079: [GC pause (G1 Evacuation Pause) (young) 3242M->1727M(3732M), 0.0628749 secs]
9759.285: [GC pause (G1 Humongous Allocation) (young) (initial-mark) 2928M->1754M(3732M), 0.0702836 secs]
9759.355: [GC concurrent-root-region-scan-start]
9759.406: [GC concurrent-root-region-scan-end, 0.0505443 secs]
9759.406: [GC concurrent-mark-start]
9759.622: [GC concurrent-mark-end, 0.2162238 secs]
9759.622: [GC remark, 0.0071100 secs]
9759.630: [GC cleanup 2111M->935M(3732M), 0.0039825 secs]
9759.634: [GC concurrent-cleanup-start]
9759.636: [GC concurrent-cleanup-end, 0.0021188 secs]
9760.321: [GC pause (G1 Evacuation Pause) (young) 2126M->651M(3732M), 0.1249793 secs]
9760.448: [GC pause (G1 Evacuation Pause) (mixed) 653M->656M(3732M), 0.0859167 secs]
9762.471: [GC pause (G1 Evacuation Pause) (young) 2893M->706M(3732M), 0.0830759 secs]
9764.392: [GC pause (G1 Evacuation Pause) (young) 2893M->733M(3732M), 0.0658356 secs]
9766.310: [GC pause (G1 Evacuation Pause) (young) 2894M->743M(3732M), 0.0638021 secs]
9768.161: [GC pause (G1 Evacuation Pause) (young) 2888M->765M(3732M), 0.0738859 secs]
9770.077: [GC pause (G1 Evacuation Pause) (young) 2894M->769M(3732M), 0.0704133 secs]
9771.986: [GC pause (G1 Evacuation Pause) (young) 2894M->779M(3732M), 0.0804835 secs]
9773.964: [GC pause (G1 Evacuation Pause) (young) 2884M->773M(3732M), 0.0685052 secs]
9775.908: [GC pause (G1 Evacuation Pause) (young) 2894M->803M(3732M), 0.0899444 secs]
9777.840: [GC pause (G1 Evacuation Pause) (young) 2894M->802M(3732M), 0.0824863 secs]
9779.795: [GC pause (G1 Evacuation Pause) (young) 2907M->806M(3732M), 0.0751280 secs]
9781.544: [GC pause (G1 Evacuation Pause) (young) 2987M->890M(3732M), 0.1408266 secs]
9783.443: [GC pause (G1 Evacuation Pause) (young) 2897M->909M(3732M), 0.1219120 secs]
9785.393: [GC pause (G1 Evacuation Pause) (young) 2991M->932M(3732M), 0.0956592 secs]
9787.409: [GC pause (G1 Evacuation Pause) (young) 3116M->951M(3732M), 0.0734763 secs]
9789.425: [GC pause (G1 Evacuation Pause) (young) 3097M->943M(3732M), 0.0449229 secs]
9791.417: [GC pause (G1 Evacuation Pause) (young) 3110M->977M(3732M), 0.0680380 secs]
9793.397: [GC pause (G1 Evacuation Pause) (young) 3110M->978M(3732M), 0.0700007 secs]
9795.347: [GC pause (G1 Evacuation Pause) (young) 3109M->986M(3732M), 0.0674748 secs]
9797.304: [GC pause (G1 Evacuation Pause) (young) 3099M->982M(3732M), 0.0654537 secs]
9799.199: [GC pause (G1 Evacuation Pause) (young) 3109M->1012M(3732M), 0.0830273 secs]
9801.057: [GC pause (G1 Evacuation Pause) (young) 3116M->1019M(3732M), 0.0796852 secs]
9802.862: [GC pause (G1 Evacuation Pause) (young) 3200M->1114M(3732M), 0.1062764 secs]
9804.675: [GC pause (G1 Evacuation Pause) (young) 3169M->1138M(3732M), 0.1227798 secs]
9806.598: [GC pause (G1 Evacuation Pause) (young) 3159M->1159M(3732M), 0.1194791 secs]
9808.547: [GC pause (G1 Evacuation Pause) (young) 3242M->1169M(3732M), 0.0843700 secs]
9810.430: [GC pause (G1 Evacuation Pause) (young) 3217M->1177M(3732M), 0.0719553 secs]
9812.271: [GC pause (G1 Evacuation Pause) (young) 3224M->1183M(3732M), 0.0801541 secs]
9814.120: [GC pause (G1 Evacuation Pause) (young) 3218M->1190M(3732M), 0.0790665 secs]
9816.001: [GC pause (G1 Evacuation Pause) (young) 3250M->1189M(3732M), 0.0743958 secs]
9817.857: [GC pause (G1 Evacuation Pause) (young) 3262M->1220M(3732M), 0.0779299 secs]
9819.719: [GC pause (G1 Evacuation Pause) (young) 3229M->1224M(3732M), 0.0724395 secs]
9821.643: [GC pause (G1 Evacuation Pause) (young) 3225M->1221M(3732M), 0.0667998 secs]
9823.547: [GC pause (G1 Evacuation Pause) (young) 3227M->1227M(3732M), 0.0654767 secs]
9825.353: [GC pause (G1 Evacuation Pause) (young) 3251M->1276M(3732M), 0.0834646 secs]
9826.867: [GC pause (G1 Evacuation Pause) (young) 3255M->1333M(3732M), 0.1506894 secs]
9828.696: [GC pause (G1 Evacuation Pause) (young) 3125M->1365M(3732M), 0.0954962 secs]
9830.454: [GC pause (G1 Evacuation Pause) (young) 3281M->1403M(3732M), 0.0695826 secs]
9832.166: [GC pause (G1 Evacuation Pause) (young) 3287M->1435M(3732M), 0.0666552 secs]
9833.886: [GC pause (G1 Evacuation Pause) (young) 3246M->1430M(3732M), 0.0532818 secs]
9835.525: [GC pause (G1 Evacuation Pause) (young) 3262M->1450M(3732M), 0.0720534 secs]
9837.175: [GC pause (G1 Evacuation Pause) (young) 3242M->1456M(3732M), 0.0733569 secs]
9838.799: [GC pause (G1 Evacuation Pause) (young) 3220M->1456M(3732M), 0.0597667 secs]
9840.309: [GC pause (G1 Evacuation Pause) (young) 3255M->1482M(3732M), 0.0831864 secs]
9841.875: [GC pause (G1 Evacuation Pause) (young) 3229M->1487M(3732M), 0.0719045 secs]
9843.442: [GC pause (G1 Evacuation Pause) (young) 3234M->1500M(3732M), 0.0737822 secs]
9844.991: [GC pause (G1 Evacuation Pause) (young) 3226M->1497M(3732M), 0.0754373 secs]
9846.728: [GC pause (G1 Evacuation Pause) (young) 3250M->1489M(3732M), 0.0594296 secs]
9848.057: [GC pause (G1 Evacuation Pause) (young) 3331M->1616M(3732M), 0.1138198 secs]
9849.476: [GC pause (G1 Evacuation Pause) (young) 3160M->1584M(3732M), 0.0968308 secs]
9850.983: [GC pause (G1 Evacuation Pause) (young) 3273M->1613M(3732M), 0.0722992 secs]
9852.478: [GC pause (G1 Evacuation Pause) (young) 3276M->1638M(3732M), 0.0683068 secs]
9853.926: [GC pause (G1 Evacuation Pause) (young) 3239M->1642M(3732M), 0.0620677 secs]
9855.469: [GC pause (G1 Evacuation Pause) (young) 3238M->1645M(3732M), 0.0627004 secs]
9856.966: [GC pause (G1 Evacuation Pause) (young) 3266M->1651M(3732M), 0.0614772 secs]
9858.380: [GC pause (G1 Evacuation Pause) (young) 3270M->1674M(3732M), 0.0692336 secs]
9859.858: [GC pause (G1 Evacuation Pause) (young) 3245M->1671M(3732M), 0.0656513 secs]
9861.315: [GC pause (G1 Evacuation Pause) (young) 3243M->1681M(3732M), 0.0589560 secs]
9862.769: [GC pause (G1 Evacuation Pause) (young) 3249M->1691M(3732M), 0.0698842 secs]
9864.230: [GC pause (G1 Evacuation Pause) (young) 3240M->1712M(3732M), 0.0706078 secs]
9865.580: [GC pause (G1 Evacuation Pause) (young) 3241M->1719M(3732M), 0.0612331 secs]
9866.946: [GC pause (G1 Evacuation Pause) (young) 3243M->1723M(3732M), 0.0556954 secs]
9868.459: [GC pause (G1 Evacuation Pause) (young) 3255M->1727M(3732M), 0.0635384 secs]
9869.767: [GC pause (G1 Humongous Allocation) (young) (initial-mark) 3019M->1741M(3732M), 0.0617652 secs]
9869.829: [GC concurrent-root-region-scan-start]
9869.876: [GC concurrent-root-region-scan-end, 0.0471591 secs]
9869.876: [GC concurrent-mark-start]
9870.107: [GC concurrent-mark-end, 0.2311942 secs]
9870.107: [GC remark, 0.0074726 secs]
9870.115: [GC cleanup 2044M->960M(3732M), 0.0046874 secs]
9870.120: [GC concurrent-cleanup-start]
9870.122: [GC concurrent-cleanup-end, 0.0021982 secs]
9870.894: [GC pause (G1 Evacuation Pause) (young) 2242M->733M(3732M), 0.1374512 secs]
9871.034: [GC pause (G1 Evacuation Pause) (mixed) 735M->631M(3732M), 0.0967493 secs]
9873.119: [GC pause (G1 Evacuation Pause) (young) 2871M->687M(3732M), 0.0786539 secs]
9875.137: [GC pause (G1 Evacuation Pause) (young) 2862M->707M(3732M), 0.0519616 secs]
9877.109: [GC pause (G1 Evacuation Pause) (young) 2871M->736M(3732M), 0.0693944 secs]
9879.147: [GC pause (G1 Evacuation Pause) (young) 2872M->741M(3732M), 0.0760956 secs]
9881.229: [GC pause (G1 Evacuation Pause) (young) 2871M->746M(3732M), 0.0690484 secs]
9883.183: [GC pause (G1 Evacuation Pause) (young) 2867M->772M(3732M), 0.0806618 secs]
9885.097: [GC pause (G1 Evacuation Pause) (young) 2872M->777M(3732M), 0.0829368 secs]
9887.063: [GC pause (G1 Evacuation Pause) (young) 2871M->783M(3732M), 0.0932630 secs]
9889.085: [GC pause (G1 Evacuation Pause) (young) 2886M->777M(3732M), 0.0719134 secs]
9890.956: [GC pause (G1 Evacuation Pause) (young) 2895M->801M(3732M), 0.0849153 secs]
9892.726: [GC pause (G1 Evacuation Pause) (young) 2976M->888M(3732M), 0.1414661 secs]
9894.601: [GC pause (G1 Evacuation Pause) (young) 2910M->909M(3732M), 0.1099884 secs]
9896.584: [GC pause (G1 Evacuation Pause) (young) 2992M->912M(3732M), 0.0943903 secs]
9898.639: [GC pause (G1 Evacuation Pause) (young) 3093M->940M(3732M), 0.0720777 secs]
9900.647: [GC pause (G1 Evacuation Pause) (young) 3099M->947M(3732M), 0.0673758 secs]
9902.564: [GC pause (G1 Evacuation Pause) (young) 3098M->958M(3732M), 0.0688973 secs]
9904.584: [GC pause (G1 Evacuation Pause) (young) 3089M->955M(3732M), 0.0585221 secs]
9906.472: [GC pause (G1 Evacuation Pause) (young) 3098M->986M(3732M), 0.0771491 secs]
9908.416: [GC pause (G1 Evacuation Pause) (young) 3099M->994M(3732M), 0.0786356 secs]
9910.410: [GC pause (G1 Evacuation Pause) (young) 3099M->1002M(3732M), 0.0785891 secs]
9912.425: [GC pause (G1 Evacuation Pause) (young) 3096M->991M(3732M), 0.0711211 secs]
9914.463: [GC pause (G1 Evacuation Pause) (young) 3178M->1088M(3732M), 0.1075227 secs]
9916.267: [GC pause (G1 Evacuation Pause) (young) 3138M->1105M(3732M), 0.1369849 secs]
9918.272: [GC pause (G1 Evacuation Pause) (young) 3154M->1123M(3732M), 0.1320714 secs]
9920.289: [GC pause (G1 Evacuation Pause) (young) 3220M->1121M(3732M), 0.0959689 secs]
9922.233: [GC pause (G1 Evacuation Pause) (young) 3231M->1153M(3732M), 0.0891534 secs]
9924.146: [GC pause (G1 Evacuation Pause) (young) 3199M->1166M(3732M), 0.0926162 secs]
9926.124: [GC pause (G1 Evacuation Pause) (young) 3258M->1169M(3732M), 0.0846580 secs]
9928.049: [GC pause (G1 Evacuation Pause) (young) 3247M->1197M(3732M), 0.0724476 secs]
9929.931: [GC pause (G1 Evacuation Pause) (young) 3229M->1197M(3732M), 0.0765791 secs]
9931.806: [GC pause (G1 Evacuation Pause) (young) 3229M->1208M(3732M), 0.0797428 secs]
9933.699: [GC pause (G1 Evacuation Pause) (young) 3206M->1199M(3732M), 0.0638874 secs]
9935.401: [GC pause (G1 Evacuation Pause) (young) 3225M->1199M(3732M), 0.0712645 secs]
9937.187: [GC pause (G1 Evacuation Pause) (young) 3308M->1331M(3732M), 0.1182939 secs]
9938.837: [GC pause (G1 Evacuation Pause) (young) 3126M->1304M(3732M), 0.1241307 secs]
9940.636: [GC pause (G1 Evacuation Pause) (young) 3205M->1303M(3732M), 0.0861637 secs]
9942.490: [GC pause (G1 Evacuation Pause) (young) 3290M->1344M(3732M), 0.0859440 secs]
9944.258: [GC pause (G1 Evacuation Pause) (young) 3257M->1356M(3732M), 0.0761247 secs]
9946.087: [GC pause (G1 Evacuation Pause) (young) 3235M->1350M(3732M), 0.0628203 secs]
9947.846: [GC pause (G1 Evacuation Pause) (young) 3251M->1380M(3732M), 0.0823625 secs]
9949.565: [GC pause (G1 Evacuation Pause) (young) 3221M->1383M(3732M), 0.0822742 secs]
9951.273: [GC pause (G1 Evacuation Pause) (young) 3234M->1374M(3732M), 0.0703365 secs]
9952.972: [GC pause (G1 Evacuation Pause) (young) 3250M->1403M(3732M), 0.0756886 secs]
9954.671: [GC pause (G1 Evacuation Pause) (young) 3223M->1403M(3732M), 0.0794326 secs]
9956.345: [GC pause (G1 Evacuation Pause) (young) 3235M->1421M(3732M), 0.0731781 secs]
9958.035: [GC pause (G1 Evacuation Pause) (young) 3227M->1416M(3732M), 0.0691388 secs]
9959.522: [GC pause (G1 Evacuation Pause) (young) 3313M->1494M(3732M), 0.1080893 secs]
9961.003: [GC pause (G1 Evacuation Pause) (young) 3157M->1515M(3732M), 0.1049434 secs]
9962.643: [GC pause (G1 Evacuation Pause) (young) 3283M->1545M(3732M), 0.0721306 secs]
9964.191: [GC pause (G1 Evacuation Pause) (young) 3276M->1570M(3732M), 0.0579486 secs]
9965.730: [GC pause (G1 Evacuation Pause) (young) 3262M->1574M(3732M), 0.0668237 secs]
9967.310: [GC pause (G1 Evacuation Pause) (young) 3242M->1554M(3732M), 0.0433600 secs]
9968.837: [GC pause (G1 Evacuation Pause) (young) 3278M->1596M(3732M), 0.0732075 secs]
9970.378: [GC pause (G1 Evacuation Pause) (young) 3236M->1593M(3732M), 0.0666561 secs]
9971.897: [GC pause (G1 Evacuation Pause) (young) 3242M->1611M(3732M), 0.0708860 secs]
9973.422: [GC pause (G1 Evacuation Pause) (young) 3227M->1600M(3732M), 0.0653347 secs]
9974.908: [GC pause (G1 Evacuation Pause) (young) 3255M->1609M(3732M), 0.0655352 secs]
9976.446: [GC pause (G1 Evacuation Pause) (young) 3257M->1628M(3732M), 0.0717842 secs]
9978.058: [GC pause (G1 Evacuation Pause) (young) 3236M->1628M(3732M), 0.0624133 secs]
9979.579: [GC pause (G1 Evacuation Pause) (young) 3251M->1641M(3732M), 0.0689063 secs]
9981.121: [GC pause (G1 Evacuation Pause) (young) 3324M->1700M(3732M), 0.0779469 secs]
9982.317: [GC pause (G1 Evacuation Pause) (young) 3218M->1712M(3732M), 0.0962902 secs]
9983.739: [GC pause (G1 Evacuation Pause) (young) 3208M->1779M(3732M), 0.1118136 secs]
9985.066: [GC pause (G1 Evacuation Pause) (young) 3218M->1792M(3732M), 0.0910678 secs]
9985.318: [GC pause (G1 Humongous Allocation) (young) (initial-mark) 1961M->1798M(3732M), 0.0401302 secs]
9985.358: [GC concurrent-root-region-scan-start]
9985.384: [GC concurrent-root-region-scan-end, 0.0260331 secs]
9985.384: [GC concurrent-mark-start]
9985.607: [GC concurrent-mark-end, 0.2225367 secs]
9985.607: [GC remark, 0.0066982 secs]
9985.615: [GC cleanup 2093M->850M(3732M), 0.0044971 secs]
9985.619: [GC concurrent-cleanup-start]
9985.622: [GC concurrent-cleanup-end, 0.0027149 secs]
9986.579: [GC pause (G1 Evacuation Pause) (young) 2054M->580M(3732M), 0.0592909 secs]
9986.723: [GC pause (G1 Evacuation Pause) (mixed) 670M->525M(3732M), 0.0387887 secs]
9988.695: [GC pause (G1 Evacuation Pause) (young) 2759M->575M(3732M), 0.0702546 secs]
9990.677: [GC pause (G1 Evacuation Pause) (young) 2759M->603M(3732M), 0.0649869 secs]
9992.679: [GC pause (G1 Evacuation Pause) (young) 2750M->624M(3732M), 0.0700690 secs]
9994.644: [GC pause (G1 Evacuation Pause) (young) 2758M->632M(3732M), 0.0776995 secs]
9996.580: [GC pause (G1 Evacuation Pause) (young) 2758M->639M(3732M), 0.0780323 secs]
9998.493: [GC pause (G1 Evacuation Pause) (young) 2759M->644M(3732M), 0.0719459 secs]
10000.441: [GC pause (G1 Evacuation Pause) (young) 2753M->660M(3732M), 0.0770591 secs]
10002.462: [GC pause (G1 Evacuation Pause) (young) 2758M->661M(3732M), 0.0770765 secs]
10004.181: [GC pause (G1 Evacuation Pause) (young) 2842M->751M(3732M), 0.1455997 secs]
10006.074: [GC pause (G1 Evacuation Pause) (young) 2761M->757M(3732M), 0.1222132 secs]
10007.954: [GC pause (G1 Evacuation Pause) (young) 2829M->765M(3732M), 0.1117633 secs]
10009.964: [GC pause (G1 Evacuation Pause) (young) 2941M->801M(3732M), 0.0819853 secs]
10011.849: [GC pause (G1 Evacuation Pause) (young) 2941M->802M(3732M), 0.0718921 secs]
10013.857: [GC pause (G1 Evacuation Pause) (young) 2942M->810M(3732M), 0.0713869 secs]
10015.861: [GC pause (G1 Evacuation Pause) (young) 2933M->811M(3732M), 0.0655220 secs]
10017.889: [GC pause (G1 Evacuation Pause) (young) 2942M->843M(3732M), 0.0798546 secs]
10019.786: [GC pause (G1 Evacuation Pause) (young) 2942M->847M(3732M), 0.0825895 secs]
10021.672: [GC pause (G1 Evacuation Pause) (young) 2942M->851M(3732M), 0.0827918 secs]
10023.647: [GC pause (G1 Evacuation Pause) (young) 2942M->827M(3732M), 0.0620374 secs]
10025.388: [GC pause (G1 Evacuation Pause) (young) 3033M->951M(3732M), 0.1092123 secs]
10027.234: [GC pause (G1 Evacuation Pause) (young) 2993M->937M(3732M), 0.1197539 secs]
10029.175: [GC pause (G1 Evacuation Pause) (young) 3018M->956M(3732M), 0.1095348 secs]
10031.183: [GC pause (G1 Evacuation Pause) (young) 3101M->961M(3732M), 0.0693227 secs]
10033.269: [GC pause (G1 Evacuation Pause) (young) 3110M->989M(3732M), 0.0765739 secs]
10035.267: [GC pause (G1 Evacuation Pause) (young) 3110M->997M(3732M), 0.0715017 secs]
10037.230: [GC pause (G1 Evacuation Pause) (young) 3100M->1010M(3732M), 0.0784717 secs]
10039.087: [GC pause (G1 Evacuation Pause) (young) 3111M->1037M(3732M), 0.0957782 secs]
10040.952: [GC pause (G1 Evacuation Pause) (young) 3110M->1045M(3732M), 0.0971691 secs]
10042.896: [GC pause (G1 Evacuation Pause) (young) 3148M->1051M(3732M), 0.0957560 secs]
10044.933: [GC pause (G1 Evacuation Pause) (young) 3138M->1037M(3732M), 0.0712611 secs]
10046.807: [GC pause (G1 Evacuation Pause) (young) 3148M->1055M(3732M), 0.0788639 secs]
10048.505: [GC pause (G1 Evacuation Pause) (young) 3229M->1155M(3732M), 0.1542133 secs]
10050.425: [GC pause (G1 Evacuation Pause) (young) 3120M->1161M(3732M), 0.1282429 secs]
10052.360: [GC pause (G1 Evacuation Pause) (young) 3188M->1171M(3732M), 0.1088999 secs]
10054.375: [GC pause (G1 Evacuation Pause) (young) 3280M->1201M(3732M), 0.0814968 secs]
10056.240: [GC pause (G1 Evacuation Pause) (young) 3262M->1209M(3732M), 0.0712338 secs]
10058.097: [GC pause (G1 Evacuation Pause) (young) 3254M->1214M(3732M), 0.0691661 secs]
10059.976: [GC pause (G1 Evacuation Pause) (young) 3241M->1234M(3732M), 0.0722915 secs]
10061.823: [GC pause (G1 Evacuation Pause) (young) 3231M->1239M(3732M), 0.0802471 secs]
10063.727: [GC pause (G1 Evacuation Pause) (young) 3224M->1240M(3732M), 0.0791753 secs]
10065.606: [GC pause (G1 Evacuation Pause) (young) 3215M->1238M(3732M), 0.0729933 secs]
10067.471: [GC pause (G1 Evacuation Pause) (young) 3227M->1261M(3732M), 0.0838072 secs]
10069.374: [GC pause (G1 Evacuation Pause) (young) 3202M->1254M(3732M), 0.0859026 secs]
10070.953: [GC pause (G1 Evacuation Pause) (young) 3312M->1345M(3732M), 0.1381923 secs]
10072.715: [GC pause (G1 Evacuation Pause) (young) 3121M->1359M(3732M), 0.1041562 secs]
10074.508: [GC pause (G1 Evacuation Pause) (young) 3278M->1393M(3732M), 0.0624739 secs]
10076.294: [GC pause (G1 Evacuation Pause) (young) 3286M->1422M(3732M), 0.0613615 secs]
10077.958: [GC pause (G1 Evacuation Pause) (young) 3255M->1442M(3732M), 0.0682206 secs]
10079.654: [GC pause (G1 Evacuation Pause) (young) 3239M->1442M(3732M), 0.0737076 secs]
10081.268: [GC pause (G1 Evacuation Pause) (young) 3229M->1438M(3732M), 0.0644694 secs]
10082.892: [GC pause (G1 Evacuation Pause) (young) 3243M->1463M(3732M), 0.0799344 secs]
10084.548: [GC pause (G1 Evacuation Pause) (young) 3213M->1453M(3732M), 0.0735092 secs]
10086.199: [GC pause (G1 Evacuation Pause) (young) 3244M->1491M(3732M), 0.0791079 secs]
10087.826: [GC pause (G1 Evacuation Pause) (young) 3215M->1492M(3732M), 0.0811747 secs]
10089.492: [GC pause (G1 Evacuation Pause) (young) 3240M->1499M(3732M), 0.0769494 secs]
10091.195: [GC pause (G1 Evacuation Pause) (young) 3224M->1492M(3732M), 0.0656111 secs]
10092.917: [GC pause (G1 Evacuation Pause) (young) 3250M->1501M(3732M), 0.0765168 secs]
10094.322: [GC pause (G1 Evacuation Pause) (young) 3324M->1588M(3732M), 0.1349138 secs]
10095.855: [GC pause (G1 Evacuation Pause) (young) 3145M->1601M(3732M), 0.1086729 secs]
10097.446: [GC pause (G1 Evacuation Pause) (young) 3274M->1632M(3732M), 0.0639041 secs]
10098.947: [GC pause (G1 Evacuation Pause) (young) 3279M->1643M(3732M), 0.0509688 secs]
10100.447: [GC pause (G1 Evacuation Pause) (young) 3279M->1670M(3732M), 0.0638456 secs]
10101.956: [GC pause (G1 Evacuation Pause) (young) 3250M->1674M(3732M), 0.0661342 secs]
10103.404: [GC pause (G1 Evacuation Pause) (young) 3230M->1693M(3732M), 0.0662081 secs]
10104.912: [GC pause (G1 Evacuation Pause) (young) 3249M->1710M(3732M), 0.0720602 secs]
10106.442: [GC pause (G1 Evacuation Pause) (young) 3256M->1703M(3732M), 0.0559698 secs]
10107.861: [GC pause (G1 Evacuation Pause) (young) 3251M->1730M(3732M), 0.0634202 secs]
10109.334: [GC pause (G1 Evacuation Pause) (young) 3227M->1718M(3732M), 0.0578454 secs]
10110.752: [GC pause (G1 Evacuation Pause) (young) 3270M->1739M(3732M), 0.0724037 secs]
10112.142: [GC pause (G1 Evacuation Pause) (young) 3239M->1729M(3732M), 0.0595380 secs]
10113.526: [GC pause (G1 Evacuation Pause) (young) 3266M->1754M(3732M), 0.0641204 secs]
10114.901: [GC pause (G1 Evacuation Pause) (young) 3252M->1752M(3732M), 0.0581509 secs]
10115.283: [GC pause (G1 Humongous Allocation) (young) (initial-mark) 2131M->1764M(3732M), 0.0498420 secs]
10115.332: [GC concurrent-root-region-scan-start]
10115.380: [GC concurrent-root-region-scan-end, 0.0479382 secs]
10115.380: [GC concurrent-mark-start]
10115.574: [GC concurrent-mark-end, 0.1935699 secs]
10115.574: [GC remark, 0.0067704 secs]
10115.582: [GC cleanup 2127M->1047M(3732M), 0.0036467 secs]
10115.585: [GC concurrent-cleanup-start]
10115.587: [GC concurrent-cleanup-end, 0.0022950 secs]
10116.459: [GC pause (G1 Evacuation Pause) (young) 2251M->758M(3732M), 0.1200402 secs]
10116.581: [GC pause (G1 Evacuation Pause) (mixed) 760M->626M(3732M), 0.0969255 secs]
10118.604: [GC pause (G1 Evacuation Pause) (young) 2851M->674M(3732M), 0.0742093 secs]
10120.531: [GC pause (G1 Evacuation Pause) (young) 2860M->713M(3732M), 0.0678627 secs]
10122.469: [GC pause (G1 Evacuation Pause) (young) 2861M->723M(3732M), 0.0739713 secs]
10124.451: [GC pause (G1 Evacuation Pause) (young) 2861M->730M(3732M), 0.0737097 secs]
10126.419: [GC pause (G1 Evacuation Pause) (young) 2860M->744M(3732M), 0.0787879 secs]
10128.407: [GC pause (G1 Evacuation Pause) (young) 2851M->737M(3732M), 0.0680248 secs]
10130.341: [GC pause (G1 Evacuation Pause) (young) 2861M->766M(3732M), 0.0878908 secs]
10132.288: [GC pause (G1 Evacuation Pause) (young) 2860M->773M(3732M), 0.0923849 secs]
10134.206: [GC pause (G1 Evacuation Pause) (young) 2883M->778M(3732M), 0.0861227 secs]
10136.277: [GC pause (G1 Evacuation Pause) (young) 2884M->780M(3732M), 0.0808534 secs]
10138.104: [GC pause (G1 Evacuation Pause) (young) 2956M->864M(3732M), 0.1389825 secs]
10139.929: [GC pause (G1 Evacuation Pause) (young) 2884M->889M(3732M), 0.1201379 secs]
10141.858: [GC pause (G1 Evacuation Pause) (young) 2967M->909M(3732M), 0.1121366 secs]
10143.928: [GC pause (G1 Evacuation Pause) (young) 3072M->916M(3732M), 0.0790998 secs]
10145.898: [GC pause (G1 Evacuation Pause) (young) 3072M->926M(3732M), 0.0645419 secs]
10147.916: [GC pause (G1 Evacuation Pause) (young) 3063M->921M(3732M), 0.0506654 secs]
10149.918: [GC pause (G1 Evacuation Pause) (young) 3075M->950M(3732M), 0.0689639 secs]
10151.846: [GC pause (G1 Evacuation Pause) (young) 3069M->956M(3732M), 0.0742627 secs]
10153.800: [GC pause (G1 Evacuation Pause) (young) 3072M->965M(3732M), 0.0750716 secs]
10155.718: [GC pause (G1 Evacuation Pause) (young) 3073M->966M(3732M), 0.0724272 secs]
10157.789: [GC pause (G1 Evacuation Pause) (young) 3079M->974M(3732M), 0.0805859 secs]
10159.620: [GC pause (G1 Evacuation Pause) (young) 3137M->1046M(3732M), 0.1322237 secs]
10161.516: [GC pause (G1 Evacuation Pause) (young) 3081M->1078M(3732M), 0.1205932 secs]
10163.490: [GC pause (G1 Evacuation Pause) (young) 3154M->1097M(3732M), 0.1068251 secs]
10165.533: [GC pause (G1 Evacuation Pause) (young) 3272M->1109M(3732M), 0.0747602 secs]
10167.557: [GC pause (G1 Evacuation Pause) (young) 3272M->1113M(3732M), 0.0577758 secs]
10169.474: [GC pause (G1 Evacuation Pause) (young) 3264M->1114M(3732M), 0.0563687 secs]
10171.438: [GC pause (G1 Evacuation Pause) (young) 3272M->1145M(3732M), 0.0687774 secs]
10173.402: [GC pause (G1 Evacuation Pause) (young) 3243M->1151M(3732M), 0.0712948 secs]
10175.338: [GC pause (G1 Evacuation Pause) (young) 3237M->1156M(3732M), 0.0742281 secs]
10177.194: [GC pause (G1 Evacuation Pause) (young) 3230M->1184M(3732M), 0.0869368 secs]
10179.122: [GC pause (G1 Evacuation Pause) (young) 3193M->1171M(3732M), 0.0756660 secs]
10180.947: [GC pause (G1 Evacuation Pause) (young) 3235M->1174M(3732M), 0.0725667 secs]
10182.672: [GC pause (G1 Evacuation Pause) (young) 3311M->1283M(3732M), 0.1529657 secs]
10184.478: [GC pause (G1 Evacuation Pause) (young) 3123M->1287M(3732M), 0.1261983 secs]
10186.324: [GC pause (G1 Evacuation Pause) (young) 3264M->1316M(3732M), 0.0733082 secs]
10188.114: [GC pause (G1 Evacuation Pause) (young) 3276M->1334M(3732M), 0.0648555 secs]
10189.890: [GC pause (G1 Evacuation Pause) (young) 3258M->1337M(3732M), 0.0678473 secs]
10191.675: [GC pause (G1 Evacuation Pause) (young) 3248M->1334M(3732M), 0.0578620 secs]
10193.378: [GC pause (G1 Evacuation Pause) (young) 3258M->1363M(3732M), 0.0733257 secs]
10195.055: [GC pause (G1 Evacuation Pause) (young) 3231M->1362M(3732M), 0.0729656 secs]
10196.787: [GC pause (G1 Evacuation Pause) (young) 3223M->1362M(3732M), 0.0756088 secs]
10198.423: [GC pause (G1 Evacuation Pause) (young) 3221M->1395M(3732M), 0.0792001 secs]
10200.127: [GC pause (G1 Evacuation Pause) (young) 3199M->1394M(3732M), 0.0898010 secs]
10201.929: [GC pause (G1 Evacuation Pause) (young) 3235M->1393M(3732M), 0.0804404 secs]
10203.668: [GC pause (G1 Evacuation Pause) (young) 3319M->1461M(3732M), 0.0942123 secs]
10205.111: [GC pause (G1 Evacuation Pause) (young) 3202M->1491M(3732M), 0.1213027 secs]
10206.693: [GC pause (G1 Evacuation Pause) (young) 3160M->1492M(3732M), 0.0965603 secs]
10208.294: [GC pause (G1 Evacuation Pause) (young) 3233M->1504M(3732M), 0.0924494 secs]
10209.903: [GC pause (G1 Evacuation Pause) (young) 3229M->1559M(3732M), 0.0918734 secs]
10211.550: [GC pause (G1 Evacuation Pause) (young) 3267M->1560M(3732M), 0.0752176 secs]
10213.167: [GC pause (G1 Evacuation Pause) (young) 3259M->1554M(3732M), 0.0518656 secs]
10214.732: [GC pause (G1 Evacuation Pause) (young) 3267M->1573M(3732M), 0.0605577 secs]
10216.275: [GC pause (G1 Evacuation Pause) (young) 3253M->1586M(3732M), 0.0698356 secs]
10217.787: [GC pause (G1 Evacuation Pause) (young) 3233M->1601M(3732M), 0.0722676 secs]
10219.309: [GC pause (G1 Evacuation Pause) (young) 3233M->1607M(3732M), 0.0742819 secs]
10220.829: [GC pause (G1 Evacuation Pause) (young) 3225M->1595M(3732M), 0.0493009 secs]
10222.320: [GC pause (G1 Evacuation Pause) (young) 3271M->1637M(3732M), 0.0718085 secs]
10223.865: [GC pause (G1 Evacuation Pause) (young) 3229M->1631M(3732M), 0.0743847 secs]
10225.382: [GC pause (G1 Evacuation Pause) (young) 3244M->1619M(3732M), 0.0556416 secs]
10226.720: [GC pause (G1 Evacuation Pause) (young) 3346M->1742M(3732M), 0.1202305 secs]
10228.089: [GC pause (G1 Evacuation Pause) (young) 3174M->1717M(3732M), 0.1024662 secs]
10229.552: [GC pause (G1 Evacuation Pause) (young) 3274M->1745M(3732M), 0.0732016 secs]
10230.961: [GC pause (G1 Evacuation Pause) (young) 3269M->1764M(3732M), 0.0682680 secs]
10232.328: [GC pause (G1 Evacuation Pause) (young) 3243M->1759M(3732M), 0.0512470 secs]
10232.596: [GC pause (G1 Humongous Allocation) (young) (initial-mark) 1986M->1764M(3732M), 0.0407958 secs]
10232.637: [GC concurrent-root-region-scan-start]
10232.666: [GC concurrent-root-region-scan-end, 0.0292335 secs]
10232.666: [GC concurrent-mark-start]
10232.899: [GC concurrent-mark-end, 0.2326940 secs]
10232.899: [GC remark, 0.0067055 secs]
10232.906: [GC cleanup 2073M->824M(3732M), 0.0053692 secs]
10232.912: [GC concurrent-cleanup-start]
10232.914: [GC concurrent-cleanup-end, 0.0020689 secs]
10233.920: [GC pause (G1 Evacuation Pause) (young) 2032M->543M(3732M), 0.0561076 secs]
10234.048: [GC pause (G1 Evacuation Pause) (mixed) 623M->539M(3732M), 0.0398285 secs]
10236.064: [GC pause (G1 Evacuation Pause) (young) 2773M->580M(3732M), 0.0610215 secs]
10238.037: [GC pause (G1 Evacuation Pause) (young) 2774M->600M(3732M), 0.0590652 secs]
10239.990: [GC pause (G1 Evacuation Pause) (young) 2774M->609M(3732M), 0.0528581 secs]
10241.871: [GC pause (G1 Evacuation Pause) (young) 2769M->607M(3732M), 0.0548032 secs]
10243.869: [GC pause (G1 Evacuation Pause) (young) 2773M->640M(3732M), 0.0701078 secs]
10245.824: [GC pause (G1 Evacuation Pause) (young) 2774M->644M(3732M), 0.0704739 secs]
10248.013: [GC pause (G1 Evacuation Pause) (young) 2774M->641M(3732M), 0.0704662 secs]
10249.795: [GC pause (G1 Evacuation Pause) (young) 2854M->732M(3732M), 0.1383336 secs]
10251.707: [GC pause (G1 Evacuation Pause) (young) 2774M->744M(3732M), 0.1097140 secs]
10253.634: [GC pause (G1 Evacuation Pause) (young) 2829M->766M(3732M), 0.1077407 secs]
10255.707: [GC pause (G1 Evacuation Pause) (young) 2953M->801M(3732M), 0.0762710 secs]
10257.712: [GC pause (G1 Evacuation Pause) (young) 2950M->808M(3732M), 0.0673763 secs]
10259.752: [GC pause (G1 Evacuation Pause) (young) 2950M->815M(3732M), 0.0659337 secs]
10261.739: [GC pause (G1 Evacuation Pause) (young) 2935M->807M(3732M), 0.0558102 secs]
10263.633: [GC pause (G1 Evacuation Pause) (young) 2947M->832M(3732M), 0.0761537 secs]
10265.515: [GC pause (G1 Evacuation Pause) (young) 2946M->846M(3732M), 0.0804536 secs]
10267.550: [GC pause (G1 Evacuation Pause) (young) 2946M->851M(3732M), 0.0843794 secs]
10269.662: [GC pause (G1 Evacuation Pause) (young) 2954M->858M(3732M), 0.0839557 secs]
10271.589: [GC pause (G1 Evacuation Pause) (young) 3043M->966M(3732M), 0.1252938 secs]
10273.399: [GC pause (G1 Evacuation Pause) (young) 2995M->945M(3732M), 0.1019645 secs]
10275.312: [GC pause (G1 Evacuation Pause) (young) 3029M->986M(3732M), 0.1091303 secs]
10277.256: [GC pause (G1 Evacuation Pause) (young) 3059M->1022M(3732M), 0.1047736 secs]
10279.249: [GC pause (G1 Evacuation Pause) (young) 3170M->1034M(3732M), 0.0872150 secs]
10281.285: [GC pause (G1 Evacuation Pause) (young) 3173M->1047M(3732M), 0.0769677 secs]
10283.214: [GC pause (G1 Evacuation Pause) (young) 3160M->1049M(3732M), 0.0721938 secs]
10285.114: [GC pause (G1 Evacuation Pause) (young) 3162M->1074M(3732M), 0.0814409 secs]
10287.138: [GC pause (G1 Evacuation Pause) (young) 3165M->1076M(3732M), 0.0853381 secs]
10289.089: [GC pause (G1 Evacuation Pause) (young) 3194M->1085M(3732M), 0.0843576 secs]
10291.105: [GC pause (G1 Evacuation Pause) (young) 3200M->1090M(3732M), 0.0827350 secs]
10293.035: [GC pause (G1 Evacuation Pause) (young) 3194M->1091M(3732M), 0.0791800 secs]
10294.723: [GC pause (G1 Evacuation Pause) (young) 3265M->1201M(3732M), 0.1532737 secs]
10296.637: [GC pause (G1 Evacuation Pause) (young) 3107M->1205M(3732M), 0.1299918 secs]
10298.523: [GC pause (G1 Evacuation Pause) (young) 3189M->1224M(3732M), 0.1173181 secs]
10300.515: [GC pause (G1 Evacuation Pause) (young) 3282M->1230M(3732M), 0.0678170 secs]
10302.402: [GC pause (G1 Evacuation Pause) (young) 3279M->1251M(3732M), 0.0593029 secs]
10304.256: [GC pause (G1 Evacuation Pause) (young) 3263M->1257M(3732M), 0.0648154 secs]
10306.097: [GC pause (G1 Evacuation Pause) (young) 3257M->1279M(3732M), 0.0744752 secs]
10307.929: [GC pause (G1 Evacuation Pause) (young) 3235M->1279M(3732M), 0.0639203 secs]
10309.685: [GC pause (G1 Evacuation Pause) (young) 3232M->1304M(3732M), 0.0805253 secs]
10311.490: [GC pause (G1 Evacuation Pause) (young) 3212M->1305M(3732M), 0.0873336 secs]
10313.266: [GC pause (G1 Evacuation Pause) (young) 3231M->1308M(3732M), 0.0726878 secs]
10315.141: [GC pause (G1 Evacuation Pause) (young) 3230M->1303M(3732M), 0.0785865 secs]
10316.705: [GC pause (G1 Evacuation Pause) (young) 3305M->1385M(3732M), 0.1320543 secs]
10318.398: [GC pause (G1 Evacuation Pause) (young) 3144M->1402M(3732M), 0.1197040 secs]
10320.226: [GC pause (G1 Evacuation Pause) (young) 3276M->1434M(3732M), 0.0772033 secs]
10321.938: [GC pause (G1 Evacuation Pause) (young) 3271M->1439M(3732M), 0.0535407 secs]
10323.557: [GC pause (G1 Evacuation Pause) (young) 3273M->1467M(3732M), 0.0636783 secs]
10325.237: [GC pause (G1 Evacuation Pause) (young) 3245M->1468M(3732M), 0.0670584 secs]
10326.931: [GC pause (G1 Evacuation Pause) (young) 3246M->1473M(3732M), 0.0675226 secs]
10328.568: [GC pause (G1 Evacuation Pause) (young) 3236M->1487M(3732M), 0.0714142 secs]
10330.191: [GC pause (G1 Evacuation Pause) (young) 3218M->1480M(3732M), 0.0677048 secs]
10331.769: [GC pause (G1 Evacuation Pause) (young) 3239M->1503M(3732M), 0.0724237 secs]
10333.409: [GC pause (G1 Evacuation Pause) (young) 3227M->1513M(3732M), 0.0795986 secs]
10335.037: [GC pause (G1 Evacuation Pause) (young) 3239M->1532M(3732M), 0.0736739 secs]
10336.648: [GC pause (G1 Evacuation Pause) (young) 3241M->1519M(3732M), 0.0618031 secs]
10338.243: [GC pause (G1 Evacuation Pause) (young) 3341M->1608M(3732M), 0.0897119 secs]
10339.549: [GC pause (G1 Evacuation Pause) (young) 3205M->1633M(3732M), 0.1149821 secs]
10340.957: [GC pause (G1 Evacuation Pause) (young) 3174M->1656M(3732M), 0.1075849 secs]
10342.398: [GC pause (G1 Evacuation Pause) (young) 3238M->1689M(3732M), 0.0936176 secs]
10343.895: [GC pause (G1 Evacuation Pause) (young) 3271M->1683M(3732M), 0.0566166 secs]
10345.328: [GC pause (G1 Evacuation Pause) (young) 3293M->1719M(3732M), 0.0649596 secs]
10346.721: [GC pause (G1 Evacuation Pause) (young) 3257M->1722M(3732M), 0.0638469 secs]
10348.135: [GC pause (G1 Evacuation Pause) (young) 3243M->1736M(3732M), 0.0637010 secs]
10349.507: [GC pause (G1 Evacuation Pause) (young) 3231M->1743M(3732M), 0.0677138 secs]
10350.909: [GC pause (G1 Evacuation Pause) (young) 3240M->1759M(3732M), 0.0698509 secs]
10352.311: [GC pause (G1 Evacuation Pause) (young) 3249M->1762M(3732M), 0.0709616 secs]
10353.707: [GC pause (G1 Evacuation Pause) (young) 3242M->1759M(3732M), 0.0512815 secs]
10354.126: [GC pause (G1 Humongous Allocation) (young) (initial-mark) 2182M->1762M(3732M), 0.0466424 secs]
10354.172: [GC concurrent-root-region-scan-start]
10354.210: [GC concurrent-root-region-scan-end, 0.0370432 secs]
10354.210: [GC concurrent-mark-start]
10354.446: [GC concurrent-mark-end, 0.2369564 secs]
10354.447: [GC remark, 0.0073421 secs]
10354.455: [GC cleanup 2059M->925M(3732M), 0.0041980 secs]
10354.459: [GC concurrent-cleanup-start]
10354.461: [GC concurrent-cleanup-end, 0.0019068 secs]
10355.471: [GC pause (G1 Evacuation Pause) (young) 2113M->655M(3732M), 0.0625191 secs]
10355.577: [GC pause (G1 Evacuation Pause) (mixed) 705M->583M(3732M), 0.0613150 secs]
10357.543: [GC pause (G1 Evacuation Pause) (young) 2819M->629M(3732M), 0.0636293 secs]
10359.762: [GC pause (G1 Evacuation Pause) (young) 2819M->635M(3732M), 0.0577694 secs]
10361.534: [GC pause (G1 Evacuation Pause) (young) 2899M->728M(3732M), 0.1269782 secs]
10363.529: [GC pause (G1 Evacuation Pause) (young) 2820M->732M(3732M), 0.0894183 secs]
10365.450: [GC pause (G1 Evacuation Pause) (young) 2821M->758M(3732M), 0.0935881 secs]
10367.512: [GC pause (G1 Evacuation Pause) (young) 2946M->784M(3732M), 0.0702814 secs]
10369.499: [GC pause (G1 Evacuation Pause) (young) 2946M->794M(3732M), 0.0633434 secs]
10371.496: [GC pause (G1 Evacuation Pause) (young) 2946M->801M(3732M), 0.0619930 secs]
10373.420: [GC pause (G1 Evacuation Pause) (young) 2945M->812M(3732M), 0.0673652 secs]
10375.389: [GC pause (G1 Evacuation Pause) (young) 2937M->808M(3732M), 0.0585528 secs]
10377.334: [GC pause (G1 Evacuation Pause) (young) 2946M->842M(3732M), 0.0791642 secs]
10379.332: [GC pause (G1 Evacuation Pause) (young) 2946M->846M(3732M), 0.0798533 secs]
10381.235: [GC pause (G1 Evacuation Pause) (young) 2953M->856M(3732M), 0.0868532 secs]
10383.040: [GC pause (G1 Evacuation Pause) (young) 3019M->950M(3732M), 0.1214943 secs]
10384.981: [GC pause (G1 Evacuation Pause) (young) 2995M->957M(3732M), 0.1250838 secs]
10386.894: [GC pause (G1 Evacuation Pause) (young) 3008M->970M(3732M), 0.1168044 secs]
10388.848: [GC pause (G1 Evacuation Pause) (young) 3122M->1001M(3732M), 0.0970710 secs]
10390.822: [GC pause (G1 Evacuation Pause) (young) 3123M->1008M(3732M), 0.0803529 secs]
10392.791: [GC pause (G1 Evacuation Pause) (young) 3122M->1013M(3732M), 0.0791967 secs]
10394.703: [GC pause (G1 Evacuation Pause) (young) 3123M->1023M(3732M), 0.0828643 secs]
10396.615: [GC pause (G1 Evacuation Pause) (young) 3114M->1035M(3732M), 0.0845765 secs]
10398.464: [GC pause (G1 Evacuation Pause) (young) 3123M->1050M(3732M), 0.0944073 secs]
10400.458: [GC pause (G1 Evacuation Pause) (young) 3156M->1060M(3732M), 0.0922962 secs]
10402.433: [GC pause (G1 Evacuation Pause) (young) 3147M->1046M(3732M), 0.0615181 secs]
10404.448: [GC pause (G1 Evacuation Pause) (young) 3179M->1051M(3732M), 0.0696385 secs]
10406.083: [GC pause (G1 Evacuation Pause) (young) 3251M->1158M(3732M), 0.1379440 secs]
10407.967: [GC pause (G1 Evacuation Pause) (young) 3130M->1167M(3732M), 0.1183591 secs]
10409.902: [GC pause (G1 Evacuation Pause) (young) 3262M->1193M(3732M), 0.0740259 secs]
10411.855: [GC pause (G1 Evacuation Pause) (young) 3270M->1192M(3732M), 0.0499000 secs]
10413.743: [GC pause (G1 Evacuation Pause) (young) 3286M->1226M(3732M), 0.0633669 secs]
10415.620: [GC pause (G1 Evacuation Pause) (young) 3248M->1230M(3732M), 0.0648820 secs]
10417.462: [GC pause (G1 Evacuation Pause) (young) 3237M->1236M(3732M), 0.0709236 secs]
10419.239: [GC pause (G1 Evacuation Pause) (young) 3235M->1237M(3732M), 0.0686226 secs]
10421.011: [GC pause (G1 Evacuation Pause) (young) 3228M->1262M(3732M), 0.0767403 secs]
10422.796: [GC pause (G1 Evacuation Pause) (young) 3209M->1263M(3732M), 0.0782469 secs]
10424.448: [GC pause (G1 Evacuation Pause) (young) 3227M->1260M(3732M), 0.0731559 secs]
10426.301: [GC pause (G1 Evacuation Pause) (young) 3238M->1265M(3732M), 0.0780276 secs]
10427.822: [GC pause (G1 Evacuation Pause) (young) 3297M->1351M(3732M), 0.1321567 secs]
10429.518: [GC pause (G1 Evacuation Pause) (young) 3132M->1369M(3732M), 0.1302580 secs]
10431.335: [GC pause (G1 Evacuation Pause) (young) 3279M->1396M(3732M), 0.0743706 secs]
10433.033: [GC pause (G1 Evacuation Pause) (young) 3277M->1393M(3732M), 0.0455749 secs]
10434.771: [GC pause (G1 Evacuation Pause) (young) 3287M->1436M(3732M), 0.0694968 secs]
10436.433: [GC pause (G1 Evacuation Pause) (young) 3246M->1434M(3732M), 0.0637927 secs]
10438.108: [GC pause (G1 Evacuation Pause) (young) 3248M->1440M(3732M), 0.0716592 secs]
10439.699: [GC pause (G1 Evacuation Pause) (young) 3233M->1456M(3732M), 0.0711787 secs]
10441.333: [GC pause (G1 Evacuation Pause) (young) 3226M->1461M(3732M), 0.0776628 secs]
10443.024: [GC pause (G1 Evacuation Pause) (young) 3237M->1463M(3732M), 0.0786522 secs]
10444.667: [GC pause (G1 Evacuation Pause) (young) 3224M->1479M(3732M), 0.0702221 secs]
10446.281: [GC pause (G1 Evacuation Pause) (young) 3226M->1478M(3732M), 0.0647723 secs]
10448.038: [GC pause (G1 Evacuation Pause) (young) 3247M->1477M(3732M), 0.0599412 secs]
10449.358: [GC pause (G1 Evacuation Pause) (young) 3322M->1571M(3732M), 0.1257388 secs]
10450.893: [GC pause (G1 Evacuation Pause) (young) 3156M->1596M(3732M), 0.1181825 secs]
10452.533: [GC pause (G1 Evacuation Pause) (young) 3286M->1613M(3732M), 0.0690689 secs]
10454.012: [GC pause (G1 Evacuation Pause) (young) 3273M->1619M(3732M), 0.0441498 secs]
10455.536: [GC pause (G1 Evacuation Pause) (young) 3285M->1642M(3732M), 0.0585246 secs]
10457.011: [GC pause (G1 Evacuation Pause) (young) 3264M->1644M(3732M), 0.0593076 secs]
10458.467: [GC pause (G1 Evacuation Pause) (young) 3253M->1656M(3732M), 0.0586753 secs]
10459.903: [GC pause (G1 Evacuation Pause) (young) 3243M->1665M(3732M), 0.0649925 secs]
10461.328: [GC pause (G1 Evacuation Pause) (young) 3230M->1657M(3732M), 0.0645274 secs]
10462.837: [GC pause (G1 Evacuation Pause) (young) 3265M->1676M(3732M), 0.0741872 secs]
10464.225: [GC pause (G1 Evacuation Pause) (young) 3244M->1680M(3732M), 0.0585084 secs]
10465.646: [GC pause (G1 Evacuation Pause) (young) 3238M->1702M(3732M), 0.0709573 secs]
10467.022: [GC pause (G1 Evacuation Pause) (young) 3232M->1701M(3732M), 0.0703147 secs]
10468.533: [GC pause (G1 Evacuation Pause) (young) 3248M->1691M(3732M), 0.0657963 secs]
10470.059: [GC pause (G1 Evacuation Pause) (young) 3267M->1702M(3732M), 0.0655651 secs]
10470.918: [GC pause (G1 Humongous Allocation) (young) (initial-mark) 2711M->1796M(3732M), 0.0897042 secs]
10471.008: [GC concurrent-root-region-scan-start]
10471.079: [GC concurrent-root-region-scan-end, 0.0709010 secs]
10471.079: [GC concurrent-mark-start]
10471.266: [GC concurrent-mark-end, 0.1866745 secs]
10471.266: [GC remark, 0.0074155 secs]
10471.274: [GC cleanup 2142M->994M(3732M), 0.0042539 secs]
10471.278: [GC concurrent-cleanup-start]
10471.281: [GC concurrent-cleanup-end, 0.0023036 secs]
10472.134: [GC pause (G1 Evacuation Pause) (young) 2054M->652M(3732M), 0.1107231 secs]
10472.275: [GC pause (G1 Evacuation Pause) (mixed) 686M->647M(3732M), 0.0868498 secs]
10474.394: [GC pause (G1 Evacuation Pause) (young) 2881M->692M(3732M), 0.0746044 secs]
10476.444: [GC pause (G1 Evacuation Pause) (young) 2873M->715M(3732M), 0.0547260 secs]
10478.450: [GC pause (G1 Evacuation Pause) (young) 2881M->747M(3732M), 0.0746505 secs]
10480.431: [GC pause (G1 Evacuation Pause) (young) 2881M->755M(3732M), 0.0774362 secs]
10482.384: [GC pause (G1 Evacuation Pause) (young) 2881M->761M(3732M), 0.0782913 secs]
10484.359: [GC pause (G1 Evacuation Pause) (young) 2881M->769M(3732M), 0.0762335 secs]
10486.328: [GC pause (G1 Evacuation Pause) (young) 2881M->770M(3732M), 0.0703834 secs]
10488.221: [GC pause (G1 Evacuation Pause) (young) 2874M->790M(3732M), 0.0755167 secs]
10489.973: [GC pause (G1 Evacuation Pause) (young) 2882M->792M(3732M), 0.0729379 secs]
10491.838: [GC pause (G1 Evacuation Pause) (young) 2912M->804M(3732M), 0.0819900 secs]
10493.696: [GC pause (G1 Evacuation Pause) (young) 2985M->891M(3732M), 0.1351033 secs]
10495.609: [GC pause (G1 Evacuation Pause) (young) 2902M->891M(3732M), 0.1095890 secs]
10497.581: [GC pause (G1 Evacuation Pause) (young) 2978M->896M(3732M), 0.1073656 secs]
10499.618: [GC pause (G1 Evacuation Pause) (young) 3086M->926M(3732M), 0.0679472 secs]
10501.584: [GC pause (G1 Evacuation Pause) (young) 3086M->938M(3732M), 0.0626744 secs]
10503.596: [GC pause (G1 Evacuation Pause) (young) 3086M->943M(3732M), 0.0668852 secs]
10505.618: [GC pause (G1 Evacuation Pause) (young) 3087M->952M(3732M), 0.0708387 secs]
10507.589: [GC pause (G1 Evacuation Pause) (young) 3077M->949M(3732M), 0.0588920 secs]
10509.483: [GC pause (G1 Evacuation Pause) (young) 3087M->982M(3732M), 0.0733317 secs]
10511.363: [GC pause (G1 Evacuation Pause) (young) 3086M->990M(3732M), 0.0887958 secs]
10513.370: [GC pause (G1 Evacuation Pause) (young) 3093M->999M(3732M), 0.0895301 secs]
10515.090: [GC pause (G1 Evacuation Pause) (young) 3097M->1003M(3732M), 0.0751770 secs]
10516.642: [GC pause (G1 Evacuation Pause) (young) 3192M->1087M(3732M), 0.1415054 secs]
10518.594: [GC pause (G1 Evacuation Pause) (young) 3106M->1112M(3732M), 0.1192487 secs]
10520.507: [GC pause (G1 Evacuation Pause) (young) 3185M->1124M(3732M), 0.1055984 secs]
10522.477: [GC pause (G1 Evacuation Pause) (young) 3280M->1137M(3732M), 0.0740724 secs]
10524.435: [GC pause (G1 Evacuation Pause) (young) 3275M->1145M(3732M), 0.0624252 secs]
10526.399: [GC pause (G1 Evacuation Pause) (young) 3258M->1143M(3732M), 0.0567966 secs]
10528.294: [GC pause (G1 Evacuation Pause) (young) 3269M->1170M(3732M), 0.0735553 secs]
10530.198: [GC pause (G1 Evacuation Pause) (young) 3240M->1175M(3732M), 0.0694285 secs]
10532.097: [GC pause (G1 Evacuation Pause) (young) 3237M->1183M(3732M), 0.0763196 secs]
10534.001: [GC pause (G1 Evacuation Pause) (young) 3229M->1189M(3732M), 0.0711920 secs]
10535.828: [GC pause (G1 Evacuation Pause) (young) 3216M->1178M(3732M), 0.0578117 secs]
10537.686: [GC pause (G1 Evacuation Pause) (young) 3239M->1209M(3732M), 0.0880837 secs]
10539.317: [GC pause (G1 Evacuation Pause) (young) 3284M->1294M(3732M), 0.1376389 secs]
10541.006: [GC pause (G1 Evacuation Pause) (young) 3134M->1299M(3732M), 0.1117441 secs]
10542.936: [GC pause (G1 Evacuation Pause) (young) 3279M->1322M(3732M), 0.0620822 secs]
10544.793: [GC pause (G1 Evacuation Pause) (young) 3277M->1342M(3732M), 0.0537268 secs]
10546.561: [GC pause (G1 Evacuation Pause) (young) 3272M->1343M(3732M), 0.0611401 secs]
10548.305: [GC pause (G1 Evacuation Pause) (young) 3269M->1340M(3732M), 0.0505169 secs]
10550.014: [GC pause (G1 Evacuation Pause) (young) 3267M->1381M(3732M), 0.0705652 secs]
10551.715: [GC pause (G1 Evacuation Pause) (young) 3231M->1387M(3732M), 0.0771960 secs]
10553.376: [GC pause (G1 Evacuation Pause) (young) 3222M->1383M(3732M), 0.0666130 secs]
10555.066: [GC pause (G1 Evacuation Pause) (young) 3239M->1405M(3732M), 0.0804839 secs]
10556.737: [GC pause (G1 Evacuation Pause) (young) 3219M->1410M(3732M), 0.0805893 secs]
10558.499: [GC pause (G1 Evacuation Pause) (young) 3236M->1403M(3732M), 0.0711152 secs]
10560.202: [GC pause (G1 Evacuation Pause) (young) 3317M->1479M(3732M), 0.0927719 secs]
10561.719: [GC pause (G1 Evacuation Pause) (young) 3206M->1506M(3732M), 0.1149339 secs]
10563.310: [GC pause (G1 Evacuation Pause) (young) 3165M->1525M(3732M), 0.1104991 secs]
10564.934: [GC pause (G1 Evacuation Pause) (young) 3236M->1529M(3732M), 0.0831847 secs]
10566.508: [GC pause (G1 Evacuation Pause) (young) 3241M->1569M(3732M), 0.0810330 secs]
10568.075: [GC pause (G1 Evacuation Pause) (young) 3272M->1575M(3732M), 0.0681609 secs]
10569.679: [GC pause (G1 Evacuation Pause) (young) 3251M->1579M(3732M), 0.0521677 secs]
10571.150: [GC pause (G1 Evacuation Pause) (young) 3262M->1590M(3732M), 0.0641955 secs]
10572.712: [GC pause (G1 Evacuation Pause) (young) 3253M->1599M(3732M), 0.0698138 secs]
10574.248: [GC pause (G1 Evacuation Pause) (young) 3234M->1612M(3732M), 0.0681605 secs]
10575.768: [GC pause (G1 Evacuation Pause) (young) 3239M->1619M(3732M), 0.0749381 secs]
10577.284: [GC pause (G1 Evacuation Pause) (young) 3235M->1617M(3732M), 0.0615245 secs]
10578.778: [GC pause (G1 Evacuation Pause) (young) 3262M->1640M(3732M), 0.0681016 secs]
10580.347: [GC pause (G1 Evacuation Pause) (young) 3239M->1636M(3732M), 0.0625481 secs]
10581.950: [GC pause (G1 Evacuation Pause) (young) 3248M->1628M(3732M), 0.0552444 secs]
10583.204: [GC pause (G1 Evacuation Pause) (young) 3337M->1740M(3732M), 0.1291427 secs]
10584.562: [GC pause (G1 Evacuation Pause) (young) 3153M->1747M(3732M), 0.0996844 secs]
10586.007: [GC pause (G1 Evacuation Pause) (young) (initial-mark) 3271M->1759M(3732M), 0.0576474 secs]
10586.065: [GC concurrent-root-region-scan-start]
10586.094: [GC concurrent-root-region-scan-end, 0.0289553 secs]
10586.094: [GC concurrent-mark-start]
10586.356: [GC concurrent-mark-end, 0.2624472 secs]
10586.357: [GC remark, 0.0077457 secs]
10586.365: [GC cleanup 2049M->765M(3732M), 0.0053986 secs]
10586.370: [GC concurrent-cleanup-start]
10586.373: [GC concurrent-cleanup-end, 0.0029146 secs]
10587.423: [GC pause (G1 Evacuation Pause) (young) 2012M->502M(3732M), 0.0545652 secs]
10589.342: [GC pause (G1 Evacuation Pause) (young) 2661M->515M(3732M), 0.0631122 secs]
10591.272: [GC pause (G1 Evacuation Pause) (young) 2656M->510M(3732M), 0.0622554 secs]
10593.242: [GC pause (G1 Evacuation Pause) (young) 2661M->542M(3732M), 0.0765513 secs]
10595.225: [GC pause (G1 Evacuation Pause) (young) 2661M->538M(3732M), 0.0738770 secs]
10597.142: [GC pause (G1 Evacuation Pause) (young) 2668M->552M(3732M), 0.0743437 secs]
10599.024: [GC pause (G1 Evacuation Pause) (young) 2663M->563M(3732M), 0.0800722 secs]
10600.964: [GC pause (G1 Evacuation Pause) (young) 2651M->556M(3732M), 0.0694558 secs]
10603.013: [GC pause (G1 Evacuation Pause) (young) 2661M->581M(3732M), 0.0842894 secs]
10604.887: [GC pause (G1 Evacuation Pause) (young) 2660M->581M(3732M), 0.0876566 secs]
10606.687: [GC pause (G1 Evacuation Pause) (young) 2761M->670M(3732M), 0.1579816 secs]
10608.599: [GC pause (G1 Evacuation Pause) (young) 2680M->680M(3732M), 0.1242924 secs]
10610.554: [GC pause (G1 Evacuation Pause) (young) 2764M->698M(3732M), 0.1198986 secs]
10612.557: [GC pause (G1 Evacuation Pause) (young) 2864M->716M(3732M), 0.0808171 secs]
10614.531: [GC pause (G1 Evacuation Pause) (young) 2867M->733M(3732M), 0.0712350 secs]
10616.430: [GC pause (G1 Evacuation Pause) (young) 2869M->741M(3732M), 0.0762646 secs]
10618.425: [GC pause (G1 Evacuation Pause) (young) 2869M->731M(3732M), 0.0662925 secs]
10620.407: [GC pause (G1 Evacuation Pause) (young) 2860M->735M(3732M), 0.0616295 secs]
10622.351: [GC pause (G1 Evacuation Pause) (young) 2869M->762M(3732M), 0.0770578 secs]
10624.297: [GC pause (G1 Evacuation Pause) (young) 2868M->769M(3732M), 0.0753106 secs]
10626.301: [GC pause (G1 Evacuation Pause) (young) 2876M->775M(3732M), 0.0849643 secs]
10628.149: [GC pause (G1 Evacuation Pause) (young) 2950M->860M(3732M), 0.1419240 secs]
10630.086: [GC pause (G1 Evacuation Pause) (young) 2869M->861M(3732M), 0.1073844 secs]
10632.096: [GC pause (G1 Evacuation Pause) (young) 2967M->898M(3732M), 0.1077198 secs]
10633.998: [GC pause (G1 Evacuation Pause) (young) 2970M->931M(3732M), 0.0919864 secs]
10636.017: [GC pause (G1 Evacuation Pause) (young) 3088M->939M(3732M), 0.0814221 secs]
10638.004: [GC pause (G1 Evacuation Pause) (young) 3088M->951M(3732M), 0.0710170 secs]
10639.982: [GC pause (G1 Evacuation Pause) (young) 3085M->954M(3732M), 0.0630025 secs]
10641.896: [GC pause (G1 Evacuation Pause) (young) 3083M->978M(3732M), 0.0678405 secs]
10643.880: [GC pause (G1 Evacuation Pause) (young) 3087M->985M(3732M), 0.0795068 secs]
10645.886: [GC pause (G1 Evacuation Pause) (young) 3088M->995M(3732M), 0.0867935 secs]
10647.803: [GC pause (G1 Evacuation Pause) (young) 3088M->993M(3732M), 0.0805953 secs]
10649.814: [GC pause (G1 Evacuation Pause) (young) 3095M->992M(3732M), 0.0851708 secs]
10651.665: [GC pause (G1 Evacuation Pause) (young) 3167M->1080M(3732M), 0.1329721 secs]
10653.500: [GC pause (G1 Evacuation Pause) (young) 3089M->1110M(3732M), 0.1220669 secs]
10655.230: [GC pause (G1 Evacuation Pause) (young) 3183M->1121M(3732M), 0.1182115 secs]
10657.217: [GC pause (G1 Evacuation Pause) (young) 3279M->1130M(3732M), 0.0777776 secs]
10659.159: [GC pause (G1 Evacuation Pause) (young) 3263M->1128M(3732M), 0.0572950 secs]
10661.088: [GC pause (G1 Evacuation Pause) (young) 3274M->1157M(3732M), 0.0745140 secs]
10663.020: [GC pause (G1 Evacuation Pause) (young) 3247M->1165M(3732M), 0.0745503 secs]
10664.806: [GC pause (G1 Evacuation Pause) (young) 3239M->1178M(3732M), 0.0774623 secs]
10666.688: [GC pause (G1 Evacuation Pause) (young) 3224M->1178M(3732M), 0.0793084 secs]
10668.570: [GC pause (G1 Evacuation Pause) (young) 3215M->1178M(3732M), 0.0706723 secs]
10670.471: [GC pause (G1 Evacuation Pause) (young) 3224M->1203M(3732M), 0.0828366 secs]
10672.358: [GC pause (G1 Evacuation Pause) (young) 3201M->1203M(3732M), 0.0845151 secs]
10673.984: [GC pause (G1 Evacuation Pause) (young) 3298M->1286M(3732M), 0.1371730 secs]
10675.789: [GC pause (G1 Evacuation Pause) (young) 3136M->1297M(3732M), 0.1028993 secs]
10677.656: [GC pause (G1 Evacuation Pause) (young) 3262M->1325M(3732M), 0.0750059 secs]
10679.462: [GC pause (G1 Evacuation Pause) (young) 3279M->1343M(3732M), 0.0682343 secs]
10681.269: [GC pause (G1 Evacuation Pause) (young) 3261M->1346M(3732M), 0.0681784 secs]
10683.080: [GC pause (G1 Evacuation Pause) (young) 3249M->1338M(3732M), 0.0541556 secs]
10684.798: [GC pause (G1 Evacuation Pause) (young) 3257M->1361M(3732M), 0.0672990 secs]
10686.494: [GC pause (G1 Evacuation Pause) (young) 3243M->1382M(3732M), 0.0779627 secs]
10688.213: [GC pause (G1 Evacuation Pause) (young) 3220M->1387M(3732M), 0.0844331 secs]
10689.893: [GC pause (G1 Evacuation Pause) (young) 3224M->1410M(3732M), 0.0828912 secs]
10691.443: [GC pause (G1 Evacuation Pause) (young) 3212M->1404M(3732M), 0.0778518 secs]
10693.215: [GC pause (G1 Evacuation Pause) (young) 3231M->1393M(3732M), 0.0646938 secs]
10695.050: [GC pause (G1 Evacuation Pause) (young) 3253M->1417M(3732M), 0.0750951 secs]
10696.553: [GC pause (G1 Evacuation Pause) (young) 3310M->1504M(3732M), 0.1458557 secs]
10698.164: [GC pause (G1 Evacuation Pause) (young) 3145M->1507M(3732M), 0.0914633 secs]
10699.746: [GC pause (G1 Evacuation Pause) (young) 3274M->1536M(3732M), 0.0553895 secs]
10701.315: [GC pause (G1 Evacuation Pause) (young) 3288M->1563M(3732M), 0.0650962 secs]
10702.950: [GC pause (G1 Evacuation Pause) (young) 3254M->1556M(3732M), 0.0515405 secs]
10704.538: [GC pause (G1 Evacuation Pause) (young) 3268M->1580M(3732M), 0.0667614 secs]
10706.033: [GC pause (G1 Evacuation Pause) (young) 3243M->1583M(3732M), 0.0678443 secs]
10707.567: [GC pause (G1 Evacuation Pause) (young) 3234M->1576M(3732M), 0.0608914 secs]
10709.139: [GC pause (G1 Evacuation Pause) (young) 3258M->1591M(3732M), 0.0644813 secs]
10710.663: [GC pause (G1 Evacuation Pause) (young) 3252M->1611M(3732M), 0.0735544 secs]
10712.173: [GC pause (G1 Evacuation Pause) (young) 3224M->1622M(3732M), 0.0729660 secs]
10713.712: [GC pause (G1 Evacuation Pause) (young) 3239M->1647M(3732M), 0.0751105 secs]
10715.206: [GC pause (G1 Evacuation Pause) (young) 3244M->1648M(3732M), 0.0670955 secs]
10716.766: [GC pause (G1 Evacuation Pause) (young) 3246M->1634M(3732M), 0.0500254 secs]
10717.899: [GC pause (G1 Evacuation Pause) (young) 3343M->1734M(3732M), 0.1129874 secs]
10719.325: [GC pause (G1 Evacuation Pause) (young) 3169M->1747M(3732M), 0.1041332 secs]
10720.561: [GC pause (G1 Humongous Allocation) (young) (initial-mark) 2987M->1756M(3732M), 0.0509108 secs]
10720.612: [GC concurrent-root-region-scan-start]
10720.636: [GC concurrent-root-region-scan-end, 0.0244519 secs]
10720.636: [GC concurrent-mark-start]
10720.924: [GC concurrent-mark-end, 0.2884150 secs]
10720.925: [GC remark, 0.0069218 secs]
10720.932: [GC cleanup 2083M->833M(3732M), 0.0042406 secs]
10720.936: [GC concurrent-cleanup-start]
10720.939: [GC concurrent-cleanup-end, 0.0023211 secs]
10721.787: [GC pause (G1 Evacuation Pause) (young) 2048M->534M(3732M), 0.0499960 secs]
10721.915: [GC pause (G1 Evacuation Pause) (mixed) 628M->515M(3732M), 0.0288440 secs]
10723.978: [GC pause (G1 Evacuation Pause) (young) 2748M->558M(3732M), 0.0674343 secs]
10725.940: [GC pause (G1 Evacuation Pause) (young) 2747M->582M(3732M), 0.0550652 secs]
10727.962: [GC pause (G1 Evacuation Pause) (young) 2751M->610M(3732M), 0.0699922 secs]
10729.891: [GC pause (G1 Evacuation Pause) (young) 2749M->613M(3732M), 0.0722198 secs]
10731.838: [GC pause (G1 Evacuation Pause) (young) 2748M->621M(3732M), 0.0788003 secs]
10733.840: [GC pause (G1 Evacuation Pause) (young) 2748M->636M(3732M), 0.0806644 secs]
10735.700: [GC pause (G1 Evacuation Pause) (young) 2740M->632M(3732M), 0.0716455 secs]
10737.650: [GC pause (G1 Evacuation Pause) (young) 2749M->655M(3732M), 0.0785276 secs]
10739.494: [GC pause (G1 Evacuation Pause) (young) 2829M->732M(3732M), 0.1115393 secs]
10741.349: [GC pause (G1 Evacuation Pause) (young) 2818M->753M(3732M), 0.1251670 secs]
10743.159: [GC pause (G1 Evacuation Pause) (young) 2804M->772M(3732M), 0.0997385 secs]
10745.123: [GC pause (G1 Evacuation Pause) (young) 2903M->776M(3732M), 0.0842121 secs]
10747.126: [GC pause (G1 Evacuation Pause) (young) 2907M->807M(3732M), 0.0886439 secs]
10749.059: [GC pause (G1 Evacuation Pause) (young) 2908M->812M(3732M), 0.0862985 secs]
10750.981: [GC pause (G1 Evacuation Pause) (young) 2907M->823M(3732M), 0.0849477 secs]
10752.915: [GC pause (G1 Evacuation Pause) (young) 2956M->833M(3732M), 0.0888462 secs]
10754.894: [GC pause (G1 Evacuation Pause) (young) 2947M->832M(3732M), 0.0636199 secs]
10756.795: [GC pause (G1 Evacuation Pause) (young) 2955M->859M(3732M), 0.0813940 secs]
10758.645: [GC pause (G1 Evacuation Pause) (young) 2956M->867M(3732M), 0.0780272 secs]
10760.610: [GC pause (G1 Evacuation Pause) (young) 2974M->856M(3732M), 0.0671186 secs]
10762.247: [GC pause (G1 Evacuation Pause) (young) 3052M->971M(3732M), 0.1153661 secs]
10764.082: [GC pause (G1 Evacuation Pause) (young) 3000M->947M(3732M), 0.1073844 secs]
10765.916: [GC pause (G1 Evacuation Pause) (young) 3034M->991M(3732M), 0.1223792 secs]
10767.791: [GC pause (G1 Evacuation Pause) (young) 3065M->1020M(3732M), 0.1152611 secs]
10769.761: [GC pause (G1 Evacuation Pause) (young) 3159M->1028M(3732M), 0.0894375 secs]
10771.744: [GC pause (G1 Evacuation Pause) (young) 3159M->1038M(3732M), 0.0667764 secs]
10773.656: [GC pause (G1 Evacuation Pause) (young) 3155M->1051M(3732M), 0.0748127 secs]
10775.520: [GC pause (G1 Evacuation Pause) (young) 3158M->1064M(3732M), 0.0813082 secs]
10777.453: [GC pause (G1 Evacuation Pause) (young) 3159M->1074M(3732M), 0.0836843 secs]
10779.371: [GC pause (G1 Evacuation Pause) (young) 3183M->1081M(3732M), 0.0897003 secs]
10781.396: [GC pause (G1 Evacuation Pause) (young) 3184M->1090M(3732M), 0.0803286 secs]
10783.469: [GC pause (G1 Evacuation Pause) (young) 3183M->1073M(3732M), 0.0671216 secs]
10785.188: [GC pause (G1 Evacuation Pause) (young) 3269M->1156M(3732M), 0.1262222 secs]
10787.115: [GC pause (G1 Evacuation Pause) (young) 3156M->1189M(3732M), 0.1170838 secs]
10788.999: [GC pause (G1 Evacuation Pause) (young) 3190M->1203M(3732M), 0.1134678 secs]
10790.950: [GC pause (G1 Evacuation Pause) (young) 3282M->1217M(3732M), 0.0648269 secs]
10792.815: [GC pause (G1 Evacuation Pause) (young) 3278M->1222M(3732M), 0.0548058 secs]
10794.612: [GC pause (G1 Evacuation Pause) (young) 3273M->1252M(3732M), 0.0707572 secs]
10796.386: [GC pause (G1 Evacuation Pause) (young) 3243M->1258M(3732M), 0.0694034 secs]
10798.239: [GC pause (G1 Evacuation Pause) (young) 3237M->1260M(3732M), 0.0760611 secs]
10800.002: [GC pause (G1 Evacuation Pause) (young) 3227M->1262M(3732M), 0.0650172 secs]
10801.720: [GC pause (G1 Evacuation Pause) (young) 3233M->1287M(3732M), 0.0773697 secs]
10803.485: [GC pause (G1 Evacuation Pause) (young) 3210M->1288M(3732M), 0.0775011 secs]
10805.370: [GC pause (G1 Evacuation Pause) (young) 3283M->1343M(3732M), 0.0983258 secs]
10807.044: [GC pause (G1 Evacuation Pause) (young) 3255M->1375M(3732M), 0.1345558 secs]
10808.785: [GC pause (G1 Evacuation Pause) (young) 3135M->1396M(3732M), 0.1169469 secs]
10810.571: [GC pause (G1 Evacuation Pause) (young) 3277M->1434M(3732M), 0.0789987 secs]
10812.261: [GC pause (G1 Evacuation Pause) (young) 3279M->1447M(3732M), 0.0614273 secs]
10813.863: [GC pause (G1 Evacuation Pause) (young) 3255M->1447M(3732M), 0.0562944 secs]
10815.534: [GC pause (G1 Evacuation Pause) (young) 3264M->1474M(3732M), 0.0682360 secs]
10817.142: [GC pause (G1 Evacuation Pause) (young) 3233M->1467M(3732M), 0.0588242 secs]
10818.733: [GC pause (G1 Evacuation Pause) (young) 3235M->1468M(3732M), 0.0584491 secs]
10820.350: [GC pause (G1 Evacuation Pause) (young) 3245M->1506M(3732M), 0.0795295 secs]
10821.922: [GC pause (G1 Evacuation Pause) (young) 3207M->1505M(3732M), 0.0871783 secs]
10823.542: [GC pause (G1 Evacuation Pause) (young) 3231M->1497M(3732M), 0.0686362 secs]
10825.136: [GC pause (G1 Evacuation Pause) (young) 3248M->1521M(3732M), 0.0739973 secs]
10826.751: [GC pause (G1 Evacuation Pause) (young) 3224M->1519M(3732M), 0.0717274 secs]
10828.263: [GC pause (G1 Evacuation Pause) (young) 3327M->1616M(3732M), 0.1062853 secs]
10829.670: [GC pause (G1 Evacuation Pause) (young) 3179M->1618M(3732M), 0.1084123 secs]
10831.134: [GC pause (G1 Evacuation Pause) (young) 3199M->1624M(3732M), 0.0968342 secs]
10832.671: [GC pause (G1 Evacuation Pause) (young) 3269M->1657M(3732M), 0.0864841 secs]
10834.167: [GC pause (G1 Evacuation Pause) (young) 3243M->1671M(3732M), 0.0705097 secs]
10835.689: [GC pause (G1 Evacuation Pause) (young) 3268M->1664M(3732M), 0.0578795 secs]
10837.169: [GC pause (G1 Evacuation Pause) (young) 3281M->1685M(3732M), 0.0603273 secs]
10838.627: [GC pause (G1 Evacuation Pause) (young) 3256M->1683M(3732M), 0.0510528 secs]
10840.037: [GC pause (G1 Evacuation Pause) (young) 3258M->1709M(3732M), 0.0645419 secs]
10841.431: [GC pause (G1 Evacuation Pause) (young) 3238M->1704M(3732M), 0.0638413 secs]
10842.858: [GC pause (G1 Evacuation Pause) (young) 3250M->1719M(3732M), 0.0681298 secs]
10844.321: [GC pause (G1 Evacuation Pause) (young) 3246M->1722M(3732M), 0.0662631 secs]
10845.739: [GC pause (G1 Evacuation Pause) (young) 3244M->1708M(3732M), 0.0523640 secs]
10847.156: [GC pause (G1 Evacuation Pause) (young) 3273M->1743M(3732M), 0.0657805 secs]
10848.555: [GC pause (G1 Evacuation Pause) (young) 3240M->1738M(3732M), 0.0677918 secs]
10849.835: [GC pause (G1 Humongous Allocation) (young) (initial-mark) 3013M->1771M(3732M), 0.0699145 secs]
10849.905: [GC concurrent-root-region-scan-start]
10849.954: [GC concurrent-root-region-scan-end, 0.0492318 secs]
10849.954: [GC concurrent-mark-start]
10850.180: [GC concurrent-mark-end, 0.2256006 secs]
10850.180: [GC remark, 0.0076681 secs]
10850.188: [GC cleanup 2157M->1053M(3732M), 0.0041135 secs]
10850.192: [GC concurrent-cleanup-start]
10850.194: [GC concurrent-cleanup-end, 0.0019452 secs]
10851.018: [GC pause (G1 Evacuation Pause) (young) 2195M->718M(3732M), 0.1177012 secs]
10851.141: [GC pause (G1 Evacuation Pause) (mixed) 722M->656M(3732M), 0.0860246 secs]
10853.225: [GC pause (G1 Evacuation Pause) (young) 2891M->701M(3732M), 0.0679476 secs]
10855.286: [GC pause (G1 Evacuation Pause) (young) 2889M->724M(3732M), 0.0551941 secs]
10857.282: [GC pause (G1 Evacuation Pause) (young) 2895M->751M(3732M), 0.0648440 secs]
10859.283: [GC pause (G1 Evacuation Pause) (young) 2892M->762M(3732M), 0.0754305 secs]
10861.293: [GC pause (G1 Evacuation Pause) (young) 2891M->770M(3732M), 0.0768457 secs]
10863.240: [GC pause (G1 Evacuation Pause) (young) 2891M->783M(3732M), 0.0786467 secs]
10865.217: [GC pause (G1 Evacuation Pause) (young) 2892M->786M(3732M), 0.0775676 secs]
10867.158: [GC pause (G1 Evacuation Pause) (young) 2886M->812M(3732M), 0.0837667 secs]
10869.060: [GC pause (G1 Evacuation Pause) (young) 2891M->814M(3732M), 0.0920897 secs]
10871.072: [GC pause (G1 Evacuation Pause) (young) 2911M->820M(3732M), 0.0870938 secs]
10873.215: [GC pause (G1 Evacuation Pause) (young) 2936M->815M(3732M), 0.0765791 secs]
10874.924: [GC pause (G1 Evacuation Pause) (young) 3015M->907M(3732M), 0.1390708 secs]
10876.757: [GC pause (G1 Evacuation Pause) (young) 2922M->903M(3732M), 0.1086401 secs]
10878.674: [GC pause (G1 Evacuation Pause) (young) 3002M->946M(3732M), 0.1068187 secs]
10880.685: [GC pause (G1 Evacuation Pause) (young) 3113M->965M(3732M), 0.0821176 secs]
10882.661: [GC pause (G1 Evacuation Pause) (young) 3114M->976M(3732M), 0.0684728 secs]
10884.514: [GC pause (G1 Evacuation Pause) (young) 3113M->986M(3732M), 0.0732545 secs]
10886.472: [GC pause (G1 Evacuation Pause) (young) 3105M->986M(3732M), 0.0672956 secs]
10888.377: [GC pause (G1 Evacuation Pause) (young) 3113M->1014M(3732M), 0.0826723 secs]
10890.302: [GC pause (G1 Evacuation Pause) (young) 3113M->1022M(3732M), 0.0830200 secs]
10892.244: [GC pause (G1 Evacuation Pause) (young) 3113M->1018M(3732M), 0.0781445 secs]
10894.229: [GC pause (G1 Evacuation Pause) (young) 3137M->1026M(3732M), 0.0818808 secs]
10895.887: [GC pause (G1 Evacuation Pause) (young) 3212M->1116M(3732M), 0.1438930 secs]
10897.818: [GC pause (G1 Evacuation Pause) (young) 3122M->1113M(3732M), 0.1103566 secs]
10899.764: [GC pause (G1 Evacuation Pause) (young) 3214M->1145M(3732M), 0.1124856 secs]
10901.600: [GC pause (G1 Evacuation Pause) (young) 3184M->1191M(3732M), 0.0935156 secs]
10903.426: [GC pause (G1 Evacuation Pause) (young) 3284M->1205M(3732M), 0.0797799 secs]
10905.277: [GC pause (G1 Evacuation Pause) (young) 3255M->1210M(3732M), 0.0577554 secs]
10907.140: [GC pause (G1 Evacuation Pause) (young) 3261M->1239M(3732M), 0.0771589 secs]
10908.888: [GC pause (G1 Evacuation Pause) (young) 3230M->1240M(3732M), 0.0722138 secs]
10910.791: [GC pause (G1 Evacuation Pause) (young) 3231M->1248M(3732M), 0.0775147 secs]
10912.633: [GC pause (G1 Evacuation Pause) (young) 3214M->1248M(3732M), 0.0728897 secs]
10914.390: [GC pause (G1 Evacuation Pause) (young) 3223M->1270M(3732M), 0.0798785 secs]
10916.367: [GC pause (G1 Evacuation Pause) (young) 3201M->1268M(3732M), 0.0803708 secs]
10917.923: [GC pause (G1 Evacuation Pause) (young) 3305M->1363M(3732M), 0.1527336 secs]
10919.686: [GC pause (G1 Evacuation Pause) (young) 3119M->1363M(3732M), 0.1049247 secs]
10921.467: [GC pause (G1 Evacuation Pause) (young) 3276M->1400M(3732M), 0.0747009 secs]
10923.182: [GC pause (G1 Evacuation Pause) (young) 3281M->1414M(3732M), 0.0646008 secs]
10924.761: [GC pause (G1 Evacuation Pause) (young) 3267M->1417M(3732M), 0.0617178 secs]
10926.425: [GC pause (G1 Evacuation Pause) (young) 3253M->1428M(3732M), 0.0603226 secs]
10928.036: [GC pause (G1 Evacuation Pause) (young) 3253M->1442M(3732M), 0.0710567 secs]
10929.682: [GC pause (G1 Evacuation Pause) (young) 3239M->1449M(3732M), 0.0709040 secs]
10931.390: [GC pause (G1 Evacuation Pause) (young) 3221M->1441M(3732M), 0.0641413 secs]
10933.075: [GC pause (G1 Evacuation Pause) (young) 3254M->1468M(3732M), 0.0766699 secs]
10934.681: [GC pause (G1 Evacuation Pause) (young) 3221M->1465M(3732M), 0.0647804 secs]
10936.404: [GC pause (G1 Evacuation Pause) (young) 3240M->1458M(3732M), 0.0566716 secs]
10938.139: [GC pause (G1 Evacuation Pause) (young) 3250M->1460M(3732M), 0.0598234 secs]
10939.514: [GC pause (G1 Evacuation Pause) (young) 3330M->1573M(3732M), 0.1274617 secs]
10941.098: [GC pause (G1 Evacuation Pause) (young) 3130M->1564M(3732M), 0.1168453 secs]
10942.677: [GC pause (G1 Evacuation Pause) (young) 3275M->1595M(3732M), 0.0680086 secs]
10944.206: [GC pause (G1 Evacuation Pause) (young) 3285M->1607M(3732M), 0.0594706 secs]
10945.682: [GC pause (G1 Evacuation Pause) (young) 3264M->1603M(3732M), 0.0510255 secs]
10947.197: [GC pause (G1 Evacuation Pause) (young) 3277M->1628M(3732M), 0.0662302 secs]
10948.720: [GC pause (G1 Evacuation Pause) (young) 3254M->1630M(3732M), 0.0628830 secs]
10950.171: [GC pause (G1 Evacuation Pause) (young) 3238M->1637M(3732M), 0.0579964 secs]
10951.640: [GC pause (G1 Evacuation Pause) (young) 3243M->1652M(3732M), 0.0733479 secs]
10953.134: [GC pause (G1 Evacuation Pause) (young) 3243M->1655M(3732M), 0.0632999 secs]
10954.534: [GC pause (G1 Evacuation Pause) (young) 3243M->1674M(3732M), 0.0676971 secs]
10956.002: [GC pause (G1 Evacuation Pause) (young) 3233M->1671M(3732M), 0.0678482 secs]
10957.459: [GC pause (G1 Evacuation Pause) (young) 3239M->1677M(3732M), 0.0612745 secs]
10958.978: [GC pause (G1 Evacuation Pause) (young) 3255M->1686M(3732M), 0.0693765 secs]
10960.576: [GC pause (G1 Evacuation Pause) (young) 3249M->1676M(3732M), 0.0574162 secs]
10961.779: [GC pause (G1 Evacuation Pause) (young) 3327M->1767M(3732M), 0.1166951 secs]
10963.138: [GC pause (G1 Evacuation Pause) (young) 3170M->1783M(3732M), 0.1076088 secs]
10963.705: [GC pause (G1 Humongous Allocation) (young) (initial-mark) 2273M->1780M(3732M), 0.0401387 secs]
10963.745: [GC concurrent-root-region-scan-start]
10963.764: [GC concurrent-root-region-scan-end, 0.0187755 secs]
10963.764: [GC concurrent-mark-start]
10964.018: [GC concurrent-mark-end, 0.2540661 secs]
10964.018: [GC remark, 0.0072333 secs]
10964.026: [GC cleanup 2067M->759M(3732M), 0.0057429 secs]
10964.032: [GC concurrent-cleanup-start]
10964.034: [GC concurrent-cleanup-end, 0.0027063 secs]
10965.037: [GC pause (G1 Evacuation Pause) (young) 1984M->496M(3732M), 0.0419985 secs]
10966.938: [GC pause (G1 Evacuation Pause) (young) 2675M->513M(3732M), 0.0589539 secs]
10968.891: [GC pause (G1 Evacuation Pause) (young) 2682M->531M(3732M), 0.0692869 secs]
10970.828: [GC pause (G1 Evacuation Pause) (young) 2676M->541M(3732M), 0.0697793 secs]
10972.671: [GC pause (G1 Evacuation Pause) (young) 2676M->548M(3732M), 0.0682996 secs]
10974.605: [GC pause (G1 Evacuation Pause) (young) 2666M->547M(3732M), 0.0684656 secs]
10976.576: [GC pause (G1 Evacuation Pause) (young) 2676M->579M(3732M), 0.0809584 secs]
10978.537: [GC pause (G1 Evacuation Pause) (young) 2676M->587M(3732M), 0.0871489 secs]
10980.521: [GC pause (G1 Evacuation Pause) (young) 2690M->586M(3732M), 0.0804429 secs]
10982.474: [GC pause (G1 Evacuation Pause) (young) 2684M->575M(3732M), 0.0605547 secs]
10984.014: [GC pause (G1 Evacuation Pause) (young) 2770M->689M(3732M), 0.1486828 secs]
10985.866: [GC pause (G1 Evacuation Pause) (young) 2690M->693M(3732M), 0.1261121 secs]
10987.730: [GC pause (G1 Evacuation Pause) (young) 2778M->716M(3732M), 0.1082958 secs]
10989.764: [GC pause (G1 Evacuation Pause) (young) 2879M->713M(3732M), 0.0683849 secs]
10991.721: [GC pause (G1 Evacuation Pause) (young) 2875M->713M(3732M), 0.0528508 secs]
10993.719: [GC pause (G1 Evacuation Pause) (young) 2880M->741M(3732M), 0.0654307 secs]
10995.701: [GC pause (G1 Evacuation Pause) (young) 2886M->761M(3732M), 0.0782495 secs]
10997.665: [GC pause (G1 Evacuation Pause) (young) 2880M->770M(3732M), 0.0762352 secs]
10999.586: [GC pause (G1 Evacuation Pause) (young) 2879M->774M(3732M), 0.0810249 secs]
11001.454: [GC pause (G1 Evacuation Pause) (young) 2870M->773M(3732M), 0.0707632 secs]
11003.358: [GC pause (G1 Evacuation Pause) (young) 2880M->775M(3732M), 0.0724694 secs]
11005.196: [GC pause (G1 Evacuation Pause) (young) 2967M->892M(3732M), 0.1228797 secs]
11007.016: [GC pause (G1 Evacuation Pause) (young) 2922M->885M(3732M), 0.1399220 secs]
11008.904: [GC pause (G1 Evacuation Pause) (young) 2946M->904M(3732M), 0.1157322 secs]
11010.797: [GC pause (G1 Evacuation Pause) (young) 3045M->914M(3732M), 0.0807736 secs]
11012.722: [GC pause (G1 Evacuation Pause) (young) 3036M->915M(3732M), 0.0694021 secs]
11014.674: [GC pause (G1 Evacuation Pause) (young) 3044M->946M(3732M), 0.0865720 secs]
11016.609: [GC pause (G1 Evacuation Pause) (young) 3045M->959M(3732M), 0.0847996 secs]
11018.598: [GC pause (G1 Evacuation Pause) (young) 3090M->956M(3732M), 0.0767693 secs]
11020.537: [GC pause (G1 Evacuation Pause) (young) 3087M->968M(3732M), 0.0751894 secs]
11022.499: [GC pause (G1 Evacuation Pause) (young) 3076M->968M(3732M), 0.0691900 secs]
11024.411: [GC pause (G1 Evacuation Pause) (young) 3085M->998M(3732M), 0.0825959 secs]
11026.350: [GC pause (G1 Evacuation Pause) (young) 3085M->981M(3732M), 0.0669577 secs]
11028.011: [GC pause (G1 Evacuation Pause) (young) 3177M->1075M(3732M), 0.1377157 secs]
11029.887: [GC pause (G1 Evacuation Pause) (young) 3103M->1090M(3732M), 0.1153742 secs]
11031.844: [GC pause (G1 Evacuation Pause) (young) 3168M->1105M(3732M), 0.1017016 secs]
11033.775: [GC pause (G1 Evacuation Pause) (young) 3278M->1131M(3732M), 0.0789560 secs]
11035.763: [GC pause (G1 Evacuation Pause) (young) 3266M->1139M(3732M), 0.0646529 secs]
11037.672: [GC pause (G1 Evacuation Pause) (young) 3258M->1151M(3732M), 0.0710196 secs]
11039.590: [GC pause (G1 Evacuation Pause) (young) 3246M->1159M(3732M), 0.0743647 secs]
11041.534: [GC pause (G1 Evacuation Pause) (young) 3238M->1164M(3732M), 0.0664508 secs]
11043.438: [GC pause (G1 Evacuation Pause) (young) 3228M->1191M(3732M), 0.0844839 secs]
11045.282: [GC pause (G1 Evacuation Pause) (young) 3206M->1192M(3732M), 0.0832150 secs]
11047.030: [GC pause (G1 Evacuation Pause) (young) 3214M->1183M(3732M), 0.0713370 secs]
11048.973: [GC pause (G1 Evacuation Pause) (young) 3246M->1187M(3732M), 0.0773833 secs]
11050.611: [GC pause (G1 Evacuation Pause) (young) 3317M->1279M(3732M), 0.1409751 secs]
11052.381: [GC pause (G1 Evacuation Pause) (young) 3135M->1300M(3732M), 0.1204327 secs]
11054.285: [GC pause (G1 Evacuation Pause) (young) 3275M->1336M(3732M), 0.0777818 secs]
11056.050: [GC pause (G1 Evacuation Pause) (young) 3271M->1342M(3732M), 0.0533803 secs]
11057.716: [GC pause (G1 Evacuation Pause) (young) 3273M->1373M(3732M), 0.0696935 secs]
11059.348: [GC pause (G1 Evacuation Pause) (young) 3238M->1371M(3732M), 0.0634834 secs]
11061.069: [GC pause (G1 Evacuation Pause) (young) 3246M->1374M(3732M), 0.0658300 secs]
11062.802: [GC pause (G1 Evacuation Pause) (young) 3233M->1374M(3732M), 0.0618991 secs]
11064.463: [GC pause (G1 Evacuation Pause) (young) 3241M->1398M(3732M), 0.0740835 secs]
11066.140: [GC pause (G1 Evacuation Pause) (young) 3217M->1409M(3732M), 0.0802211 secs]
11067.880: [GC pause (G1 Evacuation Pause) (young) 3230M->1408M(3732M), 0.0711966 secs]
11069.621: [GC pause (G1 Evacuation Pause) (young) 3248M->1408M(3732M), 0.0565479 secs]
11071.200: [GC pause (G1 Evacuation Pause) (young) 3331M->1503M(3732M), 0.0877867 secs]
11072.475: [GC pause (G1 Evacuation Pause) (young) 3192M->1514M(3732M), 0.1200863 secs]
11074.059: [GC pause (G1 Evacuation Pause) (young) 3178M->1533M(3732M), 0.1004908 secs]
11075.604: [GC pause (G1 Evacuation Pause) (young) 3246M->1546M(3732M), 0.0870149 secs]
11077.195: [GC pause (G1 Evacuation Pause) (young) 3235M->1574M(3732M), 0.0629722 secs]
11078.749: [GC pause (G1 Evacuation Pause) (young) 3289M->1606M(3732M), 0.0831109 secs]
11080.301: [GC pause (G1 Evacuation Pause) (young) 3263M->1611M(3732M), 0.0626407 secs]
11081.879: [GC pause (G1 Evacuation Pause) (young) 3251M->1606M(3732M), 0.0553810 secs]
11083.358: [GC pause (G1 Evacuation Pause) (young) 3263M->1627M(3732M), 0.0672897 secs]
11084.813: [GC pause (G1 Evacuation Pause) (young) 3244M->1631M(3732M), 0.0666189 secs]
11086.295: [GC pause (G1 Evacuation Pause) (young) 3240M->1647M(3732M), 0.0715226 secs]
11087.796: [GC pause (G1 Evacuation Pause) (young) 3226M->1643M(3732M), 0.0667175 secs]
11089.344: [GC pause (G1 Evacuation Pause) (young) 3247M->1647M(3732M), 0.0620207 secs]
11090.723: [GC pause (G1 Evacuation Pause) (young) 3252M->1667M(3732M), 0.0741987 secs]
11092.194: [GC pause (G1 Evacuation Pause) (young) 3232M->1667M(3732M), 0.0691632 secs]
11093.620: [GC pause (G1 Evacuation Pause) (young) 3339M->1749M(3732M), 0.0940259 secs]
11094.796: [GC pause (G1 Evacuation Pause) (young) 3206M->1763M(3732M), 0.1055361 secs]
11096.200: [GC pause (G1 Evacuation Pause) (young) 3200M->1765M(3732M), 0.0918358 secs]
11097.590: [GC pause (G1 Evacuation Pause) (young) 3256M->1792M(3732M), 0.0949215 secs]
11098.352: [GC pause (G1 Humongous Allocation) (young) (initial-mark) 2501M->1795M(3732M), 0.0507200 secs]
11098.402: [GC concurrent-root-region-scan-start]
11098.423: [GC concurrent-root-region-scan-end, 0.0208845 secs]
11098.423: [GC concurrent-mark-start]
11098.645: [GC concurrent-mark-end, 0.2220584 secs]
11098.646: [GC remark, 0.0066795 secs]
11098.653: [GC cleanup 2129M->837M(3732M), 0.0045854 secs]
11098.657: [GC concurrent-cleanup-start]
11098.660: [GC concurrent-cleanup-end, 0.0025621 secs]
11099.539: [GC pause (G1 Evacuation Pause) (young) 1998M->530M(3732M), 0.0731077 secs]
11099.693: [GC pause (G1 Evacuation Pause) (mixed) 618M->536M(3732M), 0.0330846 secs]
11101.665: [GC pause (G1 Evacuation Pause) (young) 2776M->584M(3732M), 0.0623190 secs]
11103.710: [GC pause (G1 Evacuation Pause) (young) 2774M->606M(3732M), 0.0648124 secs]
11105.649: [GC pause (G1 Evacuation Pause) (young) 2769M->613M(3732M), 0.0574392 secs]
11107.612: [GC pause (G1 Evacuation Pause) (young) 2762M->617M(3732M), 0.0659286 secs]
11109.550: [GC pause (G1 Evacuation Pause) (young) 2770M->646M(3732M), 0.0777289 secs]
11111.474: [GC pause (G1 Evacuation Pause) (young) 2769M->654M(3732M), 0.0799890 secs]
11113.491: [GC pause (G1 Evacuation Pause) (young) 2769M->657M(3732M), 0.0749505 secs]
11115.390: [GC pause (G1 Evacuation Pause) (young) 2851M->715M(3732M), 0.0847659 secs]
11117.025: [GC pause (G1 Evacuation Pause) (young) 2802M->725M(3732M), 0.1067849 secs]
11118.921: [GC pause (G1 Evacuation Pause) (young) 2786M->766M(3732M), 0.1144005 secs]
11120.845: [GC pause (G1 Evacuation Pause) (young) 2844M->795M(3732M), 0.1141505 secs]
11122.759: [GC pause (G1 Evacuation Pause) (young) 2899M->802M(3732M), 0.0995576 secs]
11124.768: [GC pause (G1 Evacuation Pause) (young) 2887M->809M(3732M), 0.0735984 secs]
11126.777: [GC pause (G1 Evacuation Pause) (young) 2966M->833M(3732M), 0.0844899 secs]
11128.750: [GC pause (G1 Evacuation Pause) (young) 2979M->851M(3732M), 0.0719634 secs]
11130.732: [GC pause (G1 Evacuation Pause) (young) 2976M->858M(3732M), 0.0713938 secs]
11132.742: [GC pause (G1 Evacuation Pause) (young) 2971M->866M(3732M), 0.0812767 secs]
11134.721: [GC pause (G1 Evacuation Pause) (young) 2963M->857M(3732M), 0.0693816 secs]
11136.707: [GC pause (G1 Evacuation Pause) (young) 2972M->866M(3732M), 0.0710789 secs]
11138.319: [GC pause (G1 Evacuation Pause) (young) 3052M->961M(3732M), 0.1205770 secs]
11140.029: [GC pause (G1 Evacuation Pause) (young) 2979M->974M(3732M), 0.1324613 secs]
11141.999: [GC pause (G1 Evacuation Pause) (young) 3063M->996M(3732M), 0.1169959 secs]
11144.052: [GC pause (G1 Evacuation Pause) (young) 3163M->1005M(3732M), 0.0798418 secs]
11146.015: [GC pause (G1 Evacuation Pause) (young) 3154M->1006M(3732M), 0.0573974 secs]
11147.952: [GC pause (G1 Evacuation Pause) (young) 3163M->1033M(3732M), 0.0745183 secs]
11149.909: [GC pause (G1 Evacuation Pause) (young) 3162M->1044M(3732M), 0.0736222 secs]
11151.759: [GC pause (G1 Evacuation Pause) (young) 3163M->1050M(3732M), 0.0760769 secs]
11153.668: [GC pause (G1 Evacuation Pause) (young) 3163M->1061M(3732M), 0.0801541 secs]
11155.530: [GC pause (G1 Evacuation Pause) (young) 3154M->1057M(3732M), 0.0759160 secs]
11157.345: [GC pause (G1 Evacuation Pause) (young) 3162M->1083M(3732M), 0.0765389 secs]
11159.208: [GC pause (G1 Evacuation Pause) (young) 3169M->1076M(3732M), 0.0743851 secs]
11160.809: [GC pause (G1 Evacuation Pause) (young) 3266M->1166M(3732M), 0.1518563 secs]
11162.695: [GC pause (G1 Evacuation Pause) (young) 3135M->1180M(3732M), 0.1196059 secs]
11164.478: [GC pause (G1 Evacuation Pause) (young) 3189M->1189M(3732M), 0.0921848 secs]
11166.362: [GC pause (G1 Evacuation Pause) (young) 3278M->1219M(3732M), 0.0744696 secs]
11168.219: [GC pause (G1 Evacuation Pause) (young) 3264M->1230M(3732M), 0.0703105 secs]
11170.093: [GC pause (G1 Evacuation Pause) (young) 3255M->1233M(3732M), 0.0698036 secs]
11171.937: [GC pause (G1 Evacuation Pause) (young) 3250M->1241M(3732M), 0.0721554 secs]
11173.876: [GC pause (G1 Evacuation Pause) (young) 3233M->1241M(3732M), 0.0668869 secs]
11175.675: [GC pause (G1 Evacuation Pause) (young) 3242M->1273M(3732M), 0.0821628 secs]
11177.496: [GC pause (G1 Evacuation Pause) (young) 3210M->1277M(3732M), 0.0844135 secs]
11179.266: [GC pause (G1 Evacuation Pause) (young) 3226M->1264M(3732M), 0.0677266 secs]
11181.100: [GC pause (G1 Evacuation Pause) (young) 3328M->1311M(3732M), 0.0700067 secs]
11182.563: [GC pause (G1 Evacuation Pause) (young) 3225M->1371M(3732M), 0.1237121 secs]
11184.222: [GC pause (G1 Evacuation Pause) (young) 3132M->1378M(3732M), 0.1162365 secs]
11185.958: [GC pause (G1 Evacuation Pause) (young) 3190M->1385M(3732M), 0.0978860 secs]
11187.657: [GC pause (G1 Evacuation Pause) (young) 3282M->1412M(3732M), 0.0723815 secs]
11189.307: [GC pause (G1 Evacuation Pause) (young) 3267M->1418M(3732M), 0.0636536 secs]
11191.026: [GC pause (G1 Evacuation Pause) (young) 3261M->1424M(3732M), 0.0579546 secs]
11192.619: [GC pause (G1 Evacuation Pause) (young) 3251M->1438M(3732M), 0.0659585 secs]
11194.238: [GC pause (G1 Evacuation Pause) (young) 3241M->1441M(3732M), 0.0710776 secs]
11195.964: [GC pause (G1 Evacuation Pause) (young) 3231M->1440M(3732M), 0.0595815 secs]
11197.623: [GC pause (G1 Evacuation Pause) (young) 3239M->1469M(3732M), 0.0773116 secs]
11199.237: [GC pause (G1 Evacuation Pause) (young) 3212M->1470M(3732M), 0.0730940 secs]
11201.008: [GC pause (G1 Evacuation Pause) (young) 3233M->1471M(3732M), 0.0627427 secs]
11202.331: [GC pause (G1 Evacuation Pause) (young) 3239M->1465M(3732M), 0.0608909 secs]
11203.730: [GC pause (G1 Evacuation Pause) (young) 3332M->1574M(3732M), 0.1349317 secs]
11205.254: [GC pause (G1 Evacuation Pause) (young) 3144M->1578M(3732M), 0.1168479 secs]
11206.870: [GC pause (G1 Evacuation Pause) (young) 3268M->1600M(3732M), 0.0793174 secs]
11208.368: [GC pause (G1 Evacuation Pause) (young) 3285M->1618M(3732M), 0.0589445 secs]
11209.887: [GC pause (G1 Evacuation Pause) (young) 3269M->1616M(3732M), 0.0511497 secs]
11211.354: [GC pause (G1 Evacuation Pause) (young) 3264M->1635M(3732M), 0.0616039 secs]
11212.866: [GC pause (G1 Evacuation Pause) (young) 3250M->1641M(3732M), 0.0673818 secs]
11214.408: [GC pause (G1 Evacuation Pause) (young) 3235M->1640M(3732M), 0.0593848 secs]
11215.912: [GC pause (G1 Evacuation Pause) (young) 3247M->1654M(3732M), 0.0699636 secs]
11217.434: [GC pause (G1 Evacuation Pause) (young) 3233M->1655M(3732M), 0.0640005 secs]
11218.886: [GC pause (G1 Evacuation Pause) (young) 3245M->1672M(3732M), 0.0702234 secs]
11220.351: [GC pause (G1 Evacuation Pause) (young) 3236M->1674M(3732M), 0.0686883 secs]
11221.825: [GC pause (G1 Evacuation Pause) (young) 3234M->1694M(3732M), 0.0668097 secs]
11223.353: [GC pause (G1 Evacuation Pause) (young) 3238M->1698M(3732M), 0.0656449 secs]
11224.874: [GC pause (G1 Evacuation Pause) (young) 3254M->1693M(3732M), 0.0563704 secs]
11225.684: [GC pause (G1 Humongous Allocation) (young) (initial-mark) 2593M->1730M(3732M), 0.0688363 secs]
11225.753: [GC concurrent-root-region-scan-start]
11225.789: [GC concurrent-root-region-scan-end, 0.0352773 secs]
11225.789: [GC concurrent-mark-start]
11225.962: [GC concurrent-mark-end, 0.1735485 secs]
11225.963: [GC remark, 0.0073984 secs]
11225.970: [GC cleanup 2025M->907M(3732M), 0.0033681 secs]
11225.974: [GC concurrent-cleanup-start]
11225.975: [GC concurrent-cleanup-end, 0.0017114 secs]
11226.728: [GC pause (G1 Evacuation Pause) (young) 2134M->646M(3732M), 0.0923427 secs]
11226.828: [GC pause (G1 Evacuation Pause) (mixed) 656M->602M(3732M), 0.0762258 secs]
11228.761: [GC pause (G1 Evacuation Pause) (young) 2838M->655M(3732M), 0.0687608 secs]
11230.716: [GC pause (G1 Evacuation Pause) (young) 2835M->680M(3732M), 0.0634983 secs]
11232.704: [GC pause (G1 Evacuation Pause) (young) 2834M->691M(3732M), 0.0640521 secs]
11234.626: [GC pause (G1 Evacuation Pause) (young) 2839M->692M(3732M), 0.0652404 secs]
11236.532: [GC pause (G1 Evacuation Pause) (young) 2834M->701M(3732M), 0.0662247 secs]
11238.466: [GC pause (G1 Evacuation Pause) (young) 2826M->702M(3732M), 0.0638046 secs]
11240.475: [GC pause (G1 Evacuation Pause) (young) 2834M->726M(3732M), 0.0737895 secs]
11242.433: [GC pause (G1 Evacuation Pause) (young) 2838M->742M(3732M), 0.0860092 secs]
11244.340: [GC pause (G1 Evacuation Pause) (young) 2834M->745M(3732M), 0.0788673 secs]
11246.305: [GC pause (G1 Evacuation Pause) (young) 2851M->744M(3732M), 0.0720952 secs]
11247.914: [GC pause (G1 Evacuation Pause) (young) 2927M->833M(3732M), 0.1371449 secs]
11249.754: [GC pause (G1 Evacuation Pause) (young) 2839M->833M(3732M), 0.1094926 secs]
11251.711: [GC pause (G1 Evacuation Pause) (young) 2932M->853M(3732M), 0.1181014 secs]
11253.612: [GC pause (G1 Evacuation Pause) (young) 2935M->926M(3732M), 0.1007374 secs]
11255.656: [GC pause (G1 Evacuation Pause) (young) 3078M->936M(3732M), 0.0858522 secs]
11257.671: [GC pause (G1 Evacuation Pause) (young) 3078M->932M(3732M), 0.0603930 secs]
11259.642: [GC pause (G1 Evacuation Pause) (young) 3073M->942M(3732M), 0.0618970 secs]
11261.542: [GC pause (G1 Evacuation Pause) (young) 3078M->975M(3732M), 0.0777443 secs]
11263.437: [GC pause (G1 Evacuation Pause) (young) 3077M->983M(3732M), 0.0809972 secs]
11265.412: [GC pause (G1 Evacuation Pause) (young) 3081M->985M(3732M), 0.0809592 secs]
11267.256: [GC pause (G1 Evacuation Pause) (young) 3068M->973M(3732M), 0.0600653 secs]
11269.220: [GC pause (G1 Evacuation Pause) (young) 3158M->1069M(3732M), 0.0994326 secs]
11271.013: [GC pause (G1 Evacuation Pause) (young) 3121M->1079M(3732M), 0.1268076 secs]
11272.899: [GC pause (G1 Evacuation Pause) (young) 3131M->1109M(3732M), 0.1102286 secs]
11274.869: [GC pause (G1 Evacuation Pause) (young) 3233M->1121M(3732M), 0.0889067 secs]
11276.692: [GC pause (G1 Evacuation Pause) (young) 3219M->1109M(3732M), 0.0735894 secs]
11278.687: [GC pause (G1 Evacuation Pause) (young) 3237M->1149M(3732M), 0.0926537 secs]
11280.602: [GC pause (G1 Evacuation Pause) (young) 3199M->1155M(3732M), 0.0919203 secs]
11282.524: [GC pause (G1 Evacuation Pause) (young) 3246M->1155M(3732M), 0.0855054 secs]
11284.487: [GC pause (G1 Evacuation Pause) (young) 3249M->1170M(3732M), 0.0755585 secs]
11286.376: [GC pause (G1 Evacuation Pause) (young) 3224M->1167M(3732M), 0.0646021 secs]
11288.288: [GC pause (G1 Evacuation Pause) (young) 3234M->1188M(3732M), 0.0755312 secs]
11290.188: [GC pause (G1 Evacuation Pause) (young) 3218M->1194M(3732M), 0.0765965 secs]
11291.868: [GC pause (G1 Evacuation Pause) (young) 3289M->1271M(3732M), 0.1228438 secs]
11293.608: [GC pause (G1 Evacuation Pause) (young) 3147M->1289M(3732M), 0.1122015 secs]
11295.375: [GC pause (G1 Evacuation Pause) (young) 3202M->1324M(3732M), 0.1172677 secs]
11297.179: [GC pause (G1 Evacuation Pause) (young) 3284M->1345M(3732M), 0.0791126 secs]
11298.971: [GC pause (G1 Evacuation Pause) (young) 3261M->1338M(3732M), 0.0593400 secs]
11300.792: [GC pause (G1 Evacuation Pause) (young) 3274M->1354M(3732M), 0.0650684 secs]
11302.467: [GC pause (G1 Evacuation Pause) (young) 3246M->1372M(3732M), 0.0660212 secs]
11304.253: [GC pause (G1 Evacuation Pause) (young) 3237M->1378M(3732M), 0.0691555 secs]
11305.947: [GC pause (G1 Evacuation Pause) (young) 3230M->1389M(3732M), 0.0738672 secs]
11307.691: [GC pause (G1 Evacuation Pause) (young) 3209M->1371M(3732M), 0.0575744 secs]
11309.377: [GC pause (G1 Evacuation Pause) (young) 3251M->1404M(3732M), 0.0765432 secs]
11310.990: [GC pause (G1 Evacuation Pause) (young) 3217M->1407M(3732M), 0.0705507 secs]
11312.771: [GC pause (G1 Evacuation Pause) (young) 3237M->1409M(3732M), 0.0723277 secs]
11314.440: [GC pause (G1 Evacuation Pause) (young) 3310M->1475M(3732M), 0.0836882 secs]
11315.981: [GC pause (G1 Evacuation Pause) (young) 3205M->1499M(3732M), 0.1098651 secs]
11317.551: [GC pause (G1 Evacuation Pause) (young) 3173M->1511M(3732M), 0.1069390 secs]
11319.161: [GC pause (G1 Evacuation Pause) (young) 3251M->1519M(3732M), 0.0716216 secs]
11320.770: [GC pause (G1 Evacuation Pause) (young) 3249M->1545M(3732M), 0.0746189 secs]
11322.370: [GC pause (G1 Evacuation Pause) (young) 3224M->1553M(3732M), 0.0778134 secs]
11324.014: [GC pause (G1 Evacuation Pause) (young) 3259M->1545M(3732M), 0.0644335 secs]
11325.601: [GC pause (G1 Evacuation Pause) (young) 3275M->1574M(3732M), 0.0666168 secs]
11327.142: [GC pause (G1 Evacuation Pause) (young) 3248M->1578M(3732M), 0.0618253 secs]
11328.700: [GC pause (G1 Evacuation Pause) (young) 3236M->1573M(3732M), 0.0564131 secs]
11330.275: [GC pause (G1 Evacuation Pause) (young) 3247M->1598M(3732M), 0.0739815 secs]
11331.785: [GC pause (G1 Evacuation Pause) (young) 3224M->1599M(3732M), 0.0739388 secs]
11333.280: [GC pause (G1 Evacuation Pause) (young) 3240M->1614M(3732M), 0.0650275 secs]
11334.786: [GC pause (G1 Evacuation Pause) (young) 3236M->1615M(3732M), 0.0649609 secs]
11336.363: [GC pause (G1 Evacuation Pause) (young) 3334M->1668M(3732M), 0.0811252 secs]
11337.629: [GC pause (G1 Evacuation Pause) (young) 3228M->1715M(3732M), 0.1081823 secs]
11338.999: [GC pause (G1 Evacuation Pause) (young) 3165M->1723M(3732M), 0.1005385 secs]
11340.447: [GC pause (G1 Humongous Allocation) (young) (initial-mark) 3195M->1740M(3732M), 0.0611009 secs]
11340.509: [GC concurrent-root-region-scan-start]
11340.536: [GC concurrent-root-region-scan-end, 0.0275004 secs]
11340.536: [GC concurrent-mark-start]
11340.799: [GC concurrent-mark-end, 0.2632284 secs]
11340.800: [GC remark, 0.0074155 secs]
11340.808: [GC cleanup 2011M->731M(3732M), 0.0050564 secs]
11340.813: [GC concurrent-cleanup-start]
11340.815: [GC concurrent-cleanup-end, 0.0022895 secs]
11341.902: [GC pause (G1 Evacuation Pause) (young) 2011M->469M(3732M), 0.0457933 secs]
11343.868: [GC pause (G1 Evacuation Pause) (young) 2635M->479M(3732M), 0.0524126 secs]
11345.822: [GC pause (G1 Evacuation Pause) (young) 2640M->511M(3732M), 0.0703706 secs]
11347.778: [GC pause (G1 Evacuation Pause) (young) 2640M->519M(3732M), 0.0745379 secs]
11349.672: [GC pause (G1 Evacuation Pause) (young) 2640M->530M(3732M), 0.0782994 secs]
11351.653: [GC pause (G1 Evacuation Pause) (young) 2641M->529M(3732M), 0.0728781 secs]
11353.587: [GC pause (G1 Evacuation Pause) (young) 2643M->541M(3732M), 0.0800867 secs]
11355.470: [GC pause (G1 Evacuation Pause) (young) 2631M->540M(3732M), 0.0689208 secs]
11357.484: [GC pause (G1 Evacuation Pause) (young) 2643M->533M(3732M), 0.0682296 secs]
11359.196: [GC pause (G1 Evacuation Pause) (young) 2724M->648M(3732M), 0.1494580 secs]
11361.069: [GC pause (G1 Evacuation Pause) (young) 2641M->658M(3732M), 0.1377379 secs]
11363.026: [GC pause (G1 Evacuation Pause) (young) 2738M->678M(3732M), 0.1224547 secs]
11365.056: [GC pause (G1 Evacuation Pause) (young) 2834M->679M(3732M), 0.0662772 secs]
11366.970: [GC pause (G1 Evacuation Pause) (young) 2848M->700M(3732M), 0.0605266 secs]
11368.902: [GC pause (G1 Evacuation Pause) (young) 2845M->716M(3732M), 0.0702597 secs]
11370.859: [GC pause (G1 Evacuation Pause) (young) 2843M->724M(3732M), 0.0733522 secs]
11372.809: [GC pause (G1 Evacuation Pause) (young) 2843M->719M(3732M), 0.0660003 secs]
11374.777: [GC pause (G1 Evacuation Pause) (young) 2847M->734M(3732M), 0.0788080 secs]
11376.713: [GC pause (G1 Evacuation Pause) (young) 2834M->738M(3732M), 0.0667149 secs]
11378.828: [GC pause (G1 Evacuation Pause) (young) 2843M->723M(3732M), 0.0624559 secs]
11380.463: [GC pause (G1 Evacuation Pause) (young) 2928M->847M(3732M), 0.1548012 secs]
11382.267: [GC pause (G1 Evacuation Pause) (young) 2844M->853M(3732M), 0.1379833 secs]
11384.156: [GC pause (G1 Evacuation Pause) (young) 2937M->877M(3732M), 0.1102273 secs]
11386.251: [GC pause (G1 Evacuation Pause) (young) 3040M->871M(3732M), 0.0702785 secs]
11388.308: [GC pause (G1 Evacuation Pause) (young) 3035M->882M(3732M), 0.0539017 secs]
11390.246: [GC pause (G1 Evacuation Pause) (young) 3039M->912M(3732M), 0.0717859 secs]
11392.195: [GC pause (G1 Evacuation Pause) (young) 3039M->924M(3732M), 0.0753801 secs]
11394.114: [GC pause (G1 Evacuation Pause) (young) 3043M->925M(3732M), 0.0717069 secs]
11396.053: [GC pause (G1 Evacuation Pause) (young) 3042M->936M(3732M), 0.0778531 secs]
11398.020: [GC pause (G1 Evacuation Pause) (young) 3030M->936M(3732M), 0.0702789 secs]
11399.865: [GC pause (G1 Evacuation Pause) (young) 3039M->929M(3732M), 0.0651956 secs]
11401.840: [GC pause (G1 Evacuation Pause) (young) 3044M->931M(3732M), 0.0646563 secs]
11403.390: [GC pause (G1 Evacuation Pause) (young) 3120M->1051M(3732M), 0.1523871 secs]
11405.336: [GC pause (G1 Evacuation Pause) (young) 3040M->1058M(3732M), 0.1376970 secs]
11407.302: [GC pause (G1 Evacuation Pause) (young) 3137M->1064M(3732M), 0.1205650 secs]
11409.378: [GC pause (G1 Evacuation Pause) (young) 3234M->1071M(3732M), 0.0674317 secs]
11411.341: [GC pause (G1 Evacuation Pause) (young) 3240M->1103M(3732M), 0.0646413 secs]
11413.289: [GC pause (G1 Evacuation Pause) (young) 3240M->1110M(3732M), 0.0707213 secs]
11415.266: [GC pause (G1 Evacuation Pause) (young) 3239M->1107M(3732M), 0.0689272 secs]
11417.211: [GC pause (G1 Evacuation Pause) (young) 3244M->1124M(3732M), 0.0709820 secs]
11419.115: [GC pause (G1 Evacuation Pause) (young) 3220M->1123M(3732M), 0.0688888 secs]
11420.910: [GC pause (G1 Evacuation Pause) (young) 3232M->1154M(3732M), 0.0728901 secs]
11422.840: [GC pause (G1 Evacuation Pause) (young) 3199M->1152M(3732M), 0.0779734 secs]
11424.603: [GC pause (G1 Evacuation Pause) (young) 3292M->1229M(3732M), 0.1176270 secs]
11426.334: [GC pause (G1 Evacuation Pause) (young) 3155M->1271M(3732M), 0.1132532 secs]
11428.179: [GC pause (G1 Evacuation Pause) (young) 3201M->1286M(3732M), 0.1051508 secs]
11430.071: [GC pause (G1 Evacuation Pause) (young) 3285M->1315M(3732M), 0.0746160 secs]
11431.813: [GC pause (G1 Evacuation Pause) (young) 3268M->1321M(3732M), 0.0618398 secs]
11433.582: [GC pause (G1 Evacuation Pause) (young) 3262M->1329M(3732M), 0.0657869 secs]
11435.447: [GC pause (G1 Evacuation Pause) (young) 3245M->1326M(3732M), 0.0544995 secs]
11437.180: [GC pause (G1 Evacuation Pause) (young) 3259M->1357M(3732M), 0.0758507 secs]
11438.918: [GC pause (G1 Evacuation Pause) (young) 3226M->1359M(3732M), 0.0788899 secs]
11440.719: [GC pause (G1 Evacuation Pause) (young) 3234M->1360M(3732M), 0.0726733 secs]
11442.479: [GC pause (G1 Evacuation Pause) (young) 3226M->1356M(3732M), 0.0612310 secs]
11444.261: [GC pause (G1 Evacuation Pause) (young) 3242M->1386M(3732M), 0.0761596 secs]
11445.877: [GC pause (G1 Evacuation Pause) (young) 3209M->1379M(3732M), 0.0721643 secs]
11447.244: [GC pause (G1 Evacuation Pause) (young) 3316M->1467M(3732M), 0.1344957 secs]
11448.827: [GC pause (G1 Evacuation Pause) (young) 3138M->1500M(3732M), 0.1042160 secs]
11450.493: [GC pause (G1 Evacuation Pause) (young) 3279M->1531M(3732M), 0.0790465 secs]
11452.067: [GC pause (G1 Evacuation Pause) (young) 3284M->1546M(3732M), 0.0601477 secs]
11453.660: [GC pause (G1 Evacuation Pause) (young) 3262M->1565M(3732M), 0.0591642 secs]
11455.309: [GC pause (G1 Evacuation Pause) (young) 3250M->1570M(3732M), 0.0660353 secs]
11456.807: [GC pause (G1 Evacuation Pause) (young) 3247M->1570M(3732M), 0.0657302 secs]
11458.385: [GC pause (G1 Evacuation Pause) (young) 3238M->1589M(3732M), 0.0691294 secs]
11459.928: [GC pause (G1 Evacuation Pause) (young) 3226M->1592M(3732M), 0.0771461 secs]
11461.477: [GC pause (G1 Evacuation Pause) (young) 3236M->1588M(3732M), 0.0611102 secs]
11463.004: [GC pause (G1 Evacuation Pause) (young) 3248M->1614M(3732M), 0.0751433 secs]
11464.482: [GC pause (G1 Evacuation Pause) (young) 3222M->1614M(3732M), 0.0667213 secs]
11466.034: [GC pause (G1 Evacuation Pause) (young) 3232M->1622M(3732M), 0.0621048 secs]
11467.710: [GC pause (G1 Evacuation Pause) (young) 3262M->1640M(3732M), 0.0682241 secs]
11468.959: [GC pause (G1 Evacuation Pause) (young) 3325M->1763M(3732M), 0.1086405 secs]
11470.104: [GC pause (G1 Evacuation Pause) (young) 3159M->1761M(3732M), 0.0998631 secs]
11470.734: [GC pause (G1 Humongous Allocation) (young) (initial-mark) 2304M->1759M(3732M), 0.0394104 secs]
11470.774: [GC concurrent-root-region-scan-start]
11470.798: [GC concurrent-root-region-scan-end, 0.0242594 secs]
11470.798: [GC concurrent-mark-start]
11471.033: [GC concurrent-mark-end, 0.2350462 secs]
11471.034: [GC remark, 0.0066065 secs]
11471.040: [GC cleanup 2080M->878M(3732M), 0.0036335 secs]
11471.044: [GC concurrent-cleanup-start]
11471.047: [GC concurrent-cleanup-end, 0.0023569 secs]
11472.013: [GC pause (G1 Evacuation Pause) (young) 2087M->594M(3732M), 0.0579128 secs]
11472.163: [GC pause (G1 Evacuation Pause) (mixed) 690M->551M(3732M), 0.0396369 secs]
11474.082: [GC pause (G1 Evacuation Pause) (young) 2783M->602M(3732M), 0.0787862 secs]
11476.121: [GC pause (G1 Evacuation Pause) (young) 2784M->632M(3732M), 0.0651828 secs]
11478.020: [GC pause (G1 Evacuation Pause) (young) 2784M->630M(3732M), 0.0525389 secs]
11479.925: [GC pause (G1 Evacuation Pause) (young) 2779M->638M(3732M), 0.0545963 secs]
11481.855: [GC pause (G1 Evacuation Pause) (young) 2784M->667M(3732M), 0.0766119 secs]
11483.721: [GC pause (G1 Evacuation Pause) (young) 2783M->673M(3732M), 0.0786539 secs]
11485.724: [GC pause (G1 Evacuation Pause) (young) 2783M->667M(3732M), 0.0715043 secs]
11487.792: [GC pause (G1 Evacuation Pause) (young) 2778M->670M(3732M), 0.0754710 secs]
11489.702: [GC pause (G1 Evacuation Pause) (young) 2784M->665M(3732M), 0.0569507 secs]
11491.209: [GC pause (G1 Evacuation Pause) (young) 2868M->783M(3732M), 0.1472402 secs]
11493.108: [GC pause (G1 Evacuation Pause) (young) 2783M->793M(3732M), 0.1265068 secs]
11495.099: [GC pause (G1 Evacuation Pause) (young) 2873M->811M(3732M), 0.1270316 secs]
11497.149: [GC pause (G1 Evacuation Pause) (young) 2978M->824M(3732M), 0.0788711 secs]
11499.134: [GC pause (G1 Evacuation Pause) (young) 2970M->823M(3732M), 0.0587051 secs]
11501.137: [GC pause (G1 Evacuation Pause) (young) 2978M->834M(3732M), 0.0599467 secs]
11502.965: [GC pause (G1 Evacuation Pause) (young) 2982M->861M(3732M), 0.0737404 secs]
11504.861: [GC pause (G1 Evacuation Pause) (young) 2978M->868M(3732M), 0.0735561 secs]
11506.845: [GC pause (G1 Evacuation Pause) (young) 2979M->878M(3732M), 0.0787260 secs]
11508.913: [GC pause (G1 Evacuation Pause) (young) 2982M->878M(3732M), 0.0714561 secs]
11510.826: [GC pause (G1 Evacuation Pause) (young) 2970M->871M(3732M), 0.0581214 secs]
11512.390: [GC pause (G1 Evacuation Pause) (young) 3058M->967M(3732M), 0.1191480 secs]
11514.238: [GC pause (G1 Evacuation Pause) (young) 2981M->989M(3732M), 0.1279165 secs]
11516.182: [GC pause (G1 Evacuation Pause) (young) 3071M->1008M(3732M), 0.1121383 secs]
11518.193: [GC pause (G1 Evacuation Pause) (young) 3172M->1019M(3732M), 0.0826970 secs]
11520.107: [GC pause (G1 Evacuation Pause) (young) 3168M->1015M(3732M), 0.0509295 secs]
11522.022: [GC pause (G1 Evacuation Pause) (young) 3174M->1049M(3732M), 0.0729319 secs]
11524.021: [GC pause (G1 Evacuation Pause) (young) 3174M->1056M(3732M), 0.0764357 secs]
11525.952: [GC pause (G1 Evacuation Pause) (young) 3176M->1061M(3732M), 0.0731990 secs]
11527.830: [GC pause (G1 Evacuation Pause) (young) 3174M->1071M(3732M), 0.0780084 secs]
11529.777: [GC pause (G1 Evacuation Pause) (young) 3165M->1070M(3732M), 0.0734153 secs]
11531.685: [GC pause (G1 Evacuation Pause) (young) 3176M->1089M(3732M), 0.0731926 secs]
11533.650: [GC pause (G1 Evacuation Pause) (young) 3254M->1155M(3732M), 0.1019785 secs]
11535.388: [GC pause (G1 Evacuation Pause) (young) 3199M->1184M(3732M), 0.1225840 secs]
11537.154: [GC pause (G1 Evacuation Pause) (young) 3160M->1208M(3732M), 0.1135199 secs]
11539.057: [GC pause (G1 Evacuation Pause) (young) 3222M->1224M(3732M), 0.1083768 secs]
11540.967: [GC pause (G1 Evacuation Pause) (young) 3214M->1255M(3732M), 0.0916553 secs]
11542.843: [GC pause (G1 Evacuation Pause) (young) 3273M->1259M(3732M), 0.0783971 secs]
11544.682: [GC pause (G1 Evacuation Pause) (young) 3265M->1269M(3732M), 0.0662383 secs]
11546.498: [GC pause (G1 Evacuation Pause) (young) 3247M->1272M(3732M), 0.0584342 secs]
11548.364: [GC pause (G1 Evacuation Pause) (young) 3252M->1292M(3732M), 0.0682215 secs]
11550.182: [GC pause (G1 Evacuation Pause) (young) 3234M->1302M(3732M), 0.0784039 secs]
11552.000: [GC pause (G1 Evacuation Pause) (young) 3220M->1307M(3732M), 0.0785997 secs]
11553.775: [GC pause (G1 Evacuation Pause) (young) 3209M->1288M(3732M), 0.0549496 secs]
11555.570: [GC pause (G1 Evacuation Pause) (young) 3328M->1367M(3732M), 0.0773458 secs]
11556.884: [GC pause (G1 Evacuation Pause) (young) 3205M->1409M(3732M), 0.1202028 secs]
11558.560: [GC pause (G1 Evacuation Pause) (young) 3138M->1455M(3732M), 0.1099576 secs]
11560.259: [GC pause (G1 Evacuation Pause) (young) 3279M->1488M(3732M), 0.0734149 secs]
11561.916: [GC pause (G1 Evacuation Pause) (young) 3280M->1506M(3732M), 0.0583407 secs]
11563.529: [GC pause (G1 Evacuation Pause) (young) 3254M->1501M(3732M), 0.0519237 secs]
11565.167: [GC pause (G1 Evacuation Pause) (young) 3269M->1516M(3732M), 0.0601707 secs]
11566.805: [GC pause (G1 Evacuation Pause) (young) 3256M->1528M(3732M), 0.0621953 secs]
11568.440: [GC pause (G1 Evacuation Pause) (young) 3234M->1520M(3732M), 0.0577353 secs]
11570.024: [GC pause (G1 Evacuation Pause) (young) 3248M->1552M(3732M), 0.0719988 secs]
11571.567: [GC pause (G1 Evacuation Pause) (young) 3216M->1556M(3732M), 0.0789257 secs]
11573.171: [GC pause (G1 Evacuation Pause) (young) 3230M->1538M(3732M), 0.0556796 secs]
11574.787: [GC pause (G1 Evacuation Pause) (young) 3261M->1563M(3732M), 0.0633332 secs]
11576.332: [GC pause (G1 Evacuation Pause) (young) 3237M->1568M(3732M), 0.0697106 secs]
11577.934: [GC pause (G1 Evacuation Pause) (young) 3242M->1570M(3732M), 0.0605108 secs]
11579.139: [GC pause (G1 Evacuation Pause) (young) 3324M->1673M(3732M), 0.1335075 secs]
11580.544: [GC pause (G1 Evacuation Pause) (young) 3151M->1682M(3732M), 0.1036899 secs]
11582.109: [GC pause (G1 Evacuation Pause) (young) 3272M->1691M(3732M), 0.0563226 secs]
11583.611: [GC pause (G1 Evacuation Pause) (young) 3292M->1718M(3732M), 0.0643730 secs]
11585.088: [GC pause (G1 Evacuation Pause) (young) 3273M->1721M(3732M), 0.0503096 secs]
11586.524: [GC pause (G1 Evacuation Pause) (young) 3259M->1731M(3732M), 0.0504849 secs]
11587.881: [GC pause (G1 Evacuation Pause) (young) 3262M->1734M(3732M), 0.0558725 secs]
11589.308: [GC pause (G1 Evacuation Pause) (young) 3248M->1738M(3732M), 0.0525347 secs]
11590.671: [GC pause (G1 Evacuation Pause) (young) 3253M->1763M(3732M), 0.0699883 secs]
11592.061: [GC pause (G1 Evacuation Pause) (young) 3230M->1761M(3732M), 0.0747939 secs]
11593.394: [GC pause (G1 Evacuation Pause) (young) 3253M->1776M(3732M), 0.0669645 secs]
11594.801: [GC pause (G1 Evacuation Pause) (young) 3244M->1775M(3732M), 0.0602420 secs]
11596.124: [GC pause (G1 Evacuation Pause) (young) 3249M->1791M(3732M), 0.0633225 secs]
11596.600: [GC pause (G1 Humongous Allocation) (young) (initial-mark) 2221M->1775M(3732M), 0.0428305 secs]
11596.643: [GC concurrent-root-region-scan-start]
11596.684: [GC concurrent-root-region-scan-end, 0.0408000 secs]
11596.684: [GC concurrent-mark-start]
11596.970: [GC concurrent-mark-end, 0.2860636 secs]
11596.970: [GC remark, 0.0070178 secs]
11596.978: [GC cleanup 2124M->958M(3732M), 0.0038285 secs]
11596.982: [GC concurrent-cleanup-start]
11596.984: [GC concurrent-cleanup-end, 0.0020663 secs]
11598.003: [GC pause (G1 Evacuation Pause) (young) 2104M->629M(3732M), 0.0656129 secs]
11598.135: [GC pause (G1 Evacuation Pause) (mixed) 703M->593M(3732M), 0.0470729 secs]
11600.117: [GC pause (G1 Evacuation Pause) (young) 2883M->685M(3732M), 0.0601703 secs]
11601.803: [GC pause (G1 Evacuation Pause) (young) 2906M->739M(3732M), 0.1170028 secs]
11603.765: [GC pause (G1 Evacuation Pause) (young) 2825M->749M(3732M), 0.0979269 secs]
11605.760: [GC pause (G1 Evacuation Pause) (young) 2825M->761M(3732M), 0.0834531 secs]
11607.788: [GC pause (G1 Evacuation Pause) (young) 2953M->805M(3732M), 0.0802364 secs]
11609.640: [GC pause (G1 Evacuation Pause) (young) 2949M->814M(3732M), 0.0705174 secs]
11611.478: [GC pause (G1 Evacuation Pause) (young) 2948M->810M(3732M), 0.0667260 secs]
11613.351: [GC pause (G1 Evacuation Pause) (young) 2952M->829M(3732M), 0.0701722 secs]
11615.275: [GC pause (G1 Evacuation Pause) (young) 2949M->834M(3732M), 0.0757308 secs]
11617.267: [GC pause (G1 Evacuation Pause) (young) 2939M->827M(3732M), 0.0631809 secs]
11619.203: [GC pause (G1 Evacuation Pause) (young) 2953M->860M(3732M), 0.0811491 secs]
11621.239: [GC pause (G1 Evacuation Pause) (young) 2948M->854M(3732M), 0.0736001 secs]
11622.885: [GC pause (G1 Evacuation Pause) (young) 3043M->948M(3732M), 0.1476276 secs]
11624.818: [GC pause (G1 Evacuation Pause) (young) 2958M->957M(3732M), 0.1188332 secs]
11626.814: [GC pause (G1 Evacuation Pause) (young) 3034M->972M(3732M), 0.1104905 secs]
11628.938: [GC pause (G1 Evacuation Pause) (young) 3148M->990M(3732M), 0.0710682 secs]
11630.875: [GC pause (G1 Evacuation Pause) (young) 3152M->1012M(3732M), 0.0696052 secs]
11632.897: [GC pause (G1 Evacuation Pause) (young) 3148M->1016M(3732M), 0.0701155 secs]
11634.895: [GC pause (G1 Evacuation Pause) (young) 3152M->1024M(3732M), 0.0714778 secs]
11636.848: [GC pause (G1 Evacuation Pause) (young) 3150M->1037M(3732M), 0.0710686 secs]
11638.737: [GC pause (G1 Evacuation Pause) (young) 3143M->1036M(3732M), 0.0685432 secs]
11640.604: [GC pause (G1 Evacuation Pause) (young) 3148M->1051M(3732M), 0.0775216 secs]
11642.467: [GC pause (G1 Evacuation Pause) (young) 3151M->1059M(3732M), 0.0736850 secs]
11644.201: [GC pause (G1 Evacuation Pause) (young) 3228M->1177M(3732M), 0.1236643 secs]
11645.986: [GC pause (G1 Evacuation Pause) (young) 3139M->1158M(3732M), 0.1229177 secs]
11647.879: [GC pause (G1 Evacuation Pause) (young) 3195M->1174M(3732M), 0.1100515 secs]
11649.881: [GC pause (G1 Evacuation Pause) (young) 3264M->1179M(3732M), 0.0653142 secs]
11651.713: [GC pause (G1 Evacuation Pause) (young) 3278M->1212M(3732M), 0.0687838 secs]
11653.614: [GC pause (G1 Evacuation Pause) (young) 3247M->1219M(3732M), 0.0736909 secs]
11655.429: [GC pause (G1 Evacuation Pause) (young) 3238M->1211M(3732M), 0.0639685 secs]
11657.214: [GC pause (G1 Evacuation Pause) (young) 3249M->1232M(3732M), 0.0740950 secs]
11659.009: [GC pause (G1 Evacuation Pause) (young) 3218M->1228M(3732M), 0.0638861 secs]
11660.793: [GC pause (G1 Evacuation Pause) (young) 3231M->1261M(3732M), 0.0817763 secs]
11662.445: [GC pause (G1 Evacuation Pause) (young) 3196M->1260M(3732M), 0.0763683 secs]
11664.401: [GC pause (G1 Evacuation Pause) (young) 3225M->1257M(3732M), 0.0757215 secs]
11666.038: [GC pause (G1 Evacuation Pause) (young) 3322M->1349M(3732M), 0.1225435 secs]
11667.723: [GC pause (G1 Evacuation Pause) (young) 3140M->1373M(3732M), 0.1137080 secs]
11669.542: [GC pause (G1 Evacuation Pause) (young) 3275M->1408M(3732M), 0.0793699 secs]
11671.272: [GC pause (G1 Evacuation Pause) (young) 3280M->1428M(3732M), 0.0605249 secs]
11673.025: [GC pause (G1 Evacuation Pause) (young) 3252M->1411M(3732M), 0.0478614 secs]
11674.722: [GC pause (G1 Evacuation Pause) (young) 3279M->1450M(3732M), 0.0714100 secs]
11676.390: [GC pause (G1 Evacuation Pause) (young) 3238M->1453M(3732M), 0.0704739 secs]
11677.978: [GC pause (G1 Evacuation Pause) (young) 3233M->1460M(3732M), 0.0731845 secs]
11679.566: [GC pause (G1 Evacuation Pause) (young) 3220M->1476M(3732M), 0.0769413 secs]
11681.147: [GC pause (G1 Evacuation Pause) (young) 3230M->1486M(3732M), 0.0766930 secs]
11682.743: [GC pause (G1 Evacuation Pause) (young) 3240M->1494M(3732M), 0.0744227 secs]
11684.286: [GC pause (G1 Evacuation Pause) (young) 3224M->1505M(3732M), 0.0673520 secs]
11685.921: [GC pause (G1 Evacuation Pause) (young) 3233M->1501M(3732M), 0.0619789 secs]
11687.419: [GC pause (G1 Evacuation Pause) (young) 3336M->1614M(3732M), 0.1047834 secs]
11688.759: [GC pause (G1 Evacuation Pause) (young) 3170M->1612M(3732M), 0.0992479 secs]
11690.270: [GC pause (G1 Evacuation Pause) (young) 3209M->1635M(3732M), 0.1014269 secs]
11691.834: [GC pause (G1 Evacuation Pause) (young) 3267M->1640M(3732M), 0.0659256 secs]
11693.320: [GC pause (G1 Evacuation Pause) (young) 3268M->1668M(3732M), 0.0649588 secs]
11694.795: [GC pause (G1 Evacuation Pause) (young) 3242M->1671M(3732M), 0.0639335 secs]
11696.305: [GC pause (G1 Evacuation Pause) (young) 3266M->1664M(3732M), 0.0512338 secs]
11697.824: [GC pause (G1 Evacuation Pause) (young) 3284M->1689M(3732M), 0.0619102 secs]
11699.325: [GC pause (G1 Evacuation Pause) (young) 3248M->1683M(3732M), 0.0542191 secs]
11700.796: [GC pause (G1 Evacuation Pause) (young) 3263M->1705M(3732M), 0.0665046 secs]
11702.340: [GC pause (G1 Evacuation Pause) (young) 3241M->1711M(3732M), 0.0640854 secs]
11703.769: [GC pause (G1 Evacuation Pause) (young) 3247M->1722M(3732M), 0.0629743 secs]
11705.265: [GC pause (G1 Evacuation Pause) (young) 3237M->1723M(3732M), 0.0598230 secs]
11706.696: [GC pause (G1 Evacuation Pause) (young) 3251M->1712M(3732M), 0.0525445 secs]
11708.318: [GC pause (G1 Evacuation Pause) (young) 3272M->1737M(3732M), 0.0636681 secs]
11709.290: [GC pause (G1 Humongous Allocation) (young) (initial-mark) 2721M->1750M(3732M), 0.0565176 secs]
11709.347: [GC concurrent-root-region-scan-start]
11709.376: [GC concurrent-root-region-scan-end, 0.0288807 secs]
11709.376: [GC concurrent-mark-start]
11709.551: [GC concurrent-mark-end, 0.1754062 secs]
11709.552: [GC remark, 0.0071023 secs]
11709.559: [GC cleanup 2067M->943M(3732M), 0.0038490 secs]
11709.563: [GC concurrent-cleanup-start]
11709.565: [GC concurrent-cleanup-end, 0.0018624 secs]
11710.285: [GC pause (G1 Evacuation Pause) (young) 2183M->694M(3732M), 0.1117428 secs]
11710.398: [GC pause (G1 Evacuation Pause) (mixed) 696M->631M(3732M), 0.0832769 secs]
11712.383: [GC pause (G1 Evacuation Pause) (young) 2867M->684M(3732M), 0.0762445 secs]
11714.430: [GC pause (G1 Evacuation Pause) (young) 2864M->696M(3732M), 0.0540088 secs]
11716.375: [GC pause (G1 Evacuation Pause) (young) 2868M->713M(3732M), 0.0651930 secs]
11718.351: [GC pause (G1 Evacuation Pause) (young) 2863M->719M(3732M), 0.0587640 secs]
11720.318: [GC pause (G1 Evacuation Pause) (young) 2859M->735M(3732M), 0.0655318 secs]
11722.282: [GC pause (G1 Evacuation Pause) (young) 2867M->752M(3732M), 0.0823472 secs]
11724.136: [GC pause (G1 Evacuation Pause) (young) 2864M->762M(3732M), 0.0798460 secs]
11725.982: [GC pause (G1 Evacuation Pause) (young) 2864M->768M(3732M), 0.0818556 secs]
11727.850: [GC pause (G1 Evacuation Pause) (young) 2864M->774M(3732M), 0.0733918 secs]
11729.803: [GC pause (G1 Evacuation Pause) (young) 2868M->773M(3732M), 0.0722147 secs]
11731.429: [GC pause (G1 Evacuation Pause) (young) 2956M->854M(3732M), 0.1285642 secs]
11733.338: [GC pause (G1 Evacuation Pause) (young) 2880M->889M(3732M), 0.1194907 secs]
11735.302: [GC pause (G1 Evacuation Pause) (young) 2963M->901M(3732M), 0.1173364 secs]
11737.354: [GC pause (G1 Evacuation Pause) (young) 3067M->910M(3732M), 0.0826104 secs]
11739.334: [GC pause (G1 Evacuation Pause) (young) 3066M->922M(3732M), 0.0629138 secs]
11741.323: [GC pause (G1 Evacuation Pause) (young) 3061M->916M(3732M), 0.0550686 secs]
11743.211: [GC pause (G1 Evacuation Pause) (young) 3066M->948M(3732M), 0.0730672 secs]
11745.137: [GC pause (G1 Evacuation Pause) (young) 3066M->961M(3732M), 0.0776235 secs]
11747.114: [GC pause (G1 Evacuation Pause) (young) 3069M->962M(3732M), 0.0786868 secs]
11749.081: [GC pause (G1 Evacuation Pause) (young) 3066M->972M(3732M), 0.0774115 secs]
11751.156: [GC pause (G1 Evacuation Pause) (young) 3066M->965M(3732M), 0.0755239 secs]
11753.174: [GC pause (G1 Evacuation Pause) (young) 3160M->1019M(3732M), 0.0768543 secs]
11754.839: [GC pause (G1 Evacuation Pause) (young) 3107M->1080M(3732M), 0.1339875 secs]
11756.786: [GC pause (G1 Evacuation Pause) (young) 3076M->1075M(3732M), 0.1220340 secs]
11758.713: [GC pause (G1 Evacuation Pause) (young) 3175M->1105M(3732M), 0.1068191 secs]
11760.235: [GC pause (G1 Evacuation Pause) (young) 2709M->1096M(3732M), 0.0583523 secs]
11762.231: [GC pause (G1 Evacuation Pause) (young) 3268M->1131M(3732M), 0.0685645 secs]
11764.223: [GC pause (G1 Evacuation Pause) (young) 3253M->1127M(3732M), 0.0628843 secs]
11766.149: [GC pause (G1 Evacuation Pause) (young) 3261M->1144M(3732M), 0.0713993 secs]
11768.047: [GC pause (G1 Evacuation Pause) (young) 3238M->1155M(3732M), 0.0752555 secs]
11769.952: [GC pause (G1 Evacuation Pause) (young) 3221M->1143M(3732M), 0.0616798 secs]
11771.885: [GC pause (G1 Evacuation Pause) (young) 3245M->1176M(3732M), 0.0825161 secs]
11773.780: [GC pause (G1 Evacuation Pause) (young) 3206M->1176M(3732M), 0.0710076 secs]
11775.557: [GC pause (G1 Evacuation Pause) (young) 3287M->1243M(3732M), 0.0833208 secs]
11775.664: [GC pause (G1 Evacuation Pause) (young) 1308M->1232M(3732M), 0.0558046 secs]
11777.326: [GC pause (G1 Evacuation Pause) (young) 3296M->1361M(3732M), 0.1176859 secs]
11779.116: [GC pause (G1 Evacuation Pause) (young) 3206M->1389M(3732M), 0.0824871 secs]
11780.865: [GC pause (G1 Evacuation Pause) (young) 3277M->1421M(3732M), 0.0716485 secs]
11782.463: [GC pause (G1 Evacuation Pause) (young) 3283M->1434M(3732M), 0.0501069 secs]
11784.096: [GC pause (G1 Evacuation Pause) (young) 3270M->1443M(3732M), 0.0646699 secs]
11785.774: [GC pause (G1 Evacuation Pause) (young) 3249M->1443M(3732M), 0.0556271 secs]
11787.518: [GC pause (G1 Evacuation Pause) (young) 3257M->1471M(3732M), 0.0718593 secs]
11789.203: [GC pause (G1 Evacuation Pause) (young) 3229M->1474M(3732M), 0.0713729 secs]
11790.879: [GC pause (G1 Evacuation Pause) (young) 3244M->1484M(3732M), 0.0676050 secs]
11792.447: [GC pause (G1 Evacuation Pause) (young) 3228M->1501M(3732M), 0.0682795 secs]
11794.099: [GC pause (G1 Evacuation Pause) (young) 3219M->1492M(3732M), 0.0705609 secs]
11795.799: [GC pause (G1 Evacuation Pause) (young) 3252M->1498M(3732M), 0.0660135 secs]
11797.522: [GC pause (G1 Evacuation Pause) (young) 3288M->1538M(3732M), 0.0678008 secs]
11798.843: [GC pause (G1 Evacuation Pause) (young) 3281M->1600M(3732M), 0.1326947 secs]
11800.328: [GC pause (G1 Evacuation Pause) (young) 3140M->1600M(3732M), 0.1135242 secs]
11801.861: [GC pause (G1 Evacuation Pause) (young) 3268M->1614M(3732M), 0.0591548 secs]
11803.375: [GC pause (G1 Evacuation Pause) (young) 3284M->1641M(3732M), 0.0554134 secs]
11804.845: [GC pause (G1 Evacuation Pause) (young) 3267M->1645M(3732M), 0.0589615 secs]
11806.325: [GC pause (G1 Evacuation Pause) (young) 3255M->1660M(3732M), 0.0576999 secs]
11807.714: [GC pause (G1 Evacuation Pause) (young) 3250M->1666M(3732M), 0.0650940 secs]
11809.209: [GC pause (G1 Evacuation Pause) (young) 3244M->1662M(3732M), 0.0565074 secs]
11810.668: [GC pause (G1 Evacuation Pause) (young) 3241M->1684M(3732M), 0.0683986 secs]
11812.104: [GC pause (G1 Evacuation Pause) (young) 3226M->1686M(3732M), 0.0701637 secs]
11813.468: [GC pause (G1 Evacuation Pause) (young) 3239M->1694M(3732M), 0.0684306 secs]
11814.938: [GC pause (G1 Evacuation Pause) (young) 3240M->1694M(3732M), 0.0639723 secs]
11816.406: [GC pause (G1 Evacuation Pause) (young) 3256M->1693M(3732M), 0.0608244 secs]
11817.880: [GC pause (G1 Evacuation Pause) (young) 3255M->1711M(3732M), 0.0634552 secs]
11819.300: [GC pause (G1 Evacuation Pause) (young) 3237M->1709M(3732M), 0.0599523 secs]
11820.430: [GC pause (G1 Humongous Allocation) (young) (initial-mark) 2906M->1731M(3732M), 0.0634262 secs]
11820.494: [GC concurrent-root-region-scan-start]
11820.527: [GC concurrent-root-region-scan-end, 0.0331307 secs]
11820.527: [GC concurrent-mark-start]
11820.710: [GC concurrent-mark-end, 0.1834954 secs]
11820.711: [GC remark, 0.0067913 secs]
11820.718: [GC cleanup 2061M->904M(3732M), 0.0040879 secs]
11820.722: [GC concurrent-cleanup-start]
11820.724: [GC concurrent-cleanup-end, 0.0021453 secs]
11821.544: [GC pause (G1 Evacuation Pause) (young) 2144M->641M(3732M), 0.1235069 secs]
11821.670: [GC pause (G1 Evacuation Pause) (mixed) 643M->631M(3732M), 0.0885722 secs]
11823.750: [GC pause (G1 Evacuation Pause) (young) 2861M->677M(3732M), 0.0762266 secs]
11825.728: [GC pause (G1 Evacuation Pause) (young) 2864M->705M(3732M), 0.0639177 secs]
11827.738: [GC pause (G1 Evacuation Pause) (young) 2861M->712M(3732M), 0.0594168 secs]
11829.743: [GC pause (G1 Evacuation Pause) (young) 2861M->714M(3732M), 0.0592231 secs]
11831.709: [GC pause (G1 Evacuation Pause) (young) 2862M->743M(3732M), 0.0694264 secs]
11833.574: [GC pause (G1 Evacuation Pause) (young) 2864M->750M(3732M), 0.0764792 secs]
11835.491: [GC pause (G1 Evacuation Pause) (young) 2862M->758M(3732M), 0.0804698 secs]
11837.452: [GC pause (G1 Evacuation Pause) (young) 2862M->758M(3732M), 0.0784781 secs]
11839.420: [GC pause (G1 Evacuation Pause) (young) 2857M->765M(3732M), 0.0702507 secs]
11841.398: [GC pause (G1 Evacuation Pause) (young) 2864M->780M(3732M), 0.0779478 secs]
11842.930: [GC pause (G1 Evacuation Pause) (young) 2400M->815M(3732M), 0.1001985 secs]
11844.890: [GC pause (G1 Evacuation Pause) (young) 3041M->892M(3732M), 0.1202480 secs]
11846.920: [GC pause (G1 Evacuation Pause) (young) 3004M->922M(3732M), 0.0881443 secs]
11848.862: [GC pause (G1 Evacuation Pause) (young) 2995M->954M(3732M), 0.0983416 secs]
11850.888: [GC pause (G1 Evacuation Pause) (young) 3117M->969M(3732M), 0.0819529 secs]
11852.811: [GC pause (G1 Evacuation Pause) (young) 3113M->981M(3732M), 0.0696760 secs]
11854.803: [GC pause (G1 Evacuation Pause) (young) 3116M->983M(3732M), 0.0615655 secs]
11856.760: [GC pause (G1 Evacuation Pause) (young) 3114M->994M(3732M), 0.0637825 secs]
11858.641: [GC pause (G1 Evacuation Pause) (young) 3110M->1007M(3732M), 0.0680700 secs]
11860.545: [GC pause (G1 Evacuation Pause) (young) 3116M->1023M(3732M), 0.0803260 secs]
11862.500: [GC pause (G1 Evacuation Pause) (young) 3113M->1019M(3732M), 0.0765594 secs]
11864.634: [GC pause (G1 Evacuation Pause) (young) 3190M->1079M(3732M), 0.0889212 secs]
11865.964: [GC pause (G1 Evacuation Pause) (young) 2735M->1105M(3732M), 0.1270922 secs]
11867.931: [GC pause (G1 Evacuation Pause) (young) 3193M->1134M(3732M), 0.1061650 secs]
11869.879: [GC pause (G1 Evacuation Pause) (young) 3218M->1172M(3732M), 0.1085872 secs]
11871.771: [GC pause (G1 Evacuation Pause) (young) 3183M->1185M(3732M), 0.1000474 secs]
11873.768: [GC pause (G1 Evacuation Pause) (young) 3271M->1194M(3732M), 0.0766887 secs]
11875.684: [GC pause (G1 Evacuation Pause) (young) 3258M->1204M(3732M), 0.0629253 secs]
11877.568: [GC pause (G1 Evacuation Pause) (young) 3240M->1193M(3732M), 0.0517944 secs]
11879.418: [GC pause (G1 Evacuation Pause) (young) 3265M->1225M(3732M), 0.0745268 secs]
11881.251: [GC pause (G1 Evacuation Pause) (young) 3229M->1235M(3732M), 0.0797343 secs]
11883.126: [GC pause (G1 Evacuation Pause) (young) 3223M->1241M(3732M), 0.0809584 secs]
11885.043: [GC pause (G1 Evacuation Pause) (young) 3213M->1240M(3732M), 0.0742008 secs]
11887.011: [GC pause (G1 Evacuation Pause) (young) 3310M->1314M(3732M), 0.0992649 secs]
11888.644: [GC pause (G1 Evacuation Pause) (young) 3182M->1347M(3732M), 0.1221740 secs]
11890.406: [GC pause (G1 Evacuation Pause) (young) 3152M->1363M(3732M), 0.1231306 secs]
11892.233: [GC pause (G1 Evacuation Pause) (young) 3235M->1363M(3732M), 0.0882288 secs]
11894.039: [GC pause (G1 Evacuation Pause) (young) 3238M->1372M(3732M), 0.0717095 secs]
11895.775: [GC pause (G1 Evacuation Pause) (young) 3222M->1397M(3732M), 0.0820600 secs]
11897.466: [GC pause (G1 Evacuation Pause) (young) 3201M->1404M(3732M), 0.0858211 secs]
11899.222: [GC pause (G1 Evacuation Pause) (young) 3257M->1408M(3732M), 0.0778765 secs]
11900.991: [GC pause (G1 Evacuation Pause) (young) 3242M->1405M(3732M), 0.0600781 secs]
11902.705: [GC pause (G1 Evacuation Pause) (young) 3255M->1437M(3732M), 0.0766426 secs]
11904.412: [GC pause (G1 Evacuation Pause) (young) 3223M->1432M(3732M), 0.0700830 secs]
11906.132: [GC pause (G1 Evacuation Pause) (young) 3238M->1445M(3732M), 0.0776052 secs]
11907.791: [GC pause (G1 Evacuation Pause) (young) 3216M->1435M(3732M), 0.0582456 secs]
11909.397: [GC pause (G1 Evacuation Pause) (young) 3249M->1436M(3732M), 0.0612148 secs]
11910.861: [GC pause (G1 Evacuation Pause) (young) 3328M->1545M(3732M), 0.1304513 secs]
11912.489: [GC pause (G1 Evacuation Pause) (young) 3136M->1550M(3732M), 0.1060976 secs]
11914.100: [GC pause (G1 Evacuation Pause) (young) 3267M->1566M(3732M), 0.0597044 secs]
11915.728: [GC pause (G1 Evacuation Pause) (young) 3291M->1585M(3732M), 0.0563299 secs]
11917.272: [GC pause (G1 Evacuation Pause) (young) 3274M->1595M(3732M), 0.0496406 secs]
11918.797: [GC pause (G1 Evacuation Pause) (young) 3258M->1611M(3732M), 0.0581487 secs]
11920.360: [GC pause (G1 Evacuation Pause) (young) 3248M->1614M(3732M), 0.0645965 secs]
11921.862: [GC pause (G1 Evacuation Pause) (young) 3235M->1598M(3732M), 0.0517935 secs]
11923.356: [GC pause (G1 Evacuation Pause) (young) 3263M->1629M(3732M), 0.0640773 secs]
11924.875: [GC pause (G1 Evacuation Pause) (young) 3232M->1635M(3732M), 0.0683913 secs]
11926.390: [GC pause (G1 Evacuation Pause) (young) 3230M->1631M(3732M), 0.0640235 secs]
11927.863: [GC pause (G1 Evacuation Pause) (young) 3253M->1659M(3732M), 0.0735028 secs]
11929.381: [GC pause (G1 Evacuation Pause) (young) 3225M->1658M(3732M), 0.0696210 secs]
11930.881: [GC pause (G1 Evacuation Pause) (young) 3247M->1649M(3732M), 0.0557671 secs]
11932.414: [GC pause (G1 Evacuation Pause) (young) 3255M->1667M(3732M), 0.0627973 secs]
11933.692: [GC pause (G1 Evacuation Pause) (young) 3321M->1749M(3732M), 0.1282800 secs]
11935.114: [GC pause (G1 Evacuation Pause) (young) 3159M->1760M(3732M), 0.0996617 secs]
11935.344: [GC pause (G1 Humongous Allocation) (young) (initial-mark) 1880M->1757M(3732M), 0.0453423 secs]
11935.390: [GC concurrent-root-region-scan-start]
11935.409: [GC concurrent-root-region-scan-end, 0.0193144 secs]
11935.409: [GC concurrent-mark-start]
11935.660: [GC concurrent-mark-end, 0.2508132 secs]
11935.660: [GC remark, 0.0075887 secs]
11935.668: [GC cleanup 2022M->760M(3732M), 0.0055347 secs]
11935.674: [GC concurrent-cleanup-start]
11935.676: [GC concurrent-cleanup-end, 0.0023326 secs]
11936.816: [GC pause (G1 Evacuation Pause) (young) 2026M->528M(3732M), 0.0515461 secs]
11936.973: [GC pause (G1 Evacuation Pause) (mixed) 638M->513M(3732M), 0.0289660 secs]
11938.986: [GC pause (G1 Evacuation Pause) (young) 2746M->567M(3732M), 0.0703604 secs]
11940.928: [GC pause (G1 Evacuation Pause) (young) 2743M->586M(3732M), 0.0647907 secs]
11942.923: [GC pause (G1 Evacuation Pause) (young) 2745M->592M(3732M), 0.0593754 secs]
11944.894: [GC pause (G1 Evacuation Pause) (young) 2742M->604M(3732M), 0.0651038 secs]
11946.924: [GC pause (G1 Evacuation Pause) (young) 2742M->600M(3732M), 0.0606708 secs]
11948.872: [GC pause (G1 Evacuation Pause) (young) 2742M->608M(3732M), 0.0614358 secs]
11950.887: [GC pause (G1 Evacuation Pause) (young) 2742M->646M(3732M), 0.0810403 secs]
11952.942: [GC pause (G1 Evacuation Pause) (young) 2745M->645M(3732M), 0.0765172 secs]
11954.914: [GC pause (G1 Evacuation Pause) (young) 2824M->701M(3732M), 0.1026659 secs]
11956.706: [GC pause (G1 Evacuation Pause) (young) 2786M->734M(3732M), 0.1351796 secs]
11958.648: [GC pause (G1 Evacuation Pause) (young) 2762M->754M(3732M), 0.1245309 secs]
11960.703: [GC pause (G1 Evacuation Pause) (young) 2848M->771M(3732M), 0.1050420 secs]
11962.721: [GC pause (G1 Evacuation Pause) (young) 2942M->783M(3732M), 0.0781159 secs]
11964.753: [GC pause (G1 Evacuation Pause) (young) 2936M->777M(3732M), 0.0479476 secs]
11966.716: [GC pause (G1 Evacuation Pause) (young) 2942M->814M(3732M), 0.0685812 secs]
11968.662: [GC pause (G1 Evacuation Pause) (young) 2942M->814M(3732M), 0.0702234 secs]
11970.625: [GC pause (G1 Evacuation Pause) (young) 2945M->832M(3732M), 0.0782785 secs]
11972.553: [GC pause (G1 Evacuation Pause) (young) 2942M->840M(3732M), 0.0784043 secs]
11974.573: [GC pause (G1 Evacuation Pause) (young) 2945M->841M(3732M), 0.0770125 secs]
11976.407: [GC pause (G1 Evacuation Pause) (young) 2944M->839M(3732M), 0.0681852 secs]
11978.316: [GC pause (G1 Evacuation Pause) (young) 3013M->923M(3732M), 0.1291176 secs]
11980.261: [GC pause (G1 Evacuation Pause) (young) 2944M->948M(3732M), 0.1329430 secs]
11982.254: [GC pause (G1 Evacuation Pause) (young) 3027M->978M(3732M), 0.1231399 secs]
11984.317: [GC pause (G1 Evacuation Pause) (young) 3141M->986M(3732M), 0.0755132 secs]
11986.303: [GC pause (G1 Evacuation Pause) (young) 3138M->994M(3732M), 0.0650061 secs]
11988.299: [GC pause (G1 Evacuation Pause) (young) 3133M->991M(3732M), 0.0582008 secs]
11990.259: [GC pause (G1 Evacuation Pause) (young) 3139M->1021M(3732M), 0.0724562 secs]
11992.184: [GC pause (G1 Evacuation Pause) (young) 3142M->1029M(3732M), 0.0770719 secs]
11994.127: [GC pause (G1 Evacuation Pause) (young) 3139M->1038M(3732M), 0.0796933 secs]
11996.051: [GC pause (G1 Evacuation Pause) (young) 3141M->1045M(3732M), 0.0749133 secs]
11998.064: [GC pause (G1 Evacuation Pause) (young) 3140M->1050M(3732M), 0.0782349 secs]
12000.086: [GC pause (G1 Evacuation Pause) (young) 3222M->1118M(3732M), 0.0977584 secs]
12001.893: [GC pause (G1 Evacuation Pause) (young) 3177M->1129M(3732M), 0.1089430 secs]
12003.796: [GC pause (G1 Evacuation Pause) (young) 3178M->1179M(3732M), 0.1279101 secs]
12005.752: [GC pause (G1 Evacuation Pause) (young) 3181M->1200M(3732M), 0.1197654 secs]
12007.672: [GC pause (G1 Evacuation Pause) (young) 3219M->1215M(3732M), 0.0998013 secs]
12009.592: [GC pause (G1 Evacuation Pause) (young) 3271M->1226M(3732M), 0.0770693 secs]
12011.505: [GC pause (G1 Evacuation Pause) (young) 3265M->1227M(3732M), 0.0625460 secs]
12013.374: [GC pause (G1 Evacuation Pause) (young) 3250M->1230M(3732M), 0.0582063 secs]
12015.242: [GC pause (G1 Evacuation Pause) (young) 3258M->1249M(3732M), 0.0682010 secs]
12017.073: [GC pause (G1 Evacuation Pause) (young) 3240M->1269M(3732M), 0.0755047 secs]
12018.934: [GC pause (G1 Evacuation Pause) (young) 3217M->1261M(3732M), 0.0707623 secs]
12020.895: [GC pause (G1 Evacuation Pause) (young) 3228M->1273M(3732M), 0.0762979 secs]
12022.778: [GC pause (G1 Evacuation Pause) (young) 3293M->1344M(3732M), 0.1016346 secs]
12024.408: [GC pause (G1 Evacuation Pause) (young) 3184M->1355M(3732M), 0.1034369 secs]
12026.083: [GC pause (G1 Evacuation Pause) (young) 3176M->1403M(3732M), 0.1151438 secs]
12027.787: [GC pause (G1 Evacuation Pause) (young) 3195M->1424M(3732M), 0.1055984 secs]
12029.569: [GC pause (G1 Evacuation Pause) (young) 3221M->1432M(3732M), 0.0875397 secs]
12031.392: [GC pause (G1 Evacuation Pause) (young) 3275M->1435M(3732M), 0.0702597 secs]
12033.024: [GC pause (G1 Evacuation Pause) (young) 3279M->1452M(3732M), 0.0595845 secs]
12034.715: [GC pause (G1 Evacuation Pause) (young) 3267M->1464M(3732M), 0.0661419 secs]
12036.441: [GC pause (G1 Evacuation Pause) (young) 3252M->1471M(3732M), 0.0655851 secs]
12038.087: [GC pause (G1 Evacuation Pause) (young) 3234M->1473M(3732M), 0.0581056 secs]
12039.689: [GC pause (G1 Evacuation Pause) (young) 3244M->1497M(3732M), 0.0750708 secs]
12041.324: [GC pause (G1 Evacuation Pause) (young) 3216M->1498M(3732M), 0.0813923 secs]
12042.917: [GC pause (G1 Evacuation Pause) (young) 3240M->1502M(3732M), 0.0676813 secs]
12044.639: [GC pause (G1 Evacuation Pause) (young) 3239M->1507M(3732M), 0.0639062 secs]
12046.025: [GC pause (G1 Evacuation Pause) (young) 3328M->1604M(3732M), 0.1353793 secs]
12047.595: [GC pause (G1 Evacuation Pause) (young) 3145M->1605M(3732M), 0.1186416 secs]
12049.189: [GC pause (G1 Evacuation Pause) (young) 3266M->1616M(3732M), 0.0594159 secs]
12050.801: [GC pause (G1 Evacuation Pause) (young) 3286M->1639M(3732M), 0.0501056 secs]
12052.314: [GC pause (G1 Evacuation Pause) (young) 3278M->1648M(3732M), 0.0588353 secs]
12053.833: [GC pause (G1 Evacuation Pause) (young) 3259M->1657M(3732M), 0.0547107 secs]
12055.351: [GC pause (G1 Evacuation Pause) (young) 3257M->1668M(3732M), 0.0625204 secs]
12056.827: [GC pause (G1 Evacuation Pause) (young) 3239M->1655M(3732M), 0.0519510 secs]
12058.301: [GC pause (G1 Evacuation Pause) (young) 3262M->1683M(3732M), 0.0674403 secs]
12059.745: [GC pause (G1 Evacuation Pause) (young) 3231M->1687M(3732M), 0.0687105 secs]
12061.172: [GC pause (G1 Evacuation Pause) (young) 3244M->1700M(3732M), 0.0666654 secs]
12062.640: [GC pause (G1 Evacuation Pause) (young) 3238M->1710M(3732M), 0.0696052 secs]
12064.071: [GC pause (G1 Evacuation Pause) (young) 3231M->1701M(3732M), 0.0554680 secs]
12065.634: [GC pause (G1 Evacuation Pause) (young) 3266M->1721M(3732M), 0.0696120 secs]
12067.225: [GC pause (G1 Evacuation Pause) (young) 3243M->1720M(3732M), 0.0599582 secs]
12067.529: [GC pause (G1 Humongous Allocation) (young) (initial-mark) 2033M->1760M(3732M), 0.0675913 secs]
12067.597: [GC concurrent-root-region-scan-start]
12067.647: [GC concurrent-root-region-scan-end, 0.0499695 secs]
12067.647: [GC concurrent-mark-start]
12067.845: [GC concurrent-mark-end, 0.1978809 secs]
12067.845: [GC remark, 0.0085141 secs]
12067.854: [GC cleanup 2044M->876M(3732M), 0.0043891 secs]
12067.858: [GC concurrent-cleanup-start]
12067.861: [GC concurrent-cleanup-end, 0.0026308 secs]
12068.654: [GC pause (G1 Evacuation Pause) (young) 2109M->630M(3732M), 0.1093496 secs]
12068.768: [GC pause (G1 Evacuation Pause) (mixed) 636M->653M(3732M), 0.0684464 secs]
12070.727: [GC pause (G1 Evacuation Pause) (young) 2879M->691M(3732M), 0.0608525 secs]
12072.687: [GC pause (G1 Evacuation Pause) (young) 2887M->715M(3732M), 0.0544103 secs]
12074.678: [GC pause (G1 Evacuation Pause) (young) 2884M->736M(3732M), 0.0626974 secs]
12076.654: [GC pause (G1 Evacuation Pause) (young) 2886M->754M(3732M), 0.0690633 secs]
12078.623: [GC pause (G1 Evacuation Pause) (young) 2886M->759M(3732M), 0.0731764 secs]
12080.525: [GC pause (G1 Evacuation Pause) (young) 2884M->773M(3732M), 0.0774405 secs]
12082.427: [GC pause (G1 Evacuation Pause) (young) 2887M->777M(3732M), 0.0764523 secs]
12084.423: [GC pause (G1 Evacuation Pause) (young) 2887M->783M(3732M), 0.0724545 secs]
12086.408: [GC pause (G1 Evacuation Pause) (young) 2880M->786M(3732M), 0.0762838 secs]
12088.282: [GC pause (G1 Evacuation Pause) (young) 2886M->788M(3732M), 0.0763999 secs]
12090.311: [GC pause (G1 Evacuation Pause) (young) 2940M->836M(3732M), 0.0894772 secs]
12092.127: [GC pause (G1 Evacuation Pause) (young) 2965M->902M(3732M), 0.1480308 secs]
12094.119: [GC pause (G1 Evacuation Pause) (young) 2886M->905M(3732M), 0.1382866 secs]
12096.107: [GC pause (G1 Evacuation Pause) (young) 2990M->932M(3732M), 0.1141718 secs]
12098.145: [GC pause (G1 Evacuation Pause) (young) 3098M->939M(3732M), 0.0744534 secs]
12100.084: [GC pause (G1 Evacuation Pause) (young) 3099M->947M(3732M), 0.0658343 secs]
12102.071: [GC pause (G1 Evacuation Pause) (young) 3096M->947M(3732M), 0.0636562 secs]
12104.137: [GC pause (G1 Evacuation Pause) (young) 3099M->963M(3732M), 0.0640056 secs]
12106.110: [GC pause (G1 Evacuation Pause) (young) 3095M->970M(3732M), 0.0642991 secs]
12108.099: [GC pause (G1 Evacuation Pause) (young) 3098M->998M(3732M), 0.0813014 secs]
12110.089: [GC pause (G1 Evacuation Pause) (young) 3098M->998M(3732M), 0.0774068 secs]
12112.361: [GC pause (G1 Evacuation Pause) (young) 3098M->983M(3732M), 0.0684745 secs]
12114.167: [GC pause (G1 Evacuation Pause) (young) 3177M->1089M(3732M), 0.1312577 secs]
12116.090: [GC pause (G1 Evacuation Pause) (young) 3099M->1106M(3732M), 0.1360176 secs]
12118.129: [GC pause (G1 Evacuation Pause) (young) 3193M->1126M(3732M), 0.1225934 secs]
12120.192: [GC pause (G1 Evacuation Pause) (young) 3275M->1127M(3732M), 0.0668792 secs]
12122.115: [GC pause (G1 Evacuation Pause) (young) 3285M->1144M(3732M), 0.0642509 secs]
12124.095: [GC pause (G1 Evacuation Pause) (young) 3258M->1147M(3732M), 0.0551791 secs]
12126.104: [GC pause (G1 Evacuation Pause) (young) 3262M->1163M(3732M), 0.0629202 secs]
12127.994: [GC pause (G1 Evacuation Pause) (young) 3249M->1181M(3732M), 0.0744252 secs]
12129.942: [GC pause (G1 Evacuation Pause) (young) 3231M->1186M(3732M), 0.0780570 secs]
12131.825: [GC pause (G1 Evacuation Pause) (young) 3213M->1176M(3732M), 0.0640346 secs]
12133.847: [GC pause (G1 Evacuation Pause) (young) 3234M->1179M(3732M), 0.0671100 secs]
12135.536: [GC pause (G1 Evacuation Pause) (young) 3314M->1293M(3732M), 0.1324878 secs]
12137.296: [GC pause (G1 Evacuation Pause) (young) 3116M->1295M(3732M), 0.1531555 secs]
12139.218: [GC pause (G1 Evacuation Pause) (young) 3281M->1318M(3732M), 0.0738518 secs]
12141.041: [GC pause (G1 Evacuation Pause) (young) 3288M->1322M(3732M), 0.0546266 secs]
12142.840: [GC pause (G1 Evacuation Pause) (young) 3275M->1328M(3732M), 0.0501095 secs]
12144.661: [GC pause (G1 Evacuation Pause) (young) 3282M->1349M(3732M), 0.0679736 secs]
12146.377: [GC pause (G1 Evacuation Pause) (young) 3256M->1363M(3732M), 0.0665251 secs]
12148.142: [GC pause (G1 Evacuation Pause) (young) 3242M->1359M(3732M), 0.0676028 secs]
12149.857: [GC pause (G1 Evacuation Pause) (young) 3249M->1376M(3732M), 0.0684967 secs]
12151.534: [GC pause (G1 Evacuation Pause) (young) 3225M->1387M(3732M), 0.0682676 secs]
12153.196: [GC pause (G1 Evacuation Pause) (young) 3221M->1398M(3732M), 0.0766584 secs]
12154.938: [GC pause (G1 Evacuation Pause) (young) 3215M->1392M(3732M), 0.0706595 secs]
12156.827: [GC pause (G1 Evacuation Pause) (young) 3240M->1400M(3732M), 0.0734247 secs]
12158.350: [GC pause (G1 Evacuation Pause) (young) 3304M->1476M(3732M), 0.1215805 secs]
12159.835: [GC pause (G1 Evacuation Pause) (young) 3153M->1506M(3732M), 0.1180285 secs]
12161.538: [GC pause (G1 Evacuation Pause) (young) 3281M->1520M(3732M), 0.0636613 secs]
12163.179: [GC pause (G1 Evacuation Pause) (young) 3287M->1528M(3732M), 0.0385212 secs]
12164.752: [GC pause (G1 Evacuation Pause) (young) 3283M->1554M(3732M), 0.0581129 secs]
12166.326: [GC pause (G1 Evacuation Pause) (young) 3261M->1555M(3732M), 0.0614264 secs]
12168.004: [GC pause (G1 Evacuation Pause) (young) 3261M->1559M(3732M), 0.0552798 secs]
12169.516: [GC pause (G1 Evacuation Pause) (young) 3246M->1576M(3732M), 0.0604664 secs]
12170.919: [GC pause (G1 Evacuation Pause) (young) 3239M->1574M(3732M), 0.0640564 secs]
12172.492: [GC pause (G1 Evacuation Pause) (young) 3244M->1581M(3732M), 0.0593997 secs]
12173.986: [GC pause (G1 Evacuation Pause) (young) 3244M->1603M(3732M), 0.0709620 secs]
12175.513: [GC pause (G1 Evacuation Pause) (young) 3225M->1601M(3732M), 0.0725731 secs]
12176.979: [GC pause (G1 Evacuation Pause) (young) 3244M->1601M(3732M), 0.0643098 secs]
12178.397: [GC pause (G1 Evacuation Pause) (young) 3239M->1592M(3732M), 0.0558443 secs]
12179.781: [GC pause (G1 Evacuation Pause) (young) 3336M->1697M(3732M), 0.1211457 secs]
12181.182: [GC pause (G1 Evacuation Pause) (young) 3151M->1698M(3732M), 0.1131653 secs]
12182.713: [GC pause (G1 Evacuation Pause) (young) 3277M->1706M(3732M), 0.0581129 secs]
12184.205: [GC pause (G1 Evacuation Pause) (young) 3293M->1736M(3732M), 0.0529622 secs]
12185.650: [GC pause (G1 Evacuation Pause) (young) 3279M->1733M(3732M), 0.0543578 secs]
12187.078: [GC pause (G1 Evacuation Pause) (young) 3270M->1752M(3732M), 0.0556544 secs]
12188.473: [GC pause (G1 Evacuation Pause) (young) 3261M->1752M(3732M), 0.0564630 secs]
12189.909: [GC pause (G1 Evacuation Pause) (young) 3255M->1744M(3732M), 0.0479113 secs]
12191.290: [GC pause (G1 Evacuation Pause) (young) 3269M->1773M(3732M), 0.0636028 secs]
12192.633: [GC pause (G1 Evacuation Pause) (young) 3238M->1775M(3732M), 0.0647553 secs]
12193.935: [GC pause (G1 Evacuation Pause) (young) 3245M->1782M(3732M), 0.0595218 secs]
12194.893: [GC pause (G1 Humongous Allocation) (young) (initial-mark) 2731M->1773M(3732M), 0.0447676 secs]
12194.938: [GC concurrent-root-region-scan-start]
12194.973: [GC concurrent-root-region-scan-end, 0.0351842 secs]
12194.973: [GC concurrent-mark-start]
12195.262: [GC concurrent-mark-end, 0.2888109 secs]
12195.262: [GC remark, 0.0074291 secs]
12195.270: [GC cleanup 2134M->908M(3732M), 0.0046797 secs]
12195.275: [GC concurrent-cleanup-start]
12195.277: [GC concurrent-cleanup-end, 0.0023795 secs]
12196.178: [GC pause (G1 Evacuation Pause) (young) 2044M->574M(3732M), 0.0659482 secs]
12196.303: [GC pause (G1 Evacuation Pause) (mixed) 636M->574M(3732M), 0.0461393 secs]
12198.366: [GC pause (G1 Evacuation Pause) (young) 2808M->619M(3732M), 0.0706710 secs]
12200.464: [GC pause (G1 Evacuation Pause) (young) 2809M->628M(3732M), 0.0587051 secs]
12202.414: [GC pause (G1 Evacuation Pause) (young) 2888M->733M(3732M), 0.0915969 secs]
12204.338: [GC pause (G1 Evacuation Pause) (young) 2849M->727M(3732M), 0.1030324 secs]
12206.275: [GC pause (G1 Evacuation Pause) (young) 2806M->727M(3732M), 0.1001400 secs]
12208.251: [GC pause (G1 Evacuation Pause) (young) 2880M->747M(3732M), 0.0758145 secs]
12210.181: [GC pause (G1 Evacuation Pause) (young) 2889M->753M(3732M), 0.0700677 secs]
12212.146: [GC pause (G1 Evacuation Pause) (young) 2889M->783M(3732M), 0.0810748 secs]
12214.025: [GC pause (G1 Evacuation Pause) (young) 2886M->784M(3732M), 0.0785037 secs]
12215.963: [GC pause (G1 Evacuation Pause) (young) 2887M->799M(3732M), 0.0852715 secs]
12217.873: [GC pause (G1 Evacuation Pause) (young) 2888M->805M(3732M), 0.0918392 secs]
12219.864: [GC pause (G1 Evacuation Pause) (young) 2925M->815M(3732M), 0.0859226 secs]
12221.819: [GC pause (G1 Evacuation Pause) (young) 2925M->814M(3732M), 0.0700250 secs]
12223.742: [GC pause (G1 Evacuation Pause) (young) 2928M->818M(3732M), 0.0748681 secs]
12225.410: [GC pause (G1 Evacuation Pause) (young) 3001M->912M(3732M), 0.1346638 secs]
12227.336: [GC pause (G1 Evacuation Pause) (young) 2921M->923M(3732M), 0.1231762 secs]
12229.357: [GC pause (G1 Evacuation Pause) (young) 3011M->952M(3732M), 0.1244140 secs]
12231.417: [GC pause (G1 Evacuation Pause) (young) 3115M->955M(3732M), 0.0723051 secs]
12233.393: [GC pause (G1 Evacuation Pause) (young) 3117M->972M(3732M), 0.0684566 secs]
12235.302: [GC pause (G1 Evacuation Pause) (young) 3118M->978M(3732M), 0.0676007 secs]
12237.300: [GC pause (G1 Evacuation Pause) (young) 3110M->976M(3732M), 0.0631105 secs]
12239.235: [GC pause (G1 Evacuation Pause) (young) 3115M->1003M(3732M), 0.0719723 secs]
12241.162: [GC pause (G1 Evacuation Pause) (young) 3117M->1020M(3732M), 0.0808372 secs]
12243.201: [GC pause (G1 Evacuation Pause) (young) 3118M->1020M(3732M), 0.0814554 secs]
12245.296: [GC pause (G1 Evacuation Pause) (young) 3118M->1019M(3732M), 0.0744892 secs]
12247.048: [GC pause (G1 Evacuation Pause) (young) 3210M->1111M(3732M), 0.1487310 secs]
12248.969: [GC pause (G1 Evacuation Pause) (young) 3129M->1123M(3732M), 0.1198602 secs]
12251.010: [GC pause (G1 Evacuation Pause) (young) 3192M->1130M(3732M), 0.0935152 secs]
12252.944: [GC pause (G1 Evacuation Pause) (young) 3286M->1171M(3732M), 0.0735531 secs]
12254.925: [GC pause (G1 Evacuation Pause) (young) 3265M->1176M(3732M), 0.0704884 secs]
12256.795: [GC pause (G1 Evacuation Pause) (young) 3262M->1185M(3732M), 0.0633195 secs]
12258.732: [GC pause (G1 Evacuation Pause) (young) 3248M->1186M(3732M), 0.0645637 secs]
12260.618: [GC pause (G1 Evacuation Pause) (young) 3252M->1202M(3732M), 0.0715196 secs]
12262.537: [GC pause (G1 Evacuation Pause) (young) 3236M->1213M(3732M), 0.0719224 secs]
12264.394: [GC pause (G1 Evacuation Pause) (young) 3217M->1206M(3732M), 0.0625033 secs]
12266.370: [GC pause (G1 Evacuation Pause) (young) 3232M->1227M(3732M), 0.0768077 secs]
12268.123: [GC pause (G1 Evacuation Pause) (young) 3290M->1323M(3732M), 0.1165232 secs]
12269.860: [GC pause (G1 Evacuation Pause) (young) 3158M->1317M(3732M), 0.1183173 secs]
12271.688: [GC pause (G1 Evacuation Pause) (young) 3190M->1328M(3732M), 0.0990337 secs]
12273.408: [GC pause (G1 Evacuation Pause) (young) 3277M->1365M(3732M), 0.0848875 secs]
12275.212: [GC pause (G1 Evacuation Pause) (young) 3241M->1367M(3732M), 0.0717628 secs]
12276.938: [GC pause (G1 Evacuation Pause) (young) 3236M->1368M(3732M), 0.0705929 secs]
12278.711: [GC pause (G1 Evacuation Pause) (young) 3232M->1371M(3732M), 0.0646917 secs]
12280.448: [GC pause (G1 Evacuation Pause) (young) 3235M->1396M(3732M), 0.0772173 secs]
12282.059: [GC pause (G1 Evacuation Pause) (young) 3209M->1406M(3732M), 0.0871100 secs]
12283.774: [GC pause (G1 Evacuation Pause) (young) 3238M->1407M(3732M), 0.0816649 secs]
12285.458: [GC pause (G1 Evacuation Pause) (young) 3224M->1407M(3732M), 0.0623736 secs]
12287.092: [GC pause (G1 Evacuation Pause) (young) 3235M->1429M(3732M), 0.0717872 secs]
12288.922: [GC pause (G1 Evacuation Pause) (young) 3210M->1423M(3732M), 0.0665989 secs]
12290.525: [GC pause (G1 Evacuation Pause) (young) 3325M->1519M(3732M), 0.1013424 secs]
12292.054: [GC pause (G1 Evacuation Pause) (young) 3176M->1507M(3732M), 0.0973880 secs]
12293.632: [GC pause (G1 Evacuation Pause) (young) 3219M->1544M(3732M), 0.1128713 secs]
12295.234: [GC pause (G1 Evacuation Pause) (young) 3259M->1551M(3732M), 0.0765492 secs]
12296.831: [GC pause (G1 Evacuation Pause) (young) 3250M->1563M(3732M), 0.0644237 secs]
12298.359: [GC pause (G1 Evacuation Pause) (young) 3236M->1583M(3732M), 0.0777165 secs]
12300.004: [GC pause (G1 Evacuation Pause) (young) 3218M->1583M(3732M), 0.0714582 secs]
12301.611: [GC pause (G1 Evacuation Pause) (young) 3271M->1594M(3732M), 0.0611934 secs]
12303.124: [GC pause (G1 Evacuation Pause) (young) 3253M->1613M(3732M), 0.0636557 secs]
12304.648: [GC pause (G1 Evacuation Pause) (young) 3241M->1617M(3732M), 0.0659461 secs]
12306.196: [GC pause (G1 Evacuation Pause) (young) 3246M->1620M(3732M), 0.0603619 secs]
12307.643: [GC pause (G1 Evacuation Pause) (young) 3237M->1636M(3732M), 0.0664944 secs]
12309.084: [GC pause (G1 Evacuation Pause) (young) 3230M->1635M(3732M), 0.0721042 secs]
12310.462: [GC pause (G1 Evacuation Pause) (young) 3246M->1629M(3732M), 0.0635887 secs]
12311.831: [GC pause (G1 Evacuation Pause) (young) 3246M->1627M(3732M), 0.0497366 secs]
12313.126: [GC pause (G1 Evacuation Pause) (young) 3334M->1723M(3732M), 0.1248227 secs]
12314.548: [GC pause (G1 Evacuation Pause) (young) 3160M->1732M(3732M), 0.1068635 secs]
12315.454: [GC pause (G1 Humongous Allocation) (young) (initial-mark) 2630M->1738M(3732M), 0.0450842 secs]
12315.499: [GC concurrent-root-region-scan-start]
12315.518: [GC concurrent-root-region-scan-end, 0.0196292 secs]
12315.518: [GC concurrent-mark-start]
12315.821: [GC concurrent-mark-end, 0.3024293 secs]
12315.821: [GC remark, 0.0067699 secs]
12315.828: [GC cleanup 2077M->773M(3732M), 0.0059145 secs]
12315.834: [GC concurrent-cleanup-start]
12315.837: [GC concurrent-cleanup-end, 0.0026547 secs]
12316.790: [GC pause (G1 Evacuation Pause) (young) 1995M->458M(3732M), 0.0445867 secs]
12318.722: [GC pause (G1 Evacuation Pause) (young) 2625M->456M(3732M), 0.0502925 secs]
12320.706: [GC pause (G1 Evacuation Pause) (young) 2629M->483M(3732M), 0.0653381 secs]
12322.696: [GC pause (G1 Evacuation Pause) (young) 2628M->495M(3732M), 0.0679702 secs]
12324.668: [GC pause (G1 Evacuation Pause) (young) 2625M->495M(3732M), 0.0669321 secs]
12326.708: [GC pause (G1 Evacuation Pause) (young) 2628M->506M(3732M), 0.0727924 secs]
12328.605: [GC pause (G1 Evacuation Pause) (young) 2629M->521M(3732M), 0.0766166 secs]
12330.589: [GC pause (G1 Evacuation Pause) (young) 2628M->532M(3732M), 0.0785298 secs]
12332.648: [GC pause (G1 Evacuation Pause) (young) 2625M->525M(3732M), 0.0685441 secs]
12334.667: [GC pause (G1 Evacuation Pause) (young) 2711M->584M(3732M), 0.0830917 secs]
12336.227: [GC pause (G1 Evacuation Pause) (young) 2667M->634M(3732M), 0.1280709 secs]
12338.244: [GC pause (G1 Evacuation Pause) (young) 2640M->653M(3732M), 0.1308596 secs]
12340.252: [GC pause (G1 Evacuation Pause) (young) 2760M->661M(3732M), 0.1004511 secs]
12342.132: [GC pause (G1 Evacuation Pause) (young) 2752M->662M(3732M), 0.0737643 secs]
12344.116: [GC pause (G1 Evacuation Pause) (young) 2761M->691M(3732M), 0.0909693 secs]
12346.135: [GC pause (G1 Evacuation Pause) (young) 2760M->702M(3732M), 0.1031920 secs]
12348.163: [GC pause (G1 Evacuation Pause) (young) 2838M->712M(3732M), 0.0912214 secs]
12350.107: [GC pause (G1 Evacuation Pause) (young) 2838M->721M(3732M), 0.0732263 secs]
12352.052: [GC pause (G1 Evacuation Pause) (young) 2837M->728M(3732M), 0.0788135 secs]
12354.131: [GC pause (G1 Evacuation Pause) (young) 2838M->733M(3732M), 0.0712956 secs]
12356.260: [GC pause (G1 Evacuation Pause) (young) 2837M->733M(3732M), 0.0719685 secs]
12357.976: [GC pause (G1 Evacuation Pause) (young) 2909M->818M(3732M), 0.1343109 secs]
12359.924: [GC pause (G1 Evacuation Pause) (young) 2838M->844M(3732M), 0.1266198 secs]
12361.893: [GC pause (G1 Evacuation Pause) (young) 2915M->866M(3732M), 0.1266173 secs]
12364.009: [GC pause (G1 Evacuation Pause) (young) 3033M->874M(3732M), 0.0745409 secs]
12365.986: [GC pause (G1 Evacuation Pause) (young) 3031M->880M(3732M), 0.0556246 secs]
12367.951: [GC pause (G1 Evacuation Pause) (young) 3033M->895M(3732M), 0.0676041 secs]
12369.907: [GC pause (G1 Evacuation Pause) (young) 3034M->903M(3732M), 0.0728470 secs]
12371.885: [GC pause (G1 Evacuation Pause) (young) 3026M->904M(3732M), 0.0642518 secs]
12373.813: [GC pause (G1 Evacuation Pause) (young) 3033M->923M(3732M), 0.0731700 secs]
12375.746: [GC pause (G1 Evacuation Pause) (young) 3034M->940M(3732M), 0.0785951 secs]
12377.871: [GC pause (G1 Evacuation Pause) (young) 3036M->940M(3732M), 0.0768624 secs]
12379.628: [GC pause (G1 Evacuation Pause) (young) 3124M->1044M(3732M), 0.1255314 secs]
12381.500: [GC pause (G1 Evacuation Pause) (young) 3083M->1036M(3732M), 0.1180626 secs]
12383.446: [GC pause (G1 Evacuation Pause) (young) 3113M->1053M(3732M), 0.1161981 secs]
12385.543: [GC pause (G1 Evacuation Pause) (young) 3204M->1062M(3732M), 0.0833985 secs]
12387.501: [GC pause (G1 Evacuation Pause) (young) 3195M->1061M(3732M), 0.0570343 secs]
12389.472: [GC pause (G1 Evacuation Pause) (young) 3204M->1084M(3732M), 0.0724156 secs]
12391.373: [GC pause (G1 Evacuation Pause) (young) 3203M->1100M(3732M), 0.0817656 secs]
12393.259: [GC pause (G1 Evacuation Pause) (young) 3203M->1109M(3732M), 0.0840334 secs]
12395.171: [GC pause (G1 Evacuation Pause) (young) 3204M->1118M(3732M), 0.0879113 secs]
12397.162: [GC pause (G1 Evacuation Pause) (young) 3231M->1127M(3732M), 0.0885006 secs]
12399.117: [GC pause (G1 Evacuation Pause) (young) 3224M->1134M(3732M), 0.0702460 secs]
12401.069: [GC pause (G1 Evacuation Pause) (young) 3219M->1126M(3732M), 0.0670494 secs]
12402.677: [GC pause (G1 Evacuation Pause) (young) 3295M->1216M(3732M), 0.1348626 secs]
12404.585: [GC pause (G1 Evacuation Pause) (young) 3133M->1232M(3732M), 0.1295596 secs]
12406.407: [GC pause (G1 Evacuation Pause) (young) 3205M->1254M(3732M), 0.0985191 secs]
12408.317: [GC pause (G1 Evacuation Pause) (young) 3292M->1269M(3732M), 0.0669155 secs]
12410.209: [GC pause (G1 Evacuation Pause) (young) 3270M->1277M(3732M), 0.0523282 secs]
12412.021: [GC pause (G1 Evacuation Pause) (young) 3268M->1286M(3732M), 0.0591890 secs]
12413.851: [GC pause (G1 Evacuation Pause) (young) 3261M->1292M(3732M), 0.0635866 secs]
12415.676: [GC pause (G1 Evacuation Pause) (young) 3255M->1301M(3732M), 0.0603282 secs]
12417.386: [GC pause (G1 Evacuation Pause) (young) 3238M->1322M(3732M), 0.0699000 secs]
12419.141: [GC pause (G1 Evacuation Pause) (young) 3225M->1329M(3732M), 0.0793161 secs]
12420.854: [GC pause (G1 Evacuation Pause) (young) 3226M->1327M(3732M), 0.0721255 secs]
12422.747: [GC pause (G1 Evacuation Pause) (young) 3228M->1326M(3732M), 0.0722309 secs]
12424.417: [GC pause (G1 Evacuation Pause) (young) 3303M->1411M(3732M), 0.1179325 secs]
12426.069: [GC pause (G1 Evacuation Pause) (young) 3144M->1434M(3732M), 0.1234544 secs]
12427.811: [GC pause (G1 Evacuation Pause) (young) 3205M->1449M(3732M), 0.0982589 secs]
12429.549: [GC pause (G1 Evacuation Pause) (young) 3284M->1455M(3732M), 0.0684442 secs]
12431.235: [GC pause (G1 Evacuation Pause) (young) 3282M->1480M(3732M), 0.0549914 secs]
12432.828: [GC pause (G1 Evacuation Pause) (young) 3261M->1486M(3732M), 0.0632124 secs]
12434.492: [GC pause (G1 Evacuation Pause) (young) 3257M->1487M(3732M), 0.0630968 secs]
12436.205: [GC pause (G1 Evacuation Pause) (young) 3258M->1486M(3732M), 0.0496743 secs]
12437.762: [GC pause (G1 Evacuation Pause) (young) 3250M->1512M(3732M), 0.0681114 secs]
12439.228: [GC pause (G1 Evacuation Pause) (young) 3231M->1516M(3732M), 0.0708293 secs]
12440.844: [GC pause (G1 Evacuation Pause) (young) 3233M->1516M(3732M), 0.0627845 secs]
12442.327: [GC pause (G1 Evacuation Pause) (young) 3238M->1540M(3732M), 0.0692976 secs]
12443.955: [GC pause (G1 Evacuation Pause) (young) 3223M->1536M(3732M), 0.0698160 secs]
12445.567: [GC pause (G1 Evacuation Pause) (young) 3250M->1534M(3732M), 0.0657332 secs]
12446.975: [GC pause (G1 Evacuation Pause) (young) 3324M->1610M(3732M), 0.1058885 secs]
12448.365: [GC pause (G1 Evacuation Pause) (young) 3173M->1632M(3732M), 0.1026151 secs]
12449.897: [GC pause (G1 Evacuation Pause) (young) 3288M->1655M(3732M), 0.0681264 secs]
12451.452: [GC pause (G1 Evacuation Pause) (young) 3284M->1653M(3732M), 0.0402599 secs]
12452.922: [GC pause (G1 Evacuation Pause) (young) 3292M->1678M(3732M), 0.0560393 secs]
12454.338: [GC pause (G1 Evacuation Pause) (young) 3272M->1681M(3732M), 0.0568440 secs]
12455.778: [GC pause (G1 Evacuation Pause) (young) 3256M->1677M(3732M), 0.0459448 secs]
12457.150: [GC pause (G1 Evacuation Pause) (young) 3270M->1699M(3732M), 0.0640577 secs]
12458.584: [GC pause (G1 Evacuation Pause) (young) 3246M->1696M(3732M), 0.0598345 secs]
12460.023: [GC pause (G1 Evacuation Pause) (young) 3245M->1718M(3732M), 0.0641844 secs]
12461.407: [GC pause (G1 Evacuation Pause) (young) 3229M->1710M(3732M), 0.0671045 secs]
12462.809: [GC pause (G1 Evacuation Pause) (young) 3257M->1714M(3732M), 0.0574166 secs]
12464.290: [GC pause (G1 Evacuation Pause) (young) 3259M->1732M(3732M), 0.0613231 secs]
12465.735: [GC pause (G1 Evacuation Pause) (young) 3243M->1737M(3732M), 0.0634262 secs]
12467.244: [GC pause (G1 Evacuation Pause) (young) 3240M->1729M(3732M), 0.0528568 secs]
12468.187: [GC pause (G1 Humongous Allocation) (young) (initial-mark) 2741M->1758M(3732M), 0.0600645 secs]
12468.247: [GC concurrent-root-region-scan-start]
12468.295: [GC concurrent-root-region-scan-end, 0.0484246 secs]
12468.295: [GC concurrent-mark-start]
12468.520: [GC concurrent-mark-end, 0.2248685 secs]
12468.521: [GC remark, 0.0075366 secs]
12468.529: [GC cleanup 2152M->936M(3732M), 0.0049835 secs]
12468.534: [GC concurrent-cleanup-start]
12468.536: [GC concurrent-cleanup-end, 0.0024841 secs]
12468.559: [GC pause (G1 Evacuation Pause) (young) 978M->583M(3732M), 0.0672269 secs]
12470.372: [GC pause (G1 Evacuation Pause) (young) 2810M->698M(3732M), 0.1118162 secs]
12472.273: [GC pause (G1 Evacuation Pause) (young) 2809M->718M(3732M), 0.0839275 secs]
12474.185: [GC pause (G1 Evacuation Pause) (young) 2809M->732M(3732M), 0.0835150 secs]
12476.068: [GC pause (G1 Evacuation Pause) (young) 2819M->734M(3732M), 0.0891960 secs]
12478.044: [GC pause (G1 Evacuation Pause) (young) 2827M->760M(3732M), 0.0859474 secs]
12480.126: [GC pause (G1 Evacuation Pause) (young) 2915M->774M(3732M), 0.0874561 secs]
12482.091: [GC pause (G1 Evacuation Pause) (young) 2912M->784M(3732M), 0.0714458 secs]
12484.005: [GC pause (G1 Evacuation Pause) (young) 2914M->782M(3732M), 0.0668263 secs]
12485.959: [GC pause (G1 Evacuation Pause) (young) 2908M->799M(3732M), 0.0725808 secs]
12487.900: [GC pause (G1 Evacuation Pause) (young) 2911M->813M(3732M), 0.0800026 secs]
12489.963: [GC pause (G1 Evacuation Pause) (young) 2913M->813M(3732M), 0.0768351 secs]
12491.525: [GC pause (G1 Evacuation Pause) (young) 2992M->904M(3732M), 0.1444771 secs]
12493.495: [GC pause (G1 Evacuation Pause) (young) 2912M->913M(3732M), 0.1388468 secs]
12495.537: [GC pause (G1 Evacuation Pause) (young) 3004M->927M(3732M), 0.1051871 secs]
12497.570: [GC pause (G1 Evacuation Pause) (young) 3107M->937M(3732M), 0.0693214 secs]
12499.567: [GC pause (G1 Evacuation Pause) (young) 3107M->946M(3732M), 0.0506121 secs]
12501.462: [GC pause (G1 Evacuation Pause) (young) 3107M->964M(3732M), 0.0599813 secs]
12503.422: [GC pause (G1 Evacuation Pause) (young) 3106M->984M(3732M), 0.0715585 secs]
12505.351: [GC pause (G1 Evacuation Pause) (young) 3108M->991M(3732M), 0.0743975 secs]
12507.301: [GC pause (G1 Evacuation Pause) (young) 3107M->1002M(3732M), 0.0782567 secs]
12509.325: [GC pause (G1 Evacuation Pause) (young) 3106M->1006M(3732M), 0.0729430 secs]
12511.357: [GC pause (G1 Evacuation Pause) (young) 3108M->1007M(3732M), 0.0752671 secs]
12513.099: [GC pause (G1 Evacuation Pause) (young) 3188M->1090M(3732M), 0.1236319 secs]
12514.979: [GC pause (G1 Evacuation Pause) (young) 3104M->1090M(3732M), 0.1154181 secs]
12517.043: [GC pause (G1 Evacuation Pause) (young) 3193M->1127M(3732M), 0.1163427 secs]
12518.998: [GC pause (G1 Evacuation Pause) (young) 3180M->1139M(3732M), 0.1015758 secs]
12521.007: [GC pause (G1 Evacuation Pause) (young) 3277M->1152M(3732M), 0.0722936 secs]
12522.919: [GC pause (G1 Evacuation Pause) (young) 3264M->1165M(3732M), 0.0634245 secs]
12524.792: [GC pause (G1 Evacuation Pause) (young) 3249M->1165M(3732M), 0.0646520 secs]
12526.744: [GC pause (G1 Evacuation Pause) (young) 3251M->1180M(3732M), 0.0675785 secs]
12528.607: [GC pause (G1 Evacuation Pause) (young) 3230M->1191M(3732M), 0.0682061 secs]
12530.551: [GC pause (G1 Evacuation Pause) (young) 3223M->1204M(3732M), 0.0796045 secs]
12532.481: [GC pause (G1 Evacuation Pause) (young) 3214M->1206M(3732M), 0.0775642 secs]
12534.435: [GC pause (G1 Evacuation Pause) (young) 3220M->1202M(3732M), 0.0712385 secs]
12535.975: [GC pause (G1 Evacuation Pause) (young) 3307M->1296M(3732M), 0.1427572 secs]
12537.752: [GC pause (G1 Evacuation Pause) (young) 3120M->1293M(3732M), 0.1032521 secs]
12539.514: [GC pause (G1 Evacuation Pause) (young) 3219M->1334M(3732M), 0.1032978 secs]
12541.369: [GC pause (G1 Evacuation Pause) (young) 3284M->1357M(3732M), 0.0694674 secs]
12543.056: [GC pause (G1 Evacuation Pause) (young) 3267M->1361M(3732M), 0.0612719 secs]
12544.769: [GC pause (G1 Evacuation Pause) (young) 3255M->1357M(3732M), 0.0531508 secs]
12546.461: [GC pause (G1 Evacuation Pause) (young) 3267M->1378M(3732M), 0.0660997 secs]
12548.198: [GC pause (G1 Evacuation Pause) (young) 3246M->1392M(3732M), 0.0724075 secs]
12549.920: [GC pause (G1 Evacuation Pause) (young) 3230M->1392M(3732M), 0.0668980 secs]
12551.601: [GC pause (G1 Evacuation Pause) (young) 3224M->1413M(3732M), 0.0713891 secs]
12553.273: [GC pause (G1 Evacuation Pause) (young) 3211M->1411M(3732M), 0.0728013 secs]
12555.146: [GC pause (G1 Evacuation Pause) (young) 3239M->1413M(3732M), 0.0731819 secs]
12556.783: [GC pause (G1 Evacuation Pause) (young) 3293M->1463M(3732M), 0.0777618 secs]
12558.108: [GC pause (G1 Evacuation Pause) (young) 3260M->1511M(3732M), 0.1277386 secs]
12559.697: [GC pause (G1 Evacuation Pause) (young) 3137M->1513M(3732M), 0.1166947 secs]
12561.403: [GC pause (G1 Evacuation Pause) (young) 3284M->1528M(3732M), 0.0556327 secs]
12562.949: [GC pause (G1 Evacuation Pause) (young) 3283M->1544M(3732M), 0.0481494 secs]
12564.570: [GC pause (G1 Evacuation Pause) (young) 3281M->1550M(3732M), 0.0549287 secs]
12566.110: [GC pause (G1 Evacuation Pause) (young) 3275M->1563M(3732M), 0.0577438 secs]
12567.732: [GC pause (G1 Evacuation Pause) (young) 3256M->1574M(3732M), 0.0590132 secs]
12569.239: [GC pause (G1 Evacuation Pause) (young) 3251M->1582M(3732M), 0.0655049 secs]
12570.790: [GC pause (G1 Evacuation Pause) (young) 3241M->1579M(3732M), 0.0612792 secs]
12572.323: [GC pause (G1 Evacuation Pause) (young) 3240M->1603M(3732M), 0.0689468 secs]
12573.870: [GC pause (G1 Evacuation Pause) (young) 3224M->1609M(3732M), 0.0743190 secs]
12575.361: [GC pause (G1 Evacuation Pause) (young) 3236M->1612M(3732M), 0.0734622 secs]
12576.901: [GC pause (G1 Evacuation Pause) (young) 3240M->1605M(3732M), 0.0579806 secs]
12578.488: [GC pause (G1 Evacuation Pause) (young) 3257M->1613M(3732M), 0.0524596 secs]
12579.653: [GC pause (G1 Evacuation Pause) (young) 3330M->1710M(3732M), 0.1162314 secs]
12580.961: [GC pause (G1 Evacuation Pause) (young) 3142M->1699M(3732M), 0.1078879 secs]
12581.642: [GC pause (G1 Humongous Allocation) (young) (initial-mark) 2334M->1710M(3732M), 0.0470503 secs]
12581.689: [GC concurrent-root-region-scan-start]
12581.708: [GC concurrent-root-region-scan-end, 0.0194308 secs]
12581.708: [GC concurrent-mark-start]
12581.978: [GC concurrent-mark-end, 0.2695012 secs]
12581.978: [GC remark, 0.0077841 secs]
12581.986: [GC cleanup 1990M->746M(3732M), 0.0047782 secs]
12581.991: [GC concurrent-cleanup-start]
12581.994: [GC concurrent-cleanup-end, 0.0024064 secs]
12583.105: [GC pause (G1 Evacuation Pause) (young) 2037M->475M(3732M), 0.0421078 secs]
12585.126: [GC pause (G1 Evacuation Pause) (young) 2667M->510M(3732M), 0.0619064 secs]
12587.149: [GC pause (G1 Evacuation Pause) (young) 2668M->521M(3732M), 0.0678102 secs]
12589.137: [GC pause (G1 Evacuation Pause) (young) 2663M->529M(3732M), 0.0659124 secs]
12591.089: [GC pause (G1 Evacuation Pause) (young) 2664M->539M(3732M), 0.0664231 secs]
12593.005: [GC pause (G1 Evacuation Pause) (young) 2661M->548M(3732M), 0.0710725 secs]
12594.976: [GC pause (G1 Evacuation Pause) (young) 2662M->555M(3732M), 0.0727501 secs]
12596.970: [GC pause (G1 Evacuation Pause) (young) 2657M->560M(3732M), 0.0692570 secs]
12598.870: [GC pause (G1 Evacuation Pause) (young) 2662M->561M(3732M), 0.0714859 secs]
12600.923: [GC pause (G1 Evacuation Pause) (young) 2742M->627M(3732M), 0.0929533 secs]
12602.667: [GC pause (G1 Evacuation Pause) (young) 2701M->675M(3732M), 0.1296372 secs]
12604.537: [GC pause (G1 Evacuation Pause) (young) 2677M->682M(3732M), 0.1140084 secs]
12606.486: [GC pause (G1 Evacuation Pause) (young) 2775M->702M(3732M), 0.1118111 secs]
12608.521: [GC pause (G1 Evacuation Pause) (young) 2876M->711M(3732M), 0.0673558 secs]
12610.503: [GC pause (G1 Evacuation Pause) (young) 2873M->717M(3732M), 0.0513165 secs]
12612.506: [GC pause (G1 Evacuation Pause) (young) 2877M->746M(3732M), 0.0669261 secs]
12614.474: [GC pause (G1 Evacuation Pause) (young) 2876M->750M(3732M), 0.0670081 secs]
12616.389: [GC pause (G1 Evacuation Pause) (young) 2876M->766M(3732M), 0.0741470 secs]
12618.360: [GC pause (G1 Evacuation Pause) (young) 2876M->768M(3732M), 0.0722241 secs]
12620.400: [GC pause (G1 Evacuation Pause) (young) 2868M->765M(3732M), 0.0620933 secs]
12622.419: [GC pause (G1 Evacuation Pause) (young) 2877M->766M(3732M), 0.0662622 secs]
12624.203: [GC pause (G1 Evacuation Pause) (young) 2957M->866M(3732M), 0.1384786 secs]
12626.143: [GC pause (G1 Evacuation Pause) (young) 2876M->883M(3732M), 0.1304044 secs]
12628.070: [GC pause (G1 Evacuation Pause) (young) 2963M->902M(3732M), 0.1113618 secs]
12630.090: [GC pause (G1 Evacuation Pause) (young) 3068M->905M(3732M), 0.0698787 secs]
12632.053: [GC pause (G1 Evacuation Pause) (young) 3067M->917M(3732M), 0.0593310 secs]
12634.025: [GC pause (G1 Evacuation Pause) (young) 3059M->919M(3732M), 0.0513293 secs]
12635.921: [GC pause (G1 Evacuation Pause) (young) 3067M->946M(3732M), 0.0671305 secs]
12637.892: [GC pause (G1 Evacuation Pause) (young) 3068M->957M(3732M), 0.0738518 secs]
12639.911: [GC pause (G1 Evacuation Pause) (young) 3067M->970M(3732M), 0.0787107 secs]
12641.827: [GC pause (G1 Evacuation Pause) (young) 3068M->970M(3732M), 0.0758085 secs]
12644.108: [GC pause (G1 Evacuation Pause) (young) 3068M->977M(3732M), 0.0782972 secs]
12646.036: [GC pause (G1 Evacuation Pause) (young) 3148M->1076M(3732M), 0.1188976 secs]
12647.941: [GC pause (G1 Evacuation Pause) (young) 3108M->1068M(3732M), 0.1183933 secs]
12649.900: [GC pause (G1 Evacuation Pause) (young) 3126M->1088M(3732M), 0.0994288 secs]
12651.841: [GC pause (G1 Evacuation Pause) (young) 3180M->1117M(3732M), 0.1110580 secs]
12653.811: [GC pause (G1 Evacuation Pause) (young) 3179M->1132M(3732M), 0.0950627 secs]
12655.730: [GC pause (G1 Evacuation Pause) (young) 3232M->1141M(3732M), 0.1004536 secs]
12657.696: [GC pause (G1 Evacuation Pause) (young) 3225M->1149M(3732M), 0.0781573 secs]
12659.576: [GC pause (G1 Evacuation Pause) (young) 3217M->1153M(3732M), 0.0728965 secs]
12661.478: [GC pause (G1 Evacuation Pause) (young) 3207M->1162M(3732M), 0.0689490 secs]
12663.362: [GC pause (G1 Evacuation Pause) (young) 3202M->1179M(3732M), 0.0857861 secs]
12665.302: [GC pause (G1 Evacuation Pause) (young) 3223M->1180M(3732M), 0.0728811 secs]
12667.232: [GC pause (G1 Evacuation Pause) (young) 3220M->1183M(3732M), 0.0715585 secs]
12668.903: [GC pause (G1 Evacuation Pause) (young) 3300M->1272M(3732M), 0.1380887 secs]
12670.680: [GC pause (G1 Evacuation Pause) (young) 3120M->1272M(3732M), 0.1065810 secs]
12672.499: [GC pause (G1 Evacuation Pause) (young) 3219M->1305M(3732M), 0.1011764 secs]
12674.227: [GC pause (G1 Evacuation Pause) (young) 3188M->1344M(3732M), 0.0922706 secs]
12676.095: [GC pause (G1 Evacuation Pause) (young) 3278M->1354M(3732M), 0.0759523 secs]
12677.933: [GC pause (G1 Evacuation Pause) (young) 3268M->1357M(3732M), 0.0595819 secs]
12679.655: [GC pause (G1 Evacuation Pause) (young) 3255M->1379M(3732M), 0.0591087 secs]
12681.387: [GC pause (G1 Evacuation Pause) (young) 3241M->1385M(3732M), 0.0654085 secs]
12683.041: [GC pause (G1 Evacuation Pause) (young) 3235M->1393M(3732M), 0.0670853 secs]
12684.742: [GC pause (G1 Evacuation Pause) (young) 3227M->1390M(3732M), 0.0637193 secs]
12686.450: [GC pause (G1 Evacuation Pause) (young) 3226M->1410M(3732M), 0.0704393 secs]
12688.263: [GC pause (G1 Evacuation Pause) (young) 3212M->1410M(3732M), 0.0744205 secs]
12689.933: [GC pause (G1 Evacuation Pause) (young) 3313M->1475M(3732M), 0.0856176 secs]
12691.474: [GC pause (G1 Evacuation Pause) (young) 3195M->1492M(3732M), 0.1027295 secs]
12693.029: [GC pause (G1 Evacuation Pause) (young) 3179M->1527M(3732M), 0.1092383 secs]
12694.695: [GC pause (G1 Evacuation Pause) (young) 3235M->1546M(3732M), 0.0946117 secs]
12696.272: [GC pause (G1 Evacuation Pause) (young) 3206M->1579M(3732M), 0.0790810 secs]
12697.828: [GC pause (G1 Evacuation Pause) (young) 3277M->1583M(3732M), 0.0689933 secs]
12699.399: [GC pause (G1 Evacuation Pause) (young) 3273M->1587M(3732M), 0.0509590 secs]
12700.923: [GC pause (G1 Evacuation Pause) (young) 3261M->1604M(3732M), 0.0545549 secs]
12702.440: [GC pause (G1 Evacuation Pause) (young) 3250M->1606M(3732M), 0.0572677 secs]
12703.929: [GC pause (G1 Evacuation Pause) (young) 3248M->1615M(3732M), 0.0610300 secs]
12705.407: [GC pause (G1 Evacuation Pause) (young) 3233M->1630M(3732M), 0.0616167 secs]
12706.939: [GC pause (G1 Evacuation Pause) (young) 3224M->1633M(3732M), 0.0707785 secs]
12708.458: [GC pause (G1 Evacuation Pause) (young) 3239M->1632M(3732M), 0.0664103 secs]
12709.921: [GC pause (G1 Evacuation Pause) (young) 3234M->1628M(3732M), 0.0524711 secs]
12711.468: [GC pause (G1 Evacuation Pause) (young) 3246M->1637M(3732M), 0.0631442 secs]
12712.790: [GC pause (G1 Evacuation Pause) (young) 3316M->1751M(3732M), 0.1051696 secs]
12714.037: [GC pause (G1 Evacuation Pause) (young) 3163M->1746M(3732M), 0.0996694 secs]
12714.575: [GC pause (G1 Humongous Allocation) (young) (initial-mark) 2221M->1745M(3732M), 0.0416790 secs]
12714.616: [GC concurrent-root-region-scan-start]
12714.637: [GC concurrent-root-region-scan-end, 0.0207953 secs]
12714.637: [GC concurrent-mark-start]
12714.910: [GC concurrent-mark-end, 0.2726193 secs]
12714.910: [GC remark, 0.0067546 secs]
12714.917: [GC cleanup 2063M->783M(3732M), 0.0044920 secs]
12714.922: [GC concurrent-cleanup-start]
12714.924: [GC concurrent-cleanup-end, 0.0024358 secs]
12715.889: [GC pause (G1 Evacuation Pause) (young) 2013M->492M(3732M), 0.0524293 secs]
12717.860: [GC pause (G1 Evacuation Pause) (young) 2656M->520M(3732M), 0.0656965 secs]
12719.791: [GC pause (G1 Evacuation Pause) (young) 2656M->528M(3732M), 0.0655595 secs]
12721.724: [GC pause (G1 Evacuation Pause) (young) 2656M->537M(3732M), 0.0690919 secs]
12723.688: [GC pause (G1 Evacuation Pause) (young) 2647M->537M(3732M), 0.0588301 secs]
12725.616: [GC pause (G1 Evacuation Pause) (young) 2655M->563M(3732M), 0.0797846 secs]
12727.569: [GC pause (G1 Evacuation Pause) (young) 2655M->568M(3732M), 0.0816828 secs]
12729.447: [GC pause (G1 Evacuation Pause) (young) 2656M->578M(3732M), 0.0805509 secs]
12731.356: [GC pause (G1 Evacuation Pause) (young) 2686M->586M(3732M), 0.0784065 secs]
12733.154: [GC pause (G1 Evacuation Pause) (young) 2686M->581M(3732M), 0.0654959 secs]
12735.098: [GC pause (G1 Evacuation Pause) (young) 2766M->660M(3732M), 0.1039084 secs]
12736.978: [GC pause (G1 Evacuation Pause) (young) 2727M->673M(3732M), 0.1160722 secs]
12738.886: [GC pause (G1 Evacuation Pause) (young) 2715M->712M(3732M), 0.1258877 secs]
12740.889: [GC pause (G1 Evacuation Pause) (young) 2786M->732M(3732M), 0.1140579 secs]
12742.796: [GC pause (G1 Evacuation Pause) (young) 2842M->739M(3732M), 0.0964131 secs]
12744.707: [GC pause (G1 Evacuation Pause) (young) 2841M->752M(3732M), 0.0823574 secs]
12746.646: [GC pause (G1 Evacuation Pause) (young) 2842M->765M(3732M), 0.0850164 secs]
12748.646: [GC pause (G1 Evacuation Pause) (young) 2905M->774M(3732M), 0.0747708 secs]
12750.598: [GC pause (G1 Evacuation Pause) (young) 2896M->774M(3732M), 0.0591442 secs]
12752.578: [GC pause (G1 Evacuation Pause) (young) 2904M->800M(3732M), 0.0730441 secs]
12754.560: [GC pause (G1 Evacuation Pause) (young) 2904M->803M(3732M), 0.0711454 secs]
12756.569: [GC pause (G1 Evacuation Pause) (young) 2905M->810M(3732M), 0.0662930 secs]
12758.352: [GC pause (G1 Evacuation Pause) (young) 2985M->901M(3732M), 0.1459043 secs]
12760.300: [GC pause (G1 Evacuation Pause) (young) 2905M->906M(3732M), 0.1264261 secs]
12762.398: [GC pause (G1 Evacuation Pause) (young) 2988M->917M(3732M), 0.1018467 secs]
12764.462: [GC pause (G1 Evacuation Pause) (young) 3101M->941M(3732M), 0.0671757 secs]
12766.452: [GC pause (G1 Evacuation Pause) (young) 3101M->955M(3732M), 0.0619853 secs]
12768.414: [GC pause (G1 Evacuation Pause) (young) 3101M->964M(3732M), 0.0651247 secs]
12770.423: [GC pause (G1 Evacuation Pause) (young) 3100M->972M(3732M), 0.0684122 secs]
12772.449: [GC pause (G1 Evacuation Pause) (young) 3100M->981M(3732M), 0.0691725 secs]
12774.454: [GC pause (G1 Evacuation Pause) (young) 3101M->993M(3732M), 0.0742657 secs]
12776.605: [GC pause (G1 Evacuation Pause) (young) 3101M->1000M(3732M), 0.0668801 secs]
12778.292: [GC pause (G1 Evacuation Pause) (young) 3100M->995M(3732M), 0.0625537 secs]
12779.974: [GC pause (G1 Evacuation Pause) (young) 3182M->1095M(3732M), 0.1270273 secs]
12781.844: [GC pause (G1 Evacuation Pause) (young) 3097M->1101M(3732M), 0.1263425 secs]
12783.890: [GC pause (G1 Evacuation Pause) (young) 3189M->1133M(3732M), 0.1162032 secs]
12785.821: [GC pause (G1 Evacuation Pause) (young) 3191M->1159M(3732M), 0.1009716 secs]
12787.867: [GC pause (G1 Evacuation Pause) (young) 3273M->1168M(3732M), 0.0730578 secs]
12789.883: [GC pause (G1 Evacuation Pause) (young) 3262M->1168M(3732M), 0.0560013 secs]
12791.791: [GC pause (G1 Evacuation Pause) (young) 3262M->1180M(3732M), 0.0578155 secs]
12793.633: [GC pause (G1 Evacuation Pause) (young) 3244M->1188M(3732M), 0.0595405 secs]
12795.570: [GC pause (G1 Evacuation Pause) (young) 3242M->1209M(3732M), 0.0708792 secs]
12797.424: [GC pause (G1 Evacuation Pause) (young) 3223M->1217M(3732M), 0.0781325 secs]
12799.228: [GC pause (G1 Evacuation Pause) (young) 3215M->1221M(3732M), 0.0714334 secs]
12801.190: [GC pause (G1 Evacuation Pause) (young) 3218M->1219M(3732M), 0.0691529 secs]
12802.857: [GC pause (G1 Evacuation Pause) (young) 3300M->1313M(3732M), 0.1406141 secs]
12804.574: [GC pause (G1 Evacuation Pause) (young) 3117M->1309M(3732M), 0.0962970 secs]
12806.349: [GC pause (G1 Evacuation Pause) (young) 3219M->1349M(3732M), 0.1049516 secs]
12808.209: [GC pause (G1 Evacuation Pause) (young) 3283M->1369M(3732M), 0.0733522 secs]
12809.935: [GC pause (G1 Evacuation Pause) (young) 3263M->1372M(3732M), 0.0601191 secs]
12811.712: [GC pause (G1 Evacuation Pause) (young) 3262M->1372M(3732M), 0.0539465 secs]
12813.437: [GC pause (G1 Evacuation Pause) (young) 3256M->1396M(3732M), 0.0590285 secs]
12815.154: [GC pause (G1 Evacuation Pause) (young) 3238M->1402M(3732M), 0.0679932 secs]
12816.868: [GC pause (G1 Evacuation Pause) (young) 3232M->1405M(3732M), 0.0768598 secs]
12818.557: [GC pause (G1 Evacuation Pause) (young) 3219M->1401M(3732M), 0.0546206 secs]
12820.191: [GC pause (G1 Evacuation Pause) (young) 3231M->1429M(3732M), 0.0709799 secs]
12821.859: [GC pause (G1 Evacuation Pause) (young) 3203M->1427M(3732M), 0.0765099 secs]
12823.654: [GC pause (G1 Evacuation Pause) (young) 3235M->1425M(3732M), 0.0609878 secs]
12825.163: [GC pause (G1 Evacuation Pause) (young) 3318M->1508M(3732M), 0.1153520 secs]
12826.694: [GC pause (G1 Evacuation Pause) (young) 3146M->1533M(3732M), 0.1047190 secs]
12828.332: [GC pause (G1 Evacuation Pause) (young) 3207M->1560M(3732M), 0.1119796 secs]
12829.954: [GC pause (G1 Evacuation Pause) (young) 3286M->1565M(3732M), 0.0570629 secs]
12831.555: [GC pause (G1 Evacuation Pause) (young) 3275M->1582M(3732M), 0.0494494 secs]
12833.040: [GC pause (G1 Evacuation Pause) (young) 3264M->1585M(3732M), 0.0541005 secs]
12834.597: [GC pause (G1 Evacuation Pause) (young) 3255M->1581M(3732M), 0.0457664 secs]
12836.235: [GC pause (G1 Evacuation Pause) (young) 3267M->1608M(3732M), 0.0627986 secs]
12837.761: [GC pause (G1 Evacuation Pause) (young) 3238M->1609M(3732M), 0.0621884 secs]
12839.311: [GC pause (G1 Evacuation Pause) (young) 3231M->1603M(3732M), 0.0540096 secs]
12840.853: [GC pause (G1 Evacuation Pause) (young) 3245M->1631M(3732M), 0.0686972 secs]
12842.302: [GC pause (G1 Evacuation Pause) (young) 3217M->1630M(3732M), 0.0683393 secs]
12843.891: [GC pause (G1 Evacuation Pause) (young) 3236M->1617M(3732M), 0.0545886 secs]
12845.513: [GC pause (G1 Evacuation Pause) (young) 3313M->1692M(3732M), 0.0764455 secs]
12846.763: [GC pause (G1 Evacuation Pause) (young) 3261M->1726M(3732M), 0.1264027 secs]
12848.203: [GC pause (G1 Evacuation Pause) (young) 3150M->1729M(3732M), 0.0993639 secs]
12848.525: [GC pause (G1 Humongous Allocation) (young) (initial-mark) 1931M->1728M(3732M), 0.0339499 secs]
12848.559: [GC concurrent-root-region-scan-start]
12848.576: [GC concurrent-root-region-scan-end, 0.0172002 secs]
12848.576: [GC concurrent-mark-start]
12848.831: [GC concurrent-mark-end, 0.2544429 secs]
12848.831: [GC remark, 0.0074658 secs]
12848.839: [GC cleanup 1998M->684M(3732M), 0.0045474 secs]
12848.843: [GC concurrent-cleanup-start]
12848.846: [GC concurrent-cleanup-end, 0.0026308 secs]
12849.921: [GC pause (G1 Evacuation Pause) (young) 1976M->440M(3732M), 0.0437027 secs]
12851.823: [GC pause (G1 Evacuation Pause) (young) 2622M->461M(3732M), 0.0592824 secs]
12853.843: [GC pause (G1 Evacuation Pause) (young) 2621M->475M(3732M), 0.0612903 secs]
12855.843: [GC pause (G1 Evacuation Pause) (young) 2621M->484M(3732M), 0.0650629 secs]
12857.771: [GC pause (G1 Evacuation Pause) (young) 2622M->491M(3732M), 0.0602851 secs]
12859.730: [GC pause (G1 Evacuation Pause) (young) 2617M->491M(3732M), 0.0555879 secs]
12861.692: [GC pause (G1 Evacuation Pause) (young) 2621M->523M(3732M), 0.0753259 secs]
12863.692: [GC pause (G1 Evacuation Pause) (young) 2621M->529M(3732M), 0.0785618 secs]
12865.632: [GC pause (G1 Evacuation Pause) (young) 2621M->529M(3732M), 0.0752875 secs]
12867.705: [GC pause (G1 Evacuation Pause) (young) 2675M->585M(3732M), 0.0951783 secs]
12869.444: [GC pause (G1 Evacuation Pause) (young) 2702M->623M(3732M), 0.1419833 secs]
12871.363: [GC pause (G1 Evacuation Pause) (young) 2621M->629M(3732M), 0.1356409 secs]
12873.374: [GC pause (G1 Evacuation Pause) (young) 2711M->647M(3732M), 0.1124882 secs]
12875.248: [GC pause (G1 Evacuation Pause) (young) 2737M->686M(3732M), 0.0984611 secs]
12877.296: [GC pause (G1 Evacuation Pause) (young) 2844M->697M(3732M), 0.0777537 secs]
12879.350: [GC pause (G1 Evacuation Pause) (young) 2845M->705M(3732M), 0.0639826 secs]
12881.347: [GC pause (G1 Evacuation Pause) (young) 2845M->717M(3732M), 0.0654217 secs]
12883.334: [GC pause (G1 Evacuation Pause) (young) 2845M->724M(3732M), 0.0683785 secs]
12885.303: [GC pause (G1 Evacuation Pause) (young) 2844M->732M(3732M), 0.0668630 secs]
12887.341: [GC pause (G1 Evacuation Pause) (young) 2836M->732M(3732M), 0.0611695 secs]
12889.454: [GC pause (G1 Evacuation Pause) (young) 2852M->740M(3732M), 0.0697882 secs]
12891.246: [GC pause (G1 Evacuation Pause) (young) 2921M->818M(3732M), 0.1236302 secs]
12893.159: [GC pause (G1 Evacuation Pause) (young) 2844M->847M(3732M), 0.1243794 secs]
12895.184: [GC pause (G1 Evacuation Pause) (young) 2919M->876M(3732M), 0.1197915 secs]
12897.127: [GC pause (G1 Evacuation Pause) (young) 2954M->932M(3732M), 0.1071327 secs]
12899.179: [GC pause (G1 Evacuation Pause) (young) 3090M->938M(3732M), 0.0718426 secs]
12901.211: [GC pause (G1 Evacuation Pause) (young) 3090M->947M(3732M), 0.0569135 secs]
12903.227: [GC pause (G1 Evacuation Pause) (young) 3081M->950M(3732M), 0.0555358 secs]
12905.250: [GC pause (G1 Evacuation Pause) (young) 3090M->980M(3732M), 0.0747107 secs]
12907.334: [GC pause (G1 Evacuation Pause) (young) 3090M->986M(3732M), 0.0729801 secs]
12909.308: [GC pause (G1 Evacuation Pause) (young) 3090M->991M(3732M), 0.0734422 secs]
12911.229: [GC pause (G1 Evacuation Pause) (young) 3089M->996M(3732M), 0.0656274 secs]
12913.041: [GC pause (G1 Evacuation Pause) (young) 3090M->989M(3732M), 0.0688756 secs]
12914.885: [GC pause (G1 Evacuation Pause) (young) 3170M->1085M(3732M), 0.1466779 secs]
12916.912: [GC pause (G1 Evacuation Pause) (young) 3081M->1080M(3732M), 0.1140728 secs]
12918.859: [GC pause (G1 Evacuation Pause) (young) 3177M->1098M(3732M), 0.1091397 secs]
12920.817: [GC pause (G1 Evacuation Pause) (young) 3177M->1136M(3732M), 0.1031480 secs]
12922.860: [GC pause (G1 Evacuation Pause) (young) 3266M->1137M(3732M), 0.0731986 secs]
12924.812: [GC pause (G1 Evacuation Pause) (young) 3267M->1151M(3732M), 0.0639941 secs]
12926.750: [GC pause (G1 Evacuation Pause) (young) 3253M->1160M(3732M), 0.0650249 secs]
12928.573: [GC pause (G1 Evacuation Pause) (young) 3242M->1168M(3732M), 0.0671600 secs]
12930.466: [GC pause (G1 Evacuation Pause) (young) 3226M->1164M(3732M), 0.0608410 secs]
12932.350: [GC pause (G1 Evacuation Pause) (young) 3238M->1196M(3732M), 0.0780447 secs]
12934.338: [GC pause (G1 Evacuation Pause) (young) 3206M->1190M(3732M), 0.0706889 secs]
12936.106: [GC pause (G1 Evacuation Pause) (young) 3303M->1298M(3732M), 0.1106953 secs]
12937.851: [GC pause (G1 Evacuation Pause) (young) 3156M->1287M(3732M), 0.1129157 secs]
12939.649: [GC pause (G1 Evacuation Pause) (young) 3193M->1308M(3732M), 0.0997471 secs]
12941.501: [GC pause (G1 Evacuation Pause) (young) 3264M->1321M(3732M), 0.0721767 secs]
12943.239: [GC pause (G1 Evacuation Pause) (young) 3255M->1333M(3732M), 0.0655821 secs]
12945.015: [GC pause (G1 Evacuation Pause) (young) 3243M->1337M(3732M), 0.0655446 secs]
12946.743: [GC pause (G1 Evacuation Pause) (young) 3239M->1344M(3732M), 0.0656312 secs]
12948.489: [GC pause (G1 Evacuation Pause) (young) 3226M->1341M(3732M), 0.0585413 secs]
12950.185: [GC pause (G1 Evacuation Pause) (young) 3235M->1371M(3732M), 0.0761972 secs]
12951.836: [GC pause (G1 Evacuation Pause) (young) 3205M->1371M(3732M), 0.0845189 secs]
12953.603: [GC pause (G1 Evacuation Pause) (young) 3235M->1382M(3732M), 0.0763132 secs]
12955.271: [GC pause (G1 Evacuation Pause) (young) 3226M->1380M(3732M), 0.0565423 secs]
12957.047: [GC pause (G1 Evacuation Pause) (young) 3222M->1373M(3732M), 0.0573509 secs]
12958.577: [GC pause (G1 Evacuation Pause) (young) 3314M->1480M(3732M), 0.1351182 secs]
12960.183: [GC pause (G1 Evacuation Pause) (young) 3128M->1487M(3732M), 0.1227973 secs]
12961.963: [GC pause (G1 Evacuation Pause) (young) 3273M->1488M(3732M), 0.0583203 secs]
12963.623: [GC pause (G1 Evacuation Pause) (young) 3291M->1516M(3732M), 0.0492916 secs]
12965.273: [GC pause (G1 Evacuation Pause) (young) 3281M->1527M(3732M), 0.0547802 secs]
12966.829: [GC pause (G1 Evacuation Pause) (young) 3272M->1530M(3732M), 0.0525445 secs]
12968.403: [GC pause (G1 Evacuation Pause) (young) 3258M->1552M(3732M), 0.0581500 secs]
12969.899: [GC pause (G1 Evacuation Pause) (young) 3245M->1553M(3732M), 0.0616786 secs]
12971.491: [GC pause (G1 Evacuation Pause) (young) 3246M->1553M(3732M), 0.0608922 secs]
12973.030: [GC pause (G1 Evacuation Pause) (young) 3237M->1577M(3732M), 0.0662870 secs]
12974.608: [GC pause (G1 Evacuation Pause) (young) 3222M->1579M(3732M), 0.0720141 secs]
12976.172: [GC pause (G1 Evacuation Pause) (young) 3231M->1571M(3732M), 0.0614439 secs]
12977.805: [GC pause (G1 Evacuation Pause) (young) 3247M->1590M(3732M), 0.0639352 secs]
12979.457: [GC pause (G1 Evacuation Pause) (young) 3230M->1589M(3732M), 0.0582571 secs]
12980.910: [GC pause (G1 Evacuation Pause) (young) 3332M->1690M(3732M), 0.0932792 secs]
12982.159: [GC pause (G1 Evacuation Pause) (young) 3184M->1700M(3732M), 0.1031574 secs]
12983.589: [GC pause (G1 Evacuation Pause) (young) 3195M->1716M(3732M), 0.0994847 secs]
12985.086: [GC pause (G1 Evacuation Pause) (young) 3260M->1713M(3732M), 0.0647766 secs]
12986.505: [GC pause (G1 Evacuation Pause) (young) 3269M->1733M(3732M), 0.0565257 secs]
12987.936: [GC pause (G1 Evacuation Pause) (young) 3249M->1735M(3732M), 0.0588246 secs]
12989.294: [GC pause (G1 Evacuation Pause) (young) 3239M->1759M(3732M), 0.0589423 secs]
12990.586: [GC pause (G1 Evacuation Pause) (young) 3223M->1757M(3732M), 0.0679314 secs]
12992.023: [GC pause (G1 Evacuation Pause) (young) 3255M->1752M(3732M), 0.0571896 secs]
12993.421: [GC pause (G1 Evacuation Pause) (young) 3266M->1771M(3732M), 0.0569003 secs]
12994.793: [GC pause (G1 Evacuation Pause) (young) 3249M->1771M(3732M), 0.0578949 secs]
12996.145: [GC pause (G1 Evacuation Pause) (young) 3241M->1789M(3732M), 0.0612553 secs]
12997.575: [GC pause (G1 Evacuation Pause) (young) 3231M->1794M(3732M), 0.0644967 secs]
12998.958: [GC pause (G1 Evacuation Pause) (young) (initial-mark) 3242M->1787M(3732M), 0.0556736 secs]
12999.014: [GC concurrent-root-region-scan-start]
12999.054: [GC concurrent-root-region-scan-end, 0.0396980 secs]
12999.054: [GC concurrent-mark-start]
12999.363: [GC concurrent-mark-end, 0.3094962 secs]
12999.364: [GC remark, 0.0070456 secs]
12999.371: [GC cleanup 2131M->874M(3732M), 0.0044949 secs]
12999.376: [GC concurrent-cleanup-start]
12999.378: [GC concurrent-cleanup-end, 0.0020514 secs]
13000.319: [GC pause (G1 Evacuation Pause) (young) 1998M->544M(3732M), 0.0567463 secs]
13002.443: [GC pause (G1 Evacuation Pause) (young) 2673M->547M(3732M), 0.0663250 secs]
13004.133: [GC pause (G1 Evacuation Pause) (young) 2752M->632M(3732M), 0.1341727 secs]
13006.105: [GC pause (G1 Evacuation Pause) (young) 2673M->644M(3732M), 0.1111600 secs]
13008.064: [GC pause (G1 Evacuation Pause) (young) 2730M->669M(3732M), 0.1083751 secs]
13010.048: [GC pause (G1 Evacuation Pause) (young) 2745M->682M(3732M), 0.0851026 secs]
13012.141: [GC pause (G1 Evacuation Pause) (young) 2860M->696M(3732M), 0.0686132 secs]
13014.114: [GC pause (G1 Evacuation Pause) (young) 2860M->722M(3732M), 0.0631919 secs]
13015.984: [GC pause (G1 Evacuation Pause) (young) 2860M->732M(3732M), 0.0654546 secs]
13017.916: [GC pause (G1 Evacuation Pause) (young) 2860M->741M(3732M), 0.0641315 secs]
13019.856: [GC pause (G1 Evacuation Pause) (young) 2859M->748M(3732M), 0.0720888 secs]
13021.784: [GC pause (G1 Evacuation Pause) (young) 2860M->757M(3732M), 0.0663553 secs]
13023.792: [GC pause (G1 Evacuation Pause) (young) 2859M->761M(3732M), 0.0674603 secs]
13025.593: [GC pause (G1 Evacuation Pause) (young) 2931M->844M(3732M), 0.1319796 secs]
13027.477: [GC pause (G1 Evacuation Pause) (young) 2860M->867M(3732M), 0.1228046 secs]
13029.485: [GC pause (G1 Evacuation Pause) (young) 2935M->893M(3732M), 0.1163427 secs]
13031.491: [GC pause (G1 Evacuation Pause) (young) 3059M->904M(3732M), 0.0748963 secs]
13033.447: [GC pause (G1 Evacuation Pause) (young) 3060M->908M(3732M), 0.0573824 secs]
13035.382: [GC pause (G1 Evacuation Pause) (young) 3060M->919M(3732M), 0.0618326 secs]
13037.359: [GC pause (G1 Evacuation Pause) (young) 3059M->927M(3732M), 0.0676425 secs]
13039.369: [GC pause (G1 Evacuation Pause) (young) 3051M->927M(3732M), 0.0559864 secs]
13041.345: [GC pause (G1 Evacuation Pause) (young) 3059M->940M(3732M), 0.0609161 secs]
13043.267: [GC pause (G1 Evacuation Pause) (young) 3060M->961M(3732M), 0.0749176 secs]
13045.265: [GC pause (G1 Evacuation Pause) (young) 3059M->960M(3732M), 0.0731900 secs]
13047.072: [GC pause (G1 Evacuation Pause) (young) 3141M->1048M(3732M), 0.1233179 secs]
13048.999: [GC pause (G1 Evacuation Pause) (young) 3060M->1053M(3732M), 0.1194267 secs]
13050.965: [GC pause (G1 Evacuation Pause) (young) 3139M->1065M(3732M), 0.1031843 secs]
13052.906: [GC pause (G1 Evacuation Pause) (young) 3148M->1091M(3732M), 0.0997023 secs]
13054.840: [GC pause (G1 Evacuation Pause) (young) 3163M->1121M(3732M), 0.1096291 secs]
13056.847: [GC pause (G1 Evacuation Pause) (young) 3261M->1125M(3732M), 0.0777247 secs]
13058.873: [GC pause (G1 Evacuation Pause) (young) 3257M->1137M(3732M), 0.0669496 secs]
13060.787: [GC pause (G1 Evacuation Pause) (young) 3245M->1145M(3732M), 0.0676988 secs]
13062.751: [GC pause (G1 Evacuation Pause) (young) 3237M->1147M(3732M), 0.0653061 secs]
13064.665: [GC pause (G1 Evacuation Pause) (young) 3227M->1156M(3732M), 0.0640922 secs]
13066.521: [GC pause (G1 Evacuation Pause) (young) 3224M->1157M(3732M), 0.0641118 secs]
13068.572: [GC pause (G1 Evacuation Pause) (young) 3225M->1168M(3732M), 0.0727834 secs]
13070.288: [GC pause (G1 Evacuation Pause) (young) 3293M->1264M(3732M), 0.1380055 secs]
13072.073: [GC pause (G1 Evacuation Pause) (young) 3116M->1274M(3732M), 0.1303762 secs]
13073.910: [GC pause (G1 Evacuation Pause) (young) 3205M->1295M(3732M), 0.1081029 secs]
13075.787: [GC pause (G1 Evacuation Pause) (young) 3275M->1295M(3732M), 0.0655109 secs]
13077.603: [GC pause (G1 Evacuation Pause) (young) 3291M->1320M(3732M), 0.0542827 secs]
13079.379: [GC pause (G1 Evacuation Pause) (young) 3264M->1331M(3732M), 0.0611265 secs]
13081.273: [GC pause (G1 Evacuation Pause) (young) 3255M->1334M(3732M), 0.0550738 secs]
13083.071: [GC pause (G1 Evacuation Pause) (young) 3250M->1346M(3732M), 0.0655821 secs]
13084.791: [GC pause (G1 Evacuation Pause) (young) 3230M->1344M(3732M), 0.0545549 secs]
13086.520: [GC pause (G1 Evacuation Pause) (young) 3240M->1370M(3732M), 0.0681118 secs]
13088.238: [GC pause (G1 Evacuation Pause) (young) 3214M->1371M(3732M), 0.0680316 secs]
13089.848: [GC pause (G1 Evacuation Pause) (young) 3222M->1372M(3732M), 0.0657438 secs]
13091.584: [GC pause (G1 Evacuation Pause) (young) 3317M->1461M(3732M), 0.0945793 secs]
13093.036: [GC pause (G1 Evacuation Pause) (young) 3175M->1465M(3732M), 0.1052242 secs]
13094.634: [GC pause (G1 Evacuation Pause) (young) 3196M->1499M(3732M), 0.1035359 secs]
13096.290: [GC pause (G1 Evacuation Pause) (young) 3247M->1517M(3732M), 0.1021616 secs]
13097.924: [GC pause (G1 Evacuation Pause) (young) 3221M->1524M(3732M), 0.0639604 secs]
13099.565: [GC pause (G1 Evacuation Pause) (young) 3295M->1555M(3732M), 0.0778399 secs]
13101.151: [GC pause (G1 Evacuation Pause) (young) 3270M->1555M(3732M), 0.0517385 secs]
13102.705: [GC pause (G1 Evacuation Pause) (young) 3270M->1564M(3732M), 0.0525291 secs]
13104.259: [GC pause (G1 Evacuation Pause) (young) 3250M->1578M(3732M), 0.0543045 secs]
13105.847: [GC pause (G1 Evacuation Pause) (young) 3245M->1586M(3732M), 0.0637569 secs]
13107.408: [GC pause (G1 Evacuation Pause) (young) 3237M->1589M(3732M), 0.0622631 secs]
13108.925: [GC pause (G1 Evacuation Pause) (young) 3227M->1606M(3732M), 0.0672406 secs]
13110.424: [GC pause (G1 Evacuation Pause) (young) 3228M->1609M(3732M), 0.0694435 secs]
13112.047: [GC pause (G1 Evacuation Pause) (young) 3234M->1613M(3732M), 0.0647570 secs]
13113.668: [GC pause (G1 Evacuation Pause) (young) 3241M->1596M(3732M), 0.0490501 secs]
13114.991: [GC pause (G1 Evacuation Pause) (young) 3345M->1709M(3732M), 0.1250924 secs]
13116.421: [GC pause (G1 Evacuation Pause) (young) 3145M->1704M(3732M), 0.0951066 secs]
13116.721: [GC pause (G1 Humongous Allocation) (young) (initial-mark) 1902M->1705M(3732M), 0.0355158 secs]
13116.757: [GC concurrent-root-region-scan-start]
13116.769: [GC concurrent-root-region-scan-end, 0.0122031 secs]
13116.769: [GC concurrent-mark-start]
13117.029: [GC concurrent-mark-end, 0.2597318 secs]
13117.029: [GC remark, 0.0070315 secs]
13117.037: [GC cleanup 2022M->771M(3732M), 0.0046763 secs]
13117.041: [GC concurrent-cleanup-start]
13117.043: [GC concurrent-cleanup-end, 0.0021683 secs]
13118.054: [GC pause (G1 Evacuation Pause) (young) 2037M->480M(3732M), 0.0421406 secs]
13119.991: [GC pause (G1 Evacuation Pause) (young) 2658M->502M(3732M), 0.0536867 secs]
13121.981: [GC pause (G1 Evacuation Pause) (young) 2658M->510M(3732M), 0.0617942 secs]
13123.953: [GC pause (G1 Evacuation Pause) (young) 2658M->518M(3732M), 0.0644485 secs]
13125.986: [GC pause (G1 Evacuation Pause) (young) 2658M->525M(3732M), 0.0648961 secs]
13127.928: [GC pause (G1 Evacuation Pause) (young) 2655M->524M(3732M), 0.0574268 secs]
13129.926: [GC pause (G1 Evacuation Pause) (young) 2658M->555M(3732M), 0.0738279 secs]
13131.895: [GC pause (G1 Evacuation Pause) (young) 2659M->565M(3732M), 0.0796848 secs]
13133.752: [GC pause (G1 Evacuation Pause) (young) 2659M->574M(3732M), 0.0737741 secs]
13135.745: [GC pause (G1 Evacuation Pause) (young) 2658M->565M(3732M), 0.0776150 secs]
13137.495: [GC pause (G1 Evacuation Pause) (young) 2752M->660M(3732M), 0.1365454 secs]
13139.427: [GC pause (G1 Evacuation Pause) (young) 2671M->667M(3732M), 0.1151975 secs]
13141.430: [GC pause (G1 Evacuation Pause) (young) 2749M->686M(3732M), 0.0993908 secs]
13143.423: [GC pause (G1 Evacuation Pause) (young) 2780M->724M(3732M), 0.1100780 secs]
13145.428: [GC pause (G1 Evacuation Pause) (young) 2780M->740M(3732M), 0.0960743 secs]
13147.448: [GC pause (G1 Evacuation Pause) (young) 2886M->751M(3732M), 0.0802573 secs]
13149.496: [GC pause (G1 Evacuation Pause) (young) 2885M->753M(3732M), 0.0654362 secs]
13151.395: [GC pause (G1 Evacuation Pause) (young) 2885M->763M(3732M), 0.0720235 secs]
13153.328: [GC pause (G1 Evacuation Pause) (young) 2885M->775M(3732M), 0.0679122 secs]
13155.189: [GC pause (G1 Evacuation Pause) (young) 2885M->781M(3732M), 0.0628122 secs]
13157.322: [GC pause (G1 Evacuation Pause) (young) 2881M->770M(3732M), 0.0551318 secs]
13159.176: [GC pause (G1 Evacuation Pause) (young) 2967M->915M(3732M), 0.1233098 secs]
13161.055: [GC pause (G1 Evacuation Pause) (young) 2925M->890M(3732M), 0.1289567 secs]
13162.983: [GC pause (G1 Evacuation Pause) (young) 2972M->909M(3732M), 0.1218156 secs]
13165.045: [GC pause (G1 Evacuation Pause) (young) 3073M->920M(3732M), 0.0723777 secs]
13167.032: [GC pause (G1 Evacuation Pause) (young) 3074M->928M(3732M), 0.0605313 secs]
13169.053: [GC pause (G1 Evacuation Pause) (young) 3074M->941M(3732M), 0.0630857 secs]
13171.023: [GC pause (G1 Evacuation Pause) (young) 3065M->941M(3732M), 0.0563956 secs]
13173.009: [GC pause (G1 Evacuation Pause) (young) 3073M->973M(3732M), 0.0753080 secs]
13175.016: [GC pause (G1 Evacuation Pause) (young) 3073M->981M(3732M), 0.0759813 secs]
13176.977: [GC pause (G1 Evacuation Pause) (young) 3073M->988M(3732M), 0.0802044 secs]
13179.065: [GC pause (G1 Evacuation Pause) (young) 3074M->987M(3732M), 0.0742652 secs]
13181.014: [GC pause (G1 Evacuation Pause) (young) 3173M->1074M(3732M), 0.1043154 secs]
13182.851: [GC pause (G1 Evacuation Pause) (young) 3132M->1082M(3732M), 0.1204221 secs]
13184.826: [GC pause (G1 Evacuation Pause) (young) 3132M->1096M(3732M), 0.0972058 secs]
13186.691: [GC pause (G1 Evacuation Pause) (young) 3192M->1123M(3732M), 0.1115128 secs]
13188.626: [GC pause (G1 Evacuation Pause) (young) 3185M->1153M(3732M), 0.1030759 secs]
13190.559: [GC pause (G1 Evacuation Pause) (young) 3221M->1161M(3732M), 0.1011034 secs]
13192.513: [GC pause (G1 Evacuation Pause) (young) 3213M->1166M(3732M), 0.0778258 secs]
13194.411: [GC pause (G1 Evacuation Pause) (young) 3204M->1176M(3732M), 0.0762317 secs]
13196.292: [GC pause (G1 Evacuation Pause) (young) 3200M->1193M(3732M), 0.0870708 secs]
13198.223: [GC pause (G1 Evacuation Pause) (young) 3233M->1205M(3732M), 0.0861633 secs]
13200.092: [GC pause (G1 Evacuation Pause) (young) 3221M->1207M(3732M), 0.0684801 secs]
13202.127: [GC pause (G1 Evacuation Pause) (young) 3219M->1204M(3732M), 0.0695198 secs]
13204.014: [GC pause (G1 Evacuation Pause) (young) 3305M->1304M(3732M), 0.1062328 secs]
13205.615: [GC pause (G1 Evacuation Pause) (young) 3156M->1312M(3732M), 0.1113767 secs]
13207.404: [GC pause (G1 Evacuation Pause) (young) 3180M->1324M(3732M), 0.1133027 secs]
13209.236: [GC pause (G1 Evacuation Pause) (young) 3262M->1333M(3732M), 0.0775420 secs]
13210.976: [GC pause (G1 Evacuation Pause) (young) 3255M->1342M(3732M), 0.0560214 secs]
13212.738: [GC pause (G1 Evacuation Pause) (young) 3238M->1354M(3732M), 0.0645411 secs]
13214.509: [GC pause (G1 Evacuation Pause) (young) 3232M->1370M(3732M), 0.0716114 secs]
13216.279: [GC pause (G1 Evacuation Pause) (young) 3216M->1375M(3732M), 0.0769741 secs]
13218.106: [GC pause (G1 Evacuation Pause) (young) 3249M->1382M(3732M), 0.0722676 secs]
13219.879: [GC pause (G1 Evacuation Pause) (young) 3234M->1396M(3732M), 0.0672483 secs]
13221.592: [GC pause (G1 Evacuation Pause) (young) 3226M->1395M(3732M), 0.0692233 secs]
13223.287: [GC pause (G1 Evacuation Pause) (young) 3229M->1403M(3732M), 0.0661155 secs]
13225.060: [GC pause (G1 Evacuation Pause) (young) 3221M->1402M(3732M), 0.0650932 secs]
13226.540: [GC pause (G1 Evacuation Pause) (young) 3302M->1497M(3732M), 0.1312854 secs]
13228.192: [GC pause (G1 Evacuation Pause) (young) 3137M->1509M(3732M), 0.1115662 secs]
13229.852: [GC pause (G1 Evacuation Pause) (young) 3208M->1530M(3732M), 0.1139948 secs]
13231.549: [GC pause (G1 Evacuation Pause) (young) 3280M->1528M(3732M), 0.0550302 secs]
13233.198: [GC pause (G1 Evacuation Pause) (young) 3295M->1549M(3732M), 0.0498949 secs]
13234.757: [GC pause (G1 Evacuation Pause) (young) 3278M->1559M(3732M), 0.0553673 secs]
13236.352: [GC pause (G1 Evacuation Pause) (young) 3259M->1554M(3732M), 0.0468532 secs]
13237.895: [GC pause (G1 Evacuation Pause) (young) 3271M->1582M(3732M), 0.0604058 secs]
13239.425: [GC pause (G1 Evacuation Pause) (young) 3243M->1581M(3732M), 0.0626057 secs]
13241.001: [GC pause (G1 Evacuation Pause) (young) 3237M->1580M(3732M), 0.0559847 secs]
13242.532: [GC pause (G1 Evacuation Pause) (young) 3245M->1608M(3732M), 0.0699166 secs]
13244.030: [GC pause (G1 Evacuation Pause) (young) 3217M->1609M(3732M), 0.0732852 secs]
13245.605: [GC pause (G1 Evacuation Pause) (young) 3237M->1597M(3732M), 0.0514731 secs]
13247.166: [GC pause (G1 Evacuation Pause) (young) 3257M->1623M(3732M), 0.0663796 secs]
13248.692: [GC pause (G1 Evacuation Pause) (young) 3312M->1685M(3732M), 0.0934721 secs]
13249.982: [GC pause (G1 Evacuation Pause) (young) 3217M->1709M(3732M), 0.1008329 secs]
13251.357: [GC pause (G1 Evacuation Pause) (young) 3185M->1731M(3732M), 0.0957117 secs]
13252.809: [GC pause (G1 Evacuation Pause) (young) 3247M->1755M(3732M), 0.0969951 secs]
13254.305: [GC pause (G1 Evacuation Pause) (young) (initial-mark) 3287M->1758M(3732M), 0.0577455 secs]
13254.363: [GC concurrent-root-region-scan-start]
13254.383: [GC concurrent-root-region-scan-end, 0.0196796 secs]
13254.383: [GC concurrent-mark-start]
13254.677: [GC concurrent-mark-end, 0.2939083 secs]
13254.677: [GC remark, 0.0070827 secs]
13254.685: [GC cleanup 2034M->740M(3732M), 0.0048102 secs]
13254.689: [GC concurrent-cleanup-start]
13254.692: [GC concurrent-cleanup-end, 0.0030997 secs]
13255.791: [GC pause (G1 Evacuation Pause) (young) 2002M->485M(3732M), 0.0508041 secs]
13257.803: [GC pause (G1 Evacuation Pause) (young) 2643M->487M(3732M), 0.0587751 secs]
13259.806: [GC pause (G1 Evacuation Pause) (young) 2643M->497M(3732M), 0.0524463 secs]
13261.758: [GC pause (G1 Evacuation Pause) (young) 2639M->497M(3732M), 0.0528547 secs]
13263.621: [GC pause (G1 Evacuation Pause) (young) 2643M->528M(3732M), 0.0719702 secs]
13265.600: [GC pause (G1 Evacuation Pause) (young) 2644M->540M(3732M), 0.0729810 secs]
13267.551: [GC pause (G1 Evacuation Pause) (young) 2644M->545M(3732M), 0.0736453 secs]
13269.635: [GC pause (G1 Evacuation Pause) (young) 2643M->541M(3732M), 0.0647996 secs]
13271.326: [GC pause (G1 Evacuation Pause) (young) 2724M->625M(3732M), 0.1382423 secs]
13273.258: [GC pause (G1 Evacuation Pause) (young) 2635M->631M(3732M), 0.1142811 secs]
13275.242: [GC pause (G1 Evacuation Pause) (young) 2719M->679M(3732M), 0.1212818 secs]
13277.202: [GC pause (G1 Evacuation Pause) (young) 2745M->699M(3732M), 0.1053932 secs]
13279.305: [GC pause (G1 Evacuation Pause) (young) 2855M->705M(3732M), 0.0698817 secs]
13281.140: [GC pause (G1 Evacuation Pause) (young) 2855M->713M(3732M), 0.0615407 secs]
13283.126: [GC pause (G1 Evacuation Pause) (young) 2855M->721M(3732M), 0.0623787 secs]
13285.140: [GC pause (G1 Evacuation Pause) (young) 2855M->728M(3732M), 0.0606119 secs]
13287.105: [GC pause (G1 Evacuation Pause) (young) 2852M->737M(3732M), 0.0642637 secs]
13289.107: [GC pause (G1 Evacuation Pause) (young) 2855M->764M(3732M), 0.0805112 secs]
13291.211: [GC pause (G1 Evacuation Pause) (young) 2856M->763M(3732M), 0.0679177 secs]
13293.143: [GC pause (G1 Evacuation Pause) (young) 2936M->864M(3732M), 0.1148268 secs]
13295.023: [GC pause (G1 Evacuation Pause) (young) 2897M->859M(3732M), 0.1254538 secs]
13296.997: [GC pause (G1 Evacuation Pause) (young) 2921M->881M(3732M), 0.1123824 secs]
13298.960: [GC pause (G1 Evacuation Pause) (young) 2967M->899M(3732M), 0.0983450 secs]
13300.970: [GC pause (G1 Evacuation Pause) (young) 3039M->904M(3732M), 0.0744376 secs]
13302.907: [GC pause (G1 Evacuation Pause) (young) 3044M->926M(3732M), 0.0729242 secs]
13304.903: [GC pause (G1 Evacuation Pause) (young) 3044M->944M(3732M), 0.0794100 secs]
13306.955: [GC pause (G1 Evacuation Pause) (young) 3044M->950M(3732M), 0.0803845 secs]
13308.907: [GC pause (G1 Evacuation Pause) (young) 3044M->955M(3732M), 0.0833955 secs]
13310.886: [GC pause (G1 Evacuation Pause) (young) 3043M->967M(3732M), 0.0880491 secs]
13312.955: [GC pause (G1 Evacuation Pause) (young) 3077M->964M(3732M), 0.0754757 secs]
13314.891: [GC pause (G1 Evacuation Pause) (young) 3076M->972M(3732M), 0.0625694 secs]
13316.566: [GC pause (G1 Evacuation Pause) (young) 3162M->1064M(3732M), 0.1287161 secs]
13318.514: [GC pause (G1 Evacuation Pause) (young) 3091M->1093M(3732M), 0.1141373 secs]
13320.263: [GC pause (G1 Evacuation Pause) (young) 3165M->1111M(3732M), 0.1097490 secs]
13321.956: [GC pause (G1 Evacuation Pause) (young) 3283M->1129M(3732M), 0.0733526 secs]
13323.766: [GC pause (G1 Evacuation Pause) (young) 3269M->1138M(3732M), 0.0611414 secs]
13325.666: [GC pause (G1 Evacuation Pause) (young) 3258M->1146M(3732M), 0.0548301 secs]
13327.633: [GC pause (G1 Evacuation Pause) (young) 3250M->1151M(3732M), 0.0542217 secs]
13329.554: [GC pause (G1 Evacuation Pause) (young) 3241M->1154M(3732M), 0.0582870 secs]
13331.496: [GC pause (G1 Evacuation Pause) (young) 3242M->1183M(3732M), 0.0773381 secs]
13333.423: [GC pause (G1 Evacuation Pause) (young) 3215M->1185M(3732M), 0.0735011 secs]
13335.404: [GC pause (G1 Evacuation Pause) (young) 3213M->1184M(3732M), 0.0679966 secs]
13337.186: [GC pause (G1 Evacuation Pause) (young) 3293M->1274M(3732M), 0.1315500 secs]
13338.963: [GC pause (G1 Evacuation Pause) (young) 3116M->1288M(3732M), 0.1243790 secs]
13340.810: [GC pause (G1 Evacuation Pause) (young) 3205M->1304M(3732M), 0.1090348 secs]
13342.654: [GC pause (G1 Evacuation Pause) (young) 3284M->1317M(3732M), 0.0679454 secs]
13344.469: [GC pause (G1 Evacuation Pause) (young) 3277M->1326M(3732M), 0.0547260 secs]
13346.235: [GC pause (G1 Evacuation Pause) (young) 3262M->1325M(3732M), 0.0439582 secs]
13348.047: [GC pause (G1 Evacuation Pause) (young) 3269M->1353M(3732M), 0.0658855 secs]
13349.815: [GC pause (G1 Evacuation Pause) (young) 3241M->1359M(3732M), 0.0653125 secs]
13351.492: [GC pause (G1 Evacuation Pause) (young) 3235M->1362M(3732M), 0.0681050 secs]
13353.228: [GC pause (G1 Evacuation Pause) (young) 3226M->1361M(3732M), 0.0610757 secs]
13354.923: [GC pause (G1 Evacuation Pause) (young) 3233M->1391M(3732M), 0.0744952 secs]
13356.732: [GC pause (G1 Evacuation Pause) (young) 3203M->1385M(3732M), 0.0714253 secs]
13358.523: [GC pause (G1 Evacuation Pause) (young) 3310M->1427M(3732M), 0.0898292 secs]
13359.920: [GC pause (G1 Evacuation Pause) (young) 3225M->1468M(3732M), 0.1164976 secs]
13361.556: [GC pause (G1 Evacuation Pause) (young) 3136M->1489M(3732M), 0.1040082 secs]
13363.172: [GC pause (G1 Evacuation Pause) (young) 3215M->1518M(3732M), 0.1045782 secs]
13364.840: [GC pause (G1 Evacuation Pause) (young) 3286M->1522M(3732M), 0.0672820 secs]
13366.469: [GC pause (G1 Evacuation Pause) (young) 3274M->1520M(3732M), 0.0495032 secs]
13368.115: [GC pause (G1 Evacuation Pause) (young) 3284M->1548M(3732M), 0.0584431 secs]
13369.664: [GC pause (G1 Evacuation Pause) (young) 3256M->1554M(3732M), 0.0590315 secs]
13371.311: [GC pause (G1 Evacuation Pause) (young) 3242M->1541M(3732M), 0.0460557 secs]
13372.808: [GC pause (G1 Evacuation Pause) (young) 3265M->1570M(3732M), 0.0635145 secs]
13374.348: [GC pause (G1 Evacuation Pause) (young) 3234M->1571M(3732M), 0.0623518 secs]
13375.950: [GC pause (G1 Evacuation Pause) (young) 3227M->1574M(3732M), 0.0564050 secs]
13377.454: [GC pause (G1 Evacuation Pause) (young) 3238M->1593M(3732M), 0.0644165 secs]
13379.068: [GC pause (G1 Evacuation Pause) (young) 3221M->1588M(3732M), 0.0651525 secs]
13380.662: [GC pause (G1 Evacuation Pause) (young) 3327M->1657M(3732M), 0.0768611 secs]
13381.793: [GC pause (G1 Evacuation Pause) (young) 3205M->1693M(3732M), 0.1068972 secs]
13383.250: [GC pause (G1 Evacuation Pause) (young) 3171M->1705M(3732M), 0.0992389 secs]
13384.723: [GC pause (G1 Evacuation Pause) (young) 3229M->1722M(3732M), 0.0878768 secs]
13384.915: [GC pause (G1 Humongous Allocation) (young) (initial-mark) 1827M->1726M(3732M), 0.0372502 secs]
13384.952: [GC concurrent-root-region-scan-start]
13384.972: [GC concurrent-root-region-scan-end, 0.0200380 secs]
13384.972: [GC concurrent-mark-start]
13385.225: [GC concurrent-mark-end, 0.2529026 secs]
13385.225: [GC remark, 0.0067102 secs]
13385.232: [GC cleanup 2035M->799M(3732M), 0.0041011 secs]
13385.237: [GC concurrent-cleanup-start]
13385.239: [GC concurrent-cleanup-end, 0.0021295 secs]
13386.275: [GC pause (G1 Evacuation Pause) (young) 2057M->512M(3732M), 0.0456039 secs]
13386.418: [GC pause (G1 Evacuation Pause) (mixed) 618M->515M(3732M), 0.0319390 secs]
13388.390: [GC pause (G1 Evacuation Pause) (young) 2743M->561M(3732M), 0.0665571 secs]
13390.412: [GC pause (G1 Evacuation Pause) (young) 2743M->584M(3732M), 0.0583800 secs]
13392.378: [GC pause (G1 Evacuation Pause) (young) 2744M->588M(3732M), 0.0594074 secs]
13394.285: [GC pause (G1 Evacuation Pause) (young) 2744M->598M(3732M), 0.0622661 secs]
13396.235: [GC pause (G1 Evacuation Pause) (young) 2744M->607M(3732M), 0.0578475 secs]
13398.178: [GC pause (G1 Evacuation Pause) (young) 2739M->609M(3732M), 0.0617409 secs]
13400.229: [GC pause (G1 Evacuation Pause) (young) 2743M->608M(3732M), 0.0597240 secs]
13402.208: [GC pause (G1 Evacuation Pause) (young) 2744M->627M(3732M), 0.0646021 secs]
13402.790: [GC pause (G1 Evacuation Pause) (young) 1260M->677M(3732M), 0.0907879 secs]
13404.618: [GC pause (G1 Evacuation Pause) (young) 2899M->732M(3732M), 0.1023642 secs]
13406.647: [GC pause (G1 Evacuation Pause) (young) 2859M->752M(3732M), 0.0894947 secs]
13408.611: [GC pause (G1 Evacuation Pause) (young) 2859M->768M(3732M), 0.0861658 secs]
13410.515: [GC pause (G1 Evacuation Pause) (young) 2859M->775M(3732M), 0.0895689 secs]
13412.546: [GC pause (G1 Evacuation Pause) (young) 2871M->776M(3732M), 0.0814708 secs]
13414.506: [GC pause (G1 Evacuation Pause) (young) 2866M->780M(3732M), 0.0827943 secs]
13416.457: [GC pause (G1 Evacuation Pause) (young) 2870M->814M(3732M), 0.0975540 secs]
13418.390: [GC pause (G1 Evacuation Pause) (young) 2936M->827M(3732M), 0.0837317 secs]
13420.364: [GC pause (G1 Evacuation Pause) (young) 2935M->834M(3732M), 0.0739683 secs]
13422.357: [GC pause (G1 Evacuation Pause) (young) 2936M->833M(3732M), 0.0714403 secs]
13424.491: [GC pause (G1 Evacuation Pause) (young) 2935M->834M(3732M), 0.0681805 secs]
13426.333: [GC pause (G1 Evacuation Pause) (young) 3017M->923M(3732M), 0.1390772 secs]
13428.263: [GC pause (G1 Evacuation Pause) (young) 2935M->933M(3732M), 0.1261185 secs]
13430.266: [GC pause (G1 Evacuation Pause) (young) 3015M->951M(3732M), 0.1049511 secs]
13432.236: [GC pause (G1 Evacuation Pause) (young) 3043M->985M(3732M), 0.1038879 secs]
13434.175: [GC pause (G1 Evacuation Pause) (young) 3043M->997M(3732M), 0.1024389 secs]
13436.169: [GC pause (G1 Evacuation Pause) (young) 3141M->1000M(3732M), 0.0716912 secs]
13438.112: [GC pause (G1 Evacuation Pause) (young) 3140M->1018M(3732M), 0.0692131 secs]
13440.121: [GC pause (G1 Evacuation Pause) (young) 3140M->1025M(3732M), 0.0723495 secs]
13442.165: [GC pause (G1 Evacuation Pause) (young) 3141M->1032M(3732M), 0.0736794 secs]
13444.128: [GC pause (G1 Evacuation Pause) (young) 3140M->1036M(3732M), 0.0694324 secs]
13446.034: [GC pause (G1 Evacuation Pause) (young) 3136M->1033M(3732M), 0.0611721 secs]
13447.756: [GC pause (G1 Evacuation Pause) (young) 3222M->1118M(3732M), 0.1245620 secs]
13449.637: [GC pause (G1 Evacuation Pause) (young) 3136M->1148M(3732M), 0.1255195 secs]
13451.609: [GC pause (G1 Evacuation Pause) (young) 3186M->1165M(3732M), 0.1170894 secs]
13453.639: [GC pause (G1 Evacuation Pause) (young) 3285M->1177M(3732M), 0.0703352 secs]
13455.584: [GC pause (G1 Evacuation Pause) (young) 3275M->1187M(3732M), 0.0594172 secs]
13457.512: [GC pause (G1 Evacuation Pause) (young) 3265M->1199M(3732M), 0.0591224 secs]
13459.434: [GC pause (G1 Evacuation Pause) (young) 3247M->1194M(3732M), 0.0537635 secs]
13461.291: [GC pause (G1 Evacuation Pause) (young) 3260M->1224M(3732M), 0.0693441 secs]
13463.112: [GC pause (G1 Evacuation Pause) (young) 3230M->1237M(3732M), 0.0722949 secs]
13464.858: [GC pause (G1 Evacuation Pause) (young) 3215M->1242M(3732M), 0.0736133 secs]
13466.773: [GC pause (G1 Evacuation Pause) (young) 3212M->1244M(3732M), 0.0746646 secs]
13468.835: [GC pause (G1 Evacuation Pause) (young) 3274M->1293M(3732M), 0.0911856 secs]
13470.432: [GC pause (G1 Evacuation Pause) (young) 3240M->1318M(3732M), 0.1203640 secs]
13472.202: [GC pause (G1 Evacuation Pause) (young) 3146M->1346M(3732M), 0.1157932 secs]
13473.991: [GC pause (G1 Evacuation Pause) (young) 3204M->1365M(3732M), 0.1103412 secs]
13475.832: [GC pause (G1 Evacuation Pause) (young) 3275M->1370M(3732M), 0.0653436 secs]
13477.598: [GC pause (G1 Evacuation Pause) (young) 3284M->1391M(3732M), 0.0548775 secs]
13479.324: [GC pause (G1 Evacuation Pause) (young) 3265M->1395M(3732M), 0.0590196 secs]
13481.021: [GC pause (G1 Evacuation Pause) (young) 3261M->1405M(3732M), 0.0608641 secs]
13482.741: [GC pause (G1 Evacuation Pause) (young) 3243M->1404M(3732M), 0.0552060 secs]
13484.471: [GC pause (G1 Evacuation Pause) (young) 3250M->1432M(3732M), 0.0683866 secs]
13486.156: [GC pause (G1 Evacuation Pause) (young) 3222M->1438M(3732M), 0.0741726 secs]
13487.817: [GC pause (G1 Evacuation Pause) (young) 3227M->1431M(3732M), 0.0692950 secs]
13489.661: [GC pause (G1 Evacuation Pause) (young) 3223M->1427M(3732M), 0.0534797 secs]
13491.329: [GC pause (G1 Evacuation Pause) (young) 3316M->1533M(3732M), 0.0992312 secs]
13492.770: [GC pause (G1 Evacuation Pause) (young) 3171M->1538M(3732M), 0.1234604 secs]
13494.386: [GC pause (G1 Evacuation Pause) (young) 3195M->1553M(3732M), 0.0965936 secs]
13495.944: [GC pause (G1 Evacuation Pause) (young) 3251M->1578M(3732M), 0.0913234 secs]
13497.546: [GC pause (G1 Evacuation Pause) (young) 3234M->1608M(3732M), 0.0722253 secs]
13499.113: [GC pause (G1 Evacuation Pause) (young) 3268M->1603M(3732M), 0.0622170 secs]
13500.684: [GC pause (G1 Evacuation Pause) (young) 3283M->1621M(3732M), 0.0516749 secs]
13502.072: [GC pause (G1 Evacuation Pause) (young) 3265M->1633M(3732M), 0.0575262 secs]
13503.576: [GC pause (G1 Evacuation Pause) (young) 3245M->1626M(3732M), 0.0506398 secs]
13505.041: [GC pause (G1 Evacuation Pause) (young) 3258M->1649M(3732M), 0.0594407 secs]
13506.497: [GC pause (G1 Evacuation Pause) (young) 3237M->1656M(3732M), 0.0637492 secs]
13507.959: [GC pause (G1 Evacuation Pause) (young) 3232M->1654M(3732M), 0.0548434 secs]
13509.413: [GC pause (G1 Evacuation Pause) (young) 3242M->1674M(3732M), 0.0677249 secs]
13510.903: [GC pause (G1 Evacuation Pause) (young) 3231M->1673M(3732M), 0.0634987 secs]
13512.497: [GC pause (G1 Evacuation Pause) (young) 3249M->1661M(3732M), 0.0492271 secs]
13513.768: [GC pause (G1 Evacuation Pause) (young) 3350M->1763M(3732M), 0.1200901 secs]
13515.155: [GC pause (G1 Evacuation Pause) (young) 3168M->1777M(3732M), 0.0982183 secs]
13516.612: [GC pause (G1 Evacuation Pause) (young) (initial-mark) 3277M->1787M(3732M), 0.0704214 secs]
13516.683: [GC concurrent-root-region-scan-start]
13516.707: [GC concurrent-root-region-scan-end, 0.0239659 secs]
13516.707: [GC concurrent-mark-start]
13517.015: [GC concurrent-mark-end, 0.3081799 secs]
13517.015: [GC remark, 0.0075243 secs]
13517.023: [GC cleanup 2095M->789M(3732M), 0.0051281 secs]
13517.028: [GC concurrent-cleanup-start]
13517.031: [GC concurrent-cleanup-end, 0.0025963 secs]
13517.889: [GC pause (G1 Evacuation Pause) (young) 1990M->499M(3732M), 0.0471224 secs]
13519.880: [GC pause (G1 Evacuation Pause) (young) 2666M->510M(3732M), 0.0568939 secs]
13521.877: [GC pause (G1 Evacuation Pause) (young) 2665M->514M(3732M), 0.0603265 secs]
13523.797: [GC pause (G1 Evacuation Pause) (young) 2656M->521M(3732M), 0.0543924 secs]
13525.790: [GC pause (G1 Evacuation Pause) (young) 2666M->553M(3732M), 0.0704500 secs]
13527.786: [GC pause (G1 Evacuation Pause) (young) 2666M->556M(3732M), 0.0774388 secs]
13529.779: [GC pause (G1 Evacuation Pause) (young) 2665M->563M(3732M), 0.0776415 secs]
13531.641: [GC pause (G1 Evacuation Pause) (young) 2666M->573M(3732M), 0.0774563 secs]
13533.743: [GC pause (G1 Evacuation Pause) (young) 2666M->573M(3732M), 0.0707666 secs]
13535.563: [GC pause (G1 Evacuation Pause) (young) 2746M->654M(3732M), 0.1436468 secs]
13537.439: [GC pause (G1 Evacuation Pause) (young) 2656M->660M(3732M), 0.1224180 secs]
13539.421: [GC pause (G1 Evacuation Pause) (young) 2748M->711M(3732M), 0.1245872 secs]
13541.382: [GC pause (G1 Evacuation Pause) (young) 2775M->760M(3732M), 0.1049631 secs]
13543.374: [GC pause (G1 Evacuation Pause) (young) 2914M->766M(3732M), 0.0744769 secs]
13545.367: [GC pause (G1 Evacuation Pause) (young) 2914M->776M(3732M), 0.0606631 secs]
13547.404: [GC pause (G1 Evacuation Pause) (young) 2906M->770M(3732M), 0.0517270 secs]
13549.382: [GC pause (G1 Evacuation Pause) (young) 2914M->806M(3732M), 0.0692536 secs]
13551.308: [GC pause (G1 Evacuation Pause) (young) 2914M->818M(3732M), 0.0744555 secs]
13553.231: [GC pause (G1 Evacuation Pause) (young) 2914M->815M(3732M), 0.0756852 secs]
13555.135: [GC pause (G1 Evacuation Pause) (young) 2915M->822M(3732M), 0.0700229 secs]
13557.164: [GC pause (G1 Evacuation Pause) (young) 2995M->897M(3732M), 0.1024304 secs]
13559.023: [GC pause (G1 Evacuation Pause) (young) 2955M->913M(3732M), 0.1248790 secs]
13560.999: [GC pause (G1 Evacuation Pause) (young) 2951M->943M(3732M), 0.1073891 secs]
13562.948: [GC pause (G1 Evacuation Pause) (young) 3037M->975M(3732M), 0.1127890 secs]
13564.861: [GC pause (G1 Evacuation Pause) (young) 3037M->996M(3732M), 0.0982981 secs]
13566.783: [GC pause (G1 Evacuation Pause) (young) 3096M->1004M(3732M), 0.0923610 secs]
13568.677: [GC pause (G1 Evacuation Pause) (young) 3096M->1012M(3732M), 0.0850966 secs]
13570.621: [GC pause (G1 Evacuation Pause) (young) 3096M->1021M(3732M), 0.0801724 secs]
13572.554: [GC pause (G1 Evacuation Pause) (young) 3145M->1027M(3732M), 0.0728265 secs]
13574.559: [GC pause (G1 Evacuation Pause) (young) 3153M->1029M(3732M), 0.0625114 secs]
13576.532: [GC pause (G1 Evacuation Pause) (young) 3153M->1051M(3732M), 0.0652399 secs]
13578.649: [GC pause (G1 Evacuation Pause) (young) 3153M->1060M(3732M), 0.0781633 secs]
13580.429: [GC pause (G1 Evacuation Pause) (young) 3235M->1149M(3732M), 0.1467649 secs]
13582.255: [GC pause (G1 Evacuation Pause) (young) 3119M->1160M(3732M), 0.1191259 secs]
13584.103: [GC pause (G1 Evacuation Pause) (young) 3198M->1176M(3732M), 0.1154706 secs]
13586.060: [GC pause (G1 Evacuation Pause) (young) 3278M->1191M(3732M), 0.0698091 secs]
13588.014: [GC pause (G1 Evacuation Pause) (young) 3265M->1181M(3732M), 0.0442816 secs]
13589.913: [GC pause (G1 Evacuation Pause) (young) 3283M->1217M(3732M), 0.0647932 secs]
13591.807: [GC pause (G1 Evacuation Pause) (young) 3247M->1226M(3732M), 0.0670098 secs]
13593.565: [GC pause (G1 Evacuation Pause) (young) 3236M->1235M(3732M), 0.0692532 secs]
13595.421: [GC pause (G1 Evacuation Pause) (young) 3229M->1233M(3732M), 0.0679625 secs]
13597.313: [GC pause (G1 Evacuation Pause) (young) 3223M->1228M(3732M), 0.0599143 secs]
13599.196: [GC pause (G1 Evacuation Pause) (young) 3239M->1236M(3732M), 0.0629876 secs]
13600.840: [GC pause (G1 Evacuation Pause) (young) 3311M->1377M(3732M), 0.1195730 secs]
13602.491: [GC pause (G1 Evacuation Pause) (young) 3129M->1348M(3732M), 0.1341181 secs]
13604.267: [GC pause (G1 Evacuation Pause) (young) 3213M->1364M(3732M), 0.1139884 secs]
13606.104: [GC pause (G1 Evacuation Pause) (young) 3283M->1377M(3732M), 0.0674497 secs]
13607.780: [GC pause (G1 Evacuation Pause) (young) 3266M->1383M(3732M), 0.0556416 secs]
13609.544: [GC pause (G1 Evacuation Pause) (young) 3264M->1395M(3732M), 0.0652365 secs]
13611.235: [GC pause (G1 Evacuation Pause) (young) 3254M->1405M(3732M), 0.0697630 secs]
13612.946: [GC pause (G1 Evacuation Pause) (young) 3244M->1414M(3732M), 0.0716826 secs]
13614.631: [GC pause (G1 Evacuation Pause) (young) 3224M->1431M(3732M), 0.0707098 secs]
13616.318: [GC pause (G1 Evacuation Pause) (young) 3218M->1435M(3732M), 0.0765227 secs]
13618.047: [GC pause (G1 Evacuation Pause) (young) 3225M->1433M(3732M), 0.0712709 secs]
13619.675: [GC pause (G1 Evacuation Pause) (young) 3235M->1454M(3732M), 0.0756127 secs]
13621.450: [GC pause (G1 Evacuation Pause) (young) 3216M->1449M(3732M), 0.0687817 secs]
13623.058: [GC pause (G1 Evacuation Pause) (young) 3321M->1535M(3732M), 0.1202706 secs]
13624.573: [GC pause (G1 Evacuation Pause) (young) 3144M->1542M(3732M), 0.0979175 secs]
13626.215: [GC pause (G1 Evacuation Pause) (young) 3287M->1569M(3732M), 0.0698014 secs]
13627.800: [GC pause (G1 Evacuation Pause) (young) 3289M->1579M(3732M), 0.0514151 secs]
13629.356: [GC pause (G1 Evacuation Pause) (young) 3273M->1584M(3732M), 0.0470524 secs]
13630.913: [GC pause (G1 Evacuation Pause) (young) 3274M->1604M(3732M), 0.0607156 secs]
13632.453: [GC pause (G1 Evacuation Pause) (young) 3252M->1615M(3732M), 0.0626044 secs]
13633.939: [GC pause (G1 Evacuation Pause) (young) 3237M->1605M(3732M), 0.0511655 secs]
13635.442: [GC pause (G1 Evacuation Pause) (young) 3253M->1625M(3732M), 0.0642108 secs]
13636.890: [GC pause (G1 Evacuation Pause) (young) 3235M->1634M(3732M), 0.0735058 secs]
13638.363: [GC pause (G1 Evacuation Pause) (young) 3234M->1630M(3732M), 0.0646290 secs]
13639.876: [GC pause (G1 Evacuation Pause) (young) 3245M->1657M(3732M), 0.0699888 secs]
13641.285: [GC pause (G1 Evacuation Pause) (young) 3222M->1652M(3732M), 0.0641583 secs]
13642.621: [GC pause (G1 Evacuation Pause) (young) 3246M->1638M(3732M), 0.0520363 secs]
13644.146: [GC pause (G1 Evacuation Pause) (young) 3270M->1662M(3732M), 0.0593144 secs]
13645.387: [GC pause (G1 Evacuation Pause) (young) 3327M->1750M(3732M), 0.1270256 secs]
13646.742: [GC pause (G1 Evacuation Pause) (young) 3148M->1764M(3732M), 0.1109275 secs]
13647.252: [GC pause (G1 Humongous Allocation) (young) (initial-mark) 2150M->1761M(3732M), 0.0353873 secs]
13647.287: [GC concurrent-root-region-scan-start]
13647.301: [GC concurrent-root-region-scan-end, 0.0142814 secs]
13647.301: [GC concurrent-mark-start]
13647.568: [GC concurrent-mark-end, 0.2669873 secs]
13647.569: [GC remark, 0.0068267 secs]
13647.576: [GC cleanup 2081M->809M(3732M), 0.0043102 secs]
13647.580: [GC concurrent-cleanup-start]
13647.583: [GC concurrent-cleanup-end, 0.0021931 secs]
13648.599: [GC pause (G1 Evacuation Pause) (young) 2028M->524M(3732M), 0.0480337 secs]
13648.755: [GC pause (G1 Evacuation Pause) (mixed) 634M->531M(3732M), 0.0290070 secs]
13650.762: [GC pause (G1 Evacuation Pause) (young) 2762M->580M(3732M), 0.0690467 secs]
13652.793: [GC pause (G1 Evacuation Pause) (young) 2762M->595M(3732M), 0.0575373 secs]
13654.824: [GC pause (G1 Evacuation Pause) (young) 2762M->599M(3732M), 0.0563107 secs]
13656.804: [GC pause (G1 Evacuation Pause) (young) 2764M->616M(3732M), 0.0667614 secs]
13658.828: [GC pause (G1 Evacuation Pause) (young) 2763M->625M(3732M), 0.0685884 secs]
13660.865: [GC pause (G1 Evacuation Pause) (young) 2753M->624M(3732M), 0.0641682 secs]
13662.818: [GC pause (G1 Evacuation Pause) (young) 2763M->653M(3732M), 0.0810288 secs]
13664.741: [GC pause (G1 Evacuation Pause) (young) 2762M->648M(3732M), 0.0705473 secs]
13666.723: [GC pause (G1 Evacuation Pause) (young) 2843M->740M(3732M), 0.1074382 secs]
13668.585: [GC pause (G1 Evacuation Pause) (young) 2803M->754M(3732M), 0.1272223 secs]
13670.457: [GC pause (G1 Evacuation Pause) (young) 2801M->812M(3732M), 0.1182789 secs]
13672.512: [GC pause (G1 Evacuation Pause) (young) 2949M->824M(3732M), 0.0898454 secs]
13674.553: [GC pause (G1 Evacuation Pause) (young) 2949M->833M(3732M), 0.0797987 secs]
13676.517: [GC pause (G1 Evacuation Pause) (young) 2950M->837M(3732M), 0.0724988 secs]
13678.462: [GC pause (G1 Evacuation Pause) (young) 2945M->843M(3732M), 0.0731636 secs]
13680.421: [GC pause (G1 Evacuation Pause) (young) 2950M->872M(3732M), 0.0874343 secs]
13682.341: [GC pause (G1 Evacuation Pause) (young) 2949M->880M(3732M), 0.0893808 secs]
13684.330: [GC pause (G1 Evacuation Pause) (young) 2995M->889M(3732M), 0.0834207 secs]
13686.339: [GC pause (G1 Evacuation Pause) (young) 2992M->891M(3732M), 0.0743433 secs]
13688.551: [GC pause (G1 Evacuation Pause) (young) 3075M->922M(3732M), 0.0766763 secs]
13690.341: [GC pause (G1 Evacuation Pause) (young) 3032M->966M(3732M), 0.1152317 secs]
13692.269: [GC pause (G1 Evacuation Pause) (young) 2992M->978M(3732M), 0.1115751 secs]
13694.247: [GC pause (G1 Evacuation Pause) (young) 3069M->1016M(3732M), 0.1135941 secs]
13696.238: [GC pause (G1 Evacuation Pause) (young) 3097M->1033M(3732M), 0.0982917 secs]
13698.245: [GC pause (G1 Evacuation Pause) (young) 3206M->1051M(3732M), 0.0679326 secs]
13700.192: [GC pause (G1 Evacuation Pause) (young) 3204M->1050M(3732M), 0.0499968 secs]
13702.186: [GC pause (G1 Evacuation Pause) (young) 3206M->1063M(3732M), 0.0601208 secs]
13704.182: [GC pause (G1 Evacuation Pause) (young) 3203M->1082M(3732M), 0.0669803 secs]
13706.162: [GC pause (G1 Evacuation Pause) (young) 3202M->1091M(3732M), 0.0709296 secs]
13708.163: [GC pause (G1 Evacuation Pause) (young) 3205M->1086M(3732M), 0.0635457 secs]
13709.949: [GC pause (G1 Evacuation Pause) (young) 3206M->1105M(3732M), 0.0712393 secs]
13711.752: [GC pause (G1 Evacuation Pause) (young) 3284M->1197M(3732M), 0.1440014 secs]
13713.645: [GC pause (G1 Evacuation Pause) (young) 3121M->1189M(3732M), 0.1226356 secs]
13715.578: [GC pause (G1 Evacuation Pause) (young) 3226M->1213M(3732M), 0.1021769 secs]
13717.424: [GC pause (G1 Evacuation Pause) (young) 3198M->1245M(3732M), 0.0918763 secs]
13719.351: [GC pause (G1 Evacuation Pause) (young) 3283M->1257M(3732M), 0.0702384 secs]
13721.243: [GC pause (G1 Evacuation Pause) (young) 3271M->1270M(3732M), 0.0601332 secs]
13723.095: [GC pause (G1 Evacuation Pause) (young) 3258M->1281M(3732M), 0.0611956 secs]
13724.872: [GC pause (G1 Evacuation Pause) (young) 3243M->1292M(3732M), 0.0660370 secs]
13726.706: [GC pause (G1 Evacuation Pause) (young) 3238M->1296M(3732M), 0.0664581 secs]
13728.577: [GC pause (G1 Evacuation Pause) (young) 3234M->1296M(3732M), 0.0610898 secs]
13730.410: [GC pause (G1 Evacuation Pause) (young) 3238M->1308M(3732M), 0.0729750 secs]
13732.216: [GC pause (G1 Evacuation Pause) (young) 3224M->1309M(3732M), 0.0721852 secs]
13733.773: [GC pause (G1 Evacuation Pause) (young) 3300M->1426M(3732M), 0.1194258 secs]
13735.421: [GC pause (G1 Evacuation Pause) (young) 3140M->1403M(3732M), 0.1209537 secs]
13737.186: [GC pause (G1 Evacuation Pause) (young) 3217M->1430M(3732M), 0.1049417 secs]
13738.853: [GC pause (G1 Evacuation Pause) (young) 3278M->1437M(3732M), 0.0644007 secs]
13740.532: [GC pause (G1 Evacuation Pause) (young) 3267M->1442M(3732M), 0.0535732 secs]
13742.238: [GC pause (G1 Evacuation Pause) (young) 3266M->1459M(3732M), 0.0663365 secs]
13743.913: [GC pause (G1 Evacuation Pause) (young) 3247M->1470M(3732M), 0.0668749 secs]
13745.594: [GC pause (G1 Evacuation Pause) (young) 3238M->1476M(3732M), 0.0662942 secs]
13747.182: [GC pause (G1 Evacuation Pause) (young) 3231M->1484M(3732M), 0.0666795 secs]
13748.736: [GC pause (G1 Evacuation Pause) (young) 3225M->1495M(3732M), 0.0729869 secs]
13750.372: [GC pause (G1 Evacuation Pause) (young) 3236M->1504M(3732M), 0.0767693 secs]
13751.993: [GC pause (G1 Evacuation Pause) (young) 3222M->1514M(3732M), 0.0631958 secs]
13753.360: [GC pause (G1 Evacuation Pause) (young) 3230M->1507M(3732M), 0.0552278 secs]
13754.984: [GC pause (G1 Evacuation Pause) (young) 3313M->1563M(3732M), 0.0766938 secs]
13756.314: [GC pause (G1 Evacuation Pause) (young) 3271M->1598M(3732M), 0.1156370 secs]
13757.784: [GC pause (G1 Evacuation Pause) (young) 3162M->1625M(3732M), 0.1136355 secs]
13759.434: [GC pause (G1 Evacuation Pause) (young) 3283M->1637M(3732M), 0.0595166 secs]
13760.957: [GC pause (G1 Evacuation Pause) (young) 3294M->1651M(3732M), 0.0481246 secs]
13762.512: [GC pause (G1 Evacuation Pause) (young) 3283M->1651M(3732M), 0.0465933 secs]
13764.052: [GC pause (G1 Evacuation Pause) (young) 3286M->1671M(3732M), 0.0533812 secs]
13765.609: [GC pause (G1 Evacuation Pause) (young) 3264M->1669M(3732M), 0.0493440 secs]
13767.120: [GC pause (G1 Evacuation Pause) (young) 3268M->1683M(3732M), 0.0567744 secs]
13768.603: [GC pause (G1 Evacuation Pause) (young) 3248M->1685M(3732M), 0.0539926 secs]
13770.094: [GC pause (G1 Evacuation Pause) (young) 3250M->1686M(3732M), 0.0523964 secs]
13771.517: [GC pause (G1 Evacuation Pause) (young) 3249M->1706M(3732M), 0.0634923 secs]
13772.922: [GC pause (G1 Evacuation Pause) (young) 3227M->1718M(3732M), 0.0708084 secs]
13774.383: [GC pause (G1 Evacuation Pause) (young) 3245M->1722M(3732M), 0.0623292 secs]
13775.935: [GC pause (G1 Evacuation Pause) (young) 3243M->1718M(3732M), 0.0616423 secs]
13776.973: [GC pause (G1 Humongous Allocation) (young) (initial-mark) 2752M->1748M(3732M), 0.0636954 secs]
13777.037: [GC concurrent-root-region-scan-start]
13777.077: [GC concurrent-root-region-scan-end, 0.0394360 secs]
13777.077: [GC concurrent-mark-start]
13777.312: [GC concurrent-mark-end, 0.2349856 secs]
13777.312: [GC remark, 0.0070170 secs]
13777.319: [GC cleanup 2184M->990M(3732M), 0.0040248 secs]
13777.323: [GC concurrent-cleanup-start]
13777.325: [GC concurrent-cleanup-end, 0.0019746 secs]
13777.955: [GC pause (G1 Evacuation Pause) (young) 2092M->599M(3732M), 0.1034062 secs]
13779.851: [GC pause (G1 Evacuation Pause) (young) 2668M->629M(3732M), 0.1101868 secs]
13781.780: [GC pause (G1 Evacuation Pause) (young) 2699M->653M(3732M), 0.1131103 secs]
13783.786: [GC pause (G1 Evacuation Pause) (young) 2732M->678M(3732M), 0.1028720 secs]
13785.810: [GC pause (G1 Evacuation Pause) (young) 2838M->686M(3732M), 0.0740835 secs]
13787.818: [GC pause (G1 Evacuation Pause) (young) 2835M->692M(3732M), 0.0575779 secs]
13789.861: [GC pause (G1 Evacuation Pause) (young) 2842M->707M(3732M), 0.0679373 secs]
13791.790: [GC pause (G1 Evacuation Pause) (young) 2839M->716M(3732M), 0.0690800 secs]
13793.768: [GC pause (G1 Evacuation Pause) (young) 2837M->729M(3732M), 0.0736909 secs]
13795.723: [GC pause (G1 Evacuation Pause) (young) 2834M->737M(3732M), 0.0749031 secs]
13797.574: [GC pause (G1 Evacuation Pause) (young) 2839M->721M(3732M), 0.0623855 secs]
13799.566: [GC pause (G1 Evacuation Pause) (young) 2921M->813M(3732M), 0.0936278 secs]
13801.379: [GC pause (G1 Evacuation Pause) (young) 2875M->834M(3732M), 0.1234425 secs]
13803.336: [GC pause (G1 Evacuation Pause) (young) 2872M->862M(3732M), 0.1144603 secs]
13805.272: [GC pause (G1 Evacuation Pause) (young) 2947M->884M(3732M), 0.1080568 secs]
13807.346: [GC pause (G1 Evacuation Pause) (young) 2995M->876M(3732M), 0.0843670 secs]
13809.312: [GC pause (G1 Evacuation Pause) (young) 3001M->904M(3732M), 0.0853940 secs]
13811.260: [GC pause (G1 Evacuation Pause) (young) 2997M->914M(3732M), 0.0806443 secs]
13813.226: [GC pause (G1 Evacuation Pause) (young) 2994M->920M(3732M), 0.0866190 secs]
13815.137: [GC pause (G1 Evacuation Pause) (young) 3055M->942M(3732M), 0.0831356 secs]
13817.146: [GC pause (G1 Evacuation Pause) (young) 3055M->941M(3732M), 0.0705814 secs]
13819.089: [GC pause (G1 Evacuation Pause) (young) 3060M->949M(3732M), 0.0724805 secs]
13821.126: [GC pause (G1 Evacuation Pause) (young) 3056M->946M(3732M), 0.0606789 secs]
13822.811: [GC pause (G1 Evacuation Pause) (young) 3136M->1042M(3732M), 0.1398960 secs]
13824.786: [GC pause (G1 Evacuation Pause) (young) 3055M->1042M(3732M), 0.1192923 secs]
13826.833: [GC pause (G1 Evacuation Pause) (young) 3147M->1066M(3732M), 0.1064364 secs]
13828.804: [GC pause (G1 Evacuation Pause) (young) 3143M->1102M(3732M), 0.0954134 secs]
13830.849: [GC pause (G1 Evacuation Pause) (young) 3265M->1120M(3732M), 0.0764592 secs]
13832.861: [GC pause (G1 Evacuation Pause) (young) 3262M->1131M(3732M), 0.0675657 secs]
13834.873: [GC pause (G1 Evacuation Pause) (young) 3257M->1135M(3732M), 0.0663373 secs]
13836.790: [GC pause (G1 Evacuation Pause) (young) 3246M->1145M(3732M), 0.0643158 secs]
13838.735: [GC pause (G1 Evacuation Pause) (young) 3239M->1159M(3732M), 0.0732596 secs]
13840.625: [GC pause (G1 Evacuation Pause) (young) 3225M->1169M(3732M), 0.0716519 secs]
13842.487: [GC pause (G1 Evacuation Pause) (young) 3215M->1155M(3732M), 0.0655809 secs]
13844.180: [GC pause (G1 Evacuation Pause) (young) 3309M->1286M(3732M), 0.1196234 secs]
13846.017: [GC pause (G1 Evacuation Pause) (young) 3136M->1253M(3732M), 0.1071301 secs]
13847.909: [GC pause (G1 Evacuation Pause) (young) 3222M->1277M(3732M), 0.1083781 secs]
13849.724: [GC pause (G1 Evacuation Pause) (young) 3194M->1298M(3732M), 0.0977426 secs]
13851.626: [GC pause (G1 Evacuation Pause) (young) 3275M->1298M(3732M), 0.0692634 secs]
13853.458: [GC pause (G1 Evacuation Pause) (young) 3278M->1319M(3732M), 0.0633178 secs]
13855.213: [GC pause (G1 Evacuation Pause) (young) 3255M->1327M(3732M), 0.0636557 secs]
13856.947: [GC pause (G1 Evacuation Pause) (young) 3244M->1339M(3732M), 0.0689025 secs]
13858.734: [GC pause (G1 Evacuation Pause) (young) 3232M->1342M(3732M), 0.0641063 secs]
13860.484: [GC pause (G1 Evacuation Pause) (young) 3234M->1359M(3732M), 0.0772233 secs]
13862.179: [GC pause (G1 Evacuation Pause) (young) 3212M->1371M(3732M), 0.0747568 secs]
13863.791: [GC pause (G1 Evacuation Pause) (young) 3216M->1360M(3732M), 0.0614285 secs]
13865.379: [GC pause (G1 Evacuation Pause) (young) 3331M->1429M(3732M), 0.0847374 secs]
13866.946: [GC pause (G1 Evacuation Pause) (young) 3213M->1462M(3732M), 0.1039378 secs]
13868.504: [GC pause (G1 Evacuation Pause) (young) 3161M->1483M(3732M), 0.1008513 secs]
13870.214: [GC pause (G1 Evacuation Pause) (young) 3247M->1500M(3732M), 0.0819986 secs]
13871.884: [GC pause (G1 Evacuation Pause) (young) 3223M->1527M(3732M), 0.0703198 secs]
13873.539: [GC pause (G1 Evacuation Pause) (young) 3290M->1538M(3732M), 0.0748391 secs]
13875.193: [GC pause (G1 Evacuation Pause) (young) 3280M->1544M(3732M), 0.0504235 secs]
13876.796: [GC pause (G1 Evacuation Pause) (young) 3271M->1551M(3732M), 0.0486686 secs]
13878.362: [GC pause (G1 Evacuation Pause) (young) 3266M->1564M(3732M), 0.0536440 secs]
13879.959: [GC pause (G1 Evacuation Pause) (young) 3251M->1560M(3732M), 0.0548664 secs]
13881.626: [GC pause (G1 Evacuation Pause) (young) 3255M->1572M(3732M), 0.0535083 secs]
13883.186: [GC pause (G1 Evacuation Pause) (young) 3245M->1587M(3732M), 0.0596318 secs]
13884.741: [GC pause (G1 Evacuation Pause) (young) 3230M->1593M(3732M), 0.0607087 secs]
13886.415: [GC pause (G1 Evacuation Pause) (young) 3238M->1598M(3732M), 0.0635329 secs]
13887.780: [GC pause (G1 Evacuation Pause) (young) 3316M->1721M(3732M), 0.1126785 secs]
13889.120: [GC pause (G1 Evacuation Pause) (young) 3155M->1704M(3732M), 0.1050377 secs]
13890.709: [GC pause (G1 Evacuation Pause) (young) 3288M->1722M(3732M), 0.0627508 secs]
13892.180: [GC pause (G1 Evacuation Pause) (young) 3290M->1734M(3732M), 0.0483550 secs]
13893.588: [GC pause (G1 Evacuation Pause) (young) 3281M->1743M(3732M), 0.0494362 secs]
13895.015: [GC pause (G1 Evacuation Pause) (young) 3274M->1751M(3732M), 0.0513413 secs]
13896.417: [GC pause (G1 Evacuation Pause) (young) 3266M->1758M(3732M), 0.0548259 secs]
13897.877: [GC pause (G1 Evacuation Pause) (young) 3253M->1748M(3732M), 0.0436515 secs]
13899.276: [GC pause (G1 Evacuation Pause) (young) 3270M->1776M(3732M), 0.0610740 secs]
13900.671: [GC pause (G1 Evacuation Pause) (young) 3239M->1786M(3732M), 0.0638204 secs]
13901.619: [GC pause (G1 Humongous Allocation) (young) (initial-mark) 2740M->1779M(3732M), 0.0493833 secs]
13901.668: [GC concurrent-root-region-scan-start]
13901.707: [GC concurrent-root-region-scan-end, 0.0382720 secs]
13901.707: [GC concurrent-mark-start]
13901.939: [GC concurrent-mark-end, 0.2327686 secs]
13901.940: [GC remark, 0.0071023 secs]
13901.947: [GC cleanup 2082M->838M(3732M), 0.0046562 secs]
13901.952: [GC concurrent-cleanup-start]
13901.955: [GC concurrent-cleanup-end, 0.0027947 secs]
13902.935: [GC pause (G1 Evacuation Pause) (young) 2017M->548M(3732M), 0.0582917 secs]
13903.058: [GC pause (G1 Evacuation Pause) (mixed) 618M->552M(3732M), 0.0408551 secs]
13905.047: [GC pause (G1 Evacuation Pause) (young) 2777M->597M(3732M), 0.0665972 secs]
13907.266: [GC pause (G1 Evacuation Pause) (young) 2780M->614M(3732M), 0.0563666 secs]
13909.479: [GC pause (G1 Evacuation Pause) (young) 2864M->656M(3732M), 0.0657733 secs]
13911.287: [GC pause (G1 Evacuation Pause) (young) 2820M->702M(3732M), 0.1085757 secs]
13913.201: [GC pause (G1 Evacuation Pause) (young) 2777M->720M(3732M), 0.1062904 secs]
13915.116: [GC pause (G1 Evacuation Pause) (young) 2804M->752M(3732M), 0.1061577 secs]
13917.092: [GC pause (G1 Evacuation Pause) (young) 2827M->789M(3732M), 0.0996937 secs]
13919.194: [GC pause (G1 Evacuation Pause) (young) 2945M->788M(3732M), 0.0746386 secs]
13921.236: [GC pause (G1 Evacuation Pause) (young) 2944M->798M(3732M), 0.0565598 secs]
13923.209: [GC pause (G1 Evacuation Pause) (young) 2945M->818M(3732M), 0.0681310 secs]
13925.216: [GC pause (G1 Evacuation Pause) (young) 2944M->828M(3732M), 0.0668173 secs]
13927.230: [GC pause (G1 Evacuation Pause) (young) 2941M->827M(3732M), 0.0716464 secs]
13929.178: [GC pause (G1 Evacuation Pause) (young) 2945M->846M(3732M), 0.0762160 secs]
13931.319: [GC pause (G1 Evacuation Pause) (young) 3028M->879M(3732M), 0.0748306 secs]
13933.126: [GC pause (G1 Evacuation Pause) (young) 2982M->928M(3732M), 0.1213936 secs]
13935.031: [GC pause (G1 Evacuation Pause) (young) 2944M->947M(3732M), 0.1244844 secs]
13936.981: [GC pause (G1 Evacuation Pause) (young) 3020M->967M(3732M), 0.1130181 secs]
13939.094: [GC pause (G1 Evacuation Pause) (young) 3145M->987M(3732M), 0.0721669 secs]
13941.095: [GC pause (G1 Evacuation Pause) (young) 3145M->984M(3732M), 0.0511168 secs]
13943.072: [GC pause (G1 Evacuation Pause) (young) 3147M->992M(3732M), 0.0580024 secs]
13945.063: [GC pause (G1 Evacuation Pause) (young) 3146M->1019M(3732M), 0.0695668 secs]
13947.071: [GC pause (G1 Evacuation Pause) (young) 3145M->1028M(3732M), 0.0759681 secs]
13949.017: [GC pause (G1 Evacuation Pause) (young) 3143M->1043M(3732M), 0.0703339 secs]
13950.922: [GC pause (G1 Evacuation Pause) (young) 3145M->1034M(3732M), 0.0605607 secs]
13952.983: [GC pause (G1 Evacuation Pause) (young) 3150M->1040M(3732M), 0.0731077 secs]
13954.814: [GC pause (G1 Evacuation Pause) (young) 3224M->1139M(3732M), 0.1450809 secs]
13956.761: [GC pause (G1 Evacuation Pause) (young) 3118M->1144M(3732M), 0.1261130 secs]
13958.766: [GC pause (G1 Evacuation Pause) (young) 3208M->1169M(3732M), 0.0992445 secs]
13960.676: [GC pause (G1 Evacuation Pause) (young) 3200M->1197M(3732M), 0.0895775 secs]
13962.636: [GC pause (G1 Evacuation Pause) (young) 3289M->1218M(3732M), 0.0775408 secs]
13964.516: [GC pause (G1 Evacuation Pause) (young) 3266M->1232M(3732M), 0.0630102 secs]
13966.452: [GC pause (G1 Evacuation Pause) (young) 3249M->1242M(3732M), 0.0667098 secs]
13968.404: [GC pause (G1 Evacuation Pause) (young) 3241M->1236M(3732M), 0.0623681 secs]
13970.311: [GC pause (G1 Evacuation Pause) (young) 3248M->1249M(3732M), 0.0681959 secs]
13972.180: [GC pause (G1 Evacuation Pause) (young) 3236M->1264M(3732M), 0.0744666 secs]
13974.251: [GC pause (G1 Evacuation Pause) (young) 3219M->1269M(3732M), 0.0722006 secs]
13976.192: [GC pause (G1 Evacuation Pause) (young) 3297M->1305M(3732M), 0.0791117 secs]
13977.858: [GC pause (G1 Evacuation Pause) (young) 3226M->1353M(3732M), 0.1199630 secs]
13979.618: [GC pause (G1 Evacuation Pause) (young) 3146M->1367M(3732M), 0.1076357 secs]
13981.445: [GC pause (G1 Evacuation Pause) (young) 3213M->1395M(3732M), 0.1098433 secs]
13983.207: [GC pause (G1 Evacuation Pause) (young) 3204M->1404M(3732M), 0.0857490 secs]
13984.997: [GC pause (G1 Evacuation Pause) (young) 3294M->1420M(3732M), 0.0696018 secs]
13986.672: [GC pause (G1 Evacuation Pause) (young) 3278M->1431M(3732M), 0.0523819 secs]
13988.358: [GC pause (G1 Evacuation Pause) (young) 3263M->1443M(3732M), 0.0585255 secs]
13990.036: [GC pause (G1 Evacuation Pause) (young) 3250M->1456M(3732M), 0.0659115 secs]
13991.691: [GC pause (G1 Evacuation Pause) (young) 3242M->1464M(3732M), 0.0683789 secs]
13993.356: [GC pause (G1 Evacuation Pause) (young) 3231M->1474M(3732M), 0.0699824 secs]
13994.966: [GC pause (G1 Evacuation Pause) (young) 3224M->1476M(3732M), 0.0663348 secs]
13996.575: [GC pause (G1 Evacuation Pause) (young) 3227M->1482M(3732M), 0.0667700 secs]
13998.365: [GC pause (G1 Evacuation Pause) (young) 3225M->1468M(3732M), 0.0600692 secs]
13999.819: [GC pause (G1 Evacuation Pause) (young) 3327M->1574M(3732M), 0.1377367 secs]
14001.373: [GC pause (G1 Evacuation Pause) (young) 3140M->1580M(3732M), 0.1008901 secs]
14003.026: [GC pause (G1 Evacuation Pause) (young) 3285M->1602M(3732M), 0.0664777 secs]
14004.643: [GC pause (G1 Evacuation Pause) (young) 3286M->1611M(3732M), 0.0495211 secs]
14006.214: [GC pause (G1 Evacuation Pause) (young) 3281M->1615M(3732M), 0.0470464 secs]
14007.753: [GC pause (G1 Evacuation Pause) (young) 3280M->1631M(3732M), 0.0565125 secs]
14009.181: [GC pause (G1 Evacuation Pause) (young) 3261M->1639M(3732M), 0.0569707 secs]
14010.689: [GC pause (G1 Evacuation Pause) (young) 3256M->1645M(3732M), 0.0542072 secs]
14012.188: [GC pause (G1 Evacuation Pause) (young) 3247M->1648M(3732M), 0.0585618 secs]
14013.678: [GC pause (G1 Evacuation Pause) (young) 3246M->1658M(3732M), 0.0607087 secs]
14015.164: [GC pause (G1 Evacuation Pause) (young) 3239M->1662M(3732M), 0.0623399 secs]
14016.604: [GC pause (G1 Evacuation Pause) (young) 3238M->1664M(3732M), 0.0608901 secs]
14018.088: [GC pause (G1 Evacuation Pause) (young) 3238M->1664M(3732M), 0.0573244 secs]
14019.709: [GC pause (G1 Evacuation Pause) (young) 3255M->1674M(3732M), 0.0589624 secs]
14021.164: [GC pause (G1 Evacuation Pause) (young) 3319M->1748M(3732M), 0.0869006 secs]
14022.288: [GC pause (G1 Evacuation Pause) (young) 3214M->1784M(3732M), 0.1087126 secs]
14023.658: [GC pause (G1 Evacuation Pause) (young) 3178M->1801M(3732M), 0.1031314 secs]
14024.119: [GC pause (G1 Humongous Allocation) (young) (initial-mark) 2170M->1798M(3732M), 0.0569152 secs]
14024.176: [GC concurrent-root-region-scan-start]
14024.188: [GC concurrent-root-region-scan-end, 0.0119044 secs]
14024.188: [GC concurrent-mark-start]
14024.391: [GC concurrent-mark-end, 0.2028106 secs]
14024.391: [GC remark, 0.0068578 secs]
14024.398: [GC cleanup 2008M->720M(3732M), 0.0052015 secs]
14024.403: [GC concurrent-cleanup-start]
14024.406: [GC concurrent-cleanup-end, 0.0029325 secs]
14025.466: [GC pause (G1 Evacuation Pause) (young) 2009M->540M(3732M), 0.0649652 secs]
14025.634: [GC pause (G1 Evacuation Pause) (mixed) 658M->516M(3732M), 0.0278806 secs]
14027.657: [GC pause (G1 Evacuation Pause) (young) 2747M->564M(3732M), 0.0632193 secs]
14029.635: [GC pause (G1 Evacuation Pause) (young) 2740M->568M(3732M), 0.0505041 secs]
14031.568: [GC pause (G1 Evacuation Pause) (young) 2743M->588M(3732M), 0.0580873 secs]
14033.553: [GC pause (G1 Evacuation Pause) (young) 2743M->585M(3732M), 0.0564037 secs]
14035.489: [GC pause (G1 Evacuation Pause) (young) 2748M->603M(3732M), 0.0620540 secs]
14037.428: [GC pause (G1 Evacuation Pause) (young) 2742M->612M(3732M), 0.0637825 secs]
14039.360: [GC pause (G1 Evacuation Pause) (young) 2743M->629M(3732M), 0.0713229 secs]
14041.544: [GC pause (G1 Evacuation Pause) (young) 2748M->614M(3732M), 0.0584978 secs]
14043.220: [GC pause (G1 Evacuation Pause) (young) 2824M->715M(3732M), 0.1396366 secs]
14045.160: [GC pause (G1 Evacuation Pause) (young) 2744M->728M(3732M), 0.1226087 secs]
14047.133: [GC pause (G1 Evacuation Pause) (young) 2811M->754M(3732M), 0.1070631 secs]
14049.187: [GC pause (G1 Evacuation Pause) (young) 2836M->796M(3732M), 0.1055177 secs]
14051.296: [GC pause (G1 Evacuation Pause) (young) 2955M->802M(3732M), 0.0731934 secs]
14053.258: [GC pause (G1 Evacuation Pause) (young) 2948M->805M(3732M), 0.0575625 secs]
14055.124: [GC pause (G1 Evacuation Pause) (young) 2952M->822M(3732M), 0.0681891 secs]
14057.125: [GC pause (G1 Evacuation Pause) (young) 2951M->824M(3732M), 0.0673417 secs]
14059.044: [GC pause (G1 Evacuation Pause) (young) 2952M->845M(3732M), 0.0764370 secs]
14060.956: [GC pause (G1 Evacuation Pause) (young) 2952M->852M(3732M), 0.0679924 secs]
14063.017: [GC pause (G1 Evacuation Pause) (young) 2951M->848M(3732M), 0.0710960 secs]
14064.805: [GC pause (G1 Evacuation Pause) (young) 3032M->931M(3732M), 0.1224526 secs]
14066.644: [GC pause (G1 Evacuation Pause) (young) 2953M->951M(3732M), 0.1270333 secs]
14068.555: [GC pause (G1 Evacuation Pause) (young) 3029M->980M(3732M), 0.1118098 secs]
14070.473: [GC pause (G1 Evacuation Pause) (young) 3061M->1043M(3732M), 0.1055169 secs]
14072.476: [GC pause (G1 Evacuation Pause) (young) 3200M->1054M(3732M), 0.0764438 secs]
14074.497: [GC pause (G1 Evacuation Pause) (young) 3205M->1053M(3732M), 0.0556062 secs]
14076.383: [GC pause (G1 Evacuation Pause) (young) 3199M->1070M(3732M), 0.0618407 secs]
14078.363: [GC pause (G1 Evacuation Pause) (young) 3203M->1077M(3732M), 0.0699371 secs]
14080.291: [GC pause (G1 Evacuation Pause) (young) 3200M->1089M(3732M), 0.0691175 secs]
14082.181: [GC pause (G1 Evacuation Pause) (young) 3200M->1106M(3732M), 0.0741547 secs]
14084.346: [GC pause (G1 Evacuation Pause) (young) 3201M->1090M(3732M), 0.0663459 secs]
14086.066: [GC pause (G1 Evacuation Pause) (young) 3286M->1216M(3732M), 0.1225797 secs]
14087.845: [GC pause (G1 Evacuation Pause) (young) 3137M->1196M(3732M), 0.1250949 secs]
14089.712: [GC pause (G1 Evacuation Pause) (young) 3193M->1220M(3732M), 0.1114621 secs]
14091.616: [GC pause (G1 Evacuation Pause) (young) 3208M->1277M(3732M), 0.1045637 secs]
14093.537: [GC pause (G1 Evacuation Pause) (young) 3265M->1284M(3732M), 0.0718256 secs]
14095.357: [GC pause (G1 Evacuation Pause) (young) 3263M->1295M(3732M), 0.0576602 secs]
14097.194: [GC pause (G1 Evacuation Pause) (young) 3247M->1289M(3732M), 0.0536862 secs]
14098.999: [GC pause (G1 Evacuation Pause) (young) 3260M->1315M(3732M), 0.0733347 secs]
14100.789: [GC pause (G1 Evacuation Pause) (young) 3227M->1327M(3732M), 0.0784803 secs]
14102.544: [GC pause (G1 Evacuation Pause) (young) 3215M->1328M(3732M), 0.0719032 secs]
14104.213: [GC pause (G1 Evacuation Pause) (young) 3219M->1345M(3732M), 0.0733586 secs]
14106.115: [GC pause (G1 Evacuation Pause) (young) 3220M->1338M(3732M), 0.0716630 secs]
14107.851: [GC pause (G1 Evacuation Pause) (young) 3307M->1418M(3732M), 0.0948728 secs]
14109.467: [GC pause (G1 Evacuation Pause) (young) 3187M->1430M(3732M), 0.1044302 secs]
14111.124: [GC pause (G1 Evacuation Pause) (young) 3178M->1459M(3732M), 0.1071916 secs]
14112.854: [GC pause (G1 Evacuation Pause) (young) 3260M->1468M(3732M), 0.0865609 secs]
14114.565: [GC pause (G1 Evacuation Pause) (young) 3249M->1471M(3732M), 0.0601592 secs]
14116.301: [GC pause (G1 Evacuation Pause) (young) 3246M->1487M(3732M), 0.0719877 secs]
14117.888: [GC pause (G1 Evacuation Pause) (young) 3230M->1497M(3732M), 0.0705106 secs]
14119.599: [GC pause (G1 Evacuation Pause) (young) 3263M->1509M(3732M), 0.0721157 secs]
14121.265: [GC pause (G1 Evacuation Pause) (young) 3254M->1515M(3732M), 0.0633528 secs]
14122.813: [GC pause (G1 Evacuation Pause) (young) 3245M->1527M(3732M), 0.0611205 secs]
14124.417: [GC pause (G1 Evacuation Pause) (young) 3236M->1533M(3732M), 0.0680261 secs]
14125.917: [GC pause (G1 Evacuation Pause) (young) 3227M->1542M(3732M), 0.0667222 secs]
14127.587: [GC pause (G1 Evacuation Pause) (young) 3230M->1544M(3732M), 0.0623403 secs]
14129.278: [GC pause (G1 Evacuation Pause) (young) 3320M->1601M(3732M), 0.0808099 secs]
14130.594: [GC pause (G1 Evacuation Pause) (young) 3221M->1642M(3732M), 0.1083180 secs]
14132.061: [GC pause (G1 Evacuation Pause) (young) 3165M->1699M(3732M), 0.1073558 secs]
14133.590: [GC pause (G1 Evacuation Pause) (young) 3282M->1717M(3732M), 0.0634940 secs]
14135.033: [GC pause (G1 Evacuation Pause) (young) 3286M->1720M(3732M), 0.0427866 secs]
14136.477: [GC pause (G1 Evacuation Pause) (young) 3289M->1732M(3732M), 0.0443491 secs]
14137.880: [GC pause (G1 Evacuation Pause) (young) 3275M->1734M(3732M), 0.0441536 secs]
14139.316: [GC pause (G1 Evacuation Pause) (young) 3275M->1756M(3732M), 0.0587205 secs]
14140.763: [GC pause (G1 Evacuation Pause) (young) 3253M->1765M(3732M), 0.0591757 secs]
14142.138: [GC pause (G1 Evacuation Pause) (young) 3242M->1767M(3732M), 0.0613846 secs]
14143.544: [GC pause (G1 Evacuation Pause) (young) 3252M->1765M(3732M), 0.0561583 secs]
14144.937: [GC pause (G1 Evacuation Pause) (young) 3257M->1781M(3732M), 0.0628673 secs]
14146.309: [GC pause (G1 Evacuation Pause) (young) 3238M->1785M(3732M), 0.0621999 secs]
14147.679: [GC pause (G1 Evacuation Pause) (young) 3240M->1784M(3732M), 0.0579486 secs]
14147.764: [GC pause (G1 Humongous Allocation) (young) (initial-mark) 1813M->1782M(3732M), 0.0412724 secs]
14147.805: [GC concurrent-root-region-scan-start]
14147.854: [GC concurrent-root-region-scan-end, 0.0493735 secs]
14147.854: [GC concurrent-mark-start]
14148.098: [GC concurrent-mark-end, 0.2437088 secs]
14148.099: [GC remark, 0.0078537 secs]
14148.107: [GC cleanup 2071M->865M(3732M), 0.0047164 secs]
14148.112: [GC concurrent-cleanup-start]
14148.115: [GC concurrent-cleanup-end, 0.0030605 secs]
14149.038: [GC pause (G1 Evacuation Pause) (young) 2050M->584M(3732M), 0.0530198 secs]
14149.167: [GC pause (G1 Evacuation Pause) (mixed) 664M->533M(3732M), 0.0448875 secs]
14151.258: [GC pause (G1 Evacuation Pause) (young) 2839M->614M(3732M), 0.0594394 secs]
14153.129: [GC pause (G1 Evacuation Pause) (young) 2798M->659M(3732M), 0.0956801 secs]
14155.065: [GC pause (G1 Evacuation Pause) (young) 2754M->678M(3732M), 0.0887536 secs]
14157.031: [GC pause (G1 Evacuation Pause) (young) 2757M->686M(3732M), 0.0907674 secs]
14159.073: [GC pause (G1 Evacuation Pause) (young) 2858M->693M(3732M), 0.0712184 secs]
14161.042: [GC pause (G1 Evacuation Pause) (young) 2860M->707M(3732M), 0.0605914 secs]
14163.028: [GC pause (G1 Evacuation Pause) (young) 2858M->720M(3732M), 0.0650445 secs]
14164.973: [GC pause (G1 Evacuation Pause) (young) 2855M->736M(3732M), 0.0672850 secs]
14166.946: [GC pause (G1 Evacuation Pause) (young) 2857M->729M(3732M), 0.0638648 secs]
14168.875: [GC pause (G1 Evacuation Pause) (young) 2859M->750M(3732M), 0.0773372 secs]
14170.838: [GC pause (G1 Evacuation Pause) (young) 2857M->754M(3732M), 0.0723431 secs]
14172.795: [GC pause (G1 Evacuation Pause) (young) 2857M->742M(3732M), 0.0628980 secs]
14174.597: [GC pause (G1 Evacuation Pause) (young) 2939M->845M(3732M), 0.1318115 secs]
14176.529: [GC pause (G1 Evacuation Pause) (young) 2856M->854M(3732M), 0.1258659 secs]
14178.526: [GC pause (G1 Evacuation Pause) (young) 2946M->890M(3732M), 0.1144056 secs]
14180.494: [GC pause (G1 Evacuation Pause) (young) 2965M->914M(3732M), 0.0967694 secs]
14182.539: [GC pause (G1 Evacuation Pause) (young) 3081M->921M(3732M), 0.0706364 secs]
14184.551: [GC pause (G1 Evacuation Pause) (young) 3086M->940M(3732M), 0.0607668 secs]
14186.592: [GC pause (G1 Evacuation Pause) (young) 3080M->949M(3732M), 0.0667081 secs]
14188.638: [GC pause (G1 Evacuation Pause) (young) 3081M->965M(3732M), 0.0700668 secs]
14190.648: [GC pause (G1 Evacuation Pause) (young) 3081M->961M(3732M), 0.0673302 secs]
14192.630: [GC pause (G1 Evacuation Pause) (young) 3083M->974M(3732M), 0.0689281 secs]
14194.724: [GC pause (G1 Evacuation Pause) (young) 3083M->978M(3732M), 0.0677748 secs]
14196.457: [GC pause (G1 Evacuation Pause) (young) 3161M->1062M(3732M), 0.1303822 secs]
14198.362: [GC pause (G1 Evacuation Pause) (young) 3082M->1072M(3732M), 0.1182559 secs]
14200.346: [GC pause (G1 Evacuation Pause) (young) 3159M->1114M(3732M), 0.1206738 secs]
14202.226: [GC pause (G1 Evacuation Pause) (young) 3187M->1135M(3732M), 0.1071924 secs]
14204.253: [GC pause (G1 Evacuation Pause) (young) 3274M->1141M(3732M), 0.0763312 secs]
14206.264: [GC pause (G1 Evacuation Pause) (young) 3268M->1144M(3732M), 0.0562313 secs]
14208.271: [GC pause (G1 Evacuation Pause) (young) 3266M->1161M(3732M), 0.0668080 secs]
14210.138: [GC pause (G1 Evacuation Pause) (young) 3248M->1171M(3732M), 0.0659068 secs]
14212.055: [GC pause (G1 Evacuation Pause) (young) 3233M->1183M(3732M), 0.0715721 secs]
14213.959: [GC pause (G1 Evacuation Pause) (young) 3226M->1183M(3732M), 0.0697861 secs]
14216.068: [GC pause (G1 Evacuation Pause) (young) 3230M->1194M(3732M), 0.0748570 secs]
14217.886: [GC pause (G1 Evacuation Pause) (young) 3294M->1318M(3732M), 0.1205637 secs]
14219.601: [GC pause (G1 Evacuation Pause) (young) 3124M->1284M(3732M), 0.1307619 secs]
14221.451: [GC pause (G1 Evacuation Pause) (young) 3218M->1305M(3732M), 0.1144748 secs]
14223.275: [GC pause (G1 Evacuation Pause) (young) 3199M->1333M(3732M), 0.0917027 secs]
14225.090: [GC pause (G1 Evacuation Pause) (young) 3275M->1339M(3732M), 0.0736205 secs]
14226.944: [GC pause (G1 Evacuation Pause) (young) 3269M->1341M(3732M), 0.0509078 secs]
14228.664: [GC pause (G1 Evacuation Pause) (young) 3267M->1357M(3732M), 0.0620195 secs]
14230.439: [GC pause (G1 Evacuation Pause) (young) 3253M->1367M(3732M), 0.0658454 secs]
14232.177: [GC pause (G1 Evacuation Pause) (young) 3241M->1377M(3732M), 0.0676024 secs]
14233.962: [GC pause (G1 Evacuation Pause) (young) 3229M->1381M(3732M), 0.0613825 secs]
14235.701: [GC pause (G1 Evacuation Pause) (young) 3225M->1391M(3732M), 0.0628792 secs]
14237.407: [GC pause (G1 Evacuation Pause) (young) 3221M->1398M(3732M), 0.0745946 secs]
14239.195: [GC pause (G1 Evacuation Pause) (young) 3254M->1425M(3732M), 0.0742657 secs]
14240.624: [GC pause (G1 Evacuation Pause) (young) 3277M->1490M(3732M), 0.1339547 secs]
14242.213: [GC pause (G1 Evacuation Pause) (young) 3147M->1533M(3732M), 0.1150845 secs]
14243.870: [GC pause (G1 Evacuation Pause) (young) 3279M->1557M(3732M), 0.0646959 secs]
14245.492: [GC pause (G1 Evacuation Pause) (young) 3285M->1567M(3732M), 0.0485598 secs]
14247.068: [GC pause (G1 Evacuation Pause) (young) 3277M->1568M(3732M), 0.0463936 secs]
14248.646: [GC pause (G1 Evacuation Pause) (young) 3281M->1580M(3732M), 0.0557876 secs]
14250.253: [GC pause (G1 Evacuation Pause) (young) 3266M->1588M(3732M), 0.0538450 secs]
14251.898: [GC pause (G1 Evacuation Pause) (young) 3261M->1602M(3732M), 0.0632679 secs]
14253.486: [GC pause (G1 Evacuation Pause) (young) 3244M->1615M(3732M), 0.0663203 secs]
14255.010: [GC pause (G1 Evacuation Pause) (young) 3232M->1612M(3732M), 0.0672048 secs]
14256.576: [GC pause (G1 Evacuation Pause) (young) 3245M->1625M(3732M), 0.0698288 secs]
14258.117: [GC pause (G1 Evacuation Pause) (young) 3230M->1634M(3732M), 0.0657319 secs]
14259.770: [GC pause (G1 Evacuation Pause) (young) 3238M->1639M(3732M), 0.0625101 secs]
14261.319: [GC pause (G1 Evacuation Pause) (young) 3328M->1706M(3732M), 0.0789338 secs]
14262.589: [GC pause (G1 Evacuation Pause) (young) 3217M->1734M(3732M), 0.1031429 secs]
14263.933: [GC pause (G1 Evacuation Pause) (young) 3179M->1762M(3732M), 0.1058825 secs]
14265.377: [GC pause (G1 Evacuation Pause) (young) 3233M->1779M(3732M), 0.0855958 secs]
14265.503: [GC pause (G1 Humongous Allocation) (young) (initial-mark) 1818M->1776M(3732M), 0.0402415 secs]
14265.543: [GC concurrent-root-region-scan-start]
14265.564: [GC concurrent-root-region-scan-end, 0.0204928 secs]
14265.564: [GC concurrent-mark-start]
14265.806: [GC concurrent-mark-end, 0.2419296 secs]
14265.806: [GC remark, 0.0073237 secs]
14265.814: [GC cleanup 2052M->761M(3732M), 0.0048235 secs]
14265.819: [GC concurrent-cleanup-start]
14265.821: [GC concurrent-cleanup-end, 0.0023970 secs]
14266.923: [GC pause (G1 Evacuation Pause) (young) 2009M->501M(3732M), 0.0476340 secs]
14267.072: [GC pause (G1 Evacuation Pause) (mixed) 611M->500M(3732M), 0.0273711 secs]
14269.141: [GC pause (G1 Evacuation Pause) (young) 2725M->537M(3732M), 0.0688325 secs]
14271.206: [GC pause (G1 Evacuation Pause) (young) 2731M->560M(3732M), 0.0564847 secs]
14273.159: [GC pause (G1 Evacuation Pause) (young) 2728M->571M(3732M), 0.0600982 secs]
14275.092: [GC pause (G1 Evacuation Pause) (young) 2724M->585M(3732M), 0.0631331 secs]
14277.095: [GC pause (G1 Evacuation Pause) (young) 2731M->590M(3732M), 0.0602671 secs]
14279.082: [GC pause (G1 Evacuation Pause) (young) 2727M->602M(3732M), 0.0662635 secs]
14281.148: [GC pause (G1 Evacuation Pause) (young) 2728M->611M(3732M), 0.0709453 secs]
14283.305: [GC pause (G1 Evacuation Pause) (young) 2731M->605M(3732M), 0.0730070 secs]
14283.752: [GC pause (G1 Evacuation Pause) (young) 1140M->658M(3732M), 0.0969550 secs]
14285.733: [GC pause (G1 Evacuation Pause) (young) 2871M->733M(3732M), 0.1253561 secs]
14287.737: [GC pause (G1 Evacuation Pause) (young) 2833M->754M(3732M), 0.0915162 secs]
14289.674: [GC pause (G1 Evacuation Pause) (young) 2831M->756M(3732M), 0.0831105 secs]
14291.678: [GC pause (G1 Evacuation Pause) (young) 2864M->776M(3732M), 0.1009733 secs]
14293.621: [GC pause (G1 Evacuation Pause) (young) 2857M->800M(3732M), 0.0927869 secs]
14295.677: [GC pause (G1 Evacuation Pause) (young) 2948M->808M(3732M), 0.0826591 secs]
14297.685: [GC pause (G1 Evacuation Pause) (young) 2945M->808M(3732M), 0.0633357 secs]
14299.678: [GC pause (G1 Evacuation Pause) (young) 2952M->825M(3732M), 0.0730373 secs]
14301.607: [GC pause (G1 Evacuation Pause) (young) 2944M->843M(3732M), 0.0772758 secs]
14303.608: [GC pause (G1 Evacuation Pause) (young) 2947M->849M(3732M), 0.0729613 secs]
14305.687: [GC pause (G1 Evacuation Pause) (young) 2951M->839M(3732M), 0.0663587 secs]
14307.420: [GC pause (G1 Evacuation Pause) (young) 3025M->935M(3732M), 0.1461121 secs]
14309.437: [GC pause (G1 Evacuation Pause) (young) 2947M->950M(3732M), 0.1300349 secs]
14311.495: [GC pause (G1 Evacuation Pause) (young) 3035M->974M(3732M), 0.1128824 secs]
14313.594: [GC pause (G1 Evacuation Pause) (young) 3144M->984M(3732M), 0.0756225 secs]
14315.627: [GC pause (G1 Evacuation Pause) (young) 3141M->985M(3732M), 0.0536474 secs]
14317.676: [GC pause (G1 Evacuation Pause) (young) 3144M->993M(3732M), 0.0579482 secs]
14319.563: [GC pause (G1 Evacuation Pause) (young) 3143M->1016M(3732M), 0.0707469 secs]
14321.558: [GC pause (G1 Evacuation Pause) (young) 3141M->1033M(3732M), 0.0737840 secs]
14323.574: [GC pause (G1 Evacuation Pause) (young) 3143M->1023M(3732M), 0.0647352 secs]
14325.605: [GC pause (G1 Evacuation Pause) (young) 3144M->1042M(3732M), 0.0757381 secs]
14327.676: [GC pause (G1 Evacuation Pause) (young) 3225M->1101M(3732M), 0.0871578 secs]
14329.445: [GC pause (G1 Evacuation Pause) (young) 3181M->1131M(3732M), 0.1191028 secs]
14331.345: [GC pause (G1 Evacuation Pause) (young) 3139M->1144M(3732M), 0.1141799 secs]
14333.297: [GC pause (G1 Evacuation Pause) (young) 3211M->1165M(3732M), 0.1191387 secs]
14335.225: [GC pause (G1 Evacuation Pause) (young) 3191M->1210M(3732M), 0.1008948 secs]
14337.159: [GC pause (G1 Evacuation Pause) (young) 3277M->1226M(3732M), 0.0720005 secs]
14339.089: [GC pause (G1 Evacuation Pause) (young) 3264M->1233M(3732M), 0.0583348 secs]
14340.998: [GC pause (G1 Evacuation Pause) (young) 3252M->1233M(3732M), 0.0593784 secs]
14342.904: [GC pause (G1 Evacuation Pause) (young) 3259M->1246M(3732M), 0.0624769 secs]
14344.694: [GC pause (G1 Evacuation Pause) (young) 3239M->1263M(3732M), 0.0715973 secs]
14346.513: [GC pause (G1 Evacuation Pause) (young) 3222M->1268M(3732M), 0.0703672 secs]
14348.424: [GC pause (G1 Evacuation Pause) (young) 3222M->1275M(3732M), 0.0684391 secs]
14350.187: [GC pause (G1 Evacuation Pause) (young) 3293M->1365M(3732M), 0.1035696 secs]
14351.790: [GC pause (G1 Evacuation Pause) (young) 3170M->1361M(3732M), 0.1097746 secs]
14353.568: [GC pause (G1 Evacuation Pause) (young) 3196M->1395M(3732M), 0.1121682 secs]
14355.242: [GC pause (G1 Evacuation Pause) (young) 3266M->1396M(3732M), 0.0720312 secs]
14356.987: [GC pause (G1 Evacuation Pause) (young) 3266M->1410M(3732M), 0.0626292 secs]
14358.678: [GC pause (G1 Evacuation Pause) (young) 3249M->1418M(3732M), 0.0642253 secs]
14360.329: [GC pause (G1 Evacuation Pause) (young) 3241M->1423M(3732M), 0.0633238 secs]
14362.010: [GC pause (G1 Evacuation Pause) (young) 3241M->1445M(3732M), 0.0760380 secs]
14363.586: [GC pause (G1 Evacuation Pause) (young) 3216M->1450M(3732M), 0.0720248 secs]
14365.299: [GC pause (G1 Evacuation Pause) (young) 3241M->1462M(3732M), 0.0791604 secs]
14367.051: [GC pause (G1 Evacuation Pause) (young) 3232M->1468M(3732M), 0.0681264 secs]
14368.765: [GC pause (G1 Evacuation Pause) (young) 3223M->1475M(3732M), 0.0695834 secs]
14370.508: [GC pause (G1 Evacuation Pause) (young) 3228M->1475M(3732M), 0.0669185 secs]
14371.989: [GC pause (G1 Evacuation Pause) (young) 3329M->1575M(3732M), 0.1213501 secs]
14373.509: [GC pause (G1 Evacuation Pause) (young) 3145M->1584M(3732M), 0.1049191 secs]
14375.117: [GC pause (G1 Evacuation Pause) (young) 3279M->1609M(3732M), 0.0706876 secs]
14376.693: [GC pause (G1 Evacuation Pause) (young) 3286M->1618M(3732M), 0.0518132 secs]
14378.223: [GC pause (G1 Evacuation Pause) (young) 3275M->1623M(3732M), 0.0488128 secs]
14379.736: [GC pause (G1 Evacuation Pause) (young) 3275M->1635M(3732M), 0.0540387 secs]
14381.277: [GC pause (G1 Evacuation Pause) (young) 3260M->1643M(3732M), 0.0585455 secs]
14382.784: [GC pause (G1 Evacuation Pause) (young) 3252M->1647M(3732M), 0.0568367 secs]
14384.321: [GC pause (G1 Evacuation Pause) (young) 3248M->1661M(3732M), 0.0640039 secs]
14385.761: [GC pause (G1 Evacuation Pause) (young) 3234M->1667M(3732M), 0.0664073 secs]
14387.298: [GC pause (G1 Evacuation Pause) (young) 3238M->1669M(3732M), 0.0614516 secs]
14388.828: [GC pause (G1 Evacuation Pause) (young) 3253M->1685M(3732M), 0.0608828 secs]
14390.290: [GC pause (G1 Evacuation Pause) (young) 3232M->1682M(3732M), 0.0574934 secs]
14391.942: [GC pause (G1 Evacuation Pause) (young) 3247M->1672M(3732M), 0.0540438 secs]
14393.534: [GC pause (G1 Evacuation Pause) (young) 3263M->1684M(3732M), 0.0594373 secs]
14394.872: [GC pause (G1 Evacuation Pause) (young) 3321M->1771M(3732M), 0.1150802 secs]
14396.221: [GC pause (G1 Evacuation Pause) (young) 3158M->1791M(3732M), 0.1079220 secs]
14396.673: [GC pause (G1 Humongous Allocation) (young) (initial-mark) 2151M->1789M(3732M), 0.0405841 secs]
14396.714: [GC concurrent-root-region-scan-start]
14396.731: [GC concurrent-root-region-scan-end, 0.0175181 secs]
14396.731: [GC concurrent-mark-start]
14396.978: [GC concurrent-mark-end, 0.2465291 secs]
14396.978: [GC remark, 0.0072422 secs]
14396.986: [GC cleanup 2061M->723M(3732M), 0.0046831 secs]
14396.990: [GC concurrent-cleanup-start]
14396.993: [GC concurrent-cleanup-end, 0.0027315 secs]
14398.033: [GC pause (G1 Evacuation Pause) (young) 1956M->460M(3732M), 0.0376495 secs]
14400.055: [GC pause (G1 Evacuation Pause) (young) 2653M->474M(3732M), 0.0525927 secs]
14402.032: [GC pause (G1 Evacuation Pause) (young) 2652M->497M(3732M), 0.0605035 secs]
14404.012: [GC pause (G1 Evacuation Pause) (young) 2651M->506M(3732M), 0.0700344 secs]
14406.025: [GC pause (G1 Evacuation Pause) (young) 2649M->511M(3732M), 0.0602019 secs]
14407.970: [GC pause (G1 Evacuation Pause) (young) 2655M->524M(3732M), 0.0644097 secs]
14409.925: [GC pause (G1 Evacuation Pause) (young) 2649M->530M(3732M), 0.0670695 secs]
14411.861: [GC pause (G1 Evacuation Pause) (young) 2652M->551M(3732M), 0.0753178 secs]
14413.922: [GC pause (G1 Evacuation Pause) (young) 2651M->541M(3732M), 0.0657135 secs]
14415.997: [GC pause (G1 Evacuation Pause) (young) 2735M->607M(3732M), 0.0898778 secs]
14417.699: [GC pause (G1 Evacuation Pause) (young) 2689M->652M(3732M), 0.1296168 secs]
14419.618: [GC pause (G1 Evacuation Pause) (young) 2657M->665M(3732M), 0.1220741 secs]
14421.614: [GC pause (G1 Evacuation Pause) (young) 2746M->681M(3732M), 0.1163824 secs]
14423.622: [GC pause (G1 Evacuation Pause) (young) 2775M->688M(3732M), 0.0925936 secs]
14425.640: [GC pause (G1 Evacuation Pause) (young) 2778M->712M(3732M), 0.0990013 secs]
14427.671: [GC pause (G1 Evacuation Pause) (young) 2863M->726M(3732M), 0.0823459 secs]
14429.700: [GC pause (G1 Evacuation Pause) (young) 2866M->739M(3732M), 0.0694000 secs]
14431.726: [GC pause (G1 Evacuation Pause) (young) 2868M->732M(3732M), 0.0611913 secs]
14433.612: [GC pause (G1 Evacuation Pause) (young) 2868M->755M(3732M), 0.0731559 secs]
14435.604: [GC pause (G1 Evacuation Pause) (young) 2867M->762M(3732M), 0.0737938 secs]
14437.754: [GC pause (G1 Evacuation Pause) (young) 2866M->752M(3732M), 0.0650927 secs]
14439.520: [GC pause (G1 Evacuation Pause) (young) 2947M->853M(3732M), 0.1444025 secs]
14441.499: [GC pause (G1 Evacuation Pause) (young) 2867M->866M(3732M), 0.1310205 secs]
14443.465: [GC pause (G1 Evacuation Pause) (young) 2951M->898M(3732M), 0.1193627 secs]
14445.440: [GC pause (G1 Evacuation Pause) (young) 2974M->927M(3732M), 0.1038008 secs]
14447.524: [GC pause (G1 Evacuation Pause) (young) 3085M->918M(3732M), 0.0642842 secs]
14449.554: [GC pause (G1 Evacuation Pause) (young) 3086M->947M(3732M), 0.0642454 secs]
14451.567: [GC pause (G1 Evacuation Pause) (young) 3084M->951M(3732M), 0.0674718 secs]
14453.535: [GC pause (G1 Evacuation Pause) (young) 3081M->976M(3732M), 0.0730027 secs]
14455.578: [GC pause (G1 Evacuation Pause) (young) 3085M->967M(3732M), 0.0674168 secs]
14457.585: [GC pause (G1 Evacuation Pause) (young) 3088M->985M(3732M), 0.0699192 secs]
14459.741: [GC pause (G1 Evacuation Pause) (young) 3084M->986M(3732M), 0.0743126 secs]
14461.609: [GC pause (G1 Evacuation Pause) (young) 3163M->1069M(3732M), 0.1395090 secs]
14463.596: [GC pause (G1 Evacuation Pause) (young) 3088M->1085M(3732M), 0.1307653 secs]
14465.487: [GC pause (G1 Evacuation Pause) (young) 3160M->1120M(3732M), 0.1178194 secs]
14467.505: [GC pause (G1 Evacuation Pause) (young) 3190M->1181M(3732M), 0.1090215 secs]
14469.563: [GC pause (G1 Evacuation Pause) (young) 3274M->1194M(3732M), 0.0755785 secs]
14471.587: [GC pause (G1 Evacuation Pause) (young) 3259M->1197M(3732M), 0.0613982 secs]
14473.582: [GC pause (G1 Evacuation Pause) (young) 3261M->1204M(3732M), 0.0593135 secs]
14475.539: [GC pause (G1 Evacuation Pause) (young) 3254M->1214M(3732M), 0.0638034 secs]
14477.432: [GC pause (G1 Evacuation Pause) (young) 3243M->1236M(3732M), 0.0742567 secs]
14479.314: [GC pause (G1 Evacuation Pause) (young) 3218M->1237M(3732M), 0.0675162 secs]
14481.327: [GC pause (G1 Evacuation Pause) (young) 3218M->1247M(3732M), 0.0734640 secs]
14483.153: [GC pause (G1 Evacuation Pause) (young) 3293M->1342M(3732M), 0.1137776 secs]
14484.808: [GC pause (G1 Evacuation Pause) (young) 3163M->1337M(3732M), 0.1135549 secs]
14486.594: [GC pause (G1 Evacuation Pause) (young) 3187M->1352M(3732M), 0.1038038 secs]
14488.397: [GC pause (G1 Evacuation Pause) (young) 3280M->1368M(3732M), 0.0715602 secs]
14490.187: [GC pause (G1 Evacuation Pause) (young) 3261M->1381M(3732M), 0.0647489 secs]
14491.950: [GC pause (G1 Evacuation Pause) (young) 3250M->1384M(3732M), 0.0578825 secs]
14493.675: [GC pause (G1 Evacuation Pause) (young) 3248M->1396M(3732M), 0.0688359 secs]
14495.414: [GC pause (G1 Evacuation Pause) (young) 3233M->1411M(3732M), 0.0700634 secs]
14497.090: [GC pause (G1 Evacuation Pause) (young) 3223M->1416M(3732M), 0.0701018 secs]
14498.782: [GC pause (G1 Evacuation Pause) (young) 3243M->1426M(3732M), 0.0780784 secs]
14500.428: [GC pause (G1 Evacuation Pause) (young) 3231M->1441M(3732M), 0.0686243 secs]
14502.103: [GC pause (G1 Evacuation Pause) (young) 3221M->1432M(3732M), 0.0627845 secs]
14503.798: [GC pause (G1 Evacuation Pause) (young) 3244M->1442M(3732M), 0.0731277 secs]
14505.419: [GC pause (G1 Evacuation Pause) (young) 3310M->1528M(3732M), 0.0973445 secs]
14506.882: [GC pause (G1 Evacuation Pause) (young) 3184M->1536M(3732M), 0.1126013 secs]
14508.436: [GC pause (G1 Evacuation Pause) (young) 3191M->1552M(3732M), 0.1071007 secs]
14510.058: [GC pause (G1 Evacuation Pause) (young) 3261M->1565M(3732M), 0.0820656 secs]
14511.625: [GC pause (G1 Evacuation Pause) (young) 3250M->1577M(3732M), 0.0679954 secs]
14513.201: [GC pause (G1 Evacuation Pause) (young) 3238M->1573M(3732M), 0.0607339 secs]
14514.676: [GC pause (G1 Evacuation Pause) (young) 3245M->1588M(3732M), 0.0654354 secs]
14516.233: [GC pause (G1 Evacuation Pause) (young) 3225M->1599M(3732M), 0.0707107 secs]
14517.754: [GC pause (G1 Evacuation Pause) (young) 3254M->1602M(3732M), 0.0658996 secs]
14519.236: [GC pause (G1 Evacuation Pause) (young) 3257M->1612M(3732M), 0.0586927 secs]
14520.807: [GC pause (G1 Evacuation Pause) (young) 3250M->1612M(3732M), 0.0558887 secs]
14522.309: [GC pause (G1 Evacuation Pause) (young) 3248M->1621M(3732M), 0.0626757 secs]
14523.896: [GC pause (G1 Evacuation Pause) (young) 3236M->1632M(3732M), 0.0618177 secs]
14525.542: [GC pause (G1 Evacuation Pause) (young) 3236M->1631M(3732M), 0.0535663 secs]
14527.079: [GC pause (G1 Evacuation Pause) (young) 3330M->1705M(3732M), 0.0821522 secs]
14528.358: [GC pause (G1 Evacuation Pause) (young) 3216M->1730M(3732M), 0.1061159 secs]
14529.783: [GC pause (G1 Evacuation Pause) (young) 3181M->1760M(3732M), 0.1025550 secs]
14531.185: [GC pause (G1 Evacuation Pause) (young) 3237M->1778M(3732M), 0.0890612 secs]
14531.903: [GC pause (G1 Humongous Allocation) (young) (initial-mark) 2439M->1761M(3732M), 0.0437696 secs]
14531.947: [GC concurrent-root-region-scan-start]
14531.962: [GC concurrent-root-region-scan-end, 0.0145545 secs]
14531.962: [GC concurrent-mark-start]
14532.214: [GC concurrent-mark-end, 0.2526244 secs]
14532.215: [GC remark, 0.0065075 secs]
14532.221: [GC cleanup 2072M->744M(3732M), 0.0048337 secs]
14532.226: [GC concurrent-cleanup-start]
14532.228: [GC concurrent-cleanup-end, 0.0020058 secs]
14533.318: [GC pause (G1 Evacuation Pause) (young) 1971M->446M(3732M), 0.0358874 secs]
14535.217: [GC pause (G1 Evacuation Pause) (young) 2632M->473M(3732M), 0.0580463 secs]
14537.225: [GC pause (G1 Evacuation Pause) (young) 2629M->482M(3732M), 0.0608402 secs]
14539.149: [GC pause (G1 Evacuation Pause) (young) 2625M->500M(3732M), 0.0689217 secs]
14541.130: [GC pause (G1 Evacuation Pause) (young) 2632M->500M(3732M), 0.0632005 secs]
14543.074: [GC pause (G1 Evacuation Pause) (young) 2625M->513M(3732M), 0.0722544 secs]
14545.149: [GC pause (G1 Evacuation Pause) (young) 2629M->526M(3732M), 0.0730957 secs]
14547.145: [GC pause (G1 Evacuation Pause) (young) 2625M->521M(3732M), 0.0713622 secs]
14549.403: [GC pause (G1 Evacuation Pause) (young) 2714M->569M(3732M), 0.0798721 secs]
14551.145: [GC pause (G1 Evacuation Pause) (young) 2668M->618M(3732M), 0.1233354 secs]
14553.079: [GC pause (G1 Evacuation Pause) (young) 2625M->634M(3732M), 0.1358913 secs]
14555.064: [GC pause (G1 Evacuation Pause) (young) 2722M->658M(3732M), 0.1201098 secs]
14557.064: [GC pause (G1 Evacuation Pause) (young) 2829M->674M(3732M), 0.0724455 secs]
14559.047: [GC pause (G1 Evacuation Pause) (young) 2832M->670M(3732M), 0.0516335 secs]
14561.032: [GC pause (G1 Evacuation Pause) (young) 2833M->685M(3732M), 0.0595691 secs]
14563.048: [GC pause (G1 Evacuation Pause) (young) 2831M->703M(3732M), 0.0669705 secs]
14565.016: [GC pause (G1 Evacuation Pause) (young) 2831M->715M(3732M), 0.0718354 secs]
14567.000: [GC pause (G1 Evacuation Pause) (young) 2828M->718M(3732M), 0.0690245 secs]
14568.928: [GC pause (G1 Evacuation Pause) (young) 2836M->727M(3732M), 0.0769528 secs]
14570.850: [GC pause (G1 Evacuation Pause) (young) 2831M->730M(3732M), 0.0751740 secs]
14572.592: [GC pause (G1 Evacuation Pause) (young) 2910M->812M(3732M), 0.1381236 secs]
14574.520: [GC pause (G1 Evacuation Pause) (young) 2836M->828M(3732M), 0.1293134 secs]
14576.516: [GC pause (G1 Evacuation Pause) (young) 2907M->864M(3732M), 0.1216018 secs]
14578.426: [GC pause (G1 Evacuation Pause) (young) 2942M->889M(3732M), 0.1050646 secs]
14580.517: [GC pause (G1 Evacuation Pause) (young) 3044M->893M(3732M), 0.0751378 secs]
14582.496: [GC pause (G1 Evacuation Pause) (young) 3051M->906M(3732M), 0.0620438 secs]
14584.464: [GC pause (G1 Evacuation Pause) (young) 3048M->913M(3732M), 0.0670012 secs]
14586.465: [GC pause (G1 Evacuation Pause) (young) 3043M->930M(3732M), 0.0675137 secs]
14588.394: [GC pause (G1 Evacuation Pause) (young) 3050M->930M(3732M), 0.0726883 secs]
14590.318: [GC pause (G1 Evacuation Pause) (young) 3044M->948M(3732M), 0.0721878 secs]
14592.399: [GC pause (G1 Evacuation Pause) (young) 3050M->944M(3732M), 0.0753281 secs]
14594.201: [GC pause (G1 Evacuation Pause) (young) 3128M->1026M(3732M), 0.1373044 secs]
14596.188: [GC pause (G1 Evacuation Pause) (young) 3047M->1037M(3732M), 0.1214858 secs]
14598.199: [GC pause (G1 Evacuation Pause) (young) 3122M->1067M(3732M), 0.1114271 secs]
14600.161: [GC pause (G1 Evacuation Pause) (young) 3153M->1092M(3732M), 0.1094806 secs]
14602.234: [GC pause (G1 Evacuation Pause) (young) 3259M->1106M(3732M), 0.0744918 secs]
14604.260: [GC pause (G1 Evacuation Pause) (young) 3259M->1117M(3732M), 0.0637048 secs]
14606.240: [GC pause (G1 Evacuation Pause) (young) 3256M->1118M(3732M), 0.0613236 secs]
14608.156: [GC pause (G1 Evacuation Pause) (young) 3257M->1143M(3732M), 0.0716280 secs]
14610.058: [GC pause (G1 Evacuation Pause) (young) 3233M->1142M(3732M), 0.0708097 secs]
14611.997: [GC pause (G1 Evacuation Pause) (young) 3230M->1160M(3732M), 0.0724493 secs]
14614.015: [GC pause (G1 Evacuation Pause) (young) 3218M->1158M(3732M), 0.0746902 secs]
14615.686: [GC pause (G1 Evacuation Pause) (young) 3295M->1243M(3732M), 0.1288142 secs]
14617.539: [GC pause (G1 Evacuation Pause) (young) 3128M->1246M(3732M), 0.1043610 secs]
14619.377: [GC pause (G1 Evacuation Pause) (young) 3219M->1266M(3732M), 0.1030985 secs]
14621.245: [GC pause (G1 Evacuation Pause) (young) 3192M->1294M(3732M), 0.1013846 secs]
14623.198: [GC pause (G1 Evacuation Pause) (young) 3270M->1294M(3732M), 0.0674403 secs]
14624.997: [GC pause (G1 Evacuation Pause) (young) 3276M->1310M(3732M), 0.0611960 secs]
14626.858: [GC pause (G1 Evacuation Pause) (young) 3257M->1324M(3732M), 0.0659636 secs]
14628.682: [GC pause (G1 Evacuation Pause) (young) 3240M->1321M(3732M), 0.0608850 secs]
14630.424: [GC pause (G1 Evacuation Pause) (young) 3248M->1337M(3732M), 0.0676152 secs]
14632.228: [GC pause (G1 Evacuation Pause) (young) 3232M->1351M(3732M), 0.0735843 secs]
14633.926: [GC pause (G1 Evacuation Pause) (young) 3218M->1351M(3732M), 0.0724272 secs]
14635.802: [GC pause (G1 Evacuation Pause) (young) 3225M->1349M(3732M), 0.0666296 secs]
14637.360: [GC pause (G1 Evacuation Pause) (young) 3311M->1439M(3732M), 0.1186292 secs]
14638.899: [GC pause (G1 Evacuation Pause) (young) 3140M->1450M(3732M), 0.1161887 secs]
14640.617: [GC pause (G1 Evacuation Pause) (young) 3214M->1474M(3732M), 0.1074633 secs]
14642.313: [GC pause (G1 Evacuation Pause) (young) 3282M->1490M(3732M), 0.0735698 secs]
14644.028: [GC pause (G1 Evacuation Pause) (young) 3281M->1489M(3732M), 0.0519791 secs]
14645.708: [GC pause (G1 Evacuation Pause) (young) 3277M->1499M(3732M), 0.0510900 secs]
14647.315: [GC pause (G1 Evacuation Pause) (young) 3267M->1509M(3732M), 0.0586125 secs]
14648.920: [GC pause (G1 Evacuation Pause) (young) 3257M->1518M(3732M), 0.0564839 secs]
14650.556: [GC pause (G1 Evacuation Pause) (young) 3252M->1525M(3732M), 0.0575177 secs]
14652.146: [GC pause (G1 Evacuation Pause) (young) 3241M->1534M(3732M), 0.0658258 secs]
14653.734: [GC pause (G1 Evacuation Pause) (young) 3230M->1545M(3732M), 0.0671254 secs]
14655.362: [GC pause (G1 Evacuation Pause) (young) 3229M->1547M(3732M), 0.0653987 secs]
14657.040: [GC pause (G1 Evacuation Pause) (young) 3245M->1548M(3732M), 0.0656227 secs]
14658.536: [GC pause (G1 Evacuation Pause) (young) 3240M->1543M(3732M), 0.0524271 secs]
14659.945: [GC pause (G1 Evacuation Pause) (young) 3327M->1650M(3732M), 0.1290915 secs]
14661.450: [GC pause (G1 Evacuation Pause) (young) 3138M->1646M(3732M), 0.1051581 secs]
14663.007: [GC pause (G1 Evacuation Pause) (young) 3283M->1666M(3732M), 0.0646294 secs]
14664.504: [GC pause (G1 Evacuation Pause) (young) 3286M->1678M(3732M), 0.0470968 secs]
14665.968: [GC pause (G1 Evacuation Pause) (young) 3280M->1688M(3732M), 0.0498970 secs]
14667.452: [GC pause (G1 Evacuation Pause) (young) 3270M->1689M(3732M), 0.0467768 secs]
14668.913: [GC pause (G1 Evacuation Pause) (young) 3274M->1702M(3732M), 0.0533202 secs]
14670.371: [GC pause (G1 Evacuation Pause) (young) 3256M->1702M(3732M), 0.0530565 secs]
14671.831: [GC pause (G1 Evacuation Pause) (young) 3259M->1712M(3732M), 0.0526443 secs]
14673.274: [GC pause (G1 Evacuation Pause) (young) 3249M->1721M(3732M), 0.0623207 secs]
14674.669: [GC pause (G1 Evacuation Pause) (young) 3239M->1729M(3732M), 0.0650313 secs]
14676.139: [GC pause (G1 Evacuation Pause) (young) 3241M->1739M(3732M), 0.0655617 secs]
14677.569: [GC pause (G1 Evacuation Pause) (young) 3244M->1757M(3732M), 0.0650735 secs]
14679.063: [GC pause (G1 Evacuation Pause) (young) 3244M->1768M(3732M), 0.0641272 secs]
14680.512: [GC pause (G1 Evacuation Pause) (young) 3250M->1766M(3732M), 0.0578650 secs]
14681.030: [GC pause (G1 Humongous Allocation) (young) (initial-mark) 2203M->1765M(3732M), 0.0453355 secs]
14681.075: [GC concurrent-root-region-scan-start]
14681.118: [GC concurrent-root-region-scan-end, 0.0428049 secs]
14681.118: [GC concurrent-mark-start]
14681.367: [GC concurrent-mark-end, 0.2494180 secs]
14681.368: [GC remark, 0.0071706 secs]
14681.375: [GC cleanup 2172M->926M(3732M), 0.0042223 secs]
14681.380: [GC concurrent-cleanup-start]
14681.382: [GC concurrent-cleanup-end, 0.0022750 secs]
14682.155: [GC pause (G1 Evacuation Pause) (young) 2086M->614M(3732M), 0.1276212 secs]
14684.120: [GC pause (G1 Evacuation Pause) (young) 2658M->624M(3732M), 0.1047374 secs]
14686.038: [GC pause (G1 Evacuation Pause) (young) 2721M->639M(3732M), 0.1153482 secs]
14687.967: [GC pause (G1 Evacuation Pause) (young) 2713M->685M(3732M), 0.1017349 secs]
14690.065: [GC pause (G1 Evacuation Pause) (young) 2845M->680M(3732M), 0.0700212 secs]
14692.054: [GC pause (G1 Evacuation Pause) (young) 2844M->706M(3732M), 0.0660297 secs]
14694.093: [GC pause (G1 Evacuation Pause) (young) 2844M->715M(3732M), 0.0630499 secs]
14696.132: [GC pause (G1 Evacuation Pause) (young) 2842M->729M(3732M), 0.0701658 secs]
14698.122: [GC pause (G1 Evacuation Pause) (young) 2842M->719M(3732M), 0.0619205 secs]
14700.112: [GC pause (G1 Evacuation Pause) (young) 2848M->741M(3732M), 0.0687787 secs]
14702.022: [GC pause (G1 Evacuation Pause) (young) 2845M->736M(3732M), 0.0717223 secs]
14703.836: [GC pause (G1 Evacuation Pause) (young) 2925M->833M(3732M), 0.1404686 secs]
14705.763: [GC pause (G1 Evacuation Pause) (young) 2845M->843M(3732M), 0.1275999 secs]
14707.792: [GC pause (G1 Evacuation Pause) (young) 2933M->871M(3732M), 0.1135169 secs]
14709.775: [GC pause (G1 Evacuation Pause) (young) 2959M->891M(3732M), 0.0997091 secs]
14711.800: [GC pause (G1 Evacuation Pause) (young) 3054M->910M(3732M), 0.0728286 secs]
14713.825: [GC pause (G1 Evacuation Pause) (young) 3059M->911M(3732M), 0.0603627 secs]
14715.777: [GC pause (G1 Evacuation Pause) (young) 3054M->931M(3732M), 0.0682403 secs]
14717.764: [GC pause (G1 Evacuation Pause) (young) 3057M->924M(3732M), 0.0662529 secs]
14719.685: [GC pause (G1 Evacuation Pause) (young) 3056M->941M(3732M), 0.0721737 secs]
14721.662: [GC pause (G1 Evacuation Pause) (young) 3057M->958M(3732M), 0.0733278 secs]
14723.582: [GC pause (G1 Evacuation Pause) (young) 3059M->954M(3732M), 0.0728167 secs]
14725.509: [GC pause (G1 Evacuation Pause) (young) 3137M->1027M(3732M), 0.0935075 secs]
14727.234: [GC pause (G1 Evacuation Pause) (young) 3096M->1050M(3732M), 0.1202646 secs]
14729.153: [GC pause (G1 Evacuation Pause) (young) 3076M->1065M(3732M), 0.1164592 secs]
14731.102: [GC pause (G1 Evacuation Pause) (young) 3162M->1080M(3732M), 0.1138983 secs]
14733.108: [GC pause (G1 Evacuation Pause) (young) 3157M->1114M(3732M), 0.1037390 secs]
14735.135: [GC pause (G1 Evacuation Pause) (young) 3209M->1126M(3732M), 0.1013492 secs]
14737.170: [GC pause (G1 Evacuation Pause) (young) 3269M->1144M(3732M), 0.0804438 secs]
14739.157: [GC pause (G1 Evacuation Pause) (young) 3257M->1149M(3732M), 0.0678840 secs]
14741.097: [GC pause (G1 Evacuation Pause) (young) 3244M->1163M(3732M), 0.0695574 secs]
14743.032: [GC pause (G1 Evacuation Pause) (young) 3233M->1163M(3732M), 0.0697460 secs]
14744.925: [GC pause (G1 Evacuation Pause) (young) 3233M->1179M(3732M), 0.0763149 secs]
14746.891: [GC pause (G1 Evacuation Pause) (young) 3220M->1174M(3732M), 0.0701526 secs]
14748.587: [GC pause (G1 Evacuation Pause) (young) 3303M->1262M(3732M), 0.1362211 secs]
14750.397: [GC pause (G1 Evacuation Pause) (young) 3136M->1276M(3732M), 0.1302742 secs]
14752.238: [GC pause (G1 Evacuation Pause) (young) 3206M->1305M(3732M), 0.1159156 secs]
14754.115: [GC pause (G1 Evacuation Pause) (young) 3281M->1313M(3732M), 0.0647587 secs]
14755.950: [GC pause (G1 Evacuation Pause) (young) 3278M->1316M(3732M), 0.0518571 secs]
14757.783: [GC pause (G1 Evacuation Pause) (young) 3276M->1322M(3732M), 0.0558904 secs]
14759.579: [GC pause (G1 Evacuation Pause) (young) 3270M->1340M(3732M), 0.0626680 secs]
14761.327: [GC pause (G1 Evacuation Pause) (young) 3249M->1356M(3732M), 0.0662430 secs]
14763.064: [GC pause (G1 Evacuation Pause) (young) 3236M->1361M(3732M), 0.0650949 secs]
14764.836: [GC pause (G1 Evacuation Pause) (young) 3230M->1363M(3732M), 0.0662209 secs]
14766.564: [GC pause (G1 Evacuation Pause) (young) 3231M->1368M(3732M), 0.0676126 secs]
14768.480: [GC pause (G1 Evacuation Pause) (young) 3224M->1376M(3732M), 0.0696141 secs]
14770.286: [GC pause (G1 Evacuation Pause) (young) 3305M->1436M(3732M), 0.0855715 secs]
14771.843: [GC pause (G1 Evacuation Pause) (young) 3200M->1472M(3732M), 0.1172280 secs]
14773.460: [GC pause (G1 Evacuation Pause) (young) 3149M->1513M(3732M), 0.1121733 secs]
14775.148: [GC pause (G1 Evacuation Pause) (young) 3230M->1522M(3732M), 0.0816359 secs]
14776.875: [GC pause (G1 Evacuation Pause) (young) 3290M->1531M(3732M), 0.0711352 secs]
14778.555: [GC pause (G1 Evacuation Pause) (young) 3295M->1551M(3732M), 0.0547636 secs]
14780.099: [GC pause (G1 Evacuation Pause) (young) 3272M->1560M(3732M), 0.0534290 secs]
14781.707: [GC pause (G1 Evacuation Pause) (young) 3261M->1554M(3732M), 0.0461807 secs]
14783.268: [GC pause (G1 Evacuation Pause) (young) 3270M->1573M(3732M), 0.0579503 secs]
14784.862: [GC pause (G1 Evacuation Pause) (young) 3250M->1586M(3732M), 0.0623497 secs]
14786.341: [GC pause (G1 Evacuation Pause) (young) 3235M->1591M(3732M), 0.0636306 secs]
14787.909: [GC pause (G1 Evacuation Pause) (young) 3232M->1607M(3732M), 0.0715717 secs]
14789.446: [GC pause (G1 Evacuation Pause) (young) 3227M->1606M(3732M), 0.0643482 secs]
14791.021: [GC pause (G1 Evacuation Pause) (young) 3240M->1608M(3732M), 0.0626305 secs]
14792.390: [GC pause (G1 Evacuation Pause) (young) 3319M->1715M(3732M), 0.1077381 secs]
14793.713: [GC pause (G1 Evacuation Pause) (young) 3179M->1725M(3732M), 0.1066732 secs]
14795.194: [GC pause (G1 Evacuation Pause) (young) 3213M->1747M(3732M), 0.0975736 secs]
14796.663: [GC pause (G1 Evacuation Pause) (young) 3268M->1759M(3732M), 0.0792095 secs]
14798.123: [GC pause (G1 Evacuation Pause) (young) 3256M->1757M(3732M), 0.0531559 secs]
14799.501: [GC pause (G1 Evacuation Pause) (young) 3260M->1767M(3732M), 0.0536090 secs]
14800.904: [GC pause (G1 Evacuation Pause) (young) 3251M->1774M(3732M), 0.0628506 secs]
14802.298: [GC pause (G1 Evacuation Pause) (young) 3235M->1774M(3732M), 0.0604344 secs]
14802.413: [GC pause (G1 Humongous Allocation) (young) (initial-mark) 1843M->1778M(3732M), 0.0437927 secs]
14802.457: [GC concurrent-root-region-scan-start]
14802.491: [GC concurrent-root-region-scan-end, 0.0343296 secs]
14802.491: [GC concurrent-mark-start]
14802.759: [GC concurrent-mark-end, 0.2675087 secs]
14802.759: [GC remark, 0.0075085 secs]
14802.767: [GC cleanup 2072M->816M(3732M), 0.0048964 secs]
14802.772: [GC concurrent-cleanup-start]
14802.774: [GC concurrent-cleanup-end, 0.0021926 secs]
14803.782: [GC pause (G1 Evacuation Pause) (young) 2011M->529M(3732M), 0.0512077 secs]
14803.926: [GC pause (G1 Evacuation Pause) (mixed) 617M->519M(3732M), 0.0346138 secs]
14805.906: [GC pause (G1 Evacuation Pause) (young) 2749M->561M(3732M), 0.0717714 secs]
14807.813: [GC pause (G1 Evacuation Pause) (young) 2749M->582M(3732M), 0.0569498 secs]
14809.861: [GC pause (G1 Evacuation Pause) (young) 2745M->582M(3732M), 0.0524626 secs]
14811.877: [GC pause (G1 Evacuation Pause) (young) 2752M->594M(3732M), 0.0656466 secs]
14813.867: [GC pause (G1 Evacuation Pause) (young) 2829M->667M(3732M), 0.0818608 secs]
14815.676: [GC pause (G1 Evacuation Pause) (young) 2790M->689M(3732M), 0.1082864 secs]
14817.615: [GC pause (G1 Evacuation Pause) (young) 2749M->700M(3732M), 0.1071621 secs]
14819.594: [GC pause (G1 Evacuation Pause) (young) 2785M->738M(3732M), 0.1011337 secs]
14821.642: [GC pause (G1 Evacuation Pause) (young) 2852M->757M(3732M), 0.1043930 secs]
14823.647: [GC pause (G1 Evacuation Pause) (young) 2847M->749M(3732M), 0.0767817 secs]
14825.620: [GC pause (G1 Evacuation Pause) (young) 2854M->771M(3732M), 0.0896939 secs]
14827.549: [GC pause (G1 Evacuation Pause) (young) 2847M->774M(3732M), 0.0854661 secs]
14829.573: [GC pause (G1 Evacuation Pause) (young) 2914M->800M(3732M), 0.0839455 secs]
14831.538: [GC pause (G1 Evacuation Pause) (young) 2914M->802M(3732M), 0.0662375 secs]
14833.584: [GC pause (G1 Evacuation Pause) (young) 2917M->812M(3732M), 0.0743881 secs]
14835.577: [GC pause (G1 Evacuation Pause) (young) 2994M->865M(3732M), 0.0924161 secs]
14837.345: [GC pause (G1 Evacuation Pause) (young) 2952M->892M(3732M), 0.1193102 secs]
14839.281: [GC pause (G1 Evacuation Pause) (young) 2930M->923M(3732M), 0.1114885 secs]
14841.203: [GC pause (G1 Evacuation Pause) (young) 2997M->946M(3732M), 0.1174064 secs]
14843.219: [GC pause (G1 Evacuation Pause) (young) 3030M->960M(3732M), 0.1065038 secs]
14845.252: [GC pause (G1 Evacuation Pause) (young) 3119M->971M(3732M), 0.0799583 secs]
14847.214: [GC pause (G1 Evacuation Pause) (young) 3125M->974M(3732M), 0.0541236 secs]
14849.165: [GC pause (G1 Evacuation Pause) (young) 3121M->990M(3732M), 0.0686652 secs]
14851.136: [GC pause (G1 Evacuation Pause) (young) 3122M->999M(3732M), 0.0722522 secs]
14853.099: [GC pause (G1 Evacuation Pause) (young) 3118M->1013M(3732M), 0.0728427 secs]
14855.018: [GC pause (G1 Evacuation Pause) (young) 3121M->1017M(3732M), 0.0720158 secs]
14857.109: [GC pause (G1 Evacuation Pause) (young) 3125M->1013M(3732M), 0.0716254 secs]
14858.840: [GC pause (G1 Evacuation Pause) (young) 3199M->1113M(3732M), 0.1319395 secs]
14860.764: [GC pause (G1 Evacuation Pause) (young) 3121M->1115M(3732M), 0.1290749 secs]
14862.780: [GC pause (G1 Evacuation Pause) (young) 3204M->1124M(3732M), 0.1092123 secs]
14864.785: [GC pause (G1 Evacuation Pause) (young) 3204M->1144M(3732M), 0.1010693 secs]
14866.819: [GC pause (G1 Evacuation Pause) (young) 3278M->1165M(3732M), 0.0765244 secs]
14868.792: [GC pause (G1 Evacuation Pause) (young) 3263M->1168M(3732M), 0.0607809 secs]
14870.714: [GC pause (G1 Evacuation Pause) (young) 3254M->1176M(3732M), 0.0618782 secs]
14872.678: [GC pause (G1 Evacuation Pause) (young) 3253M->1184M(3732M), 0.0689703 secs]
14874.621: [GC pause (G1 Evacuation Pause) (young) 3238M->1205M(3732M), 0.0723661 secs]
14876.513: [GC pause (G1 Evacuation Pause) (young) 3222M->1211M(3732M), 0.0757249 secs]
14878.379: [GC pause (G1 Evacuation Pause) (young) 3213M->1200M(3732M), 0.0639399 secs]
14880.244: [GC pause (G1 Evacuation Pause) (young) 3310M->1289M(3732M), 0.0943527 secs]
14881.837: [GC pause (G1 Evacuation Pause) (young) 3174M->1310M(3732M), 0.1245689 secs]
14883.626: [GC pause (G1 Evacuation Pause) (young) 3157M->1345M(3732M), 0.1134000 secs]
14885.328: [GC pause (G1 Evacuation Pause) (young) 3247M->1367M(3732M), 0.0914185 secs]
14887.095: [GC pause (G1 Evacuation Pause) (young) 3222M->1377M(3732M), 0.0769972 secs]
14888.929: [GC pause (G1 Evacuation Pause) (young) 3215M->1370M(3732M), 0.0705097 secs]
14890.687: [GC pause (G1 Evacuation Pause) (young) 3294M->1395M(3732M), 0.0771922 secs]
14892.464: [GC pause (G1 Evacuation Pause) (young) 3264M->1405M(3732M), 0.0619013 secs]
14894.273: [GC pause (G1 Evacuation Pause) (young) 3255M->1412M(3732M), 0.0622072 secs]
14896.043: [GC pause (G1 Evacuation Pause) (young) 3247M->1425M(3732M), 0.0659269 secs]
14897.702: [GC pause (G1 Evacuation Pause) (young) 3232M->1438M(3732M), 0.0714202 secs]
14899.381: [GC pause (G1 Evacuation Pause) (young) 3224M->1436M(3732M), 0.0628890 secs]
14901.222: [GC pause (G1 Evacuation Pause) (young) 3229M->1431M(3732M), 0.0600239 secs]
14902.806: [GC pause (G1 Evacuation Pause) (young) 3324M->1559M(3732M), 0.1128803 secs]
14904.253: [GC pause (G1 Evacuation Pause) (young) 3146M->1532M(3732M), 0.1177029 secs]
14905.938: [GC pause (G1 Evacuation Pause) (young) 3277M->1551M(3732M), 0.0679497 secs]
14907.553: [GC pause (G1 Evacuation Pause) (young) 3282M->1564M(3732M), 0.0551356 secs]
14909.170: [GC pause (G1 Evacuation Pause) (young) 3271M->1567M(3732M), 0.0497571 secs]
14910.800: [GC pause (G1 Evacuation Pause) (young) 3269M->1579M(3732M), 0.0601080 secs]
14912.396: [GC pause (G1 Evacuation Pause) (young) 3254M->1588M(3732M), 0.0589214 secs]
14913.904: [GC pause (G1 Evacuation Pause) (young) 3247M->1595M(3732M), 0.0660809 secs]
14915.439: [GC pause (G1 Evacuation Pause) (young) 3238M->1606M(3732M), 0.0681362 secs]
14917.049: [GC pause (G1 Evacuation Pause) (young) 3251M->1617M(3732M), 0.0651934 secs]
14918.497: [GC pause (G1 Evacuation Pause) (young) 3236M->1621M(3732M), 0.0555218 secs]
14920.028: [GC pause (G1 Evacuation Pause) (young) 3234M->1629M(3732M), 0.0625426 secs]
14921.624: [GC pause (G1 Evacuation Pause) (young) 3233M->1626M(3732M), 0.0648897 secs]
14923.240: [GC pause (G1 Evacuation Pause) (young) 3251M->1633M(3732M), 0.0613150 secs]
14924.766: [GC pause (G1 Evacuation Pause) (young) 3322M->1724M(3732M), 0.0955495 secs]
14926.103: [GC pause (G1 Evacuation Pause) (young) 3191M->1732M(3732M), 0.1083043 secs]
14927.520: [GC pause (G1 Evacuation Pause) (young) 3199M->1749M(3732M), 0.0937417 secs]
14929.015: [GC pause (G1 Evacuation Pause) (young) 3254M->1748M(3732M), 0.0839719 secs]
14930.603: [GC pause (G1 Evacuation Pause) (young) 3260M->1763M(3732M), 0.0656449 secs]
14932.065: [GC pause (G1 Evacuation Pause) (young) 3236M->1772M(3732M), 0.0608278 secs]
14932.131: [GC pause (G1 Humongous Allocation) (young) (initial-mark) 1782M->1770M(3732M), 0.0444719 secs]
14932.176: [GC concurrent-root-region-scan-start]
14932.204: [GC concurrent-root-region-scan-end, 0.0281643 secs]
14932.204: [GC concurrent-mark-start]
14932.499: [GC concurrent-mark-end, 0.2948743 secs]
14932.499: [GC remark, 0.0070694 secs]
14932.507: [GC cleanup 2092M->814M(3732M), 0.0044753 secs]
14932.511: [GC concurrent-cleanup-start]
14932.514: [GC concurrent-cleanup-end, 0.0028540 secs]
14933.527: [GC pause (G1 Evacuation Pause) (young) 2005M->500M(3732M), 0.0449652 secs]
14935.501: [GC pause (G1 Evacuation Pause) (young) 2668M->517M(3732M), 0.0579951 secs]
14937.516: [GC pause (G1 Evacuation Pause) (young) 2664M->533M(3732M), 0.0665289 secs]
14939.499: [GC pause (G1 Evacuation Pause) (young) 2665M->541M(3732M), 0.0714232 secs]
14941.532: [GC pause (G1 Evacuation Pause) (young) 2662M->550M(3732M), 0.0689882 secs]
14943.513: [GC pause (G1 Evacuation Pause) (young) 2668M->555M(3732M), 0.0736786 secs]
14945.522: [GC pause (G1 Evacuation Pause) (young) 2665M->562M(3732M), 0.0770548 secs]
14947.322: [GC pause (G1 Evacuation Pause) (young) 2742M->637M(3732M), 0.1314062 secs]
14949.244: [GC pause (G1 Evacuation Pause) (young) 2669M->662M(3732M), 0.1298975 secs]
14951.307: [GC pause (G1 Evacuation Pause) (young) 2740M->689M(3732M), 0.1115640 secs]
14953.274: [GC pause (G1 Evacuation Pause) (young) 2774M->756M(3732M), 0.1080449 secs]
14955.330: [GC pause (G1 Evacuation Pause) (young) 2916M->763M(3732M), 0.0730808 secs]
14957.338: [GC pause (G1 Evacuation Pause) (young) 2914M->767M(3732M), 0.0586053 secs]
14959.355: [GC pause (G1 Evacuation Pause) (young) 2921M->781M(3732M), 0.0679557 secs]
14961.327: [GC pause (G1 Evacuation Pause) (young) 2914M->796M(3732M), 0.0687062 secs]
14963.241: [GC pause (G1 Evacuation Pause) (young) 2916M->810M(3732M), 0.0764003 secs]
14965.209: [GC pause (G1 Evacuation Pause) (young) 2916M->804M(3732M), 0.0639540 secs]
14967.276: [GC pause (G1 Evacuation Pause) (young) 2919M->817M(3732M), 0.0726379 secs]
14968.938: [GC pause (G1 Evacuation Pause) (young) 2997M->910M(3732M), 0.1406935 secs]
14970.870: [GC pause (G1 Evacuation Pause) (young) 2914M->904M(3732M), 0.1232773 secs]
14972.857: [GC pause (G1 Evacuation Pause) (young) 3007M->927M(3732M), 0.1185976 secs]
14974.879: [GC pause (G1 Evacuation Pause) (young) 3005M->950M(3732M), 0.1021202 secs]
14976.948: [GC pause (G1 Evacuation Pause) (young) 3111M->962M(3732M), 0.0742947 secs]
14978.965: [GC pause (G1 Evacuation Pause) (young) 3115M->967M(3732M), 0.0636916 secs]
14980.890: [GC pause (G1 Evacuation Pause) (young) 3109M->983M(3732M), 0.0678392 secs]
14982.842: [GC pause (G1 Evacuation Pause) (young) 3112M->993M(3732M), 0.0739525 secs]
14984.827: [GC pause (G1 Evacuation Pause) (young) 3113M->1003M(3732M), 0.0695373 secs]
14986.811: [GC pause (G1 Evacuation Pause) (young) 3113M->1008M(3732M), 0.0698996 secs]
14988.926: [GC pause (G1 Evacuation Pause) (young) 3108M->995M(3732M), 0.0653620 secs]
14990.728: [GC pause (G1 Evacuation Pause) (young) 3197M->1104M(3732M), 0.1413953 secs]
14992.716: [GC pause (G1 Evacuation Pause) (young) 3111M->1113M(3732M), 0.1230290 secs]
14994.751: [GC pause (G1 Evacuation Pause) (young) 3198M->1148M(3732M), 0.1126397 secs]
14996.734: [GC pause (G1 Evacuation Pause) (young) 3194M->1181M(3732M), 0.0902904 secs]
14998.789: [GC pause (G1 Evacuation Pause) (young) 3289M->1201M(3732M), 0.0715337 secs]
15000.718: [GC pause (G1 Evacuation Pause) (young) 3269M->1214M(3732M), 0.0638682 secs]
15002.622: [GC pause (G1 Evacuation Pause) (young) 3251M->1226M(3732M), 0.0651354 secs]
15004.554: [GC pause (G1 Evacuation Pause) (young) 3242M->1226M(3732M), 0.0648875 secs]
15006.362: [GC pause (G1 Evacuation Pause) (young) 3242M->1247M(3732M), 0.0714185 secs]
15008.188: [GC pause (G1 Evacuation Pause) (young) 3223M->1251M(3732M), 0.0761558 secs]
15009.969: [GC pause (G1 Evacuation Pause) (young) 3219M->1239M(3732M), 0.0570987 secs]
15011.780: [GC pause (G1 Evacuation Pause) (young) 3324M->1356M(3732M), 0.1014055 secs]
15013.302: [GC pause (G1 Evacuation Pause) (young) 3161M->1346M(3732M), 0.1059389 secs]
15015.058: [GC pause (G1 Evacuation Pause) (young) 3195M->1382M(3732M), 0.1126171 secs]
15016.837: [GC pause (G1 Evacuation Pause) (young) 3206M->1407M(3732M), 0.1011564 secs]
15018.641: [GC pause (G1 Evacuation Pause) (young) 3247M->1406M(3732M), 0.0728474 secs]
15020.378: [GC pause (G1 Evacuation Pause) (young) 3253M->1424M(3732M), 0.0706612 secs]
15022.133: [GC pause (G1 Evacuation Pause) (young) 3232M->1437M(3732M), 0.0703369 secs]
15023.895: [GC pause (G1 Evacuation Pause) (young) 3220M->1444M(3732M), 0.0711954 secs]
15025.601: [GC pause (G1 Evacuation Pause) (young) 3253M->1456M(3732M), 0.0748502 secs]
15027.233: [GC pause (G1 Evacuation Pause) (young) 3238M->1462M(3732M), 0.0675243 secs]
15028.865: [GC pause (G1 Evacuation Pause) (young) 3232M->1466M(3732M), 0.0639992 secs]
15030.509: [GC pause (G1 Evacuation Pause) (young) 3231M->1463M(3732M), 0.0627461 secs]
15032.026: [GC pause (G1 Evacuation Pause) (young) 3237M->1477M(3732M), 0.0670379 secs]
15033.769: [GC pause (G1 Evacuation Pause) (young) 3222M->1479M(3732M), 0.0655203 secs]
15035.099: [GC pause (G1 Evacuation Pause) (young) 3321M->1585M(3732M), 0.1340968 secs]
15036.584: [GC pause (G1 Evacuation Pause) (young) 3132M->1596M(3732M), 0.1089302 secs]
15038.225: [GC pause (G1 Evacuation Pause) (young) 3277M->1618M(3732M), 0.0679041 secs]
15039.740: [GC pause (G1 Evacuation Pause) (young) 3283M->1620M(3732M), 0.0438174 secs]
15041.257: [GC pause (G1 Evacuation Pause) (young) 3286M->1634M(3732M), 0.0539862 secs]
15042.764: [GC pause (G1 Evacuation Pause) (young) 3269M->1645M(3732M), 0.0544845 secs]
15044.287: [GC pause (G1 Evacuation Pause) (young) 3260M->1653M(3732M), 0.0599343 secs]
15045.733: [GC pause (G1 Evacuation Pause) (young) 3252M->1661M(3732M), 0.0621539 secs]
15047.171: [GC pause (G1 Evacuation Pause) (young) 3244M->1672M(3732M), 0.0622686 secs]
15048.638: [GC pause (G1 Evacuation Pause) (young) 3231M->1664M(3732M), 0.0613590 secs]
15050.083: [GC pause (G1 Evacuation Pause) (young) 3256M->1681M(3732M), 0.0648931 secs]
15051.512: [GC pause (G1 Evacuation Pause) (young) 3234M->1689M(3732M), 0.0636920 secs]
15052.875: [GC pause (G1 Evacuation Pause) (young) 3239M->1698M(3732M), 0.0586437 secs]
15054.311: [GC pause (G1 Evacuation Pause) (young) 3244M->1703M(3732M), 0.0598998 secs]
15055.822: [GC pause (G1 Evacuation Pause) (young) 3241M->1707M(3732M), 0.0611640 secs]
15056.344: [GC pause (G1 Humongous Allocation) (young) (initial-mark) 2187M->1732M(3732M), 0.0616372 secs]
15056.406: [GC concurrent-root-region-scan-start]
15056.446: [GC concurrent-root-region-scan-end, 0.0400406 secs]
15056.446: [GC concurrent-mark-start]
15056.650: [GC concurrent-mark-end, 0.2040313 secs]
15056.651: [GC remark, 0.0075029 secs]
15056.659: [GC cleanup 2075M->876M(3732M), 0.0039565 secs]
15056.662: [GC concurrent-cleanup-start]
15056.665: [GC concurrent-cleanup-end, 0.0020339 secs]
15057.481: [GC pause (G1 Evacuation Pause) (young) 2090M->590M(3732M), 0.1168880 secs]
15059.409: [GC pause (G1 Evacuation Pause) (young) 2642M->612M(3732M), 0.1059423 secs]
15061.340: [GC pause (G1 Evacuation Pause) (young) 2692M->620M(3732M), 0.0988080 secs]
15063.363: [GC pause (G1 Evacuation Pause) (young) 2807M->645M(3732M), 0.0699128 secs]
15065.462: [GC pause (G1 Evacuation Pause) (young) 2807M->649M(3732M), 0.0542191 secs]
15067.471: [GC pause (G1 Evacuation Pause) (young) 2807M->657M(3732M), 0.0601699 secs]
15069.397: [GC pause (G1 Evacuation Pause) (young) 2807M->681M(3732M), 0.0678938 secs]
15071.387: [GC pause (G1 Evacuation Pause) (young) 2810M->683M(3732M), 0.0627525 secs]
15073.342: [GC pause (G1 Evacuation Pause) (young) 2804M->701M(3732M), 0.0751224 secs]
15075.261: [GC pause (G1 Evacuation Pause) (young) 2807M->698M(3732M), 0.0651375 secs]
15077.328: [GC pause (G1 Evacuation Pause) (young) 2809M->703M(3732M), 0.0645052 secs]
15078.947: [GC pause (G1 Evacuation Pause) (young) 2884M->791M(3732M), 0.1269923 secs]
15080.805: [GC pause (G1 Evacuation Pause) (young) 2810M->803M(3732M), 0.1221744 secs]
15082.803: [GC pause (G1 Evacuation Pause) (young) 2882M->843M(3732M), 0.1164818 secs]
15084.740: [GC pause (G1 Evacuation Pause) (young) 2922M->885M(3732M), 0.0980178 secs]
15086.710: [GC pause (G1 Evacuation Pause) (young) 3056M->904M(3732M), 0.0718635 secs]
15088.704: [GC pause (G1 Evacuation Pause) (young) 3057M->916M(3732M), 0.0625400 secs]
15090.681: [GC pause (G1 Evacuation Pause) (young) 3054M->909M(3732M), 0.0533829 secs]
15092.570: [GC pause (G1 Evacuation Pause) (young) 3059M->937M(3732M), 0.0711177 secs]
15094.507: [GC pause (G1 Evacuation Pause) (young) 3056M->946M(3732M), 0.0699329 secs]
15096.471: [GC pause (G1 Evacuation Pause) (young) 3054M->947M(3732M), 0.0656641 secs]
15098.593: [GC pause (G1 Evacuation Pause) (young) 3060M->960M(3732M), 0.0709995 secs]
15100.299: [GC pause (G1 Evacuation Pause) (young) 3138M->1040M(3732M), 0.1299764 secs]
15102.158: [GC pause (G1 Evacuation Pause) (young) 3057M->1060M(3732M), 0.1304449 secs]
15104.094: [GC pause (G1 Evacuation Pause) (young) 3135M->1086M(3732M), 0.1171192 secs]
15106.061: [GC pause (G1 Evacuation Pause) (young) 3165M->1142M(3732M), 0.0968807 secs]
15108.075: [GC pause (G1 Evacuation Pause) (young) 3285M->1155M(3732M), 0.0725628 secs]
15109.928: [GC pause (G1 Evacuation Pause) (young) 3267M->1173M(3732M), 0.0639066 secs]
15111.834: [GC pause (G1 Evacuation Pause) (young) 3256M->1172M(3732M), 0.0598255 secs]
15113.736: [GC pause (G1 Evacuation Pause) (young) 3250M->1181M(3732M), 0.0643836 secs]
15115.663: [GC pause (G1 Evacuation Pause) (young) 3245M->1198M(3732M), 0.0700510 secs]
15117.488: [GC pause (G1 Evacuation Pause) (young) 3222M->1192M(3732M), 0.0611252 secs]
15119.514: [GC pause (G1 Evacuation Pause) (young) 3235M->1211M(3732M), 0.0734328 secs]
15121.488: [GC pause (G1 Evacuation Pause) (young) 3295M->1269M(3732M), 0.0969626 secs]
15123.185: [GC pause (G1 Evacuation Pause) (young) 3196M->1302M(3732M), 0.1167160 secs]
15124.918: [GC pause (G1 Evacuation Pause) (young) 3146M->1309M(3732M), 0.0981526 secs]
15126.712: [GC pause (G1 Evacuation Pause) (young) 3249M->1333M(3732M), 0.0959787 secs]
15128.524: [GC pause (G1 Evacuation Pause) (young) 3222M->1346M(3732M), 0.0822473 secs]
15130.314: [GC pause (G1 Evacuation Pause) (young) 3211M->1359M(3732M), 0.0810283 secs]
15132.118: [GC pause (G1 Evacuation Pause) (young) 3268M->1368M(3732M), 0.0725611 secs]
15133.879: [GC pause (G1 Evacuation Pause) (young) 3258M->1373M(3732M), 0.0578095 secs]
15135.602: [GC pause (G1 Evacuation Pause) (young) 3258M->1384M(3732M), 0.0682352 secs]
15137.320: [GC pause (G1 Evacuation Pause) (young) 3242M->1395M(3732M), 0.0683845 secs]
15139.028: [GC pause (G1 Evacuation Pause) (young) 3229M->1398M(3732M), 0.0681264 secs]
15140.681: [GC pause (G1 Evacuation Pause) (young) 3231M->1408M(3732M), 0.0653014 secs]
15142.546: [GC pause (G1 Evacuation Pause) (young) 3221M->1399M(3732M), 0.0627687 secs]
15144.025: [GC pause (G1 Evacuation Pause) (young) 3333M->1510M(3732M), 0.1389070 secs]
15145.559: [GC pause (G1 Evacuation Pause) (young) 3137M->1521M(3732M), 0.1120961 secs]
15147.305: [GC pause (G1 Evacuation Pause) (young) 3276M->1550M(3732M), 0.0683269 secs]
15148.965: [GC pause (G1 Evacuation Pause) (young) 3279M->1549M(3732M), 0.0489438 secs]
15150.548: [GC pause (G1 Evacuation Pause) (young) 3281M->1565M(3732M), 0.0573539 secs]
15152.061: [GC pause (G1 Evacuation Pause) (young) 3262M->1575M(3732M), 0.0592039 secs]
15153.621: [GC pause (G1 Evacuation Pause) (young) 3252M->1585M(3732M), 0.0613014 secs]
15155.180: [GC pause (G1 Evacuation Pause) (young) 3245M->1581M(3732M), 0.0544269 secs]
15156.743: [GC pause (G1 Evacuation Pause) (young) 3248M->1601M(3732M), 0.0673477 secs]
15158.227: [GC pause (G1 Evacuation Pause) (young) 3226M->1607M(3732M), 0.0700557 secs]
15159.746: [GC pause (G1 Evacuation Pause) (young) 3240M->1621M(3732M), 0.0723990 secs]
15161.203: [GC pause (G1 Evacuation Pause) (young) 3226M->1629M(3732M), 0.0691038 secs]
15162.750: [GC pause (G1 Evacuation Pause) (young) 3229M->1627M(3732M), 0.0674876 secs]
15164.335: [GC pause (G1 Evacuation Pause) (young) 3244M->1635M(3732M), 0.0596323 secs]
15165.677: [GC pause (G1 Evacuation Pause) (young) 3317M->1727M(3732M), 0.1287284 secs]
15167.068: [GC pause (G1 Evacuation Pause) (young) 3144M->1734M(3732M), 0.1104018 secs]
15167.491: [GC pause (G1 Humongous Allocation) (young) (initial-mark) 2042M->1729M(3732M), 0.0345848 secs]
15167.526: [GC concurrent-root-region-scan-start]
15167.542: [GC concurrent-root-region-scan-end, 0.0161400 secs]
15167.542: [GC concurrent-mark-start]
15167.787: [GC concurrent-mark-end, 0.2449640 secs]
15167.788: [GC remark, 0.0068049 secs]
15167.795: [GC cleanup 2022M->747M(3732M), 0.0044271 secs]
15167.799: [GC concurrent-cleanup-start]
15167.801: [GC concurrent-cleanup-end, 0.0020134 secs]
15168.912: [GC pause (G1 Evacuation Pause) (young) 2022M->477M(3732M), 0.0468429 secs]
15170.942: [GC pause (G1 Evacuation Pause) (young) 2653M->500M(3732M), 0.0587939 secs]
15173.001: [GC pause (G1 Evacuation Pause) (young) 2658M->506M(3732M), 0.0607949 secs]
15175.043: [GC pause (G1 Evacuation Pause) (young) 2656M->499M(3732M), 0.0509176 secs]
15177.046: [GC pause (G1 Evacuation Pause) (young) 2662M->526M(3732M), 0.0697054 secs]
15179.047: [GC pause (G1 Evacuation Pause) (young) 2660M->537M(3732M), 0.0704274 secs]
15180.906: [GC pause (G1 Evacuation Pause) (young) 2656M->553M(3732M), 0.0741662 secs]
15182.872: [GC pause (G1 Evacuation Pause) (young) 2659M->562M(3732M), 0.0792700 secs]
15184.701: [GC pause (G1 Evacuation Pause) (young) 2660M->549M(3732M), 0.0640167 secs]
15186.783: [GC pause (G1 Evacuation Pause) (young) 2718M->618M(3732M), 0.1044775 secs]
15188.594: [GC pause (G1 Evacuation Pause) (young) 2741M->656M(3732M), 0.1409704 secs]
15190.475: [GC pause (G1 Evacuation Pause) (young) 2667M->679M(3732M), 0.1263562 secs]
15192.432: [GC pause (G1 Evacuation Pause) (young) 2765M->699M(3732M), 0.1123244 secs]
15194.583: [GC pause (G1 Evacuation Pause) (young) 2870M->715M(3732M), 0.0802036 secs]
15196.594: [GC pause (G1 Evacuation Pause) (young) 2874M->723M(3732M), 0.0617255 secs]
15198.608: [GC pause (G1 Evacuation Pause) (young) 2877M->732M(3732M), 0.0601327 secs]
15200.620: [GC pause (G1 Evacuation Pause) (young) 2877M->745M(3732M), 0.0680487 secs]
15202.597: [GC pause (G1 Evacuation Pause) (young) 2870M->756M(3732M), 0.0704619 secs]
15204.527: [GC pause (G1 Evacuation Pause) (young) 2875M->768M(3732M), 0.0767587 secs]
15206.533: [GC pause (G1 Evacuation Pause) (young) 2875M->769M(3732M), 0.0708643 secs]
15208.473: [GC pause (G1 Evacuation Pause) (young) 2870M->750M(3732M), 0.0600837 secs]
15210.303: [GC pause (G1 Evacuation Pause) (young) 2961M->860M(3732M), 0.1482826 secs]
15212.262: [GC pause (G1 Evacuation Pause) (young) 2871M->867M(3732M), 0.1280355 secs]
15214.277: [GC pause (G1 Evacuation Pause) (young) 2964M->886M(3732M), 0.1089648 secs]
15216.290: [GC pause (G1 Evacuation Pause) (young) 2962M->895M(3732M), 0.1015681 secs]
15218.354: [GC pause (G1 Evacuation Pause) (young) 3067M->916M(3732M), 0.0760543 secs]
15220.358: [GC pause (G1 Evacuation Pause) (young) 3066M->926M(3732M), 0.0622273 secs]
15222.289: [GC pause (G1 Evacuation Pause) (young) 3063M->941M(3732M), 0.0699691 secs]
15224.295: [GC pause (G1 Evacuation Pause) (young) 3067M->941M(3732M), 0.0704598 secs]
15226.350: [GC pause (G1 Evacuation Pause) (young) 3064M->940M(3732M), 0.0625643 secs]
15228.307: [GC pause (G1 Evacuation Pause) (young) 3072M->966M(3732M), 0.0813394 secs]
15230.416: [GC pause (G1 Evacuation Pause) (young) 3066M->962M(3732M), 0.0709842 secs]
15232.174: [GC pause (G1 Evacuation Pause) (young) 3141M->1077M(3732M), 0.1141441 secs]
15234.050: [GC pause (G1 Evacuation Pause) (young) 3105M->1061M(3732M), 0.1242783 secs]
15236.050: [GC pause (G1 Evacuation Pause) (young) 3141M->1074M(3732M), 0.1007314 secs]
15238.019: [GC pause (G1 Evacuation Pause) (young) 3179M->1095M(3732M), 0.1014883 secs]
15240.100: [GC pause (G1 Evacuation Pause) (young) 3169M->1100M(3732M), 0.0834510 secs]
15242.182: [GC pause (G1 Evacuation Pause) (young) 3261M->1126M(3732M), 0.0846550 secs]
15244.250: [GC pause (G1 Evacuation Pause) (young) 3248M->1138M(3732M), 0.0740212 secs]
15246.241: [GC pause (G1 Evacuation Pause) (young) 3236M->1143M(3732M), 0.0732707 secs]
15248.151: [GC pause (G1 Evacuation Pause) (young) 3226M->1158M(3732M), 0.0863339 secs]
15250.139: [GC pause (G1 Evacuation Pause) (young) 3216M->1164M(3732M), 0.0815928 secs]
15252.175: [GC pause (G1 Evacuation Pause) (young) 3207M->1175M(3732M), 0.0774866 secs]
15254.069: [GC pause (G1 Evacuation Pause) (young) 3296M->1241M(3732M), 0.0952965 secs]
15255.796: [GC pause (G1 Evacuation Pause) (young) 3188M->1262M(3732M), 0.1179926 secs]
15257.677: [GC pause (G1 Evacuation Pause) (young) 3162M->1287M(3732M), 0.1128709 secs]
15259.598: [GC pause (G1 Evacuation Pause) (young) 3206M->1312M(3732M), 0.1138215 secs]
15261.413: [GC pause (G1 Evacuation Pause) (young) 3235M->1320M(3732M), 0.0985912 secs]
15263.246: [GC pause (G1 Evacuation Pause) (young) 3223M->1333M(3732M), 0.0812131 secs]
15265.072: [GC pause (G1 Evacuation Pause) (young) 3212M->1344M(3732M), 0.0780272 secs]
15266.900: [GC pause (G1 Evacuation Pause) (young) 3263M->1354M(3732M), 0.0753302 secs]
15268.687: [GC pause (G1 Evacuation Pause) (young) 3252M->1366M(3732M), 0.0684114 secs]
15270.421: [GC pause (G1 Evacuation Pause) (young) 3240M->1363M(3732M), 0.0597790 secs]
15272.150: [GC pause (G1 Evacuation Pause) (young) 3244M->1379M(3732M), 0.0706360 secs]
15273.912: [GC pause (G1 Evacuation Pause) (young) 3225M->1384M(3732M), 0.0691435 secs]
15275.601: [GC pause (G1 Evacuation Pause) (young) 3225M->1385M(3732M), 0.0722578 secs]
15277.145: [GC pause (G1 Evacuation Pause) (young) 3309M->1479M(3732M), 0.1350115 secs]
15278.733: [GC pause (G1 Evacuation Pause) (young) 3134M->1491M(3732M), 0.1141872 secs]
15280.483: [GC pause (G1 Evacuation Pause) (young) 3275M->1504M(3732M), 0.0549543 secs]
15282.120: [GC pause (G1 Evacuation Pause) (young) 3286M->1518M(3732M), 0.0467247 secs]
15283.740: [GC pause (G1 Evacuation Pause) (young) 3276M->1526M(3732M), 0.0499294 secs]
15285.364: [GC pause (G1 Evacuation Pause) (young) 3276M->1542M(3732M), 0.0555896 secs]
15286.942: [GC pause (G1 Evacuation Pause) (young) 3255M->1540M(3732M), 0.0477475 secs]
15288.519: [GC pause (G1 Evacuation Pause) (young) 3257M->1549M(3732M), 0.0561524 secs]
15290.113: [GC pause (G1 Evacuation Pause) (young) 3247M->1560M(3732M), 0.0617656 secs]
15291.601: [GC pause (G1 Evacuation Pause) (young) 3238M->1571M(3732M), 0.0662072 secs]
15293.135: [GC pause (G1 Evacuation Pause) (young) 3225M->1567M(3732M), 0.0636122 secs]
15294.641: [GC pause (G1 Evacuation Pause) (young) 3249M->1583M(3732M), 0.0674104 secs]
15296.254: [GC pause (G1 Evacuation Pause) (young) 3233M->1590M(3732M), 0.0616389 secs]
15297.843: [GC pause (G1 Evacuation Pause) (young) 3237M->1588M(3732M), 0.0627879 secs]
15299.221: [GC pause (G1 Evacuation Pause) (young) 3337M->1688M(3732M), 0.1212639 secs]
15300.663: [GC pause (G1 Evacuation Pause) (young) 3149M->1689M(3732M), 0.0996037 secs]
15302.179: [GC pause (G1 Evacuation Pause) (young) 3284M->1715M(3732M), 0.0610053 secs]
15303.648: [GC pause (G1 Evacuation Pause) (young) 3290M->1727M(3732M), 0.0479028 secs]
15305.064: [GC pause (G1 Evacuation Pause) (young) 3280M->1746M(3732M), 0.0532728 secs]
15306.503: [GC pause (G1 Evacuation Pause) (young) 3259M->1755M(3732M), 0.0557824 secs]
15307.880: [GC pause (G1 Evacuation Pause) (young) 3252M->1761M(3732M), 0.0587789 secs]
15309.291: [GC pause (G1 Evacuation Pause) (young) 3246M->1760M(3732M), 0.0558285 secs]
15310.718: [GC pause (G1 Evacuation Pause) (young) 3250M->1766M(3732M), 0.0590691 secs]
15312.101: [GC pause (G1 Evacuation Pause) (young) 3237M->1772M(3732M), 0.0581632 secs]
15312.217: [GC pause (G1 Humongous Allocation) (young) (initial-mark) 1837M->1768M(3732M), 0.0433216 secs]
15312.260: [GC concurrent-root-region-scan-start]
15312.312: [GC concurrent-root-region-scan-end, 0.0514974 secs]
15312.312: [GC concurrent-mark-start]
15312.558: [GC concurrent-mark-end, 0.2460917 secs]
15312.558: [GC remark, 0.0077944 secs]
15312.567: [GC cleanup 2057M->815M(3732M), 0.0053487 secs]
15312.572: [GC concurrent-cleanup-start]
15312.575: [GC concurrent-cleanup-end, 0.0024593 secs]
15313.541: [GC pause (G1 Evacuation Pause) (young) 2013M->545M(3732M), 0.0598614 secs]
15315.468: [GC pause (G1 Evacuation Pause) (young) 2670M->550M(3732M), 0.0698667 secs]
15317.503: [GC pause (G1 Evacuation Pause) (young) 2672M->556M(3732M), 0.0664423 secs]
15319.701: [GC pause (G1 Evacuation Pause) (young) 2674M->559M(3732M), 0.0744223 secs]
15321.453: [GC pause (G1 Evacuation Pause) (young) 2749M->656M(3732M), 0.1333505 secs]
15323.337: [GC pause (G1 Evacuation Pause) (young) 2670M->668M(3732M), 0.1342777 secs]
15325.386: [GC pause (G1 Evacuation Pause) (young) 2749M->683M(3732M), 0.1115013 secs]
15327.483: [GC pause (G1 Evacuation Pause) (young) 2863M->706M(3732M), 0.0774998 secs]
15329.512: [GC pause (G1 Evacuation Pause) (young) 2862M->702M(3732M), 0.0566631 secs]
15331.492: [GC pause (G1 Evacuation Pause) (young) 2863M->728M(3732M), 0.0638396 secs]
15333.477: [GC pause (G1 Evacuation Pause) (young) 2862M->735M(3732M), 0.0685662 secs]
15335.516: [GC pause (G1 Evacuation Pause) (young) 2860M->739M(3732M), 0.0622725 secs]
15337.470: [GC pause (G1 Evacuation Pause) (young) 2863M->761M(3732M), 0.0725005 secs]
15339.486: [GC pause (G1 Evacuation Pause) (young) 2860M->746M(3732M), 0.0612813 secs]
15341.473: [GC pause (G1 Evacuation Pause) (young) 2866M->765M(3732M), 0.0707589 secs]
15343.281: [GC pause (G1 Evacuation Pause) (young) 2944M->855M(3732M), 0.1404797 secs]
15345.204: [GC pause (G1 Evacuation Pause) (young) 2862M->871M(3732M), 0.1343839 secs]
15347.188: [GC pause (G1 Evacuation Pause) (young) 2950M->886M(3732M), 0.1122484 secs]
15349.258: [GC pause (G1 Evacuation Pause) (young) 3062M->895M(3732M), 0.0650838 secs]
15351.275: [GC pause (G1 Evacuation Pause) (young) 3065M->907M(3732M), 0.0612801 secs]
15353.226: [GC pause (G1 Evacuation Pause) (young) 3058M->926M(3732M), 0.0655646 secs]
15355.160: [GC pause (G1 Evacuation Pause) (young) 3062M->930M(3732M), 0.0695028 secs]
15357.099: [GC pause (G1 Evacuation Pause) (young) 3059M->941M(3732M), 0.0657110 secs]
15359.054: [GC pause (G1 Evacuation Pause) (young) 3061M->960M(3732M), 0.0775604 secs]
15360.976: [GC pause (G1 Evacuation Pause) (young) 3066M->952M(3732M), 0.0639233 secs]
15362.845: [GC pause (G1 Evacuation Pause) (young) 3063M->962M(3732M), 0.0731158 secs]
15364.655: [GC pause (G1 Evacuation Pause) (young) 3143M->1054M(3732M), 0.1452963 secs]
15366.596: [GC pause (G1 Evacuation Pause) (young) 3059M->1055M(3732M), 0.1273072 secs]
15368.629: [GC pause (G1 Evacuation Pause) (young) 3151M->1096M(3732M), 0.1133514 secs]
15370.629: [GC pause (G1 Evacuation Pause) (young) 3172M->1100M(3732M), 0.0890812 secs]
15372.622: [GC pause (G1 Evacuation Pause) (young) 3275M->1122M(3732M), 0.0731691 secs]
15374.628: [GC pause (G1 Evacuation Pause) (young) 3264M->1130M(3732M), 0.0634821 secs]
15376.627: [GC pause (G1 Evacuation Pause) (young) 3253M->1148M(3732M), 0.0682761 secs]
15378.560: [GC pause (G1 Evacuation Pause) (young) 3238M->1155M(3732M), 0.0719779 secs]
15380.501: [GC pause (G1 Evacuation Pause) (young) 3230M->1157M(3732M), 0.0706902 secs]
15382.414: [GC pause (G1 Evacuation Pause) (young) 3231M->1164M(3732M), 0.0738211 secs]
15384.486: [GC pause (G1 Evacuation Pause) (young) 3226M->1168M(3732M), 0.0716562 secs]
15386.252: [GC pause (G1 Evacuation Pause) (young) 3215M->1176M(3732M), 0.0711331 secs]
15387.877: [GC pause (G1 Evacuation Pause) (young) 3291M->1267M(3732M), 0.1400748 secs]
15389.651: [GC pause (G1 Evacuation Pause) (young) 3128M->1282M(3732M), 0.1200163 secs]
15391.500: [GC pause (G1 Evacuation Pause) (young) 3201M->1285M(3732M), 0.0915380 secs]
15393.309: [GC pause (G1 Evacuation Pause) (young) 3289M->1315M(3732M), 0.0690578 secs]
15395.174: [GC pause (G1 Evacuation Pause) (young) 3278M->1310M(3732M), 0.0511122 secs]
15396.981: [GC pause (G1 Evacuation Pause) (young) 3282M->1329M(3732M), 0.0547849 secs]
15398.798: [GC pause (G1 Evacuation Pause) (young) 3258M->1326M(3732M), 0.0466420 secs]
15400.523: [GC pause (G1 Evacuation Pause) (young) 3270M->1347M(3732M), 0.0612139 secs]
15402.250: [GC pause (G1 Evacuation Pause) (young) 3246M->1359M(3732M), 0.0623634 secs]
15403.916: [GC pause (G1 Evacuation Pause) (young) 3237M->1370M(3732M), 0.0622716 secs]
15405.638: [GC pause (G1 Evacuation Pause) (young) 3221M->1378M(3732M), 0.0694699 secs]
15407.298: [GC pause (G1 Evacuation Pause) (young) 3214M->1378M(3732M), 0.0716907 secs]
15408.896: [GC pause (G1 Evacuation Pause) (young) 3516M->1523M(3754M), 0.1289247 secs]
15410.418: [GC pause (G1 Evacuation Pause) (young) 3160M->1494M(3754M), 0.1123359 secs]
15412.033: [GC pause (G1 Evacuation Pause) (young) 3225M->1515M(3754M), 0.1148699 secs]
15413.679: [GC pause (G1 Evacuation Pause) (young) 3288M->1527M(3754M), 0.0766994 secs]
15415.344: [GC pause (G1 Evacuation Pause) (young) 3276M->1527M(3754M), 0.0525564 secs]
15416.973: [GC pause (G1 Evacuation Pause) (young) 3280M->1542M(3754M), 0.0673579 secs]
15418.587: [GC pause (G1 Evacuation Pause) (young) 3259M->1551M(3754M), 0.0657012 secs]
15420.179: [GC pause (G1 Evacuation Pause) (young) 3252M->1559M(3754M), 0.0688427 secs]
15421.778: [GC pause (G1 Evacuation Pause) (young) 3244M->1558M(3754M), 0.0635269 secs]
15423.361: [GC pause (G1 Evacuation Pause) (young) 3278M->1575M(3754M), 0.0716109 secs]
15424.879: [GC pause (G1 Evacuation Pause) (young) 3258M->1584M(3754M), 0.0598789 secs]
15426.502: [GC pause (G1 Evacuation Pause) (young) 3251M->1595M(3754M), 0.0682573 secs]
15428.095: [GC pause (G1 Evacuation Pause) (young) 3246M->1596M(3754M), 0.0606354 secs]
15429.507: [GC pause (G1 Evacuation Pause) (young) 3268M->1606M(3754M), 0.0650155 secs]
15431.130: [GC pause (G1 Evacuation Pause) (young) 3253M->1612M(3754M), 0.0636421 secs]
15432.547: [GC pause (G1 Evacuation Pause) (young) 3406M->1767M(3754M), 0.1190550 secs]
15433.857: [GC pause (G1 Evacuation Pause) (young) 3166M->1747M(3754M), 0.0968833 secs]
15433.970: [GC pause (G1 Humongous Allocation) (young) (initial-mark) 1761M->1743M(3754M), 0.0572711 secs]
15434.028: [GC concurrent-root-region-scan-start]
15434.043: [GC concurrent-root-region-scan-end, 0.0157871 secs]
15434.043: [GC concurrent-mark-start]
15434.293: [GC concurrent-mark-end, 0.2498464 secs]
15434.294: [GC remark, 0.0074125 secs]
15434.301: [GC cleanup 2032M->724M(3754M), 0.0051844 secs]
15434.307: [GC concurrent-cleanup-start]
15434.309: [GC concurrent-cleanup-end, 0.0022144 secs]
15435.432: [GC pause (G1 Evacuation Pause) (young) 1979M->456M(3754M), 0.0439057 secs]
15437.453: [GC pause (G1 Evacuation Pause) (young) 2655M->487M(3754M), 0.0597091 secs]
15439.489: [GC pause (G1 Evacuation Pause) (young) 2655M->492M(3754M), 0.0648794 secs]
15441.542: [GC pause (G1 Evacuation Pause) (young) 2651M->502M(3754M), 0.0614699 secs]
15443.435: [GC pause (G1 Evacuation Pause) (young) 2657M->521M(3754M), 0.0726260 secs]
15445.326: [GC pause (G1 Evacuation Pause) (young) 2658M->530M(3754M), 0.0737029 secs]
15447.289: [GC pause (G1 Evacuation Pause) (young) 2653M->545M(3754M), 0.0810249 secs]
15449.247: [GC pause (G1 Evacuation Pause) (young) 2658M->544M(3754M), 0.0775591 secs]
15451.227: [GC pause (G1 Evacuation Pause) (young) 2653M->542M(3754M), 0.0777097 secs]
15453.245: [GC pause (G1 Evacuation Pause) (young) 2663M->563M(3754M), 0.0840577 secs]
15455.275: [GC pause (G1 Evacuation Pause) (young) 2658M->569M(3754M), 0.0787073 secs]
15457.004: [GC pause (G1 Evacuation Pause) (young) 2763M->657M(3754M), 0.1368586 secs]
15458.922: [GC pause (G1 Evacuation Pause) (young) 2674M->677M(3754M), 0.1258224 secs]
15460.902: [GC pause (G1 Evacuation Pause) (young) 2775M->699M(3754M), 0.1059884 secs]
15462.956: [GC pause (G1 Evacuation Pause) (young) 2883M->700M(3754M), 0.0717961 secs]
15465.055: [GC pause (G1 Evacuation Pause) (young) 2893M->718M(3754M), 0.0627964 secs]
15467.053: [GC pause (G1 Evacuation Pause) (young) 2884M->726M(3754M), 0.0614362 secs]
15469.035: [GC pause (G1 Evacuation Pause) (young) 2887M->743M(3754M), 0.0689562 secs]
15471.020: [GC pause (G1 Evacuation Pause) (young) 2886M->750M(3754M), 0.0732135 secs]
15472.997: [GC pause (G1 Evacuation Pause) (young) 2884M->770M(3754M), 0.0766836 secs]
15474.907: [GC pause (G1 Evacuation Pause) (young) 2887M->776M(3754M), 0.0809251 secs]
15476.845: [GC pause (G1 Evacuation Pause) (young) 2884M->785M(3754M), 0.0803508 secs]
15478.778: [GC pause (G1 Evacuation Pause) (young) 2886M->785M(3754M), 0.0769119 secs]
15480.583: [GC pause (G1 Evacuation Pause) (young) 3010M->894M(3754M), 0.1532221 secs]
15482.547: [GC pause (G1 Evacuation Pause) (young) 2905M->898M(3754M), 0.1145857 secs]
15484.510: [GC pause (G1 Evacuation Pause) (young) 3005M->910M(3754M), 0.1094281 secs]
15486.492: [GC pause (G1 Evacuation Pause) (young) 3002M->943M(3754M), 0.0887804 secs]
15488.545: [GC pause (G1 Evacuation Pause) (young) 3129M->962M(3754M), 0.0738625 secs]
15490.535: [GC pause (G1 Evacuation Pause) (young) 3128M->974M(3754M), 0.0643119 secs]
15492.575: [GC pause (G1 Evacuation Pause) (young) 3128M->974M(3754M), 0.0606055 secs]
15494.533: [GC pause (G1 Evacuation Pause) (young) 3132M->994M(3754M), 0.0732464 secs]
15496.530: [GC pause (G1 Evacuation Pause) (young) 3130M->1003M(3754M), 0.0706846 secs]
15498.471: [GC pause (G1 Evacuation Pause) (young) 3129M->1016M(3754M), 0.0757543 secs]
15500.492: [GC pause (G1 Evacuation Pause) (young) 3132M->1016M(3754M), 0.0691555 secs]
15502.481: [GC pause (G1 Evacuation Pause) (young) 3128M->1015M(3754M), 0.0721208 secs]
15504.255: [GC pause (G1 Evacuation Pause) (young) 3229M->1132M(3754M), 0.1449853 secs]
15506.122: [GC pause (G1 Evacuation Pause) (young) 3131M->1129M(3754M), 0.1214085 secs]
15508.046: [GC pause (G1 Evacuation Pause) (young) 3234M->1153M(3754M), 0.1084268 secs]
15509.898: [GC pause (G1 Evacuation Pause) (young) 3204M->1184M(3754M), 0.0986894 secs]
15511.902: [GC pause (G1 Evacuation Pause) (young) 3296M->1197M(3754M), 0.0717552 secs]
15513.838: [GC pause (G1 Evacuation Pause) (young) 3285M->1214M(3754M), 0.0634100 secs]
15515.727: [GC pause (G1 Evacuation Pause) (young) 3266M->1212M(3754M), 0.0600205 secs]
15517.628: [GC pause (G1 Evacuation Pause) (young) 3272M->1222M(3754M), 0.0627166 secs]
15519.489: [GC pause (G1 Evacuation Pause) (young) 3260M->1235M(3754M), 0.0707073 secs]
15521.383: [GC pause (G1 Evacuation Pause) (young) 3247M->1246M(3754M), 0.0741534 secs]
15523.279: [GC pause (G1 Evacuation Pause) (young) 3234M->1252M(3754M), 0.0740997 secs]
15525.306: [GC pause (G1 Evacuation Pause) (young) 3232M->1256M(3754M), 0.0772860 secs]
15527.151: [GC pause (G1 Evacuation Pause) (young) 3324M->1379M(3754M), 0.1181287 secs]
15528.775: [GC pause (G1 Evacuation Pause) (young) 3154M->1361M(3754M), 0.1143860 secs]
15530.566: [GC pause (G1 Evacuation Pause) (young) 3220M->1380M(3754M), 0.1091952 secs]
15532.359: [GC pause (G1 Evacuation Pause) (young) 3299M->1391M(3754M), 0.0762027 secs]
15534.125: [GC pause (G1 Evacuation Pause) (young) 3286M->1398M(3754M), 0.0617810 secs]
15535.850: [GC pause (G1 Evacuation Pause) (young) 3281M->1408M(3754M), 0.0628847 secs]
15537.571: [GC pause (G1 Evacuation Pause) (young) 3271M->1417M(3754M), 0.0620348 secs]
15539.307: [GC pause (G1 Evacuation Pause) (young) 3260M->1420M(3754M), 0.0580220 secs]
15541.019: [GC pause (G1 Evacuation Pause) (young) 3251M->1431M(3754M), 0.0608773 secs]
15542.702: [GC pause (G1 Evacuation Pause) (young) 3246M->1444M(3754M), 0.0739687 secs]
15544.369: [GC pause (G1 Evacuation Pause) (young) 3235M->1448M(3754M), 0.0790797 secs]
15546.040: [GC pause (G1 Evacuation Pause) (young) 3255M->1458M(3754M), 0.0730505 secs]
15547.768: [GC pause (G1 Evacuation Pause) (young) 3245M->1459M(3754M), 0.0666923 secs]
15549.582: [GC pause (G1 Evacuation Pause) (young) 3249M->1461M(3754M), 0.0641101 secs]
15550.969: [GC pause (G1 Evacuation Pause) (young) 3341M->1571M(3754M), 0.1244494 secs]
15552.463: [GC pause (G1 Evacuation Pause) (young) 3137M->1578M(3754M), 0.1061317 secs]
15554.094: [GC pause (G1 Evacuation Pause) (young) 3303M->1605M(3754M), 0.0643303 secs]
15555.696: [GC pause (G1 Evacuation Pause) (young) 3306M->1611M(3754M), 0.0510656 secs]
15557.205: [GC pause (G1 Evacuation Pause) (young) 3299M->1615M(3754M), 0.0481908 secs]
15558.741: [GC pause (G1 Evacuation Pause) (young) 3298M->1629M(3754M), 0.0558494 secs]
15560.268: [GC pause (G1 Evacuation Pause) (young) 3277M->1626M(3754M), 0.0492617 secs]
15561.799: [GC pause (G1 Evacuation Pause) (young) 3286M->1639M(3754M), 0.0538117 secs]
15563.269: [GC pause (G1 Evacuation Pause) (young) 3271M->1659M(3754M), 0.0601767 secs]
15564.675: [GC pause (G1 Evacuation Pause) (young) 3251M->1664M(3754M), 0.0662499 secs]
15566.191: [GC pause (G1 Evacuation Pause) (young) 3257M->1667M(3754M), 0.0627064 secs]
15567.671: [GC pause (G1 Evacuation Pause) (young) 3256M->1675M(3754M), 0.0689579 secs]
15569.142: [GC pause (G1 Evacuation Pause) (young) 3242M->1674M(3754M), 0.0605863 secs]
15570.622: [GC pause (G1 Evacuation Pause) (young) 3269M->1671M(3754M), 0.0588476 secs]
15572.026: [GC pause (G1 Evacuation Pause) (young) 3272M->1679M(3754M), 0.0540267 secs]
15573.540: [GC pause (G1 Evacuation Pause) (young) 3351M->1738M(3754M), 0.0768790 secs]
15574.749: [GC pause (G1 Evacuation Pause) (young) 3246M->1782M(3754M), 0.1136180 secs]
15576.021: [GC pause (G1 Evacuation Pause) (young) 3179M->1837M(3754M), 0.1114104 secs]
15576.736: [GC pause (G1 Humongous Allocation) (young) (initial-mark) 2516M->1836M(3754M), 0.0399254 secs]
15576.776: [GC concurrent-root-region-scan-start]
15576.794: [GC concurrent-root-region-scan-end, 0.0176235 secs]
15576.794: [GC concurrent-mark-start]
15577.115: [GC concurrent-mark-end, 0.3206339 secs]
15577.115: [GC remark, 0.0070507 secs]
15577.122: [GC cleanup 2169M->864M(3754M), 0.0046882 secs]
15577.127: [GC concurrent-cleanup-start]
15577.130: [GC concurrent-cleanup-end, 0.0024947 secs]
15577.991: [GC pause (G1 Evacuation Pause) (young) 2004M->556M(3754M), 0.0451751 secs]
15578.141: [GC pause (G1 Evacuation Pause) (mixed) 670M->523M(3754M), 0.0285363 secs]
15580.207: [GC pause (G1 Evacuation Pause) (young) 2766M->577M(3754M), 0.0676033 secs]
15582.277: [GC pause (G1 Evacuation Pause) (young) 2768M->566M(3754M), 0.0497144 secs]
15584.326: [GC pause (G1 Evacuation Pause) (young) 2774M->590M(3754M), 0.0519932 secs]
15586.293: [GC pause (G1 Evacuation Pause) (young) 2767M->602M(3754M), 0.0612126 secs]
15588.314: [GC pause (G1 Evacuation Pause) (young) 2767M->616M(3754M), 0.0683657 secs]
15590.272: [GC pause (G1 Evacuation Pause) (young) 2767M->630M(3754M), 0.0719996 secs]
15592.283: [GC pause (G1 Evacuation Pause) (young) 2769M->631M(3754M), 0.0680952 secs]
15594.287: [GC pause (G1 Evacuation Pause) (young) 2768M->641M(3754M), 0.0740148 secs]
15596.400: [GC pause (G1 Evacuation Pause) (young) 2766M->628M(3754M), 0.0610330 secs]
15598.158: [GC pause (G1 Evacuation Pause) (young) 2854M->735M(3754M), 0.1359071 secs]
15600.101: [GC pause (G1 Evacuation Pause) (young) 2772M->753M(3754M), 0.1279237 secs]
15602.085: [GC pause (G1 Evacuation Pause) (young) 2851M->770M(3754M), 0.1151152 secs]
15604.091: [GC pause (G1 Evacuation Pause) (young) 2967M->787M(3754M), 0.0729242 secs]
15606.084: [GC pause (G1 Evacuation Pause) (young) 2966M->796M(3754M), 0.0615471 secs]
15608.092: [GC pause (G1 Evacuation Pause) (young) 2965M->812M(3754M), 0.0660822 secs]
15610.050: [GC pause (G1 Evacuation Pause) (young) 2965M->821M(3754M), 0.0684003 secs]
15612.055: [GC pause (G1 Evacuation Pause) (young) 2966M->829M(3754M), 0.0679693 secs]
15614.065: [GC pause (G1 Evacuation Pause) (young) 2969M->849M(3754M), 0.0779755 secs]
15616.087: [GC pause (G1 Evacuation Pause) (young) 2966M->854M(3754M), 0.0810279 secs]
15618.133: [GC pause (G1 Evacuation Pause) (young) 2972M->851M(3754M), 0.0718742 secs]
15620.176: [GC pause (G1 Evacuation Pause) (young) 3053M->906M(3754M), 0.0888338 secs]
15621.897: [GC pause (G1 Evacuation Pause) (young) 3009M->956M(3754M), 0.1286119 secs]
15623.878: [GC pause (G1 Evacuation Pause) (young) 2977M->974M(3754M), 0.1260165 secs]
15625.901: [GC pause (G1 Evacuation Pause) (young) 3071M->998M(3754M), 0.1148673 secs]
15627.977: [GC pause (G1 Evacuation Pause) (young) 3185M->1007M(3754M), 0.0760973 secs]
15630.026: [GC pause (G1 Evacuation Pause) (young) 3184M->1015M(3754M), 0.0593908 secs]
15632.036: [GC pause (G1 Evacuation Pause) (young) 3186M->1028M(3754M), 0.0657037 secs]
15634.037: [GC pause (G1 Evacuation Pause) (young) 3185M->1039M(3754M), 0.0692135 secs]
15636.065: [GC pause (G1 Evacuation Pause) (young) 3184M->1053M(3754M), 0.0728013 secs]
15638.072: [GC pause (G1 Evacuation Pause) (young) 3182M->1052M(3754M), 0.0690134 secs]
15640.044: [GC pause (G1 Evacuation Pause) (young) 3187M->1071M(3754M), 0.0772084 secs]
15641.823: [GC pause (G1 Evacuation Pause) (young) 3184M->1066M(3754M), 0.0644331 secs]
15643.889: [GC pause (G1 Evacuation Pause) (young) 3187M->1063M(3754M), 0.0642881 secs]
15645.578: [GC pause (G1 Evacuation Pause) (young) 3277M->1171M(3754M), 0.1372673 secs]
15647.519: [GC pause (G1 Evacuation Pause) (young) 3132M->1175M(3754M), 0.1341953 secs]
15649.471: [GC pause (G1 Evacuation Pause) (young) 3228M->1204M(3754M), 0.1089375 secs]
15651.502: [GC pause (G1 Evacuation Pause) (young) 3301M->1214M(3754M), 0.0708442 secs]
15653.470: [GC pause (G1 Evacuation Pause) (young) 3299M->1226M(3754M), 0.0582008 secs]
15655.397: [GC pause (G1 Evacuation Pause) (young) 3287M->1237M(3754M), 0.0620519 secs]
15657.261: [GC pause (G1 Evacuation Pause) (young) 3278M->1252M(3754M), 0.0667755 secs]
15659.117: [GC pause (G1 Evacuation Pause) (young) 3261M->1261M(3754M), 0.0702452 secs]
15661.023: [GC pause (G1 Evacuation Pause) (young) 3254M->1256M(3754M), 0.0680291 secs]
15662.863: [GC pause (G1 Evacuation Pause) (young) 3263M->1276M(3754M), 0.0715017 secs]
15664.771: [GC pause (G1 Evacuation Pause) (young) 3241M->1281M(3754M), 0.0776171 secs]
15666.657: [GC pause (G1 Evacuation Pause) (young) 3236M->1277M(3754M), 0.0688798 secs]
15668.500: [GC pause (G1 Evacuation Pause) (young) 3340M->1362M(3754M), 0.0891999 secs]
15670.023: [GC pause (G1 Evacuation Pause) (young) 3204M->1392M(3754M), 0.1258186 secs]
15671.787: [GC pause (G1 Evacuation Pause) (young) 3179M->1407M(3754M), 0.1215011 secs]
15673.543: [GC pause (G1 Evacuation Pause) (young) 3254M->1420M(3754M), 0.0997296 secs]
15675.297: [GC pause (G1 Evacuation Pause) (young) 3243M->1435M(3754M), 0.0802821 secs]
15677.080: [GC pause (G1 Evacuation Pause) (young) 3308M->1443M(3754M), 0.0648572 secs]
15678.863: [GC pause (G1 Evacuation Pause) (young) 3302M->1455M(3754M), 0.0529524 secs]
15680.562: [GC pause (G1 Evacuation Pause) (young) 3290M->1466M(3754M), 0.0601993 secs]
15682.336: [GC pause (G1 Evacuation Pause) (young) 3277M->1479M(3754M), 0.0616939 secs]
15684.020: [GC pause (G1 Evacuation Pause) (young) 3264M->1478M(3754M), 0.0618411 secs]
15685.707: [GC pause (G1 Evacuation Pause) (young) 3265M->1495M(3754M), 0.0700101 secs]
15687.387: [GC pause (G1 Evacuation Pause) (young) 3250M->1501M(3754M), 0.0721511 secs]
15689.040: [GC pause (G1 Evacuation Pause) (young) 3248M->1499M(3754M), 0.0626966 secs]
15690.788: [GC pause (G1 Evacuation Pause) (young) 3266M->1502M(3754M), 0.0623937 secs]
15691.629: [GC pause (G1 Evacuation Pause) (young) 2434M->1554M(3754M), 0.0670204 secs]
15692.923: [GC pause (G1 Evacuation Pause) (young) 3315M->1617M(3754M), 0.1211342 secs]
15694.493: [GC pause (G1 Evacuation Pause) (young) 3212M->1647M(3754M), 0.0922817 secs]
15696.045: [GC pause (G1 Evacuation Pause) (young) 3303M->1670M(3754M), 0.0590904 secs]
15697.591: [GC pause (G1 Evacuation Pause) (young) 3312M->1678M(3754M), 0.0448670 secs]
15699.055: [GC pause (G1 Evacuation Pause) (young) 3297M->1667M(3754M), 0.0404958 secs]
15700.553: [GC pause (G1 Evacuation Pause) (young) 3315M->1699M(3754M), 0.0539653 secs]
15702.046: [GC pause (G1 Evacuation Pause) (young) 3280M->1695M(3754M), 0.0525692 secs]
15703.544: [GC pause (G1 Evacuation Pause) (young) 3287M->1708M(3754M), 0.0599169 secs]
15705.014: [GC pause (G1 Evacuation Pause) (young) 3269M->1717M(3754M), 0.0535476 secs]
15706.447: [GC pause (G1 Evacuation Pause) (young) 3262M->1731M(3754M), 0.0667841 secs]
15707.857: [GC pause (G1 Evacuation Pause) (young) 3251M->1731M(3754M), 0.0685240 secs]
15709.256: [GC pause (G1 Evacuation Pause) (young) 3268M->1738M(3754M), 0.0586113 secs]
15710.693: [GC pause (G1 Evacuation Pause) (young) 3257M->1752M(3754M), 0.0652579 secs]
15712.156: [GC pause (G1 Evacuation Pause) (young) 3259M->1752M(3754M), 0.0611529 secs]
15713.587: [GC pause (G1 Evacuation Pause) (young) 3275M->1761M(3754M), 0.0595525 secs]
15715.105: [GC pause (G1 Evacuation Pause) (young) 3268M->1764M(3754M), 0.0594663 secs]
15715.802: [GC pause (G1 Humongous Allocation) (young) (initial-mark) 2419M->1758M(3754M), 0.0425920 secs]
15715.844: [GC concurrent-root-region-scan-start]
15715.878: [GC concurrent-root-region-scan-end, 0.0340933 secs]
15715.878: [GC concurrent-mark-start]
15716.084: [GC concurrent-mark-end, 0.2056770 secs]
15716.085: [GC remark, 0.0071616 secs]
15716.092: [GC cleanup 2132M->966M(3754M), 0.0039083 secs]
15716.096: [GC concurrent-cleanup-start]
15716.098: [GC concurrent-cleanup-end, 0.0020019 secs]
15716.810: [GC pause (G1 Evacuation Pause) (young) 2197M->694M(3754M), 0.1268690 secs]
15716.940: [GC pause (G1 Evacuation Pause) (mixed) 696M->670M(3754M), 0.0836387 secs]
15719.036: [GC pause (G1 Evacuation Pause) (young) 2915M->715M(3754M), 0.0706373 secs]
15721.054: [GC pause (G1 Evacuation Pause) (young) 2914M->722M(3754M), 0.0497349 secs]
15723.053: [GC pause (G1 Evacuation Pause) (young) 2921M->739M(3754M), 0.0578808 secs]
15725.049: [GC pause (G1 Evacuation Pause) (young) 2918M->754M(3754M), 0.0657711 secs]
15727.112: [GC pause (G1 Evacuation Pause) (young) 2915M->757M(3754M), 0.0646511 secs]
15729.142: [GC pause (G1 Evacuation Pause) (young) 2916M->774M(3754M), 0.0695672 secs]
15731.108: [GC pause (G1 Evacuation Pause) (young) 2915M->787M(3754M), 0.0756378 secs]
15733.130: [GC pause (G1 Evacuation Pause) (young) 2914M->796M(3754M), 0.0774145 secs]
15735.188: [GC pause (G1 Evacuation Pause) (young) 2915M->808M(3754M), 0.0772331 secs]
15737.171: [GC pause (G1 Evacuation Pause) (young) 2915M->811M(3754M), 0.0755858 secs]
15739.163: [GC pause (G1 Evacuation Pause) (young) 2934M->800M(3754M), 0.0725517 secs]
15740.987: [GC pause (G1 Evacuation Pause) (young) 3033M->916M(3754M), 0.1397962 secs]
15742.966: [GC pause (G1 Evacuation Pause) (young) 2952M->936M(3754M), 0.1161247 secs]
15744.969: [GC pause (G1 Evacuation Pause) (young) 3038M->958M(3754M), 0.1079011 secs]
15747.040: [GC pause (G1 Evacuation Pause) (young) 3147M->969M(3754M), 0.0764016 secs]
15749.020: [GC pause (G1 Evacuation Pause) (young) 3148M->981M(3754M), 0.0602808 secs]
15751.089: [GC pause (G1 Evacuation Pause) (young) 3148M->991M(3754M), 0.0651085 secs]
15753.077: [GC pause (G1 Evacuation Pause) (young) 3148M->1001M(3754M), 0.0679096 secs]
15755.095: [GC pause (G1 Evacuation Pause) (young) 3148M->1016M(3754M), 0.0734840 secs]
15757.107: [GC pause (G1 Evacuation Pause) (young) 3147M->1012M(3754M), 0.0695070 secs]
15759.083: [GC pause (G1 Evacuation Pause) (young) 3153M->1033M(3754M), 0.0749453 secs]
15761.180: [GC pause (G1 Evacuation Pause) (young) 3148M->1040M(3754M), 0.0793882 secs]
15763.320: [GC pause (G1 Evacuation Pause) (young) 3236M->1112M(3754M), 0.0988562 secs]
15764.925: [GC pause (G1 Evacuation Pause) (young) 3191M->1138M(3754M), 0.1351195 secs]
15766.822: [GC pause (G1 Evacuation Pause) (young) 3161M->1166M(3754M), 0.1171005 secs]
15768.790: [GC pause (G1 Evacuation Pause) (young) 3213M->1191M(3754M), 0.1157697 secs]
15770.807: [GC pause (G1 Evacuation Pause) (young) 3232M->1187M(3754M), 0.0913750 secs]
15772.767: [GC pause (G1 Evacuation Pause) (young) 3242M->1204M(3754M), 0.0814908 secs]
15774.684: [GC pause (G1 Evacuation Pause) (young) 3219M->1221M(3754M), 0.0855327 secs]
15776.669: [GC pause (G1 Evacuation Pause) (young) 3280M->1230M(3754M), 0.0779410 secs]
15778.518: [GC pause (G1 Evacuation Pause) (young) 3271M->1241M(3754M), 0.0654349 secs]
15780.390: [GC pause (G1 Evacuation Pause) (young) 3258M->1250M(3754M), 0.0672491 secs]
15782.334: [GC pause (G1 Evacuation Pause) (young) 3251M->1262M(3754M), 0.0749449 secs]
15784.272: [GC pause (G1 Evacuation Pause) (young) 3239M->1262M(3754M), 0.0729366 secs]
15786.087: [GC pause (G1 Evacuation Pause) (young) 3239M->1268M(3754M), 0.0653163 secs]
15787.974: [GC pause (G1 Evacuation Pause) (young) 3320M->1340M(3754M), 0.0951549 secs]
15789.582: [GC pause (G1 Evacuation Pause) (young) 3211M->1375M(3754M), 0.1220114 secs]
15791.338: [GC pause (G1 Evacuation Pause) (young) 3170M->1395M(3754M), 0.1119468 secs]
15793.039: [GC pause (G1 Evacuation Pause) (young) 3253M->1406M(3754M), 0.0925176 secs]
15794.713: [GC pause (G1 Evacuation Pause) (young) 3244M->1412M(3754M), 0.0737374 secs]
15796.422: [GC pause (G1 Evacuation Pause) (young) 3236M->1426M(3754M), 0.0752611 secs]
15798.070: [GC pause (G1 Evacuation Pause) (young) 3299M->1445M(3754M), 0.0713955 secs]
15799.780: [GC pause (G1 Evacuation Pause) (young) 3278M->1455M(3754M), 0.0603956 secs]
15801.461: [GC pause (G1 Evacuation Pause) (young) 3268M->1461M(3754M), 0.0639779 secs]
15803.245: [GC pause (G1 Evacuation Pause) (young) 3262M->1470M(3754M), 0.0676617 secs]
15804.946: [GC pause (G1 Evacuation Pause) (young) 3253M->1474M(3754M), 0.0640146 secs]
15806.635: [GC pause (G1 Evacuation Pause) (young) 3251M->1492M(3754M), 0.0740357 secs]
15808.306: [GC pause (G1 Evacuation Pause) (young) 3233M->1491M(3754M), 0.0729187 secs]
15810.128: [GC pause (G1 Evacuation Pause) (young) 3256M->1495M(3754M), 0.0700519 secs]
15811.681: [GC pause (G1 Evacuation Pause) (young) 3339M->1590M(3754M), 0.0998098 secs]
15813.111: [GC pause (G1 Evacuation Pause) (young) 3195M->1591M(3754M), 0.1146668 secs]
15814.646: [GC pause (G1 Evacuation Pause) (young) 3210M->1616M(3754M), 0.1081810 secs]
15816.259: [GC pause (G1 Evacuation Pause) (young) 3270M->1630M(3754M), 0.0869799 secs]
15817.852: [GC pause (G1 Evacuation Pause) (young) 3258M->1633M(3754M), 0.0672368 secs]
15819.393: [GC pause (G1 Evacuation Pause) (young) 3255M->1654M(3754M), 0.0705443 secs]
15820.960: [GC pause (G1 Evacuation Pause) (young) 3295M->1656M(3754M), 0.0676818 secs]
15822.512: [GC pause (G1 Evacuation Pause) (young) 3286M->1652M(3754M), 0.0396045 secs]
15823.935: [GC pause (G1 Evacuation Pause) (young) 3297M->1673M(3754M), 0.0532028 secs]
15825.421: [GC pause (G1 Evacuation Pause) (young) 3273M->1679M(3754M), 0.0569635 secs]
15826.904: [GC pause (G1 Evacuation Pause) (young) 3270M->1695M(3754M), 0.0610748 secs]
15828.386: [GC pause (G1 Evacuation Pause) (young) 3254M->1699M(3754M), 0.0656402 secs]
15829.826: [GC pause (G1 Evacuation Pause) (young) 3255M->1711M(3754M), 0.0661462 secs]
15831.349: [GC pause (G1 Evacuation Pause) (young) 3262M->1715M(3754M), 0.0636323 secs]
15832.909: [GC pause (G1 Evacuation Pause) (young) 3263M->1711M(3754M), 0.0514496 secs]
15834.432: [GC pause (G1 Evacuation Pause) (young) 3277M->1712M(3754M), 0.0572280 secs]
15835.017: [GC pause (G1 Humongous Allocation) (young) (initial-mark) 2282M->1751M(3754M), 0.0612924 secs]
15835.078: [GC concurrent-root-region-scan-start]
15835.126: [GC concurrent-root-region-scan-end, 0.0476156 secs]
15835.126: [GC concurrent-mark-start]
15835.352: [GC concurrent-mark-end, 0.2259671 secs]
15835.352: [GC remark, 0.0071441 secs]
15835.360: [GC cleanup 2127M->950M(3754M), 0.0045645 secs]
15835.364: [GC concurrent-cleanup-start]
15835.366: [GC concurrent-cleanup-end, 0.0020770 secs]
15835.423: [GC pause (G1 Evacuation Pause) (young) 1048M->606M(3754M), 0.0738757 secs]
15837.075: [GC pause (G1 Evacuation Pause) (young) 2847M->719M(3754M), 0.1085010 secs]
15839.105: [GC pause (G1 Evacuation Pause) (young) 2844M->742M(3754M), 0.0883879 secs]
15841.083: [GC pause (G1 Evacuation Pause) (young) 2845M->744M(3754M), 0.0883231 secs]
15843.125: [GC pause (G1 Evacuation Pause) (young) 2873M->765M(3754M), 0.0920159 secs]
15845.083: [GC pause (G1 Evacuation Pause) (young) 2863M->784M(3754M), 0.0926917 secs]
15847.122: [GC pause (G1 Evacuation Pause) (young) 2951M->796M(3754M), 0.0788895 secs]
15849.174: [GC pause (G1 Evacuation Pause) (young) 2951M->810M(3754M), 0.0651567 secs]
15851.148: [GC pause (G1 Evacuation Pause) (young) 2951M->812M(3754M), 0.0667542 secs]
15853.158: [GC pause (G1 Evacuation Pause) (young) 2953M->816M(3754M), 0.0671732 secs]
15855.077: [GC pause (G1 Evacuation Pause) (young) 2955M->834M(3754M), 0.0691811 secs]
15857.137: [GC pause (G1 Evacuation Pause) (young) 2951M->836M(3754M), 0.0718072 secs]
15858.925: [GC pause (G1 Evacuation Pause) (young) 2840M->881M(3754M), 0.1029424 secs]
15860.866: [GC pause (G1 Evacuation Pause) (young) 3122M->955M(3754M), 0.1133543 secs]
15862.809: [GC pause (G1 Evacuation Pause) (young) 3022M->981M(3754M), 0.0891081 secs]
15864.791: [GC pause (G1 Evacuation Pause) (young) 3076M->995M(3754M), 0.0936863 secs]
15866.762: [GC pause (G1 Evacuation Pause) (young) 3092M->1008M(3754M), 0.0928982 secs]
15868.845: [GC pause (G1 Evacuation Pause) (young) 3203M->1026M(3754M), 0.0648359 secs]
15870.881: [GC pause (G1 Evacuation Pause) (young) 3197M->1041M(3754M), 0.0613355 secs]
15872.951: [GC pause (G1 Evacuation Pause) (young) 3196M->1046M(3754M), 0.0657182 secs]
15874.954: [GC pause (G1 Evacuation Pause) (young) 3199M->1060M(3754M), 0.0704739 secs]
15876.980: [GC pause (G1 Evacuation Pause) (young) 3197M->1076M(3754M), 0.0748263 secs]
15878.925: [GC pause (G1 Evacuation Pause) (young) 3197M->1077M(3754M), 0.0748809 secs]
15881.080: [GC pause (G1 Evacuation Pause) (young) 3202M->1082M(3754M), 0.0717974 secs]
15882.739: [GC pause (G1 Evacuation Pause) (young) 2780M->1137M(3754M), 0.0955977 secs]
15884.628: [GC pause (G1 Evacuation Pause) (young) 3296M->1181M(3754M), 0.1220690 secs]
15886.643: [GC pause (G1 Evacuation Pause) (young) 3211M->1204M(3754M), 0.0995926 secs]
15888.565: [GC pause (G1 Evacuation Pause) (young) 3218M->1225M(3754M), 0.1006627 secs]
15890.492: [GC pause (G1 Evacuation Pause) (young) 3226M->1248M(3754M), 0.0931299 secs]
15892.462: [GC pause (G1 Evacuation Pause) (young) 3307M->1263M(3754M), 0.0706919 secs]
15894.329: [GC pause (G1 Evacuation Pause) (young) 3287M->1271M(3754M), 0.0585114 secs]
15896.219: [GC pause (G1 Evacuation Pause) (young) 3282M->1285M(3754M), 0.0644378 secs]
15898.097: [GC pause (G1 Evacuation Pause) (young) 3268M->1296M(3754M), 0.0673438 secs]
15899.948: [GC pause (G1 Evacuation Pause) (young) 3255M->1301M(3754M), 0.0675742 secs]
15901.762: [GC pause (G1 Evacuation Pause) (young) 3250M->1312M(3754M), 0.0702038 secs]
15903.492: [GC pause (G1 Evacuation Pause) (young) 3241M->1315M(3754M), 0.0679070 secs]
15905.428: [GC pause (G1 Evacuation Pause) (young) 3242M->1314M(3754M), 0.0634305 secs]
15907.121: [GC pause (G1 Evacuation Pause) (young) 3330M->1401M(3754M), 0.1241746 secs]
15908.813: [GC pause (G1 Evacuation Pause) (young) 3160M->1416M(3754M), 0.1116319 secs]
15910.578: [GC pause (G1 Evacuation Pause) (young) 3237M->1445M(3754M), 0.1010548 secs]
15912.378: [GC pause (G1 Evacuation Pause) (young) 3310M->1462M(3754M), 0.0733270 secs]
15914.124: [GC pause (G1 Evacuation Pause) (young) 3299M->1467M(3754M), 0.0544568 secs]
15915.821: [GC pause (G1 Evacuation Pause) (young) 3292M->1474M(3754M), 0.0576815 secs]
15917.558: [GC pause (G1 Evacuation Pause) (young) 3284M->1480M(3754M), 0.0542482 secs]
15919.245: [GC pause (G1 Evacuation Pause) (young) 3281M->1498M(3754M), 0.0658450 secs]
15920.855: [GC pause (G1 Evacuation Pause) (young) 3263M->1503M(3754M), 0.0642287 secs]
15922.515: [GC pause (G1 Evacuation Pause) (young) 3256M->1511M(3754M), 0.0688585 secs]
15924.201: [GC pause (G1 Evacuation Pause) (young) 3245M->1513M(3754M), 0.0671774 secs]
15925.841: [GC pause (G1 Evacuation Pause) (young) 3254M->1527M(3754M), 0.0730646 secs]
15927.511: [GC pause (G1 Evacuation Pause) (young) 3240M->1529M(3754M), 0.0711685 secs]
15929.270: [GC pause (G1 Evacuation Pause) (young) 3250M->1538M(3754M), 0.0686516 secs]
15930.762: [GC pause (G1 Evacuation Pause) (young) 3342M->1633M(3754M), 0.0964255 secs]
15932.069: [GC pause (G1 Evacuation Pause) (young) 3195M->1636M(3754M), 0.1124528 secs]
15933.629: [GC pause (G1 Evacuation Pause) (young) 3223M->1665M(3754M), 0.1093671 secs]
15935.136: [GC pause (G1 Evacuation Pause) (young) 3277M->1677M(3754M), 0.0781667 secs]
15936.649: [GC pause (G1 Evacuation Pause) (young) 3268M->1693M(3754M), 0.0698761 secs]
15938.195: [GC pause (G1 Evacuation Pause) (young) 3252M->1703M(3754M), 0.0698326 secs]
15939.687: [GC pause (G1 Evacuation Pause) (young) 3296M->1710M(3754M), 0.0644131 secs]
15941.180: [GC pause (G1 Evacuation Pause) (young) 3283M->1710M(3754M), 0.0469773 secs]
15942.696: [GC pause (G1 Evacuation Pause) (young) 3287M->1725M(3754M), 0.0539235 secs]
15944.207: [GC pause (G1 Evacuation Pause) (young) 3276M->1735M(3754M), 0.0625366 secs]
15945.696: [GC pause (G1 Evacuation Pause) (young) 3266M->1740M(3754M), 0.0602881 secs]
15947.199: [GC pause (G1 Evacuation Pause) (young) 3251M->1741M(3754M), 0.0554270 secs]
15948.644: [GC pause (G1 Evacuation Pause) (young) 3266M->1756M(3754M), 0.0636489 secs]
15950.092: [GC pause (G1 Evacuation Pause) (young) 3251M->1769M(3754M), 0.0674369 secs]
15951.556: [GC pause (G1 Evacuation Pause) (young) 3258M->1776M(3754M), 0.0641673 secs]
15952.439: [GC pause (G1 Humongous Allocation) (young) (initial-mark) 2585M->1769M(3754M), 0.0424572 secs]
15952.481: [GC concurrent-root-region-scan-start]
15952.512: [GC concurrent-root-region-scan-end, 0.0310976 secs]
15952.512: [GC concurrent-mark-start]
15952.764: [GC concurrent-mark-end, 0.2518628 secs]
15952.765: [GC remark, 0.0070208 secs]
15952.772: [GC cleanup 2023M->795M(3754M), 0.0040422 secs]
15952.776: [GC concurrent-cleanup-start]
15952.778: [GC concurrent-cleanup-end, 0.0017822 secs]
15953.928: [GC pause (G1 Evacuation Pause) (young) 2110M->604M(3754M), 0.0695301 secs]
15954.059: [GC pause (G1 Evacuation Pause) (mixed) 721M->596M(3754M), 0.0536107 secs]
15955.787: [GC pause (G1 Evacuation Pause) (young) 2843M->726M(3754M), 0.1215941 secs]
15957.882: [GC pause (G1 Evacuation Pause) (young) 2837M->737M(3754M), 0.0885590 secs]
15959.847: [GC pause (G1 Evacuation Pause) (young) 2834M->762M(3754M), 0.0907043 secs]
15961.944: [GC pause (G1 Evacuation Pause) (young) 2947M->763M(3754M), 0.0653650 secs]
15964.007: [GC pause (G1 Evacuation Pause) (young) 2950M->781M(3754M), 0.0622238 secs]
15966.039: [GC pause (G1 Evacuation Pause) (young) 2952M->785M(3754M), 0.0602923 secs]
15968.053: [GC pause (G1 Evacuation Pause) (young) 2952M->803M(3754M), 0.0590183 secs]
15970.087: [GC pause (G1 Evacuation Pause) (young) 2950M->816M(3754M), 0.0693658 secs]
15972.093: [GC pause (G1 Evacuation Pause) (young) 2949M->828M(3754M), 0.0746360 secs]
15974.030: [GC pause (G1 Evacuation Pause) (young) 2949M->836M(3754M), 0.0761430 secs]
15976.070: [GC pause (G1 Evacuation Pause) (young) 2952M->837M(3754M), 0.0780412 secs]
15978.152: [GC pause (G1 Evacuation Pause) (young) 2956M->835M(3754M), 0.0730650 secs]
15979.980: [GC pause (G1 Evacuation Pause) (young) 3037M->939M(3754M), 0.1502205 secs]
15981.954: [GC pause (G1 Evacuation Pause) (young) 2950M->949M(3754M), 0.1317381 secs]
15983.968: [GC pause (G1 Evacuation Pause) (young) 3050M->974M(3754M), 0.1136056 secs]
15985.979: [GC pause (G1 Evacuation Pause) (young) 3163M->987M(3754M), 0.0689037 secs]
15988.011: [GC pause (G1 Evacuation Pause) (young) 3162M->999M(3754M), 0.0617844 secs]
15990.058: [GC pause (G1 Evacuation Pause) (young) 3164M->1007M(3754M), 0.0578023 secs]
15992.052: [GC pause (G1 Evacuation Pause) (young) 3164M->1004M(3754M), 0.0606170 secs]
15994.097: [GC pause (G1 Evacuation Pause) (young) 3169M->1027M(3754M), 0.0715282 secs]
15996.051: [GC pause (G1 Evacuation Pause) (young) 3162M->1034M(3754M), 0.0743088 secs]
15998.065: [GC pause (G1 Evacuation Pause) (young) 3163M->1048M(3754M), 0.0782076 secs]
16000.089: [GC pause (G1 Evacuation Pause) (young) 3163M->1053M(3754M), 0.0773505 secs]
16002.194: [GC pause (G1 Evacuation Pause) (young) 3222M->1108M(3754M), 0.0899730 secs]
16003.872: [GC pause (G1 Evacuation Pause) (young) 3248M->1137M(3754M), 0.1309855 secs]
16005.928: [GC pause (G1 Evacuation Pause) (young) 3148M->1154M(3754M), 0.1184620 secs]
16007.880: [GC pause (G1 Evacuation Pause) (young) 3217M->1191M(3754M), 0.1102324 secs]
16009.836: [GC pause (G1 Evacuation Pause) (young) 3208M->1233M(3754M), 0.1078311 secs]
16011.821: [GC pause (G1 Evacuation Pause) (young) 3302M->1244M(3754M), 0.0739883 secs]
16013.716: [GC pause (G1 Evacuation Pause) (young) 3287M->1249M(3754M), 0.0556800 secs]
16015.676: [GC pause (G1 Evacuation Pause) (young) 3286M->1273M(3754M), 0.0674096 secs]
16017.566: [GC pause (G1 Evacuation Pause) (young) 3262M->1282M(3754M), 0.0698663 secs]
16019.441: [GC pause (G1 Evacuation Pause) (young) 3251M->1291M(3754M), 0.0718960 secs]
16021.317: [GC pause (G1 Evacuation Pause) (young) 3244M->1298M(3754M), 0.0724963 secs]
16023.198: [GC pause (G1 Evacuation Pause) (young) 3235M->1301M(3754M), 0.0662524 secs]
16025.146: [GC pause (G1 Evacuation Pause) (young) 3234M->1307M(3754M), 0.0710951 secs]
16026.766: [GC pause (G1 Evacuation Pause) (young) 3325M->1404M(3754M), 0.1406533 secs]
16028.511: [GC pause (G1 Evacuation Pause) (young) 3143M->1414M(3754M), 0.1193362 secs]
16030.321: [GC pause (G1 Evacuation Pause) (young) 3295M->1432M(3754M), 0.0642014 secs]
16032.039: [GC pause (G1 Evacuation Pause) (young) 3303M->1439M(3754M), 0.0518349 secs]
16033.699: [GC pause (G1 Evacuation Pause) (young) 3303M->1445M(3754M), 0.0509906 secs]
16035.380: [GC pause (G1 Evacuation Pause) (young) 3300M->1464M(3754M), 0.0599762 secs]
16037.020: [GC pause (G1 Evacuation Pause) (young) 3276M->1469M(3754M), 0.0597086 secs]
16038.708: [GC pause (G1 Evacuation Pause) (young) 3273M->1477M(3754M), 0.0639894 secs]
16040.433: [GC pause (G1 Evacuation Pause) (young) 3265M->1483M(3754M), 0.0644212 secs]
16042.134: [GC pause (G1 Evacuation Pause) (young) 3257M->1489M(3754M), 0.0630345 secs]
16043.845: [GC pause (G1 Evacuation Pause) (young) 3253M->1505M(3754M), 0.0660050 secs]
16045.512: [GC pause (G1 Evacuation Pause) (young) 3239M->1510M(3754M), 0.0688436 secs]
16047.124: [GC pause (G1 Evacuation Pause) (young) 3242M->1515M(3754M), 0.0652980 secs]
16048.852: [GC pause (G1 Evacuation Pause) (young) 3252M->1515M(3754M), 0.0636677 secs]
16050.604: [GC pause (G1 Evacuation Pause) (young) 3339M->1575M(3754M), 0.0773180 secs]
16051.794: [GC pause (G1 Evacuation Pause) (young) 3231M->1623M(3754M), 0.1178168 secs]
16053.270: [GC pause (G1 Evacuation Pause) (young) 3163M->1709M(3754M), 0.1041119 secs]
16054.804: [GC pause (G1 Evacuation Pause) (young) 3297M->1729M(3754M), 0.0578450 secs]
16056.313: [GC pause (G1 Evacuation Pause) (young) 3301M->1725M(3754M), 0.0402168 secs]
16057.776: [GC pause (G1 Evacuation Pause) (young) 3311M->1741M(3754M), 0.0468916 secs]
16059.251: [GC pause (G1 Evacuation Pause) (young) 3297M->1757M(3754M), 0.0540442 secs]
16060.731: [GC pause (G1 Evacuation Pause) (young) 3283M->1758M(3754M), 0.0500472 secs]
16062.190: [GC pause (G1 Evacuation Pause) (young) 3280M->1769M(3754M), 0.0557722 secs]
16063.627: [GC pause (G1 Evacuation Pause) (young) 3269M->1769M(3754M), 0.0491593 secs]
16065.011: [GC pause (G1 Evacuation Pause) (young) 3267M->1790M(3754M), 0.0606136 secs]
16066.396: [GC pause (G1 Evacuation Pause) (young) 3250M->1796M(3754M), 0.0664871 secs]
16066.647: [GC pause (G1 Humongous Allocation) (young) (initial-mark) 1973M->1789M(3754M), 0.0430976 secs]
16066.690: [GC concurrent-root-region-scan-start]
16066.727: [GC concurrent-root-region-scan-end, 0.0370010 secs]
16066.727: [GC concurrent-mark-start]
16066.979: [GC concurrent-mark-end, 0.2521700 secs]
16066.979: [GC remark, 0.0073378 secs]
16066.987: [GC cleanup 2103M->960M(3754M), 0.0044446 secs]
16066.992: [GC concurrent-cleanup-start]
16066.994: [GC concurrent-cleanup-end, 0.0021807 secs]
16068.003: [GC pause (G1 Evacuation Pause) (young) 2130M->656M(3754M), 0.0630674 secs]
16068.120: [GC pause (G1 Evacuation Pause) (mixed) 724M->575M(3754M), 0.0566759 secs]
16070.203: [GC pause (G1 Evacuation Pause) (young) 2819M->620M(3754M), 0.0708946 secs]
16072.359: [GC pause (G1 Evacuation Pause) (young) 2823M->613M(3754M), 0.0469705 secs]
16074.411: [GC pause (G1 Evacuation Pause) (young) 2826M->625M(3754M), 0.0514889 secs]
16076.085: [GC pause (G1 Evacuation Pause) (young) 2907M->730M(3754M), 0.1322472 secs]
16078.096: [GC pause (G1 Evacuation Pause) (young) 2818M->743M(3754M), 0.1047847 secs]
16080.126: [GC pause (G1 Evacuation Pause) (young) 2838M->766M(3754M), 0.1078269 secs]
16082.262: [GC pause (G1 Evacuation Pause) (young) 2952M->770M(3754M), 0.0683312 secs]
16084.305: [GC pause (G1 Evacuation Pause) (young) 2950M->783M(3754M), 0.0626898 secs]
16086.356: [GC pause (G1 Evacuation Pause) (young) 2948M->795M(3754M), 0.0625353 secs]
16088.350: [GC pause (G1 Evacuation Pause) (young) 2948M->801M(3754M), 0.0620941 secs]
16090.385: [GC pause (G1 Evacuation Pause) (young) 2950M->816M(3754M), 0.0670140 secs]
16092.397: [GC pause (G1 Evacuation Pause) (young) 2949M->815M(3754M), 0.0658364 secs]
16094.389: [GC pause (G1 Evacuation Pause) (young) 2952M->836M(3754M), 0.0786155 secs]
16096.203: [GC pause (G1 Evacuation Pause) (young) 2949M->834M(3754M), 0.0689682 secs]
16098.046: [GC pause (G1 Evacuation Pause) (young) 2951M->828M(3754M), 0.0634735 secs]
16099.694: [GC pause (G1 Evacuation Pause) (young) 3036M->929M(3754M), 0.1334367 secs]
16101.674: [GC pause (G1 Evacuation Pause) (young) 2952M->948M(3754M), 0.1266518 secs]
16103.682: [GC pause (G1 Evacuation Pause) (young) 3041M->973M(3754M), 0.1067611 secs]
16105.827: [GC pause (G1 Evacuation Pause) (young) 3162M->983M(3754M), 0.0716105 secs]
16107.941: [GC pause (G1 Evacuation Pause) (young) 3162M->988M(3754M), 0.0513528 secs]
16109.966: [GC pause (G1 Evacuation Pause) (young) 3165M->1006M(3754M), 0.0627516 secs]
16112.005: [GC pause (G1 Evacuation Pause) (young) 3163M->1020M(3754M), 0.0670093 secs]
16114.044: [GC pause (G1 Evacuation Pause) (young) 3163M->1019M(3754M), 0.0614486 secs]
16116.072: [GC pause (G1 Evacuation Pause) (young) 3166M->1041M(3754M), 0.0760833 secs]
16118.085: [GC pause (G1 Evacuation Pause) (young) 3162M->1053M(3754M), 0.0750140 secs]
16119.834: [GC pause (G1 Evacuation Pause) (young) 3164M->1049M(3754M), 0.0756634 secs]
16122.113: [GC pause (G1 Evacuation Pause) (young) 3164M->1042M(3754M), 0.0660732 secs]
16123.903: [GC pause (G1 Evacuation Pause) (young) 3258M->1138M(3754M), 0.1275474 secs]
16125.805: [GC pause (G1 Evacuation Pause) (young) 3147M->1150M(3754M), 0.1278610 secs]
16127.761: [GC pause (G1 Evacuation Pause) (young) 3227M->1184M(3754M), 0.1043086 secs]
16129.708: [GC pause (G1 Evacuation Pause) (young) 3218M->1223M(3754M), 0.1001780 secs]
16131.636: [GC pause (G1 Evacuation Pause) (young) 3311M->1239M(3754M), 0.0707265 secs]
16133.580: [GC pause (G1 Evacuation Pause) (young) 3295M->1250M(3754M), 0.0627619 secs]
16135.479: [GC pause (G1 Evacuation Pause) (young) 3283M->1256M(3754M), 0.0640269 secs]
16137.381: [GC pause (G1 Evacuation Pause) (young) 3277M->1271M(3754M), 0.0673400 secs]
16139.276: [GC pause (G1 Evacuation Pause) (young) 3260M->1280M(3754M), 0.0686345 secs]
16141.204: [GC pause (G1 Evacuation Pause) (young) 3253M->1291M(3754M), 0.0755495 secs]
16143.088: [GC pause (G1 Evacuation Pause) (young) 3240M->1303M(3754M), 0.0751881 secs]
16145.054: [GC pause (G1 Evacuation Pause) (young) 3226M->1298M(3754M), 0.0660574 secs]
16146.869: [GC pause (G1 Evacuation Pause) (young) 3333M->1375M(3754M), 0.0972391 secs]
16148.460: [GC pause (G1 Evacuation Pause) (young) 3208M->1410M(3754M), 0.1250395 secs]
16150.190: [GC pause (G1 Evacuation Pause) (young) 3167M->1428M(3754M), 0.1161588 secs]
16151.981: [GC pause (G1 Evacuation Pause) (young) 3253M->1434M(3754M), 0.0958610 secs]
16153.710: [GC pause (G1 Evacuation Pause) (young) 3247M->1457M(3754M), 0.0770719 secs]
16155.465: [GC pause (G1 Evacuation Pause) (young) 3304M->1460M(3754M), 0.0684161 secs]
16157.185: [GC pause (G1 Evacuation Pause) (young) 3303M->1477M(3754M), 0.0601336 secs]
16158.875: [GC pause (G1 Evacuation Pause) (young) 3284M->1487M(3754M), 0.0605108 secs]
16160.538: [GC pause (G1 Evacuation Pause) (young) 3274M->1493M(3754M), 0.0590486 secs]
16162.248: [GC pause (G1 Evacuation Pause) (young) 3262M->1494M(3754M), 0.0566383 secs]
16163.923: [GC pause (G1 Evacuation Pause) (young) 3267M->1498M(3754M), 0.0586305 secs]
16165.550: [GC pause (G1 Evacuation Pause) (young) 3265M->1528M(3754M), 0.0752389 secs]
16167.140: [GC pause (G1 Evacuation Pause) (young) 3235M->1529M(3754M), 0.0698881 secs]
16168.728: [GC pause (G1 Evacuation Pause) (young) 3254M->1533M(3754M), 0.0656188 secs]
16170.485: [GC pause (G1 Evacuation Pause) (young) 3264M->1534M(3754M), 0.0665605 secs]
16172.018: [GC pause (G1 Evacuation Pause) (young) 3352M->1630M(3754M), 0.1296129 secs]
16173.567: [GC pause (G1 Evacuation Pause) (young) 3166M->1645M(3754M), 0.1093134 secs]
16175.167: [GC pause (G1 Evacuation Pause) (young) 3294M->1656M(3754M), 0.0562688 secs]
16176.710: [GC pause (G1 Evacuation Pause) (young) 3307M->1681M(3754M), 0.0510358 secs]
16178.241: [GC pause (G1 Evacuation Pause) (young) 3292M->1683M(3754M), 0.0558904 secs]
16179.762: [GC pause (G1 Evacuation Pause) (young) 3290M->1687M(3754M), 0.0534648 secs]
16181.235: [GC pause (G1 Evacuation Pause) (young) 3284M->1701M(3754M), 0.0576704 secs]
16182.737: [GC pause (G1 Evacuation Pause) (young) 3266M->1697M(3754M), 0.0527672 secs]
16184.178: [GC pause (G1 Evacuation Pause) (young) 3274M->1717M(3754M), 0.0625865 secs]
16185.657: [GC pause (G1 Evacuation Pause) (young) 3256M->1724M(3754M), 0.0685176 secs]
16187.096: [GC pause (G1 Evacuation Pause) (young) 3265M->1724M(3754M), 0.0626471 secs]
16188.577: [GC pause (G1 Evacuation Pause) (young) 3267M->1737M(3754M), 0.0667678 secs]
16190.041: [GC pause (G1 Evacuation Pause) (young) 3246M->1729M(3754M), 0.0589475 secs]
16191.508: [GC pause (G1 Evacuation Pause) (young) 3278M->1755M(3754M), 0.0672525 secs]
16193.028: [GC pause (G1 Evacuation Pause) (young) 3254M->1755M(3754M), 0.0624577 secs]
16194.536: [GC pause (G1 Evacuation Pause) (young) 3272M->1757M(3754M), 0.0601596 secs]
16195.014: [GC pause (G1 Humongous Allocation) (young) (initial-mark) 2212M->1780M(3754M), 0.0526802 secs]
16195.066: [GC concurrent-root-region-scan-start]
16195.109: [GC concurrent-root-region-scan-end, 0.0424141 secs]
16195.109: [GC concurrent-mark-start]
16195.336: [GC concurrent-mark-end, 0.2269724 secs]
16195.336: [GC remark, 0.0065775 secs]
16195.343: [GC cleanup 2082M->880M(3754M), 0.0043857 secs]
16195.347: [GC concurrent-cleanup-start]
16195.350: [GC concurrent-cleanup-end, 0.0026543 secs]
16196.043: [GC pause (G1 Evacuation Pause) (young) 2129M->645M(3754M), 0.1212293 secs]
16196.166: [GC pause (G1 Evacuation Pause) (mixed) 647M->659M(3754M), 0.0813146 secs]
16198.113: [GC pause (G1 Evacuation Pause) (young) 2902M->702M(3754M), 0.0732421 secs]
16200.195: [GC pause (G1 Evacuation Pause) (young) 2903M->708M(3754M), 0.0503352 secs]
16202.267: [GC pause (G1 Evacuation Pause) (young) 2909M->733M(3754M), 0.0630827 secs]
16204.327: [GC pause (G1 Evacuation Pause) (young) 2904M->738M(3754M), 0.0606196 secs]
16206.373: [GC pause (G1 Evacuation Pause) (young) 2903M->752M(3754M), 0.0638166 secs]
16208.416: [GC pause (G1 Evacuation Pause) (young) 2903M->761M(3754M), 0.0732067 secs]
16210.370: [GC pause (G1 Evacuation Pause) (young) 2902M->778M(3754M), 0.0731422 secs]
16212.366: [GC pause (G1 Evacuation Pause) (young) 2903M->788M(3754M), 0.0782802 secs]
16214.376: [GC pause (G1 Evacuation Pause) (young) 2901M->785M(3754M), 0.0741283 secs]
16216.261: [GC pause (G1 Evacuation Pause) (young) 2904M->800M(3754M), 0.0758900 secs]
16218.265: [GC pause (G1 Evacuation Pause) (young) 2901M->795M(3754M), 0.0745805 secs]
16219.188: [GC pause (G1 Evacuation Pause) (young) 1809M->884M(3754M), 0.0913865 secs]
16221.032: [GC pause (G1 Evacuation Pause) (young) 3121M->952M(3754M), 0.1115261 secs]
16223.093: [GC pause (G1 Evacuation Pause) (young) 3076M->973M(3754M), 0.0873127 secs]
16225.083: [GC pause (G1 Evacuation Pause) (young) 3077M->973M(3754M), 0.0846482 secs]
16227.035: [GC pause (G1 Evacuation Pause) (young) 3081M->982M(3754M), 0.0889183 secs]
16229.028: [GC pause (G1 Evacuation Pause) (young) 3076M->992M(3754M), 0.0877812 secs]
16231.007: [GC pause (G1 Evacuation Pause) (young) 3097M->1049M(3754M), 0.0981087 secs]
16233.079: [GC pause (G1 Evacuation Pause) (young) 3210M->1064M(3754M), 0.0835132 secs]
16235.083: [GC pause (G1 Evacuation Pause) (young) 3211M->1080M(3754M), 0.0741974 secs]
16237.013: [GC pause (G1 Evacuation Pause) (young) 3211M->1089M(3754M), 0.0746151 secs]
16238.995: [GC pause (G1 Evacuation Pause) (young) 3210M->1086M(3754M), 0.0642983 secs]
16241.021: [GC pause (G1 Evacuation Pause) (young) 3217M->1091M(3754M), 0.0727318 secs]
16242.922: [GC pause (G1 Evacuation Pause) (young) 3297M->1191M(3754M), 0.1365940 secs]
16244.744: [GC pause (G1 Evacuation Pause) (young) 3137M->1199M(3754M), 0.1369140 secs]
16246.756: [GC pause (G1 Evacuation Pause) (young) 3228M->1228M(3754M), 0.1202360 secs]
16248.768: [GC pause (G1 Evacuation Pause) (young) 3301M->1225M(3754M), 0.0658151 secs]
16250.741: [GC pause (G1 Evacuation Pause) (young) 3311M->1241M(3754M), 0.0605701 secs]
16252.705: [GC pause (G1 Evacuation Pause) (young) 3294M->1254M(3754M), 0.0579461 secs]
16254.600: [GC pause (G1 Evacuation Pause) (young) 3283M->1265M(3754M), 0.0741778 secs]
16256.526: [GC pause (G1 Evacuation Pause) (young) 3270M->1276M(3754M), 0.0675026 secs]
16258.429: [GC pause (G1 Evacuation Pause) (young) 3261M->1286M(3754M), 0.0680909 secs]
16260.226: [GC pause (G1 Evacuation Pause) (young) 3251M->1297M(3754M), 0.0726938 secs]
16262.020: [GC pause (G1 Evacuation Pause) (young) 3238M->1303M(3754M), 0.0763077 secs]
16263.919: [GC pause (G1 Evacuation Pause) (young) 3232M->1297M(3754M), 0.0653513 secs]
16265.701: [GC pause (G1 Evacuation Pause) (young) 3251M->1307M(3754M), 0.0704764 secs]
16267.227: [GC pause (G1 Evacuation Pause) (young) 3325M->1409M(3754M), 0.1446196 secs]
16268.914: [GC pause (G1 Evacuation Pause) (young) 3135M->1417M(3754M), 0.1277415 secs]
16270.742: [GC pause (G1 Evacuation Pause) (young) 3293M->1433M(3754M), 0.0679753 secs]
16272.512: [GC pause (G1 Evacuation Pause) (young) 3301M->1441M(3754M), 0.0497771 secs]
16274.352: [GC pause (G1 Evacuation Pause) (young) 3303M->1452M(3754M), 0.0504180 secs]
16276.025: [GC pause (G1 Evacuation Pause) (young) 3294M->1457M(3754M), 0.0534797 secs]
16277.710: [GC pause (G1 Evacuation Pause) (young) 3287M->1478M(3754M), 0.0610881 secs]
16279.399: [GC pause (G1 Evacuation Pause) (young) 3268M->1482M(3754M), 0.0606136 secs]
16281.033: [GC pause (G1 Evacuation Pause) (young) 3260M->1499M(3754M), 0.0693334 secs]
16282.670: [GC pause (G1 Evacuation Pause) (young) 3245M->1504M(3754M), 0.0715794 secs]
16284.338: [GC pause (G1 Evacuation Pause) (young) 3254M->1504M(3754M), 0.0678486 secs]
16285.973: [GC pause (G1 Evacuation Pause) (young) 3252M->1510M(3754M), 0.0647139 secs]
16287.719: [GC pause (G1 Evacuation Pause) (young) 3254M->1512M(3754M), 0.0666590 secs]
16289.469: [GC pause (G1 Evacuation Pause) (young) 3348M->1562M(3754M), 0.0750665 secs]
16290.889: [GC pause (G1 Evacuation Pause) (young) 3248M->1620M(3754M), 0.1193725 secs]
16292.442: [GC pause (G1 Evacuation Pause) (young) 3162M->1671M(3754M), 0.1081772 secs]
16294.128: [GC pause (G1 Evacuation Pause) (young) 3299M->1686M(3754M), 0.0587759 secs]
16295.684: [GC pause (G1 Evacuation Pause) (young) 3308M->1703M(3754M), 0.0477065 secs]
16297.207: [GC pause (G1 Evacuation Pause) (young) 3296M->1700M(3754M), 0.0446157 secs]
16298.677: [GC pause (G1 Evacuation Pause) (young) 3302M->1712M(3754M), 0.0497366 secs]
16300.160: [GC pause (G1 Evacuation Pause) (young) 3293M->1730M(3754M), 0.0574379 secs]
16301.566: [GC pause (G1 Evacuation Pause) (young) 3272M->1738M(3754M), 0.0592862 secs]
16302.969: [GC pause (G1 Evacuation Pause) (young) 3267M->1742M(3754M), 0.0604890 secs]
16304.384: [GC pause (G1 Evacuation Pause) (young) 3260M->1741M(3754M), 0.0605935 secs]
16305.860: [GC pause (G1 Evacuation Pause) (young) 3277M->1754M(3754M), 0.0628412 secs]
16307.291: [GC pause (G1 Evacuation Pause) (young) 3260M->1758M(3754M), 0.0603235 secs]
16308.710: [GC pause (G1 Evacuation Pause) (young) 3271M->1767M(3754M), 0.0565509 secs]
16310.120: [GC pause (G1 Evacuation Pause) (young) 3256M->1760M(3754M), 0.0526136 secs]
16311.709: [GC pause (G1 Evacuation Pause) (young) 3282M->1777M(3754M), 0.0598644 secs]
16313.195: [GC pause (G1 Evacuation Pause) (young) 3265M->1777M(3754M), 0.0577408 secs]
16313.880: [GC pause (G1 Humongous Allocation) (young) (initial-mark) 2431M->1788M(3754M), 0.0496401 secs]
16313.930: [GC concurrent-root-region-scan-start]
16313.973: [GC concurrent-root-region-scan-end, 0.0431040 secs]
16313.973: [GC concurrent-mark-start]
16314.194: [GC concurrent-mark-end, 0.2208544 secs]
16314.194: [GC remark, 0.0067337 secs]
16314.201: [GC cleanup 2163M->975M(3754M), 0.0041144 secs]
16314.205: [GC concurrent-cleanup-start]
16314.208: [GC concurrent-cleanup-end, 0.0022938 secs]
16314.955: [GC pause (G1 Evacuation Pause) (young) 2157M->683M(3754M), 0.1327417 secs]
16315.091: [GC pause (G1 Evacuation Pause) (mixed) 685M->671M(3754M), 0.0893411 secs]
16317.207: [GC pause (G1 Evacuation Pause) (young) 2914M->716M(3754M), 0.0674932 secs]
16319.238: [GC pause (G1 Evacuation Pause) (young) 2913M->726M(3754M), 0.0515840 secs]
16321.199: [GC pause (G1 Evacuation Pause) (young) 2916M->737M(3754M), 0.0551629 secs]
16323.144: [GC pause (G1 Evacuation Pause) (young) 2916M->753M(3754M), 0.0649541 secs]
16325.218: [GC pause (G1 Evacuation Pause) (young) 2914M->768M(3754M), 0.0658612 secs]
16327.238: [GC pause (G1 Evacuation Pause) (young) 2916M->774M(3754M), 0.0673494 secs]
16329.248: [GC pause (G1 Evacuation Pause) (young) 2913M->787M(3754M), 0.0711753 secs]
16331.238: [GC pause (G1 Evacuation Pause) (young) 2914M->798M(3754M), 0.0773005 secs]
16333.215: [GC pause (G1 Evacuation Pause) (young) 2913M->803M(3754M), 0.0804092 secs]
16335.223: [GC pause (G1 Evacuation Pause) (young) 2916M->799M(3754M), 0.0699781 secs]
16337.102: [GC pause (G1 Evacuation Pause) (young) 2918M->812M(3754M), 0.0729989 secs]
16338.714: [GC pause (G1 Evacuation Pause) (young) 2818M->910M(3754M), 0.1417930 secs]
16340.690: [GC pause (G1 Evacuation Pause) (young) 2933M->941M(3754M), 0.1232564 secs]
16342.729: [GC pause (G1 Evacuation Pause) (young) 3040M->962M(3754M), 0.1102576 secs]
16344.843: [GC pause (G1 Evacuation Pause) (young) 3149M->962M(3754M), 0.0662597 secs]
16346.887: [GC pause (G1 Evacuation Pause) (young) 3155M->978M(3754M), 0.0525590 secs]
16348.888: [GC pause (G1 Evacuation Pause) (young) 3151M->994M(3754M), 0.0636856 secs]
16350.942: [GC pause (G1 Evacuation Pause) (young) 3151M->1009M(3754M), 0.0694324 secs]
16352.984: [GC pause (G1 Evacuation Pause) (young) 3152M->1019M(3754M), 0.0726972 secs]
16354.989: [GC pause (G1 Evacuation Pause) (young) 3152M->1023M(3754M), 0.0729630 secs]
16357.070: [GC pause (G1 Evacuation Pause) (young) 3154M->1026M(3754M), 0.0697264 secs]
16359.046: [GC pause (G1 Evacuation Pause) (young) 3155M->1043M(3754M), 0.0757313 secs]
16360.948: [GC pause (G1 Evacuation Pause) (young) 3150M->1043M(3754M), 0.0769242 secs]
16362.646: [GC pause (G1 Evacuation Pause) (young) 3237M->1134M(3754M), 0.1473098 secs]
16364.634: [GC pause (G1 Evacuation Pause) (young) 3138M->1150M(3754M), 0.1379423 secs]
16366.635: [GC pause (G1 Evacuation Pause) (young) 3221M->1178M(3754M), 0.1131137 secs]
16368.713: [GC pause (G1 Evacuation Pause) (young) 3299M->1179M(3754M), 0.0649630 secs]
16370.711: [GC pause (G1 Evacuation Pause) (young) 3306M->1200M(3754M), 0.0606234 secs]
16372.617: [GC pause (G1 Evacuation Pause) (young) 3287M->1196M(3754M), 0.0563482 secs]
16374.625: [GC pause (G1 Evacuation Pause) (young) 3295M->1220M(3754M), 0.0646051 secs]
16376.521: [GC pause (G1 Evacuation Pause) (young) 3267M->1228M(3754M), 0.0677287 secs]
16378.396: [GC pause (G1 Evacuation Pause) (young) 3259M->1241M(3754M), 0.0724732 secs]
16380.281: [GC pause (G1 Evacuation Pause) (young) 3244M->1249M(3754M), 0.0754292 secs]
16382.258: [GC pause (G1 Evacuation Pause) (young) 3236M->1258M(3754M), 0.0734878 secs]
16384.224: [GC pause (G1 Evacuation Pause) (young) 3233M->1247M(3754M), 0.0629940 secs]
16385.979: [GC pause (G1 Evacuation Pause) (young) 3333M->1358M(3754M), 0.1073699 secs]
16387.589: [GC pause (G1 Evacuation Pause) (young) 3176M->1355M(3754M), 0.1164626 secs]
16389.409: [GC pause (G1 Evacuation Pause) (young) 3207M->1370M(3754M), 0.1154791 secs]
16391.248: [GC pause (G1 Evacuation Pause) (young) 3290M->1388M(3754M), 0.0768163 secs]
16393.009: [GC pause (G1 Evacuation Pause) (young) 3272M->1391M(3754M), 0.0593656 secs]
16394.751: [GC pause (G1 Evacuation Pause) (young) 3271M->1405M(3754M), 0.0630831 secs]
16396.547: [GC pause (G1 Evacuation Pause) (young) 3257M->1413M(3754M), 0.0661633 secs]
16398.150: [GC pause (G1 Evacuation Pause) (young) 3249M->1424M(3754M), 0.0701261 secs]
16399.837: [GC pause (G1 Evacuation Pause) (young) 3236M->1437M(3754M), 0.0790123 secs]
16401.555: [GC pause (G1 Evacuation Pause) (young) 3261M->1442M(3754M), 0.0756818 secs]
16403.285: [GC pause (G1 Evacuation Pause) (young) 3258M->1452M(3754M), 0.0668314 secs]
16405.025: [GC pause (G1 Evacuation Pause) (young) 3248M->1457M(3754M), 0.0654482 secs]
16406.652: [GC pause (G1 Evacuation Pause) (young) 3241M->1460M(3754M), 0.0615331 secs]
16408.349: [GC pause (G1 Evacuation Pause) (young) 3240M->1466M(3754M), 0.0634198 secs]
16409.787: [GC pause (G1 Evacuation Pause) (young) 3331M->1565M(3754M), 0.1363321 secs]
16411.405: [GC pause (G1 Evacuation Pause) (young) 3143M->1579M(3754M), 0.1117949 secs]
16413.164: [GC pause (G1 Evacuation Pause) (young) 3299M->1594M(3754M), 0.0607224 secs]
16414.762: [GC pause (G1 Evacuation Pause) (young) 3308M->1604M(3754M), 0.0466125 secs]
16416.346: [GC pause (G1 Evacuation Pause) (young) 3302M->1608M(3754M), 0.0415604 secs]
16417.957: [GC pause (G1 Evacuation Pause) (young) 3294M->1608M(3754M), 0.0415032 secs]
16419.527: [GC pause (G1 Evacuation Pause) (young) 3298M->1618M(3754M), 0.0478853 secs]
16421.078: [GC pause (G1 Evacuation Pause) (young) 3288M->1636M(3754M), 0.0557044 secs]
16422.663: [GC pause (G1 Evacuation Pause) (young) 3270M->1647M(3754M), 0.0597778 secs]
16424.200: [GC pause (G1 Evacuation Pause) (young) 3257M->1654M(3754M), 0.0629692 secs]
16425.731: [GC pause (G1 Evacuation Pause) (young) 3252M->1660M(3754M), 0.0659034 secs]
16427.269: [GC pause (G1 Evacuation Pause) (young) 3255M->1666M(3754M), 0.0657690 secs]
16428.788: [GC pause (G1 Evacuation Pause) (young) 3262M->1676M(3754M), 0.0658940 secs]
16430.406: [GC pause (G1 Evacuation Pause) (young) 3252M->1676M(3754M), 0.0589138 secs]
16432.038: [GC pause (G1 Evacuation Pause) (young) 3264M->1680M(3754M), 0.0606213 secs]
16433.356: [GC pause (G1 Evacuation Pause) (young) 3347M->1775M(3754M), 0.1286418 secs]
16434.825: [GC pause (G1 Evacuation Pause) (young) 3159M->1774M(3754M), 0.0976705 secs]
16434.940: [GC pause (G1 Humongous Allocation) (young) (initial-mark) 1795M->1779M(3754M), 0.0602637 secs]
16435.000: [GC concurrent-root-region-scan-start]
16435.011: [GC concurrent-root-region-scan-end, 0.0108595 secs]
16435.011: [GC concurrent-mark-start]
16435.263: [GC concurrent-mark-end, 0.2521406 secs]
16435.263: [GC remark, 0.0071398 secs]
16435.271: [GC cleanup 2058M->742M(3754M), 0.0051247 secs]
16435.276: [GC concurrent-cleanup-start]
16435.279: [GC concurrent-cleanup-end, 0.0024188 secs]
16436.397: [GC pause (G1 Evacuation Pause) (young) 1977M->481M(3754M), 0.0360180 secs]
16438.392: [GC pause (G1 Evacuation Pause) (young) 2685M->498M(3754M), 0.0508591 secs]
16440.460: [GC pause (G1 Evacuation Pause) (young) 2684M->508M(3754M), 0.0511514 secs]
16442.535: [GC pause (G1 Evacuation Pause) (young) 2682M->525M(3754M), 0.0575979 secs]
16444.588: [GC pause (G1 Evacuation Pause) (young) 2681M->537M(3754M), 0.0635145 secs]
16446.584: [GC pause (G1 Evacuation Pause) (young) 2681M->545M(3754M), 0.0656483 secs]
16448.568: [GC pause (G1 Evacuation Pause) (young) 2681M->560M(3754M), 0.0693142 secs]
16450.541: [GC pause (G1 Evacuation Pause) (young) 2682M->557M(3754M), 0.0676310 secs]
16452.537: [GC pause (G1 Evacuation Pause) (young) 2685M->570M(3754M), 0.0695646 secs]
16454.506: [GC pause (G1 Evacuation Pause) (young) 2682M->578M(3754M), 0.0658377 secs]
16456.477: [GC pause (G1 Evacuation Pause) (young) 2768M->664M(3754M), 0.1027820 secs]
16458.391: [GC pause (G1 Evacuation Pause) (young) 2728M->678M(3754M), 0.1306600 secs]
16460.447: [GC pause (G1 Evacuation Pause) (young) 2726M->713M(3754M), 0.1194800 secs]
16462.545: [GC pause (G1 Evacuation Pause) (young) 2805M->739M(3754M), 0.1167988 secs]
16464.661: [GC pause (G1 Evacuation Pause) (young) 2879M->751M(3754M), 0.0861692 secs]
16466.707: [GC pause (G1 Evacuation Pause) (young) 2883M->754M(3754M), 0.0605859 secs]
16468.627: [GC pause (G1 Evacuation Pause) (young) 2882M->771M(3754M), 0.0761818 secs]
16470.623: [GC pause (G1 Evacuation Pause) (young) 2879M->778M(3754M), 0.0785443 secs]
16472.616: [GC pause (G1 Evacuation Pause) (young) 2880M->795M(3754M), 0.0823083 secs]
16474.530: [GC pause (G1 Evacuation Pause) (young) 2879M->810M(3754M), 0.0897306 secs]
16476.507: [GC pause (G1 Evacuation Pause) (young) 2928M->801M(3754M), 0.0801050 secs]
16478.690: [GC pause (G1 Evacuation Pause) (young) 2931M->811M(3754M), 0.0685598 secs]
16480.439: [GC pause (G1 Evacuation Pause) (young) 3013M->909M(3754M), 0.1397659 secs]
16482.359: [GC pause (G1 Evacuation Pause) (young) 2927M->924M(3754M), 0.1195850 secs]
16484.412: [GC pause (G1 Evacuation Pause) (young) 3018M->955M(3754M), 0.1199109 secs]
16486.347: [GC pause (G1 Evacuation Pause) (young) 3043M->972M(3754M), 0.0881230 secs]
16488.372: [GC pause (G1 Evacuation Pause) (young) 3164M->988M(3754M), 0.0694012 secs]
16490.429: [GC pause (G1 Evacuation Pause) (young) 3160M->1002M(3754M), 0.0585020 secs]
16492.415: [GC pause (G1 Evacuation Pause) (young) 3160M->1019M(3754M), 0.0609157 secs]
16494.454: [GC pause (G1 Evacuation Pause) (young) 3163M->1031M(3754M), 0.0693974 secs]
16496.499: [GC pause (G1 Evacuation Pause) (young) 3163M->1029M(3754M), 0.0654686 secs]
16498.584: [GC pause (G1 Evacuation Pause) (young) 3161M->1042M(3754M), 0.0624760 secs]
16500.599: [GC pause (G1 Evacuation Pause) (young) 3164M->1052M(3754M), 0.0711254 secs]
16502.630: [GC pause (G1 Evacuation Pause) (young) 3217M->1108M(3754M), 0.0933501 secs]
16504.379: [GC pause (G1 Evacuation Pause) (young) 3246M->1153M(3754M), 0.1395436 secs]
16506.281: [GC pause (G1 Evacuation Pause) (young) 3129M->1162M(3754M), 0.1287203 secs]
16508.277: [GC pause (G1 Evacuation Pause) (young) 3220M->1173M(3754M), 0.1104854 secs]
16510.303: [GC pause (G1 Evacuation Pause) (young) 3309M->1191M(3754M), 0.0674885 secs]
16512.294: [GC pause (G1 Evacuation Pause) (young) 3305M->1205M(3754M), 0.0557948 secs]
16514.272: [GC pause (G1 Evacuation Pause) (young) 3291M->1216M(3754M), 0.0571346 secs]
16516.176: [GC pause (G1 Evacuation Pause) (young) 3278M->1227M(3754M), 0.0599907 secs]
16518.102: [GC pause (G1 Evacuation Pause) (young) 3269M->1238M(3754M), 0.0615617 secs]
16520.066: [GC pause (G1 Evacuation Pause) (young) 3256M->1238M(3754M), 0.0594825 secs]
16521.932: [GC pause (G1 Evacuation Pause) (young) 3260M->1257M(3754M), 0.0690923 secs]
16523.849: [GC pause (G1 Evacuation Pause) (young) 3241M->1258M(3754M), 0.0686089 secs]
16525.930: [GC pause (G1 Evacuation Pause) (young) 3236M->1260M(3754M), 0.0626381 secs]
16527.459: [GC pause (G1 Evacuation Pause) (young) 3320M->1362M(3754M), 0.1458241 secs]
16529.204: [GC pause (G1 Evacuation Pause) (young) 3132M->1376M(3754M), 0.1493791 secs]
16531.089: [GC pause (G1 Evacuation Pause) (young) 3294M->1392M(3754M), 0.0643789 secs]
16532.879: [GC pause (G1 Evacuation Pause) (young) 3302M->1399M(3754M), 0.0472756 secs]
16534.671: [GC pause (G1 Evacuation Pause) (young) 3303M->1401M(3754M), 0.0463386 secs]
16536.461: [GC pause (G1 Evacuation Pause) (young) 3305M->1416M(3754M), 0.0528035 secs]
16538.254: [GC pause (G1 Evacuation Pause) (young) 3286M->1424M(3754M), 0.0554578 secs]
16540.009: [GC pause (G1 Evacuation Pause) (young) 3279M->1437M(3754M), 0.0592167 secs]
16541.695: [GC pause (G1 Evacuation Pause) (young) 3268M->1445M(3754M), 0.0643806 secs]
16543.437: [GC pause (G1 Evacuation Pause) (young) 3260M->1454M(3754M), 0.0645342 secs]
16545.208: [GC pause (G1 Evacuation Pause) (young) 3249M->1465M(3754M), 0.0662883 secs]
16546.912: [GC pause (G1 Evacuation Pause) (young) 3240M->1467M(3754M), 0.0630925 secs]
16548.787: [GC pause (G1 Evacuation Pause) (young) 3248M->1465M(3754M), 0.0617101 secs]
16550.288: [GC pause (G1 Evacuation Pause) (young) 3336M->1567M(3754M), 0.1240014 secs]
16551.842: [GC pause (G1 Evacuation Pause) (young) 3148M->1572M(3754M), 0.1123734 secs]
16553.520: [GC pause (G1 Evacuation Pause) (young) 3302M->1589M(3754M), 0.0584862 secs]
16555.154: [GC pause (G1 Evacuation Pause) (young) 3301M->1593M(3754M), 0.0365231 secs]
16556.787: [GC pause (G1 Evacuation Pause) (young) 3311M->1596M(3754M), 0.0425054 secs]
16558.410: [GC pause (G1 Evacuation Pause) (young) 3310M->1624M(3754M), 0.0548054 secs]
16559.995: [GC pause (G1 Evacuation Pause) (young) 3282M->1633M(3754M), 0.0509372 secs]
16561.557: [GC pause (G1 Evacuation Pause) (young) 3271M->1640M(3754M), 0.0596434 secs]
16563.122: [GC pause (G1 Evacuation Pause) (young) 3266M->1649M(3754M), 0.0614998 secs]
16564.674: [GC pause (G1 Evacuation Pause) (young) 3255M->1651M(3754M), 0.0618667 secs]
16566.184: [GC pause (G1 Evacuation Pause) (young) 3253M->1658M(3754M), 0.0620745 secs]
16567.681: [GC pause (G1 Evacuation Pause) (young) 3242M->1663M(3754M), 0.0642121 secs]
16569.176: [GC pause (G1 Evacuation Pause) (young) 3255M->1684M(3754M), 0.0727181 secs]
16570.612: [GC pause (G1 Evacuation Pause) (young) 3232M->1682M(3754M), 0.0623292 secs]
16572.264: [GC pause (G1 Evacuation Pause) (young) 3265M->1678M(3754M), 0.0642552 secs]
16573.807: [GC pause (G1 Evacuation Pause) (young) 3355M->1774M(3754M), 0.0940912 secs]
16575.053: [GC pause (G1 Evacuation Pause) (young) 3212M->1778M(3754M), 0.1050621 secs]
16576.450: [GC pause (G1 Evacuation Pause) (young) 3218M->1798M(3754M), 0.0957236 secs]
16577.932: [GC pause (G1 Evacuation Pause) (young) (initial-mark) 3274M->1801M(3754M), 0.0757159 secs]
16578.008: [GC concurrent-root-region-scan-start]
16578.056: [GC concurrent-root-region-scan-end, 0.0478563 secs]
16578.056: [GC concurrent-mark-start]
16578.254: [GC concurrent-mark-end, 0.1978062 secs]
16578.254: [GC remark, 0.0072546 secs]
16578.262: [GC cleanup 2048M->690M(3754M), 0.0060830 secs]
16578.268: [GC concurrent-cleanup-start]
16578.272: [GC concurrent-cleanup-end, 0.0036160 secs]
16579.398: [GC pause (G1 Evacuation Pause) (young) 1915M->463M(3754M), 0.0606703 secs]
16581.465: [GC pause (G1 Evacuation Pause) (young) 2599M->476M(3754M), 0.0789082 secs]
16583.494: [GC pause (G1 Evacuation Pause) (young) 2600M->487M(3754M), 0.0794753 secs]
16585.499: [GC pause (G1 Evacuation Pause) (young) 2599M->483M(3754M), 0.0733266 secs]
16587.543: [GC pause (G1 Evacuation Pause) (young) 2605M->502M(3754M), 0.0778416 secs]
16589.594: [GC pause (G1 Evacuation Pause) (young) 2602M->520M(3754M), 0.0985673 secs]
16591.704: [GC pause (G1 Evacuation Pause) (young) 2654M->531M(3754M), 0.0896841 secs]
16593.713: [GC pause (G1 Evacuation Pause) (young) 2653M->535M(3754M), 0.0697195 secs]
16595.931: [GC pause (G1 Evacuation Pause) (young) 2653M->538M(3754M), 0.0724894 secs]
16597.757: [GC pause (G1 Evacuation Pause) (young) 2740M->621M(3754M), 0.1159668 secs]
16599.667: [GC pause (G1 Evacuation Pause) (young) 2659M->640M(3754M), 0.1147666 secs]
16601.681: [GC pause (G1 Evacuation Pause) (young) 2734M->669M(3754M), 0.1161042 secs]
16603.691: [GC pause (G1 Evacuation Pause) (young) 2761M->711M(3754M), 0.1011034 secs]
16605.841: [GC pause (G1 Evacuation Pause) (young) 2897M->731M(3754M), 0.0696163 secs]
16607.918: [GC pause (G1 Evacuation Pause) (young) 2897M->736M(3754M), 0.0606789 secs]
16609.967: [GC pause (G1 Evacuation Pause) (young) 2898M->751M(3754M), 0.0641980 secs]
16611.918: [GC pause (G1 Evacuation Pause) (young) 2903M->760M(3754M), 0.0627529 secs]
16614.021: [GC pause (G1 Evacuation Pause) (young) 2900M->771M(3754M), 0.0725287 secs]
16615.989: [GC pause (G1 Evacuation Pause) (young) 2897M->777M(3754M), 0.0684685 secs]
16618.023: [GC pause (G1 Evacuation Pause) (young) 2897M->788M(3754M), 0.0690782 secs]
16620.015: [GC pause (G1 Evacuation Pause) (young) 2898M->787M(3754M), 0.0754825 secs]
16621.802: [GC pause (G1 Evacuation Pause) (young) 2983M->878M(3754M), 0.1384044 secs]
16623.776: [GC pause (G1 Evacuation Pause) (young) 2904M->894M(3754M), 0.1320872 secs]
16625.797: [GC pause (G1 Evacuation Pause) (young) 2988M->921M(3754M), 0.1187521 secs]
16627.846: [GC pause (G1 Evacuation Pause) (young) 3007M->943M(3754M), 0.1041196 secs]
16630.028: [GC pause (G1 Evacuation Pause) (young) 3125M->956M(3754M), 0.0708297 secs]
16632.095: [GC pause (G1 Evacuation Pause) (young) 3126M->967M(3754M), 0.0577298 secs]
16634.132: [GC pause (G1 Evacuation Pause) (young) 3123M->966M(3754M), 0.0562121 secs]
16636.121: [GC pause (G1 Evacuation Pause) (young) 3128M->986M(3754M), 0.0673771 secs]
16638.170: [GC pause (G1 Evacuation Pause) (young) 3124M->999M(3754M), 0.0702768 secs]
16640.165: [GC pause (G1 Evacuation Pause) (young) 3123M->1013M(3754M), 0.0733846 secs]
16642.219: [GC pause (G1 Evacuation Pause) (young) 3123M->1002M(3754M), 0.0681630 secs]
16644.369: [GC pause (G1 Evacuation Pause) (young) 3214M->1055M(3754M), 0.0846426 secs]
16646.117: [GC pause (G1 Evacuation Pause) (young) 3167M->1113M(3754M), 0.1286311 secs]
16648.094: [GC pause (G1 Evacuation Pause) (young) 3123M->1125M(3754M), 0.1401529 secs]
16650.111: [GC pause (G1 Evacuation Pause) (young) 3217M->1160M(3754M), 0.1194599 secs]
16652.135: [GC pause (G1 Evacuation Pause) (young) 3204M->1165M(3754M), 0.0965880 secs]
16654.233: [GC pause (G1 Evacuation Pause) (young) 3315M->1181M(3754M), 0.0700877 secs]
16656.227: [GC pause (G1 Evacuation Pause) (young) 3293M->1195M(3754M), 0.0555917 secs]
16658.158: [GC pause (G1 Evacuation Pause) (young) 3279M->1205M(3754M), 0.0638072 secs]
16660.065: [GC pause (G1 Evacuation Pause) (young) 3269M->1215M(3754M), 0.0676626 secs]
16662.010: [GC pause (G1 Evacuation Pause) (young) 3259M->1225M(3754M), 0.0694025 secs]
16663.973: [GC pause (G1 Evacuation Pause) (young) 3249M->1236M(3754M), 0.0727463 secs]
16665.880: [GC pause (G1 Evacuation Pause) (young) 3240M->1234M(3754M), 0.0648730 secs]
16667.769: [GC pause (G1 Evacuation Pause) (young) 3242M->1241M(3754M), 0.0689136 secs]
16669.373: [GC pause (G1 Evacuation Pause) (young) 3319M->1336M(3754M), 0.1297699 secs]
16671.137: [GC pause (G1 Evacuation Pause) (young) 3140M->1346M(3754M), 0.1240398 secs]
16672.971: [GC pause (G1 Evacuation Pause) (young) 3228M->1368M(3754M), 0.1164336 secs]
16674.883: [GC pause (G1 Evacuation Pause) (young) 3308M->1378M(3754M), 0.0660263 secs]
16676.682: [GC pause (G1 Evacuation Pause) (young) 3306M->1395M(3754M), 0.0541368 secs]
16678.501: [GC pause (G1 Evacuation Pause) (young) 3291M->1404M(3754M), 0.0554782 secs]
16680.293: [GC pause (G1 Evacuation Pause) (young) 3280M->1404M(3754M), 0.0551493 secs]
16682.157: [GC pause (G1 Evacuation Pause) (young) 3280M->1407M(3754M), 0.0565061 secs]
16684.009: [GC pause (G1 Evacuation Pause) (young) 3279M->1417M(3754M), 0.0583386 secs]
16685.748: [GC pause (G1 Evacuation Pause) (young) 3269M->1426M(3754M), 0.0602275 secs]
16687.524: [GC pause (G1 Evacuation Pause) (young) 3258M->1435M(3754M), 0.0598157 secs]
16689.264: [GC pause (G1 Evacuation Pause) (young) 3257M->1451M(3754M), 0.0679685 secs]
16691.108: [GC pause (G1 Evacuation Pause) (young) 3233M->1451M(3754M), 0.0720470 secs]
16692.671: [GC pause (G1 Evacuation Pause) (young) 3328M->1584M(3754M), 0.1252528 secs]
16694.234: [GC pause (G1 Evacuation Pause) (young) 3148M->1553M(3754M), 0.1043632 secs]
16695.977: [GC pause (G1 Evacuation Pause) (young) 3297M->1563M(3754M), 0.0531226 secs]
16697.646: [GC pause (G1 Evacuation Pause) (young) 3314M->1571M(3754M), 0.0379264 secs]
16699.304: [GC pause (G1 Evacuation Pause) (young) 3318M->1583M(3754M), 0.0501620 secs]
16700.970: [GC pause (G1 Evacuation Pause) (young) 3306M->1605M(3754M), 0.0539653 secs]
16702.614: [GC pause (G1 Evacuation Pause) (young) 3284M->1614M(3754M), 0.0536338 secs]
16704.189: [GC pause (G1 Evacuation Pause) (young) 3273M->1624M(3754M), 0.0610198 secs]
16705.815: [GC pause (G1 Evacuation Pause) (young) 3263M->1626M(3754M), 0.0571367 secs]
16707.387: [GC pause (G1 Evacuation Pause) (young) 3261M->1637M(3754M), 0.0597517 secs]
16708.860: [GC pause (G1 Evacuation Pause) (young) 3252M->1645M(3754M), 0.0652378 secs]
16710.417: [GC pause (G1 Evacuation Pause) (young) 3259M->1657M(3754M), 0.0695518 secs]
16711.959: [GC pause (G1 Evacuation Pause) (young) 3259M->1662M(3754M), 0.0602834 secs]
16713.550: [GC pause (G1 Evacuation Pause) (young) 3254M->1659M(3754M), 0.0517786 secs]
16715.226: [GC pause (G1 Evacuation Pause) (young) 3267M->1662M(3754M), 0.0595427 secs]
16716.589: [GC pause (G1 Evacuation Pause) (young) 3344M->1749M(3754M), 0.1276545 secs]
16718.022: [GC pause (G1 Evacuation Pause) (young) 3179M->1774M(3754M), 0.1068801 secs]
16718.653: [GC pause (G1 Humongous Allocation) (young) (initial-mark) 2299M->1769M(3754M), 0.0380510 secs]
16718.691: [GC concurrent-root-region-scan-start]
16718.702: [GC concurrent-root-region-scan-end, 0.0115938 secs]
16718.702: [GC concurrent-mark-start]
16718.992: [GC concurrent-mark-end, 0.2900969 secs]
16718.993: [GC remark, 0.0069944 secs]
16719.000: [GC cleanup 2083M->753M(3754M), 0.0047599 secs]
16719.005: [GC concurrent-cleanup-start]
16719.008: [GC concurrent-cleanup-end, 0.0025306 secs]
16720.003: [GC pause (G1 Evacuation Pause) (young) 1985M->454M(3754M), 0.0312990 secs]
16722.011: [GC pause (G1 Evacuation Pause) (young) 2666M->477M(3754M), 0.0559561 secs]
16724.067: [GC pause (G1 Evacuation Pause) (young) 2661M->487M(3754M), 0.0544807 secs]
16726.096: [GC pause (G1 Evacuation Pause) (young) 2661M->499M(3754M), 0.0582917 secs]
16728.145: [GC pause (G1 Evacuation Pause) (young) 2661M->515M(3754M), 0.0655463 secs]
16730.272: [GC pause (G1 Evacuation Pause) (young) 2661M->527M(3754M), 0.0674377 secs]
16732.309: [GC pause (G1 Evacuation Pause) (young) 2661M->520M(3754M), 0.0651073 secs]
16734.323: [GC pause (G1 Evacuation Pause) (young) 2666M->541M(3754M), 0.0732126 secs]
16736.395: [GC pause (G1 Evacuation Pause) (young) 2661M->545M(3754M), 0.0718674 secs]
16738.452: [GC pause (G1 Evacuation Pause) (young) 2659M->546M(3754M), 0.0646358 secs]
16740.146: [GC pause (G1 Evacuation Pause) (young) 2744M->636M(3754M), 0.1364729 secs]
16742.172: [GC pause (G1 Evacuation Pause) (young) 2658M->648M(3754M), 0.1188242 secs]
16744.223: [GC pause (G1 Evacuation Pause) (young) 2750M->682M(3754M), 0.1198968 secs]
16746.272: [GC pause (G1 Evacuation Pause) (young) 2774M->731M(3754M), 0.1014554 secs]
16748.358: [GC pause (G1 Evacuation Pause) (young) 2909M->741M(3754M), 0.0693155 secs]
16750.320: [GC pause (G1 Evacuation Pause) (young) 2909M->753M(3754M), 0.0568500 secs]
16752.389: [GC pause (G1 Evacuation Pause) (young) 2909M->755M(3754M), 0.0545400 secs]
16754.278: [GC pause (G1 Evacuation Pause) (young) 2913M->773M(3754M), 0.0661982 secs]
16756.324: [GC pause (G1 Evacuation Pause) (young) 2909M->782M(3754M), 0.0661368 secs]
16758.315: [GC pause (G1 Evacuation Pause) (young) 2910M->798M(3754M), 0.0687979 secs]
16760.348: [GC pause (G1 Evacuation Pause) (young) 2914M->788M(3754M), 0.0649545 secs]
16762.499: [GC pause (G1 Evacuation Pause) (young) 2910M->794M(3754M), 0.0689592 secs]
16764.229: [GC pause (G1 Evacuation Pause) (young) 2996M->899M(3754M), 0.1455703 secs]
16766.226: [GC pause (G1 Evacuation Pause) (young) 2909M->895M(3754M), 0.1178813 secs]
16768.247: [GC pause (G1 Evacuation Pause) (young) 3002M->921M(3754M), 0.1136517 secs]
16770.249: [GC pause (G1 Evacuation Pause) (young) 2998M->937M(3754M), 0.1040159 secs]
16772.353: [GC pause (G1 Evacuation Pause) (young) 3117M->949M(3754M), 0.0688184 secs]
16774.357: [GC pause (G1 Evacuation Pause) (young) 3117M->962M(3754M), 0.0615429 secs]
16776.448: [GC pause (G1 Evacuation Pause) (young) 3116M->972M(3754M), 0.0632615 secs]
16778.506: [GC pause (G1 Evacuation Pause) (young) 3120M->978M(3754M), 0.0622081 secs]
16780.488: [GC pause (G1 Evacuation Pause) (young) 3118M->990M(3754M), 0.0658996 secs]
16782.447: [GC pause (G1 Evacuation Pause) (young) 3116M->1000M(3754M), 0.0714305 secs]
16784.559: [GC pause (G1 Evacuation Pause) (young) 3116M->1005M(3754M), 0.0694849 secs]
16786.626: [GC pause (G1 Evacuation Pause) (young) 3205M->1065M(3754M), 0.0902452 secs]
16788.474: [GC pause (G1 Evacuation Pause) (young) 3163M->1105M(3754M), 0.1159792 secs]
16790.520: [GC pause (G1 Evacuation Pause) (young) 3127M->1120M(3754M), 0.1179781 secs]
16792.510: [GC pause (G1 Evacuation Pause) (young) 3208M->1149M(3754M), 0.1162804 secs]
16794.506: [GC pause (G1 Evacuation Pause) (young) 3209M->1174M(3754M), 0.1036093 secs]
16796.496: [GC pause (G1 Evacuation Pause) (young) 3218M->1193M(3754M), 0.0965501 secs]
16798.556: [GC pause (G1 Evacuation Pause) (young) 3283M->1204M(3754M), 0.0770228 secs]
16800.546: [GC pause (G1 Evacuation Pause) (young) 3274M->1196M(3754M), 0.0556809 secs]
16802.459: [GC pause (G1 Evacuation Pause) (young) 3286M->1217M(3754M), 0.0595913 secs]
16804.346: [GC pause (G1 Evacuation Pause) (young) 3259M->1227M(3754M), 0.0654435 secs]
16806.257: [GC pause (G1 Evacuation Pause) (young) 3249M->1238M(3754M), 0.0684220 secs]
16807.964: [GC pause (G1 Evacuation Pause) (young) 3240M->1241M(3754M), 0.0639015 secs]
16809.806: [GC pause (G1 Evacuation Pause) (young) 3235M->1234M(3754M), 0.0583467 secs]
16811.361: [GC pause (G1 Evacuation Pause) (young) 3334M->1338M(3754M), 0.1366674 secs]
16813.164: [GC pause (G1 Evacuation Pause) (young) 3140M->1349M(3754M), 0.1279412 secs]
16814.962: [GC pause (G1 Evacuation Pause) (young) 3227M->1370M(3754M), 0.1111980 secs]
16816.863: [GC pause (G1 Evacuation Pause) (young) 3302M->1381M(3754M), 0.0641161 secs]
16818.728: [GC pause (G1 Evacuation Pause) (young) 3305M->1390M(3754M), 0.0492963 secs]
16820.556: [GC pause (G1 Evacuation Pause) (young) 3294M->1401M(3754M), 0.0504986 secs]
16822.338: [GC pause (G1 Evacuation Pause) (young) 3285M->1409M(3754M), 0.0560777 secs]
16824.067: [GC pause (G1 Evacuation Pause) (young) 3277M->1419M(3754M), 0.0549722 secs]
16825.750: [GC pause (G1 Evacuation Pause) (young) 3267M->1429M(3754M), 0.0602855 secs]
16827.456: [GC pause (G1 Evacuation Pause) (young) 3257M->1439M(3754M), 0.0612242 secs]
16829.189: [GC pause (G1 Evacuation Pause) (young) 3243M->1436M(3754M), 0.0574464 secs]
16830.854: [GC pause (G1 Evacuation Pause) (young) 3252M->1450M(3754M), 0.0656581 secs]
16832.708: [GC pause (G1 Evacuation Pause) (young) 3234M->1454M(3754M), 0.0675802 secs]
16834.403: [GC pause (G1 Evacuation Pause) (young) 3326M->1558M(3754M), 0.1048517 secs]
16835.926: [GC pause (G1 Evacuation Pause) (young) 3177M->1556M(3754M), 0.1147128 secs]
16837.529: [GC pause (G1 Evacuation Pause) (young) 3208M->1572M(3754M), 0.1094589 secs]
16839.196: [GC pause (G1 Evacuation Pause) (young) 3286M->1587M(3754M), 0.0753741 secs]
16840.858: [GC pause (G1 Evacuation Pause) (young) 3273M->1595M(3754M), 0.0613871 secs]
16842.493: [GC pause (G1 Evacuation Pause) (young) 3265M->1599M(3754M), 0.0570940 secs]
16844.070: [GC pause (G1 Evacuation Pause) (young) 3257M->1601M(3754M), 0.0567715 secs]
16845.614: [GC pause (G1 Evacuation Pause) (young) 3259M->1616M(3754M), 0.0662511 secs]
16847.154: [GC pause (G1 Evacuation Pause) (young) 3242M->1628M(3754M), 0.0741769 secs]
16848.801: [GC pause (G1 Evacuation Pause) (young) 3274M->1639M(3754M), 0.0729814 secs]
16850.326: [GC pause (G1 Evacuation Pause) (young) 3261M->1646M(3754M), 0.0623015 secs]
16851.887: [GC pause (G1 Evacuation Pause) (young) 3256M->1656M(3754M), 0.0655770 secs]
16853.416: [GC pause (G1 Evacuation Pause) (young) 3256M->1660M(3754M), 0.0646238 secs]
16854.870: [GC pause (G1 Evacuation Pause) (young) 3252M->1667M(3754M), 0.0550733 secs]
16856.453: [GC pause (G1 Evacuation Pause) (young) 3259M->1660M(3754M), 0.0604737 secs]
16858.016: [GC pause (G1 Evacuation Pause) (young) 3350M->1753M(3754M), 0.0874940 secs]
16859.258: [GC pause (G1 Evacuation Pause) (young) 3211M->1764M(3754M), 0.1063591 secs]
16860.773: [GC pause (G1 Evacuation Pause) (young) 3208M->1776M(3754M), 0.0931691 secs]
16860.875: [GC pause (G1 Humongous Allocation) (young) (initial-mark) 1792M->1776M(3754M), 0.0639514 secs]
16860.939: [GC concurrent-root-region-scan-start]
16860.982: [GC concurrent-root-region-scan-end, 0.0426983 secs]
16860.982: [GC concurrent-mark-start]
16861.146: [GC concurrent-mark-end, 0.1646858 secs]
16861.147: [GC remark, 0.0072687 secs]
16861.154: [GC cleanup 1985M->653M(3754M), 0.0058253 secs]
16861.160: [GC concurrent-cleanup-start]
16861.163: [GC concurrent-cleanup-end, 0.0025207 secs]
16862.310: [GC pause (G1 Evacuation Pause) (young) 1950M->462M(3754M), 0.0627772 secs]
16864.405: [GC pause (G1 Evacuation Pause) (young) 2610M->476M(3754M), 0.0703489 secs]
16866.387: [GC pause (G1 Evacuation Pause) (young) 2606M->491M(3754M), 0.0766064 secs]
16868.372: [GC pause (G1 Evacuation Pause) (young) 2605M->503M(3754M), 0.0763423 secs]
16870.346: [GC pause (G1 Evacuation Pause) (young) 2605M->510M(3754M), 0.0843674 secs]
16872.348: [GC pause (G1 Evacuation Pause) (young) 2606M->528M(3754M), 0.0947252 secs]
16874.437: [GC pause (G1 Evacuation Pause) (young) 2666M->528M(3754M), 0.0797927 secs]
16876.395: [GC pause (G1 Evacuation Pause) (young) 2670M->546M(3754M), 0.0695638 secs]
16878.377: [GC pause (G1 Evacuation Pause) (young) 2666M->547M(3754M), 0.0623156 secs]
16880.311: [GC pause (G1 Evacuation Pause) (young) 2665M->554M(3754M), 0.0631480 secs]
16882.162: [GC pause (G1 Evacuation Pause) (young) 2753M->638M(3754M), 0.1294226 secs]
16884.180: [GC pause (G1 Evacuation Pause) (young) 2670M->655M(3754M), 0.1207873 secs]
16886.203: [GC pause (G1 Evacuation Pause) (young) 2749M->689M(3754M), 0.1166717 secs]
16888.216: [GC pause (G1 Evacuation Pause) (young) 2777M->734M(3754M), 0.0998853 secs]
16890.353: [GC pause (G1 Evacuation Pause) (young) 2916M->750M(3754M), 0.0709044 secs]
16892.410: [GC pause (G1 Evacuation Pause) (young) 2916M->762M(3754M), 0.0597458 secs]
16894.420: [GC pause (G1 Evacuation Pause) (young) 2916M->760M(3754M), 0.0518524 secs]
16896.439: [GC pause (G1 Evacuation Pause) (young) 2920M->778M(3754M), 0.0649754 secs]
16898.527: [GC pause (G1 Evacuation Pause) (young) 2916M->790M(3754M), 0.0677995 secs]
16900.599: [GC pause (G1 Evacuation Pause) (young) 2916M->805M(3754M), 0.0751732 secs]
16902.684: [GC pause (G1 Evacuation Pause) (young) 2915M->806M(3754M), 0.0737822 secs]
16904.791: [GC pause (G1 Evacuation Pause) (young) 2916M->793M(3754M), 0.0592137 secs]
16906.587: [GC pause (G1 Evacuation Pause) (young) 3001M->908M(3754M), 0.1484148 secs]
16908.569: [GC pause (G1 Evacuation Pause) (young) 2916M->913M(3754M), 0.1275760 secs]
16910.634: [GC pause (G1 Evacuation Pause) (young) 3017M->923M(3754M), 0.0981048 secs]
16912.619: [GC pause (G1 Evacuation Pause) (young) 3021M->958M(3754M), 0.0924118 secs]
16914.730: [GC pause (G1 Evacuation Pause) (young) 3142M->967M(3754M), 0.0719177 secs]
16916.776: [GC pause (G1 Evacuation Pause) (young) 3141M->980M(3754M), 0.0575083 secs]
16918.782: [GC pause (G1 Evacuation Pause) (young) 3138M->992M(3754M), 0.0647442 secs]
16920.841: [GC pause (G1 Evacuation Pause) (young) 3138M->1002M(3754M), 0.0666544 secs]
16922.850: [GC pause (G1 Evacuation Pause) (young) 3138M->1023M(3754M), 0.0714322 secs]
16924.862: [GC pause (G1 Evacuation Pause) (young) 3141M->1012M(3754M), 0.0603341 secs]
16926.866: [GC pause (G1 Evacuation Pause) (young) 3146M->1024M(3754M), 0.0704820 secs]
16928.986: [GC pause (G1 Evacuation Pause) (young) 3226M->1091M(3754M), 0.0998508 secs]
16930.868: [GC pause (G1 Evacuation Pause) (young) 3183M->1127M(3754M), 0.1300656 secs]
16932.898: [GC pause (G1 Evacuation Pause) (young) 3143M->1148M(3754M), 0.1241507 secs]
16934.880: [GC pause (G1 Evacuation Pause) (young) 3218M->1161M(3754M), 0.1092302 secs]
16936.907: [GC pause (G1 Evacuation Pause) (young) 3245M->1179M(3754M), 0.0909185 secs]
16938.870: [GC pause (G1 Evacuation Pause) (young) 3221M->1205M(3754M), 0.0889264 secs]
16940.890: [GC pause (G1 Evacuation Pause) (young) 3291M->1210M(3754M), 0.0737421 secs]
16942.888: [GC pause (G1 Evacuation Pause) (young) 3282M->1228M(3754M), 0.0621483 secs]
16944.802: [GC pause (G1 Evacuation Pause) (young) 3264M->1236M(3754M), 0.0643068 secs]
16946.713: [GC pause (G1 Evacuation Pause) (young) 3256M->1243M(3754M), 0.0653807 secs]
16948.550: [GC pause (G1 Evacuation Pause) (young) 3251M->1259M(3754M), 0.0683713 secs]
16950.393: [GC pause (G1 Evacuation Pause) (young) 3241M->1250M(3754M), 0.0654166 secs]
16952.301: [GC pause (G1 Evacuation Pause) (young) 3246M->1254M(3754M), 0.0685509 secs]
16954.003: [GC pause (G1 Evacuation Pause) (young) 3324M->1353M(3754M), 0.1408163 secs]
16955.837: [GC pause (G1 Evacuation Pause) (young) 3143M->1362M(3754M), 0.1223532 secs]
16957.644: [GC pause (G1 Evacuation Pause) (young) 3228M->1387M(3754M), 0.1079139 secs]
16959.536: [GC pause (G1 Evacuation Pause) (young) 3303M->1395M(3754M), 0.0646942 secs]
16961.275: [GC pause (G1 Evacuation Pause) (young) 3303M->1406M(3754M), 0.0481703 secs]
16963.019: [GC pause (G1 Evacuation Pause) (young) 3294M->1411M(3754M), 0.0512474 secs]
16964.680: [GC pause (G1 Evacuation Pause) (young) 3287M->1423M(3754M), 0.0589313 secs]
16966.433: [GC pause (G1 Evacuation Pause) (young) 3275M->1433M(3754M), 0.0585511 secs]
16968.204: [GC pause (G1 Evacuation Pause) (young) 3265M->1439M(3754M), 0.0549603 secs]
16969.889: [GC pause (G1 Evacuation Pause) (young) 3259M->1454M(3754M), 0.0653650 secs]
16971.593: [GC pause (G1 Evacuation Pause) (young) 3246M->1459M(3754M), 0.0694635 secs]
16973.101: [GC pause (G1 Evacuation Pause) (young) 3239M->1461M(3754M), 0.0613842 secs]
16974.886: [GC pause (G1 Evacuation Pause) (young) 3247M->1467M(3754M), 0.0607467 secs]
16976.705: [GC pause (G1 Evacuation Pause) (young) 3327M->1524M(3754M), 0.0796105 secs]
16978.121: [GC pause (G1 Evacuation Pause) (young) 3224M->1566M(3754M), 0.1213505 secs]
16979.769: [GC pause (G1 Evacuation Pause) (young) 3162M->1588M(3754M), 0.1113644 secs]
16981.441: [GC pause (G1 Evacuation Pause) (young) 3238M->1605M(3754M), 0.1026714 secs]
16983.148: [GC pause (G1 Evacuation Pause) (young) 3305M->1613M(3754M), 0.0627286 secs]
16984.726: [GC pause (G1 Evacuation Pause) (young) 3309M->1627M(3754M), 0.0479864 secs]
16986.307: [GC pause (G1 Evacuation Pause) (young) 3295M->1634M(3754M), 0.0473814 secs]
16987.944: [GC pause (G1 Evacuation Pause) (young) 3286M->1633M(3754M), 0.0453859 secs]
16989.509: [GC pause (G1 Evacuation Pause) (young) 3289M->1646M(3754M), 0.0509820 secs]
16991.077: [GC pause (G1 Evacuation Pause) (young) 3278M->1663M(3754M), 0.0585357 secs]
16992.546: [GC pause (G1 Evacuation Pause) (young) 3259M->1665M(3754M), 0.0568005 secs]
16994.051: [GC pause (G1 Evacuation Pause) (young) 3257M->1675M(3754M), 0.0626680 secs]
16995.561: [GC pause (G1 Evacuation Pause) (young) 3247M->1685M(3754M), 0.0663710 secs]
16997.052: [GC pause (G1 Evacuation Pause) (young) 3259M->1685M(3754M), 0.0621381 secs]
16998.687: [GC pause (G1 Evacuation Pause) (young) 3259M->1686M(3754M), 0.0567540 secs]
17000.118: [GC pause (G1 Evacuation Pause) (young) 3338M->1776M(3754M), 0.0898847 secs]
17001.272: [GC pause (G1 Evacuation Pause) (young) 3218M->1799M(3754M), 0.1133906 secs]
17002.722: [GC pause (G1 Evacuation Pause) (young) 3209M->1815M(3754M), 0.0996242 secs]
17003.627: [GC pause (G1 Humongous Allocation) (young) (initial-mark) 2635M->1808M(3754M), 0.0580314 secs]
17003.686: [GC concurrent-root-region-scan-start]
17003.728: [GC concurrent-root-region-scan-end, 0.0422541 secs]
17003.728: [GC concurrent-mark-start]
17003.912: [GC concurrent-mark-end, 0.1839396 secs]
17003.912: [GC remark, 0.0072260 secs]
17003.920: [GC cleanup 2049M->695M(3754M), 0.0046733 secs]
17003.924: [GC concurrent-cleanup-start]
17003.927: [GC concurrent-cleanup-end, 0.0028890 secs]
17004.948: [GC pause (G1 Evacuation Pause) (young) 1930M->475M(3754M), 0.0616986 secs]
17007.004: [GC pause (G1 Evacuation Pause) (young) 2619M->477M(3754M), 0.0647962 secs]
17009.033: [GC pause (G1 Evacuation Pause) (young) 2623M->498M(3754M), 0.0772532 secs]
17011.092: [GC pause (G1 Evacuation Pause) (young) 2618M->503M(3754M), 0.0747337 secs]
17013.146: [GC pause (G1 Evacuation Pause) (young) 2619M->518M(3754M), 0.0824380 secs]
17015.157: [GC pause (G1 Evacuation Pause) (young) 2618M->532M(3754M), 0.0831493 secs]
17017.169: [GC pause (G1 Evacuation Pause) (young) 2618M->543M(3754M), 0.0961362 secs]
17019.250: [GC pause (G1 Evacuation Pause) (young) 2667M->548M(3754M), 0.0881532 secs]
17021.357: [GC pause (G1 Evacuation Pause) (young) 2672M->554M(3754M), 0.0708067 secs]
17023.264: [GC pause (G1 Evacuation Pause) (young) 2668M->554M(3754M), 0.0634671 secs]
17025.069: [GC pause (G1 Evacuation Pause) (young) 2754M->653M(3754M), 0.1484067 secs]
17027.092: [GC pause (G1 Evacuation Pause) (young) 2667M->651M(3754M), 0.1178698 secs]
17029.109: [GC pause (G1 Evacuation Pause) (young) 2769M->673M(3754M), 0.1074066 secs]
17031.033: [GC pause (G1 Evacuation Pause) (young) 2765M->741M(3754M), 0.0937464 secs]
17033.150: [GC pause (G1 Evacuation Pause) (young) 2921M->752M(3754M), 0.0637590 secs]
17035.213: [GC pause (G1 Evacuation Pause) (young) 2922M->765M(3754M), 0.0595691 secs]
17037.322: [GC pause (G1 Evacuation Pause) (young) 2921M->760M(3754M), 0.0512082 secs]
17039.356: [GC pause (G1 Evacuation Pause) (young) 2926M->783M(3754M), 0.0662422 secs]
17041.314: [GC pause (G1 Evacuation Pause) (young) 2921M->798M(3754M), 0.0690262 secs]
17043.330: [GC pause (G1 Evacuation Pause) (young) 2922M->809M(3754M), 0.0707013 secs]
17045.396: [GC pause (G1 Evacuation Pause) (young) 2921M->814M(3754M), 0.0689020 secs]
17047.437: [GC pause (G1 Evacuation Pause) (young) 2926M->811M(3754M), 0.0673558 secs]
17049.216: [GC pause (G1 Evacuation Pause) (young) 3007M->912M(3754M), 0.1489375 secs]
17051.215: [GC pause (G1 Evacuation Pause) (young) 2922M->925M(3754M), 0.1290254 secs]
17053.214: [GC pause (G1 Evacuation Pause) (young) 3021M->953M(3754M), 0.1165765 secs]
17055.278: [GC pause (G1 Evacuation Pause) (young) 3041M->970M(3754M), 0.0977285 secs]
17057.411: [GC pause (G1 Evacuation Pause) (young) 3152M->974M(3754M), 0.0636980 secs]
17059.480: [GC pause (G1 Evacuation Pause) (young) 3156M->987M(3754M), 0.0566149 secs]
17061.562: [GC pause (G1 Evacuation Pause) (young) 3151M->1009M(3754M), 0.0631416 secs]
17063.586: [GC pause (G1 Evacuation Pause) (young) 3151M->1017M(3754M), 0.0639245 secs]
17065.680: [GC pause (G1 Evacuation Pause) (young) 3151M->1019M(3754M), 0.0621014 secs]
17067.708: [GC pause (G1 Evacuation Pause) (young) 3155M->1034M(3754M), 0.0696773 secs]
17069.942: [GC pause (G1 Evacuation Pause) (young) 3152M->1033M(3754M), 0.0651593 secs]
17071.828: [GC pause (G1 Evacuation Pause) (young) 3237M->1135M(3754M), 0.1284153 secs]
17073.800: [GC pause (G1 Evacuation Pause) (young) 3135M->1146M(3754M), 0.1317002 secs]
17075.804: [GC pause (G1 Evacuation Pause) (young) 3216M->1166M(3754M), 0.1390137 secs]
17077.900: [GC pause (G1 Evacuation Pause) (young) 3224M->1219M(3754M), 0.0983540 secs]
17079.870: [GC pause (G1 Evacuation Pause) (young) 3297M->1223M(3754M), 0.0689844 secs]
17081.853: [GC pause (G1 Evacuation Pause) (young) 3293M->1238M(3754M), 0.0542046 secs]
17083.775: [GC pause (G1 Evacuation Pause) (young) 3280M->1251M(3754M), 0.0601835 secs]
17085.673: [GC pause (G1 Evacuation Pause) (young) 3265M->1261M(3754M), 0.0632107 secs]
17087.554: [GC pause (G1 Evacuation Pause) (young) 3255M->1273M(3754M), 0.0613867 secs]
17089.411: [GC pause (G1 Evacuation Pause) (young) 3243M->1281M(3754M), 0.0705229 secs]
17091.357: [GC pause (G1 Evacuation Pause) (young) 3235M->1275M(3754M), 0.0650433 secs]
17093.249: [GC pause (G1 Evacuation Pause) (young) 3245M->1287M(3754M), 0.0703646 secs]
17095.223: [GC pause (G1 Evacuation Pause) (young) 3315M->1340M(3754M), 0.0805159 secs]
17096.716: [GC pause (G1 Evacuation Pause) (young) 3216M->1391M(3754M), 0.1248304 secs]
17098.494: [GC pause (G1 Evacuation Pause) (young) 3148M->1426M(3754M), 0.1142205 secs]
17100.232: [GC pause (G1 Evacuation Pause) (young) 3234M->1443M(3754M), 0.1051098 secs]
17102.039: [GC pause (G1 Evacuation Pause) (young) 3305M->1459M(3754M), 0.0713276 secs]
17103.822: [GC pause (G1 Evacuation Pause) (young) 3299M->1468M(3754M), 0.0526836 secs]
17105.549: [GC pause (G1 Evacuation Pause) (young) 3292M->1473M(3754M), 0.0521891 secs]
17107.246: [GC pause (G1 Evacuation Pause) (young) 3285M->1479M(3754M), 0.0540361 secs]
17108.923: [GC pause (G1 Evacuation Pause) (young) 3279M->1494M(3754M), 0.0600879 secs]
17110.604: [GC pause (G1 Evacuation Pause) (young) 3266M->1504M(3754M), 0.0615574 secs]
17112.220: [GC pause (G1 Evacuation Pause) (young) 3256M->1512M(3754M), 0.0650360 secs]
17113.827: [GC pause (G1 Evacuation Pause) (young) 3248M->1519M(3754M), 0.0645300 secs]
17115.473: [GC pause (G1 Evacuation Pause) (young) 3239M->1524M(3754M), 0.0688026 secs]
17117.262: [GC pause (G1 Evacuation Pause) (young) 3242M->1522M(3754M), 0.0645500 secs]
17118.861: [GC pause (G1 Evacuation Pause) (young) 3348M->1613M(3754M), 0.0897963 secs]
17120.171: [GC pause (G1 Evacuation Pause) (young) 3211M->1628M(3754M), 0.1089068 secs]
17121.753: [GC pause (G1 Evacuation Pause) (young) 3204M->1646M(3754M), 0.1049085 secs]
17123.374: [GC pause (G1 Evacuation Pause) (young) 3268M->1650M(3754M), 0.0744159 secs]
17124.932: [GC pause (G1 Evacuation Pause) (young) 3268M->1660M(3754M), 0.0612476 secs]
17126.455: [GC pause (G1 Evacuation Pause) (young) 3258M->1680M(3754M), 0.0704858 secs]
17127.962: [GC pause (G1 Evacuation Pause) (young) 3238M->1686M(3754M), 0.0718068 secs]
17129.549: [GC pause (G1 Evacuation Pause) (young) 3292M->1700M(3754M), 0.0725662 secs]
17130.999: [GC pause (G1 Evacuation Pause) (young) 3278M->1704M(3754M), 0.0543390 secs]
17132.517: [GC pause (G1 Evacuation Pause) (young) 3274M->1706M(3754M), 0.0533359 secs]
17133.986: [GC pause (G1 Evacuation Pause) (young) 3268M->1710M(3754M), 0.0475828 secs]
17135.451: [GC pause (G1 Evacuation Pause) (young) 3268M->1731M(3754M), 0.0588579 secs]
17136.861: [GC pause (G1 Evacuation Pause) (young) 3249M->1732M(3754M), 0.0626565 secs]
17138.353: [GC pause (G1 Evacuation Pause) (young) 3262M->1740M(3754M), 0.0637581 secs]
17139.884: [GC pause (G1 Evacuation Pause) (young) 3254M->1741M(3754M), 0.0577908 secs]
17141.451: [GC pause (G1 Evacuation Pause) (young) 3267M->1736M(3754M), 0.0552530 secs]
17141.857: [GC pause (G1 Humongous Allocation) (young) (initial-mark) 2096M->1772M(3754M), 0.0550396 secs]
17141.912: [GC concurrent-root-region-scan-start]
17141.956: [GC concurrent-root-region-scan-end, 0.0447744 secs]
17141.956: [GC concurrent-mark-start]
17142.195: [GC concurrent-mark-end, 0.2380435 secs]
17142.195: [GC remark, 0.0072516 secs]
17142.203: [GC cleanup 2116M->930M(3754M), 0.0041259 secs]
17142.207: [GC concurrent-cleanup-start]
17142.209: [GC concurrent-cleanup-end, 0.0023091 secs]
17142.992: [GC pause (G1 Evacuation Pause) (young) 2130M->650M(3754M), 0.1212916 secs]
17143.115: [GC pause (G1 Evacuation Pause) (mixed) 652M->657M(3754M), 0.0869402 secs]
17145.293: [GC pause (G1 Evacuation Pause) (young) 2893M->690M(3754M), 0.0632427 secs]
17147.347: [GC pause (G1 Evacuation Pause) (young) 2894M->715M(3754M), 0.0522629 secs]
17149.427: [GC pause (G1 Evacuation Pause) (young) 2893M->709M(3754M), 0.0453756 secs]
17151.486: [GC pause (G1 Evacuation Pause) (young) 2893M->724M(3754M), 0.0544448 secs]
17153.500: [GC pause (G1 Evacuation Pause) (young) 2894M->732M(3754M), 0.0549257 secs]
17155.524: [GC pause (G1 Evacuation Pause) (young) 2898M->754M(3754M), 0.0639117 secs]
17157.419: [GC pause (G1 Evacuation Pause) (young) 2894M->765M(3754M), 0.0685116 secs]
17159.406: [GC pause (G1 Evacuation Pause) (young) 2893M->774M(3754M), 0.0730667 secs]
17161.428: [GC pause (G1 Evacuation Pause) (young) 2894M->784M(3754M), 0.0734960 secs]
17163.404: [GC pause (G1 Evacuation Pause) (young) 2894M->790M(3754M), 0.0774823 secs]
17165.473: [GC pause (G1 Evacuation Pause) (young) 2984M->851M(3754M), 0.0836447 secs]
17167.237: [GC pause (G1 Evacuation Pause) (young) 2937M->886M(3754M), 0.1323905 secs]
17169.210: [GC pause (G1 Evacuation Pause) (young) 2910M->910M(3754M), 0.1230384 secs]
17171.179: [GC pause (G1 Evacuation Pause) (young) 3002M->943M(3754M), 0.1136172 secs]
17173.188: [GC pause (G1 Evacuation Pause) (young) 3029M->960M(3754M), 0.1007084 secs]
17175.157: [GC pause (G1 Evacuation Pause) (young) 3056M->988M(3754M), 0.0982371 secs]
17177.276: [GC pause (G1 Evacuation Pause) (young) 3158M->1000M(3754M), 0.0760811 secs]
17179.315: [GC pause (G1 Evacuation Pause) (young) 3158M->997M(3754M), 0.0550678 secs]
17181.325: [GC pause (G1 Evacuation Pause) (young) 3161M->1018M(3754M), 0.0658599 secs]
17183.340: [GC pause (G1 Evacuation Pause) (young) 3158M->1028M(3754M), 0.0678051 secs]
17185.332: [GC pause (G1 Evacuation Pause) (young) 3158M->1043M(3754M), 0.0738710 secs]
17187.398: [GC pause (G1 Evacuation Pause) (young) 3157M->1040M(3754M), 0.0657097 secs]
17189.435: [GC pause (G1 Evacuation Pause) (young) 3248M->1100M(3754M), 0.0851256 secs]
17191.255: [GC pause (G1 Evacuation Pause) (young) 3200M->1142M(3754M), 0.1242762 secs]
17193.159: [GC pause (G1 Evacuation Pause) (young) 3136M->1153M(3754M), 0.1239796 secs]
17195.171: [GC pause (G1 Evacuation Pause) (young) 3215M->1182M(3754M), 0.1168833 secs]
17197.167: [GC pause (G1 Evacuation Pause) (young) 3220M->1201M(3754M), 0.0989104 secs]
17199.168: [GC pause (G1 Evacuation Pause) (young) 3299M->1212M(3754M), 0.0709564 secs]
17201.164: [GC pause (G1 Evacuation Pause) (young) 3286M->1210M(3754M), 0.0527322 secs]
17203.135: [GC pause (G1 Evacuation Pause) (young) 3292M->1229M(3754M), 0.0598255 secs]
17205.035: [GC pause (G1 Evacuation Pause) (young) 3271M->1240M(3754M), 0.0656312 secs]
17206.864: [GC pause (G1 Evacuation Pause) (young) 3258M->1252M(3754M), 0.0653048 secs]
17208.822: [GC pause (G1 Evacuation Pause) (young) 3246M->1260M(3754M), 0.0654507 secs]
17210.587: [GC pause (G1 Evacuation Pause) (young) 3238M->1247M(3754M), 0.0559655 secs]
17212.716: [GC pause (G1 Evacuation Pause) (young) 3256M->1262M(3754M), 0.0644519 secs]
17214.440: [GC pause (G1 Evacuation Pause) (young) 3322M->1361M(3754M), 0.1367203 secs]
17216.258: [GC pause (G1 Evacuation Pause) (young) 3139M->1368M(3754M), 0.1278789 secs]
17218.064: [GC pause (G1 Evacuation Pause) (young) 3228M->1392M(3754M), 0.1129503 secs]
17219.951: [GC pause (G1 Evacuation Pause) (young) 3304M->1391M(3754M), 0.0630610 secs]
17221.826: [GC pause (G1 Evacuation Pause) (young) 3316M->1411M(3754M), 0.0483345 secs]
17223.644: [GC pause (G1 Evacuation Pause) (young) 3297M->1418M(3754M), 0.0499751 secs]
17225.436: [GC pause (G1 Evacuation Pause) (young) 3288M->1429M(3754M), 0.0563580 secs]
17227.225: [GC pause (G1 Evacuation Pause) (young) 3279M->1440M(3754M), 0.0605394 secs]
17229.006: [GC pause (G1 Evacuation Pause) (young) 3266M->1455M(3754M), 0.0613662 secs]
17230.777: [GC pause (G1 Evacuation Pause) (young) 3253M->1459M(3754M), 0.0642680 secs]
17232.444: [GC pause (G1 Evacuation Pause) (young) 3249M->1471M(3754M), 0.0687390 secs]
17234.132: [GC pause (G1 Evacuation Pause) (young) 3237M->1475M(3754M), 0.0668464 secs]
17235.873: [GC pause (G1 Evacuation Pause) (young) 3242M->1477M(3754M), 0.0656666 secs]
17237.375: [GC pause (G1 Evacuation Pause) (young) 3341M->1576M(3754M), 0.1292912 secs]
17238.934: [GC pause (G1 Evacuation Pause) (young) 3154M->1587M(3754M), 0.1008957 secs]
17240.625: [GC pause (G1 Evacuation Pause) (young) 3300M->1603M(3754M), 0.0627777 secs]
17242.315: [GC pause (G1 Evacuation Pause) (young) 3306M->1606M(3754M), 0.0393054 secs]
17243.939: [GC pause (G1 Evacuation Pause) (young) 3311M->1622M(3754M), 0.0432619 secs]
17245.474: [GC pause (G1 Evacuation Pause) (young) 3292M->1623M(3754M), 0.0450356 secs]
17247.062: [GC pause (G1 Evacuation Pause) (young) 3296M->1629M(3754M), 0.0458577 secs]
17248.639: [GC pause (G1 Evacuation Pause) (young) 3290M->1642M(3754M), 0.0484160 secs]
17250.099: [GC pause (G1 Evacuation Pause) (young) 3275M->1657M(3754M), 0.0561933 secs]
17251.605: [GC pause (G1 Evacuation Pause) (young) 3262M->1666M(3754M), 0.0589603 secs]
17253.076: [GC pause (G1 Evacuation Pause) (young) 3251M->1677M(3754M), 0.0675098 secs]
17254.621: [GC pause (G1 Evacuation Pause) (young) 3251M->1682M(3754M), 0.0663267 secs]
17256.135: [GC pause (G1 Evacuation Pause) (young) 3260M->1681M(3754M), 0.0583262 secs]
17257.689: [GC pause (G1 Evacuation Pause) (young) 3263M->1687M(3754M), 0.0540800 secs]
17259.130: [GC pause (G1 Evacuation Pause) (young) 3257M->1690M(3754M), 0.0639937 secs]
17260.443: [GC pause (G1 Evacuation Pause) (young) 3348M->1823M(3754M), 0.1102819 secs]
17261.675: [GC pause (G1 Evacuation Pause) (young) 3165M->1805M(3754M), 0.1031685 secs]
17262.168: [GC pause (G1 Humongous Allocation) (young) (initial-mark) 2209M->1804M(3754M), 0.0375053 secs]
17262.206: [GC concurrent-root-region-scan-start]
17262.220: [GC concurrent-root-region-scan-end, 0.0142801 secs]
17262.220: [GC concurrent-mark-start]
17262.511: [GC concurrent-mark-end, 0.2907288 secs]
17262.511: [GC remark, 0.0070187 secs]
17262.519: [GC cleanup 2130M->810M(3754M), 0.0042782 secs]
17262.523: [GC concurrent-cleanup-start]
17262.525: [GC concurrent-cleanup-end, 0.0022857 secs]
17263.545: [GC pause (G1 Evacuation Pause) (young) 1994M->500M(3754M), 0.0358605 secs]
17265.588: [GC pause (G1 Evacuation Pause) (young) 2702M->523M(3754M), 0.0510541 secs]
17267.620: [GC pause (G1 Evacuation Pause) (young) 2699M->531M(3754M), 0.0585016 secs]
17269.657: [GC pause (G1 Evacuation Pause) (young) 2699M->546M(3754M), 0.0633827 secs]
17271.737: [GC pause (G1 Evacuation Pause) (young) 2698M->553M(3754M), 0.0643832 secs]
17273.704: [GC pause (G1 Evacuation Pause) (young) 2699M->556M(3754M), 0.0611226 secs]
17275.740: [GC pause (G1 Evacuation Pause) (young) 2702M->574M(3754M), 0.0716976 secs]
17277.746: [GC pause (G1 Evacuation Pause) (young) 2698M->590M(3754M), 0.0744218 secs]
17279.657: [GC pause (G1 Evacuation Pause) (young) 2698M->597M(3754M), 0.0741411 secs]
17281.700: [GC pause (G1 Evacuation Pause) (young) 2699M->601M(3754M), 0.0746143 secs]
17283.814: [GC pause (G1 Evacuation Pause) (young) 2805M->672M(3754M), 0.0973786 secs]
17285.709: [GC pause (G1 Evacuation Pause) (young) 2758M->698M(3754M), 0.1169029 secs]
17287.749: [GC pause (G1 Evacuation Pause) (young) 2740M->725M(3754M), 0.1158098 secs]
17289.798: [GC pause (G1 Evacuation Pause) (young) 2819M->758M(3754M), 0.1155312 secs]
17291.872: [GC pause (G1 Evacuation Pause) (young) 2844M->787M(3754M), 0.1025319 secs]
17293.959: [GC pause (G1 Evacuation Pause) (young) 2905M->791M(3754M), 0.0896457 secs]
17296.010: [GC pause (G1 Evacuation Pause) (young) 2903M->802M(3754M), 0.0746117 secs]
17298.046: [GC pause (G1 Evacuation Pause) (young) 2900M->823M(3754M), 0.0863971 secs]
17300.164: [GC pause (G1 Evacuation Pause) (young) 2971M->832M(3754M), 0.0822094 secs]
17302.239: [GC pause (G1 Evacuation Pause) (young) 2972M->848M(3754M), 0.0690219 secs]
17304.390: [GC pause (G1 Evacuation Pause) (young) 2975M->845M(3754M), 0.0585835 secs]
17306.664: [GC pause (G1 Evacuation Pause) (young) 3029M->904M(3754M), 0.0811529 secs]
17308.497: [GC pause (G1 Evacuation Pause) (young) 3056M->949M(3754M), 0.1341232 secs]
17310.561: [GC pause (G1 Evacuation Pause) (young) 2970M->953M(3754M), 0.1149846 secs]
17312.694: [GC pause (G1 Evacuation Pause) (young) 3066M->975M(3754M), 0.1206166 secs]
17314.833: [GC pause (G1 Evacuation Pause) (young) 3063M->1004M(3754M), 0.0983391 secs]
17317.008: [GC pause (G1 Evacuation Pause) (young) 3186M->1016M(3754M), 0.0679770 secs]
17319.169: [GC pause (G1 Evacuation Pause) (young) 3186M->1028M(3754M), 0.0541620 secs]
17321.274: [GC pause (G1 Evacuation Pause) (young) 3186M->1029M(3754M), 0.0562403 secs]
17323.334: [GC pause (G1 Evacuation Pause) (young) 3188M->1049M(3754M), 0.0649033 secs]
17325.446: [GC pause (G1 Evacuation Pause) (young) 3184M->1060M(3754M), 0.0707576 secs]
17327.572: [GC pause (G1 Evacuation Pause) (young) 3185M->1068M(3754M), 0.0670021 secs]
17329.895: [GC pause (G1 Evacuation Pause) (young) 3218M->1089M(3754M), 0.0764566 secs]
17331.684: [GC pause (G1 Evacuation Pause) (young) 3270M->1165M(3754M), 0.1452404 secs]
17333.709: [GC pause (G1 Evacuation Pause) (young) 3139M->1174M(3754M), 0.1253313 secs]
17335.761: [GC pause (G1 Evacuation Pause) (young) 3213M->1207M(3754M), 0.1159818 secs]
17337.759: [GC pause (G1 Evacuation Pause) (young) 3213M->1213M(3754M), 0.0874019 secs]
17339.818: [GC pause (G1 Evacuation Pause) (young) 3317M->1229M(3754M), 0.0677995 secs]
17341.813: [GC pause (G1 Evacuation Pause) (young) 3297M->1244M(3754M), 0.0552564 secs]
17343.753: [GC pause (G1 Evacuation Pause) (young) 3284M->1256M(3754M), 0.0571346 secs]
17345.683: [GC pause (G1 Evacuation Pause) (young) 3272M->1267M(3754M), 0.0610296 secs]
17347.646: [GC pause (G1 Evacuation Pause) (young) 3259M->1267M(3754M), 0.0601571 secs]
17349.619: [GC pause (G1 Evacuation Pause) (young) 3262M->1284M(3754M), 0.0680602 secs]
17351.364: [GC pause (G1 Evacuation Pause) (young) 3244M->1286M(3754M), 0.0588566 secs]
17353.418: [GC pause (G1 Evacuation Pause) (young) 3242M->1274M(3754M), 0.0591937 secs]
17355.143: [GC pause (G1 Evacuation Pause) (young) 3343M->1382M(3754M), 0.1418514 secs]
17357.006: [GC pause (G1 Evacuation Pause) (young) 3146M->1390M(3754M), 0.1228473 secs]
17358.835: [GC pause (G1 Evacuation Pause) (young) 3232M->1413M(3754M), 0.1063502 secs]
17360.717: [GC pause (G1 Evacuation Pause) (young) 3311M->1419M(3754M), 0.0596468 secs]
17362.697: [GC pause (G1 Evacuation Pause) (young) 3315M->1437M(3754M), 0.0494507 secs]
17364.493: [GC pause (G1 Evacuation Pause) (young) 3297M->1444M(3754M), 0.0522727 secs]
17366.311: [GC pause (G1 Evacuation Pause) (young) 3288M->1458M(3754M), 0.0549423 secs]
17368.067: [GC pause (G1 Evacuation Pause) (young) 3274M->1467M(3754M), 0.0599169 secs]
17369.821: [GC pause (G1 Evacuation Pause) (young) 3267M->1462M(3754M), 0.0549987 secs]
17371.656: [GC pause (G1 Evacuation Pause) (young) 3270M->1475M(3754M), 0.0565257 secs]
17373.386: [GC pause (G1 Evacuation Pause) (young) 3263M->1489M(3754M), 0.0603657 secs]
17375.217: [GC pause (G1 Evacuation Pause) (young) 3247M->1488M(3754M), 0.0658236 secs]
17377.055: [GC pause (G1 Evacuation Pause) (young) 3244M->1492M(3754M), 0.0590311 secs]
17378.468: [GC pause (G1 Evacuation Pause) (young) 3335M->1593M(3754M), 0.1290497 secs]
17380.069: [GC pause (G1 Evacuation Pause) (young) 3151M->1602M(3754M), 0.1116366 secs]
17381.769: [GC pause (G1 Evacuation Pause) (young) 3306M->1622M(3754M), 0.0615045 secs]
17383.425: [GC pause (G1 Evacuation Pause) (young) 3312M->1629M(3754M), 0.0453581 secs]
17384.966: [GC pause (G1 Evacuation Pause) (young) 3309M->1635M(3754M), 0.0454750 secs]
17386.609: [GC pause (G1 Evacuation Pause) (young) 3303M->1646M(3754M), 0.0471561 secs]
17388.166: [GC pause (G1 Evacuation Pause) (young) 3290M->1658M(3754M), 0.0526750 secs]
17389.809: [GC pause (G1 Evacuation Pause) (young) 3278M->1664M(3754M), 0.0542511 secs]
17391.356: [GC pause (G1 Evacuation Pause) (young) 3272M->1670M(3754M), 0.0539043 secs]
17392.970: [GC pause (G1 Evacuation Pause) (young) 3266M->1682M(3754M), 0.0597880 secs]
17394.544: [GC pause (G1 Evacuation Pause) (young) 3254M->1688M(3754M), 0.0608909 secs]
17396.104: [GC pause (G1 Evacuation Pause) (young) 3248M->1698M(3754M), 0.0661551 secs]
17397.600: [GC pause (G1 Evacuation Pause) (young) 3251M->1699M(3754M), 0.0563644 secs]
17399.274: [GC pause (G1 Evacuation Pause) (young) 3265M->1699M(3754M), 0.0597257 secs]
17400.791: [GC pause (G1 Evacuation Pause) (young) 3350M->1800M(3754M), 0.0928863 secs]
17402.132: [GC pause (G1 Evacuation Pause) (young) 3203M->1801M(3754M), 0.1008393 secs]
17403.570: [GC pause (G1 Evacuation Pause) (young) 3219M->1813M(3754M), 0.0886546 secs]
17403.751: [GC pause (G1 Humongous Allocation) (young) (initial-mark) 1899M->1816M(3754M), 0.0488636 secs]
17403.800: [GC concurrent-root-region-scan-start]
17403.833: [GC concurrent-root-region-scan-end, 0.0329075 secs]
17403.833: [GC concurrent-mark-start]
17404.022: [GC concurrent-mark-end, 0.1889055 secs]
17404.023: [GC remark, 0.0073920 secs]
17404.030: [GC cleanup 2057M->681M(3754M), 0.0060156 secs]
17404.036: [GC concurrent-cleanup-start]
17404.040: [GC concurrent-cleanup-end, 0.0034355 secs]
17405.210: [GC pause (G1 Evacuation Pause) (young) 1922M->451M(3754M), 0.0490304 secs]
17407.237: [GC pause (G1 Evacuation Pause) (young) 2621M->471M(3754M), 0.0670742 secs]
17409.380: [GC pause (G1 Evacuation Pause) (young) 2617M->485M(3754M), 0.0704666 secs]
17411.485: [GC pause (G1 Evacuation Pause) (young) 2617M->482M(3754M), 0.0686810 secs]
17413.589: [GC pause (G1 Evacuation Pause) (young) 2622M->503M(3754M), 0.0784973 secs]
17415.694: [GC pause (G1 Evacuation Pause) (young) 2617M->517M(3754M), 0.0821564 secs]
17417.741: [GC pause (G1 Evacuation Pause) (young) 2617M->533M(3754M), 0.0830051 secs]
17419.844: [GC pause (G1 Evacuation Pause) (young) 2621M->536M(3754M), 0.0852447 secs]
17422.075: [GC pause (G1 Evacuation Pause) (young) 2664M->545M(3754M), 0.0756114 secs]
17424.361: [GC pause (G1 Evacuation Pause) (young) 2666M->540M(3754M), 0.0631681 secs]
17426.156: [GC pause (G1 Evacuation Pause) (young) 2746M->641M(3754M), 0.1432765 secs]
17428.216: [GC pause (G1 Evacuation Pause) (young) 2662M->654M(3754M), 0.1259585 secs]
17430.295: [GC pause (G1 Evacuation Pause) (young) 2748M->676M(3754M), 0.1134606 secs]
17432.381: [GC pause (G1 Evacuation Pause) (young) 2780M->692M(3754M), 0.1037185 secs]
17434.513: [GC pause (G1 Evacuation Pause) (young) 2776M->715M(3754M), 0.1029650 secs]
17436.692: [GC pause (G1 Evacuation Pause) (young) 2889M->717M(3754M), 0.0663233 secs]
17438.766: [GC pause (G1 Evacuation Pause) (young) 2892M->738M(3754M), 0.0608291 secs]
17440.867: [GC pause (G1 Evacuation Pause) (young) 2890M->749M(3754M), 0.0669598 secs]
17442.943: [GC pause (G1 Evacuation Pause) (young) 2889M->753M(3754M), 0.0601161 secs]
17445.042: [GC pause (G1 Evacuation Pause) (young) 2892M->763M(3754M), 0.0692954 secs]
17447.338: [GC pause (G1 Evacuation Pause) (young) 2892M->766M(3754M), 0.0682680 secs]
17449.244: [GC pause (G1 Evacuation Pause) (young) 2975M->862M(3754M), 0.1344910 secs]
17451.220: [GC pause (G1 Evacuation Pause) (young) 2890M->879M(3754M), 0.1188588 secs]
17453.361: [GC pause (G1 Evacuation Pause) (young) 2972M->903M(3754M), 0.1160833 secs]
17455.414: [GC pause (G1 Evacuation Pause) (young) 2997M->931M(3754M), 0.1022354 secs]
17457.518: [GC pause (G1 Evacuation Pause) (young) 3016M->946M(3754M), 0.0954633 secs]
17459.572: [GC pause (G1 Evacuation Pause) (young) 3131M->962M(3754M), 0.0724370 secs]
17461.667: [GC pause (G1 Evacuation Pause) (young) 3128M->978M(3754M), 0.0574959 secs]
17463.791: [GC pause (G1 Evacuation Pause) (young) 3131M->986M(3754M), 0.0629274 secs]
17465.925: [GC pause (G1 Evacuation Pause) (young) 3128M->999M(3754M), 0.0708323 secs]
17467.997: [GC pause (G1 Evacuation Pause) (young) 3129M->1013M(3754M), 0.0691576 secs]
17470.193: [GC pause (G1 Evacuation Pause) (young) 3132M->1010M(3754M), 0.0619226 secs]
17472.049: [GC pause (G1 Evacuation Pause) (young) 3213M->1145M(3754M), 0.1215865 secs]
17474.026: [GC pause (G1 Evacuation Pause) (young) 3146M->1111M(3754M), 0.1189023 secs]
17476.050: [GC pause (G1 Evacuation Pause) (young) 3209M->1145M(3754M), 0.1147116 secs]
17478.153: [GC pause (G1 Evacuation Pause) (young) 3215M->1178M(3754M), 0.0982892 secs]
17480.259: [GC pause (G1 Evacuation Pause) (young) 3300M->1190M(3754M), 0.0736560 secs]
17482.328: [GC pause (G1 Evacuation Pause) (young) 3288M->1195M(3754M), 0.0546889 secs]
17484.386: [GC pause (G1 Evacuation Pause) (young) 3285M->1210M(3754M), 0.0604156 secs]
17486.391: [GC pause (G1 Evacuation Pause) (young) 3268M->1221M(3754M), 0.0671821 secs]
17488.390: [GC pause (G1 Evacuation Pause) (young) 3255M->1236M(3754M), 0.0691354 secs]
17490.341: [GC pause (G1 Evacuation Pause) (young) 3242M->1244M(3754M), 0.0717611 secs]
17492.282: [GC pause (G1 Evacuation Pause) (young) 3238M->1243M(3754M), 0.0684681 secs]
17494.384: [GC pause (G1 Evacuation Pause) (young) 3318M->1295M(3754M), 0.0829087 secs]
17496.082: [GC pause (G1 Evacuation Pause) (young) 3223M->1347M(3754M), 0.1267491 secs]
17497.968: [GC pause (G1 Evacuation Pause) (young) 3148M->1379M(3754M), 0.1149390 secs]
17499.839: [GC pause (G1 Evacuation Pause) (young) 3224M->1402M(3754M), 0.1090894 secs]
17501.797: [GC pause (G1 Evacuation Pause) (young) 3308M->1399M(3754M), 0.0593997 secs]
17503.707: [GC pause (G1 Evacuation Pause) (young) 3319M->1417M(3754M), 0.0498586 secs]
17505.557: [GC pause (G1 Evacuation Pause) (young) 3299M->1430M(3754M), 0.0531670 secs]
17507.396: [GC pause (G1 Evacuation Pause) (young) 3288M->1440M(3754M), 0.0530620 secs]
17509.156: [GC pause (G1 Evacuation Pause) (young) 3278M->1449M(3754M), 0.0593908 secs]
17510.896: [GC pause (G1 Evacuation Pause) (young) 3267M->1457M(3754M), 0.0606652 secs]
17512.662: [GC pause (G1 Evacuation Pause) (young) 3259M->1471M(3754M), 0.0629876 secs]
17514.367: [GC pause (G1 Evacuation Pause) (young) 3245M->1478M(3754M), 0.0625268 secs]
17516.272: [GC pause (G1 Evacuation Pause) (young) 3244M->1472M(3754M), 0.0621914 secs]
17517.973: [GC pause (G1 Evacuation Pause) (young) 3313M->1532M(3754M), 0.0815506 secs]
17519.360: [GC pause (G1 Evacuation Pause) (young) 3274M->1576M(3754M), 0.1282565 secs]
17520.965: [GC pause (G1 Evacuation Pause) (young) 3152M->1585M(3754M), 0.1146992 secs]
17522.603: [GC pause (G1 Evacuation Pause) (young) 3302M->1601M(3754M), 0.0621513 secs]
17524.235: [GC pause (G1 Evacuation Pause) (young) 3310M->1611M(3754M), 0.0438243 secs]
17525.836: [GC pause (G1 Evacuation Pause) (young) 3306M->1617M(3754M), 0.0431407 secs]
17527.485: [GC pause (G1 Evacuation Pause) (young) 3300M->1625M(3754M), 0.0489447 secs]
17529.151: [GC pause (G1 Evacuation Pause) (young) 3292M->1640M(3754M), 0.0515853 secs]
17530.772: [GC pause (G1 Evacuation Pause) (young) 3279M->1646M(3754M), 0.0543096 secs]
17532.362: [GC pause (G1 Evacuation Pause) (young) 3273M->1655M(3754M), 0.0532694 secs]
17533.900: [GC pause (G1 Evacuation Pause) (young) 3262M->1664M(3754M), 0.0584141 secs]
17535.450: [GC pause (G1 Evacuation Pause) (young) 3255M->1673M(3754M), 0.0623169 secs]
17536.986: [GC pause (G1 Evacuation Pause) (young) 3244M->1679M(3754M), 0.0664244 secs]
17538.566: [GC pause (G1 Evacuation Pause) (young) 3252M->1684M(3754M), 0.0635495 secs]
17540.333: [GC pause (G1 Evacuation Pause) (young) 3260M->1673M(3754M), 0.0506979 secs]
17541.740: [GC pause (G1 Evacuation Pause) (young) 3354M->1767M(3754M), 0.1218437 secs]
17543.175: [GC pause (G1 Evacuation Pause) (young) 3175M->1781M(3754M), 0.1044570 secs]
17543.388: [GC pause (G1 Humongous Allocation) (young) (initial-mark) 1878M->1779M(3754M), 0.0304704 secs]
17543.419: [GC concurrent-root-region-scan-start]
17543.428: [GC concurrent-root-region-scan-end, 0.0096064 secs]
17543.428: [GC concurrent-mark-start]
17543.692: [GC concurrent-mark-end, 0.2635983 secs]
17543.692: [GC remark, 0.0076224 secs]
17543.700: [GC cleanup 2064M->706M(3754M), 0.0049894 secs]
17543.705: [GC concurrent-cleanup-start]
17543.707: [GC concurrent-cleanup-end, 0.0022003 secs]
17544.862: [GC pause (G1 Evacuation Pause) (young) 1950M->429M(3754M), 0.0317065 secs]
17546.948: [GC pause (G1 Evacuation Pause) (young) 2648M->451M(3754M), 0.0442855 secs]
17549.074: [GC pause (G1 Evacuation Pause) (young) 2644M->466M(3754M), 0.0523256 secs]
17551.111: [GC pause (G1 Evacuation Pause) (young) 2646M->473M(3754M), 0.0546437 secs]
17553.216: [GC pause (G1 Evacuation Pause) (young) 2644M->490M(3754M), 0.0597057 secs]
17555.314: [GC pause (G1 Evacuation Pause) (young) 2643M->491M(3754M), 0.0585942 secs]
17557.493: [GC pause (G1 Evacuation Pause) (young) 2648M->510M(3754M), 0.0688952 secs]
17559.638: [GC pause (G1 Evacuation Pause) (young) 2643M->521M(3754M), 0.0717701 secs]
17561.878: [GC pause (G1 Evacuation Pause) (young) 2644M->528M(3754M), 0.0716848 secs]
17564.148: [GC pause (G1 Evacuation Pause) (young) 2732M->581M(3754M), 0.0829432 secs]
17566.000: [GC pause (G1 Evacuation Pause) (young) 2687M->627M(3754M), 0.1188191 secs]
17568.009: [GC pause (G1 Evacuation Pause) (young) 2644M->641M(3754M), 0.1218757 secs]
17570.175: [GC pause (G1 Evacuation Pause) (young) 2731M->661M(3754M), 0.1075512 secs]
17572.250: [GC pause (G1 Evacuation Pause) (young) 2765M->693M(3754M), 0.0993797 secs]
17574.368: [GC pause (G1 Evacuation Pause) (young) 2777M->716M(3754M), 0.0987572 secs]
17576.484: [GC pause (G1 Evacuation Pause) (young) 2888M->728M(3754M), 0.0702870 secs]
17578.615: [GC pause (G1 Evacuation Pause) (young) 2891M->736M(3754M), 0.0584777 secs]
17580.762: [GC pause (G1 Evacuation Pause) (young) 2888M->748M(3754M), 0.0618697 secs]
17582.819: [GC pause (G1 Evacuation Pause) (young) 2888M->763M(3754M), 0.0699363 secs]
17584.801: [GC pause (G1 Evacuation Pause) (young) 2892M->763M(3754M), 0.0650108 secs]
17587.001: [GC pause (G1 Evacuation Pause) (young) 2892M->762M(3754M), 0.0611226 secs]
17588.838: [GC pause (G1 Evacuation Pause) (young) 2974M->862M(3754M), 0.1394898 secs]
17590.908: [GC pause (G1 Evacuation Pause) (young) 2888M->877M(3754M), 0.1218262 secs]
17593.012: [GC pause (G1 Evacuation Pause) (young) 2970M->910M(3754M), 0.1209170 secs]
17595.112: [GC pause (G1 Evacuation Pause) (young) 3003M->953M(3754M), 0.1037185 secs]
17597.318: [GC pause (G1 Evacuation Pause) (young) 3139M->966M(3754M), 0.0687506 secs]
17599.457: [GC pause (G1 Evacuation Pause) (young) 3140M->966M(3754M), 0.0520227 secs]
17601.541: [GC pause (G1 Evacuation Pause) (young) 3143M->990M(3754M), 0.0620583 secs]
17603.664: [GC pause (G1 Evacuation Pause) (young) 3140M->1001M(3754M), 0.0649234 secs]
17605.777: [GC pause (G1 Evacuation Pause) (young) 3142M->1006M(3754M), 0.0659149 secs]
17607.823: [GC pause (G1 Evacuation Pause) (young) 3140M->1018M(3754M), 0.0661995 secs]
17610.000: [GC pause (G1 Evacuation Pause) (young) 3143M->1014M(3754M), 0.0657592 secs]
17611.823: [GC pause (G1 Evacuation Pause) (young) 3225M->1113M(3754M), 0.1293514 secs]
17613.920: [GC pause (G1 Evacuation Pause) (young) 3139M->1118M(3754M), 0.1128833 secs]
17616.013: [GC pause (G1 Evacuation Pause) (young) 3223M->1138M(3754M), 0.1160321 secs]
17618.029: [GC pause (G1 Evacuation Pause) (young) 3201M->1172M(3754M), 0.0983395 secs]
17620.112: [GC pause (G1 Evacuation Pause) (young) 3301M->1182M(3754M), 0.0730544 secs]
17622.037: [GC pause (G1 Evacuation Pause) (young) 3295M->1188M(3754M), 0.0530198 secs]
17624.030: [GC pause (G1 Evacuation Pause) (young) 3285M->1202M(3754M), 0.0575552 secs]
17626.005: [GC pause (G1 Evacuation Pause) (young) 3271M->1217M(3754M), 0.0626223 secs]
17628.071: [GC pause (G1 Evacuation Pause) (young) 3262M->1221M(3754M), 0.0634206 secs]
17629.999: [GC pause (G1 Evacuation Pause) (young) 3253M->1233M(3754M), 0.0695386 secs]
17632.139: [GC pause (G1 Evacuation Pause) (young) 3242M->1240M(3754M), 0.0626091 secs]
17634.151: [GC pause (G1 Evacuation Pause) (young) 3237M->1234M(3754M), 0.0579149 secs]
17635.895: [GC pause (G1 Evacuation Pause) (young) 3324M->1339M(3754M), 0.1440910 secs]
17637.792: [GC pause (G1 Evacuation Pause) (young) 3136M->1344M(3754M), 0.1288005 secs]
17639.663: [GC pause (G1 Evacuation Pause) (young) 3231M->1357M(3754M), 0.1015318 secs]
17641.607: [GC pause (G1 Evacuation Pause) (young) 3316M->1374M(3754M), 0.0583638 secs]
17643.463: [GC pause (G1 Evacuation Pause) (young) 3310M->1384M(3754M), 0.0483183 secs]
17645.344: [GC pause (G1 Evacuation Pause) (young) 3300M->1396M(3754M), 0.0494912 secs]
17647.286: [GC pause (G1 Evacuation Pause) (young) 3288M->1406M(3754M), 0.0544013 secs]
17649.157: [GC pause (G1 Evacuation Pause) (young) 3281M->1414M(3754M), 0.0586718 secs]
17650.977: [GC pause (G1 Evacuation Pause) (young) 3270M->1424M(3754M), 0.0578629 secs]
17652.753: [GC pause (G1 Evacuation Pause) (young) 3260M->1434M(3754M), 0.0657276 secs]
17654.512: [GC pause (G1 Evacuation Pause) (young) 3250M->1444M(3754M), 0.0620660 secs]
17656.390: [GC pause (G1 Evacuation Pause) (young) 3243M->1440M(3754M), 0.0645236 secs]
17658.065: [GC pause (G1 Evacuation Pause) (young) 3329M->1561M(3754M), 0.1108963 secs]
17659.613: [GC pause (G1 Evacuation Pause) (young) 3162M->1546M(3754M), 0.1212882 secs]
17661.314: [GC pause (G1 Evacuation Pause) (young) 3221M->1565M(3754M), 0.1024581 secs]
17663.096: [GC pause (G1 Evacuation Pause) (young) 3301M->1578M(3754M), 0.0712141 secs]
17664.799: [GC pause (G1 Evacuation Pause) (young) 3290M->1588M(3754M), 0.0544747 secs]
17666.463: [GC pause (G1 Evacuation Pause) (young) 3280M->1585M(3754M), 0.0503070 secs]
17668.129: [GC pause (G1 Evacuation Pause) (young) 3284M->1598M(3754M), 0.0554031 secs]
17669.745: [GC pause (G1 Evacuation Pause) (young) 3272M->1609M(3754M), 0.0621573 secs]
17671.395: [GC pause (G1 Evacuation Pause) (young) 3257M->1617M(3754M), 0.0588835 secs]
17673.013: [GC pause (G1 Evacuation Pause) (young) 3249M->1629M(3754M), 0.0701018 secs]
17674.683: [GC pause (G1 Evacuation Pause) (young) 3268M->1637M(3754M), 0.0699973 secs]
17676.311: [GC pause (G1 Evacuation Pause) (young) 3260M->1645M(3754M), 0.0606639 secs]
17677.929: [GC pause (G1 Evacuation Pause) (young) 3252M->1650M(3754M), 0.0603516 secs]
17679.728: [GC pause (G1 Evacuation Pause) (young) 3255M->1648M(3754M), 0.0610569 secs]
17681.230: [GC pause (G1 Evacuation Pause) (young) 3342M->1760M(3754M), 0.0977567 secs]
17682.560: [GC pause (G1 Evacuation Pause) (young) 3184M->1755M(3754M), 0.1061257 secs]
17684.070: [GC pause (G1 Evacuation Pause) (young) 3232M->1774M(3754M), 0.1006554 secs]
17684.972: [GC pause (G1 Humongous Allocation) (young) (initial-mark) 2583M->1768M(3754M), 0.0521639 secs]
17685.024: [GC concurrent-root-region-scan-start]
17685.059: [GC concurrent-root-region-scan-end, 0.0340762 secs]
17685.059: [GC concurrent-mark-start]
17685.287: [GC concurrent-mark-end, 0.2284060 secs]
17685.287: [GC remark, 0.0073958 secs]
17685.295: [GC cleanup 2024M->688M(3754M), 0.0057169 secs]
17685.301: [GC concurrent-cleanup-start]
17685.303: [GC concurrent-cleanup-end, 0.0023403 secs]
17686.532: [GC pause (G1 Evacuation Pause) (young) 1966M->443M(3754M), 0.0477671 secs]
17688.605: [GC pause (G1 Evacuation Pause) (young) 2618M->461M(3754M), 0.0633054 secs]
17690.712: [GC pause (G1 Evacuation Pause) (young) 2615M->478M(3754M), 0.0684980 secs]
17692.810: [GC pause (G1 Evacuation Pause) (young) 2614M->477M(3754M), 0.0674893 secs]
17694.898: [GC pause (G1 Evacuation Pause) (young) 2618M->496M(3754M), 0.0730475 secs]
17696.969: [GC pause (G1 Evacuation Pause) (young) 2614M->510M(3754M), 0.0778770 secs]
17699.092: [GC pause (G1 Evacuation Pause) (young) 2614M->509M(3754M), 0.0759770 secs]
17701.137: [GC pause (G1 Evacuation Pause) (young) 2619M->526M(3754M), 0.0784444 secs]
17703.151: [GC pause (G1 Evacuation Pause) (young) 2614M->517M(3754M), 0.0742175 secs]
17705.149: [GC pause (G1 Evacuation Pause) (young) 2739M->637M(3754M), 0.1136970 secs]
17707.115: [GC pause (G1 Evacuation Pause) (young) 2693M->638M(3754M), 0.1141910 secs]
17709.176: [GC pause (G1 Evacuation Pause) (young) 2712M->647M(3754M), 0.1034023 secs]
17711.286: [GC pause (G1 Evacuation Pause) (young) 2758M->670M(3754M), 0.1093296 secs]
17713.369: [GC pause (G1 Evacuation Pause) (young) 2754M->687M(3754M), 0.1001823 secs]
17715.489: [GC pause (G1 Evacuation Pause) (young) 2837M->691M(3754M), 0.0825631 secs]
17717.626: [GC pause (G1 Evacuation Pause) (young) 2840M->705M(3754M), 0.0670405 secs]
17719.652: [GC pause (G1 Evacuation Pause) (young) 2838M->720M(3754M), 0.0709820 secs]
17721.662: [GC pause (G1 Evacuation Pause) (young) 2836M->731M(3754M), 0.0767455 secs]
17723.790: [GC pause (G1 Evacuation Pause) (young) 2837M->734M(3754M), 0.0750550 secs]
17725.919: [GC pause (G1 Evacuation Pause) (young) 2839M->747M(3754M), 0.0799386 secs]
17728.087: [GC pause (G1 Evacuation Pause) (young) 2925M->806M(3754M), 0.0918900 secs]
17729.982: [GC pause (G1 Evacuation Pause) (young) 2914M->846M(3754M), 0.1341565 secs]
17732.051: [GC pause (G1 Evacuation Pause) (young) 2871M->855M(3754M), 0.1132174 secs]
17734.092: [GC pause (G1 Evacuation Pause) (young) 2964M->876M(3754M), 0.1157074 secs]
17736.211: [GC pause (G1 Evacuation Pause) (young) 2962M->907M(3754M), 0.1002569 secs]
17738.240: [GC pause (G1 Evacuation Pause) (young) 3014M->927M(3754M), 0.1011005 secs]
17740.431: [GC pause (G1 Evacuation Pause) (young) 3103M->941M(3754M), 0.0782712 secs]
17742.534: [GC pause (G1 Evacuation Pause) (young) 3106M->951M(3754M), 0.0584308 secs]
17744.599: [GC pause (G1 Evacuation Pause) (young) 3104M->963M(3754M), 0.0639715 secs]
17746.609: [GC pause (G1 Evacuation Pause) (young) 3103M->980M(3754M), 0.0694081 secs]
17748.789: [GC pause (G1 Evacuation Pause) (young) 3107M->980M(3754M), 0.0667213 secs]
17751.014: [GC pause (G1 Evacuation Pause) (young) 3192M->1034M(3754M), 0.0861381 secs]
17752.996: [GC pause (G1 Evacuation Pause) (young) 3145M->1081M(3754M), 0.1198495 secs]
17754.938: [GC pause (G1 Evacuation Pause) (young) 3103M->1093M(3754M), 0.1281277 secs]
17757.118: [GC pause (G1 Evacuation Pause) (young) 3184M->1117M(3754M), 0.1070529 secs]
17759.229: [GC pause (G1 Evacuation Pause) (young) 3216M->1148M(3754M), 0.1028920 secs]
17761.258: [GC pause (G1 Evacuation Pause) (young) 3201M->1162M(3754M), 0.1014930 secs]
17763.424: [GC pause (G1 Evacuation Pause) (young) 3297M->1173M(3754M), 0.0676924 secs]
17765.526: [GC pause (G1 Evacuation Pause) (young) 3282M->1182M(3754M), 0.0599079 secs]
17767.552: [GC pause (G1 Evacuation Pause) (young) 3273M->1195M(3754M), 0.0633831 secs]
17769.627: [GC pause (G1 Evacuation Pause) (young) 3262M->1201M(3754M), 0.0644143 secs]
17771.644: [GC pause (G1 Evacuation Pause) (young) 3252M->1211M(3754M), 0.0621927 secs]
17773.723: [GC pause (G1 Evacuation Pause) (young) 3242M->1202M(3754M), 0.0615706 secs]
17775.458: [GC pause (G1 Evacuation Pause) (young) 3342M->1304M(3754M), 0.1427308 secs]
17777.310: [GC pause (G1 Evacuation Pause) (young) 3151M->1320M(3754M), 0.1224867 secs]
17779.115: [GC pause (G1 Evacuation Pause) (young) 3225M->1345M(3754M), 0.1108187 secs]
17780.995: [GC pause (G1 Evacuation Pause) (young) 3221M->1353M(3754M), 0.0796540 secs]
17782.946: [GC pause (G1 Evacuation Pause) (young) 3321M->1374M(3754M), 0.0624773 secs]
17784.844: [GC pause (G1 Evacuation Pause) (young) 3299M->1387M(3754M), 0.0525615 secs]
17786.726: [GC pause (G1 Evacuation Pause) (young) 3288M->1395M(3754M), 0.0548357 secs]
17788.587: [GC pause (G1 Evacuation Pause) (young) 3280M->1397M(3754M), 0.0547512 secs]
17790.426: [GC pause (G1 Evacuation Pause) (young) 3281M->1411M(3754M), 0.0629159 secs]
17792.276: [GC pause (G1 Evacuation Pause) (young) 3264M->1424M(3754M), 0.0633771 secs]
17793.994: [GC pause (G1 Evacuation Pause) (young) 3249M->1436M(3754M), 0.0648948 secs]
17795.867: [GC pause (G1 Evacuation Pause) (young) 3237M->1437M(3754M), 0.0625639 secs]
17797.758: [GC pause (G1 Evacuation Pause) (young) 3245M->1426M(3754M), 0.0562219 secs]
17799.296: [GC pause (G1 Evacuation Pause) (young) 3346M->1530M(3754M), 0.1346032 secs]
17800.921: [GC pause (G1 Evacuation Pause) (young) 3150M->1537M(3754M), 0.1000730 secs]
17802.671: [GC pause (G1 Evacuation Pause) (young) 3310M->1560M(3754M), 0.0570458 secs]
17804.349: [GC pause (G1 Evacuation Pause) (young) 3313M->1567M(3754M), 0.0416448 secs]
17806.007: [GC pause (G1 Evacuation Pause) (young) 3308M->1579M(3754M), 0.0441553 secs]
17807.702: [GC pause (G1 Evacuation Pause) (young) 3296M->1590M(3754M), 0.0481349 secs]
17809.345: [GC pause (G1 Evacuation Pause) (young) 3287M->1597M(3754M), 0.0511715 secs]
17811.008: [GC pause (G1 Evacuation Pause) (young) 3278M->1609M(3754M), 0.0550349 secs]
17812.655: [GC pause (G1 Evacuation Pause) (young) 3266M->1615M(3754M), 0.0578287 secs]
17814.316: [GC pause (G1 Evacuation Pause) (young) 3260M->1626M(3754M), 0.0610693 secs]
17815.896: [GC pause (G1 Evacuation Pause) (young) 3251M->1632M(3754M), 0.0628412 secs]
17817.458: [GC pause (G1 Evacuation Pause) (young) 3245M->1641M(3754M), 0.0629739 secs]
17818.934: [GC pause (G1 Evacuation Pause) (young) 3248M->1646M(3754M), 0.0573086 secs]
17820.633: [GC pause (G1 Evacuation Pause) (young) 3315M->1691M(3754M), 0.0782674 secs]
17822.003: [GC pause (G1 Evacuation Pause) (young) 3293M->1731M(3754M), 0.1191877 secs]
17823.471: [GC pause (G1 Evacuation Pause) (young) 3175M->1754M(3754M), 0.1097678 secs]
17823.851: [GC pause (G1 Humongous Allocation) (young) (initial-mark) 1994M->1750M(3754M), 0.0321989 secs]
17823.883: [GC concurrent-root-region-scan-start]
17823.894: [GC concurrent-root-region-scan-end, 0.0113715 secs]
17823.894: [GC concurrent-mark-start]
17824.175: [GC concurrent-mark-end, 0.2804013 secs]
17824.175: [GC remark, 0.0074483 secs]
17824.183: [GC cleanup 2026M->712M(3754M), 0.0047288 secs]
17824.188: [GC concurrent-cleanup-start]
17824.191: [GC concurrent-cleanup-end, 0.0029615 secs]
17825.329: [GC pause (G1 Evacuation Pause) (young) 2000M->446M(3754M), 0.0323166 secs]
17827.352: [GC pause (G1 Evacuation Pause) (young) 2661M->466M(3754M), 0.0498420 secs]
17829.449: [GC pause (G1 Evacuation Pause) (young) 2658M->479M(3754M), 0.0526588 secs]
17831.558: [GC pause (G1 Evacuation Pause) (young) 2660M->485M(3754M), 0.0513664 secs]
17833.644: [GC pause (G1 Evacuation Pause) (young) 2659M->501M(3754M), 0.0664248 secs]
17835.761: [GC pause (G1 Evacuation Pause) (young) 2657M->514M(3754M), 0.0608653 secs]
17837.860: [GC pause (G1 Evacuation Pause) (young) 2658M->516M(3754M), 0.0561507 secs]
17839.911: [GC pause (G1 Evacuation Pause) (young) 2661M->531M(3754M), 0.0704035 secs]
17841.915: [GC pause (G1 Evacuation Pause) (young) 2657M->539M(3754M), 0.0655821 secs]
17844.095: [GC pause (G1 Evacuation Pause) (young) 2746M->612M(3754M), 0.0947231 secs]
17846.017: [GC pause (G1 Evacuation Pause) (young) 2699M->643M(3754M), 0.1198840 secs]
17848.072: [GC pause (G1 Evacuation Pause) (young) 2675M->655M(3754M), 0.1086017 secs]
17850.186: [GC pause (G1 Evacuation Pause) (young) 2758M->674M(3754M), 0.1111779 secs]
17852.260: [GC pause (G1 Evacuation Pause) (young) 2755M->713M(3754M), 0.1025268 secs]
17854.362: [GC pause (G1 Evacuation Pause) (young) 2826M->714M(3754M), 0.0977678 secs]
17856.416: [GC pause (G1 Evacuation Pause) (young) 2829M->734M(3754M), 0.0868144 secs]
17858.527: [GC pause (G1 Evacuation Pause) (young) 2825M->749M(3754M), 0.0865537 secs]
17860.704: [GC pause (G1 Evacuation Pause) (young) 2901M->750M(3754M), 0.0701756 secs]
17862.775: [GC pause (G1 Evacuation Pause) (young) 2903M->772M(3754M), 0.0680956 secs]
17864.783: [GC pause (G1 Evacuation Pause) (young) 2900M->777M(3754M), 0.0605138 secs]
17866.969: [GC pause (G1 Evacuation Pause) (young) 2904M->775M(3754M), 0.0580306 secs]
17868.769: [GC pause (G1 Evacuation Pause) (young) 2986M->870M(3754M), 0.1360876 secs]
17870.827: [GC pause (G1 Evacuation Pause) (young) 2903M->880M(3754M), 0.1197223 secs]
17872.960: [GC pause (G1 Evacuation Pause) (young) 2980M->914M(3754M), 0.1115538 secs]
17874.990: [GC pause (G1 Evacuation Pause) (young) 3010M->947M(3754M), 0.0994433 secs]
17877.187: [GC pause (G1 Evacuation Pause) (young) 3130M->959M(3754M), 0.0724813 secs]
17879.331: [GC pause (G1 Evacuation Pause) (young) 3134M->970M(3754M), 0.0572557 secs]
17881.402: [GC pause (G1 Evacuation Pause) (young) 3131M->984M(3754M), 0.0611081 secs]
17883.465: [GC pause (G1 Evacuation Pause) (young) 3131M->997M(3754M), 0.0651644 secs]
17885.553: [GC pause (G1 Evacuation Pause) (young) 3134M->1002M(3754M), 0.0691273 secs]
17887.615: [GC pause (G1 Evacuation Pause) (young) 3131M->1015M(3754M), 0.0681976 secs]
17889.943: [GC pause (G1 Evacuation Pause) (young) 3134M->1010M(3754M), 0.0677829 secs]
17891.775: [GC pause (G1 Evacuation Pause) (young) 3216M->1111M(3754M), 0.1296517 secs]
17893.854: [GC pause (G1 Evacuation Pause) (young) 3134M->1116M(3754M), 0.1155265 secs]
17896.022: [GC pause (G1 Evacuation Pause) (young) 3213M->1152M(3754M), 0.1124123 secs]
17898.138: [GC pause (G1 Evacuation Pause) (young) 3212M->1175M(3754M), 0.0974345 secs]
17900.246: [GC pause (G1 Evacuation Pause) (young) 3312M->1189M(3754M), 0.0720944 secs]
17902.389: [GC pause (G1 Evacuation Pause) (young) 3295M->1204M(3754M), 0.0571559 secs]
17904.483: [GC pause (G1 Evacuation Pause) (young) 3281M->1207M(3754M), 0.0568052 secs]
17906.503: [GC pause (G1 Evacuation Pause) (young) 3278M->1221M(3754M), 0.0611260 secs]
17908.524: [GC pause (G1 Evacuation Pause) (young) 3263M->1234M(3754M), 0.0622221 secs]
17910.509: [GC pause (G1 Evacuation Pause) (young) 3251M->1238M(3754M), 0.0631378 secs]
17912.582: [GC pause (G1 Evacuation Pause) (young) 3245M->1247M(3754M), 0.0678332 secs]
17914.689: [GC pause (G1 Evacuation Pause) (young) 3325M->1290M(3754M), 0.0806315 secs]
17916.356: [GC pause (G1 Evacuation Pause) (young) 3233M->1342M(3754M), 0.1181684 secs]
17918.170: [GC pause (G1 Evacuation Pause) (young) 3140M->1353M(3754M), 0.1296735 secs]
17919.995: [GC pause (G1 Evacuation Pause) (young) 3232M->1381M(3754M), 0.1061727 secs]
17921.857: [GC pause (G1 Evacuation Pause) (young) 3225M->1411M(3754M), 0.0868822 secs]
17923.775: [GC pause (G1 Evacuation Pause) (young) 3314M->1419M(3754M), 0.0619823 secs]
17925.654: [GC pause (G1 Evacuation Pause) (young) 3303M->1433M(3754M), 0.0506488 secs]
17927.452: [GC pause (G1 Evacuation Pause) (young) 3289M->1443M(3754M), 0.0538633 secs]
17929.239: [GC pause (G1 Evacuation Pause) (young) 3279M->1452M(3754M), 0.0560525 secs]
17931.077: [GC pause (G1 Evacuation Pause) (young) 3275M->1457M(3754M), 0.0581790 secs]
17932.806: [GC pause (G1 Evacuation Pause) (young) 3266M->1471M(3754M), 0.0632180 secs]
17934.586: [GC pause (G1 Evacuation Pause) (young) 3251M->1481M(3754M), 0.0630742 secs]
17936.464: [GC pause (G1 Evacuation Pause) (young) 3241M->1485M(3754M), 0.0605078 secs]
17938.279: [GC pause (G1 Evacuation Pause) (young) 3325M->1554M(3754M), 0.0854751 secs]
17939.738: [GC pause (G1 Evacuation Pause) (young) 3218M->1582M(3754M), 0.1160722 secs]
17941.396: [GC pause (G1 Evacuation Pause) (young) 3187M->1599M(3754M), 0.1086875 secs]
17943.107: [GC pause (G1 Evacuation Pause) (young) 3269M->1611M(3754M), 0.0878635 secs]
17944.785: [GC pause (G1 Evacuation Pause) (young) 3257M->1618M(3754M), 0.0651789 secs]
17946.410: [GC pause (G1 Evacuation Pause) (young) 3252M->1641M(3754M), 0.0721016 secs]
17948.073: [GC pause (G1 Evacuation Pause) (young) 3306M->1647M(3754M), 0.0621214 secs]
17949.713: [GC pause (G1 Evacuation Pause) (young) 3300M->1655M(3754M), 0.0454580 secs]
17951.389: [GC pause (G1 Evacuation Pause) (young) 3292M->1669M(3754M), 0.0518588 secs]
17953.027: [GC pause (G1 Evacuation Pause) (young) 3278M->1677M(3754M), 0.0537750 secs]
17954.644: [GC pause (G1 Evacuation Pause) (young) 3270M->1683M(3754M), 0.0580775 secs]
17956.271: [GC pause (G1 Evacuation Pause) (young) 3264M->1696M(3754M), 0.0612451 secs]
17957.803: [GC pause (G1 Evacuation Pause) (young) 3249M->1700M(3754M), 0.0616239 secs]
17959.443: [GC pause (G1 Evacuation Pause) (young) 3253M->1704M(3754M), 0.0597402 secs]
17961.181: [GC pause (G1 Evacuation Pause) (young) 3264M->1692M(3754M), 0.0533667 secs]
17961.371: [GC pause (G1 Humongous Allocation) (young) (initial-mark) 1874M->1740M(3754M), 0.0624303 secs]
17961.433: [GC concurrent-root-region-scan-start]
17961.474: [GC concurrent-root-region-scan-end, 0.0406306 secs]
17961.474: [GC concurrent-mark-start]
17961.702: [GC concurrent-mark-end, 0.2286321 secs]
17961.703: [GC remark, 0.0073754 secs]
17961.711: [GC cleanup 2089M->941M(3754M), 0.0043482 secs]
17961.715: [GC concurrent-cleanup-start]
17961.717: [GC concurrent-cleanup-end, 0.0022063 secs]
17962.520: [GC pause (G1 Evacuation Pause) (young) 2145M->643M(3754M), 0.1088257 secs]
17962.630: [GC pause (G1 Evacuation Pause) (mixed) 645M->643M(3754M), 0.0870563 secs]
17964.842: [GC pause (G1 Evacuation Pause) (young) 2884M->672M(3754M), 0.0657554 secs]
17967.003: [GC pause (G1 Evacuation Pause) (young) 2881M->678M(3754M), 0.0429031 secs]
17969.136: [GC pause (G1 Evacuation Pause) (young) 2885M->695M(3754M), 0.0493372 secs]
17971.225: [GC pause (G1 Evacuation Pause) (young) 2880M->702M(3754M), 0.0488645 secs]
17973.380: [GC pause (G1 Evacuation Pause) (young) 2885M->722M(3754M), 0.0585741 secs]
17975.495: [GC pause (G1 Evacuation Pause) (young) 2881M->733M(3754M), 0.0591395 secs]
17977.594: [GC pause (G1 Evacuation Pause) (young) 2884M->741M(3754M), 0.0643201 secs]
17979.746: [GC pause (G1 Evacuation Pause) (young) 2880M->756M(3754M), 0.0706940 secs]
17981.915: [GC pause (G1 Evacuation Pause) (young) 2884M->756M(3754M), 0.0640705 secs]
17984.182: [GC pause (G1 Evacuation Pause) (young) 2884M->758M(3754M), 0.0696333 secs]
17986.048: [GC pause (G1 Evacuation Pause) (young) 2966M->857M(3754M), 0.1359212 secs]
17988.156: [GC pause (G1 Evacuation Pause) (young) 2880M->861M(3754M), 0.1222542 secs]
17990.256: [GC pause (G1 Evacuation Pause) (young) 2968M->882M(3754M), 0.1176389 secs]
17992.380: [GC pause (G1 Evacuation Pause) (young) 2966M->910M(3754M), 0.0987982 secs]
17994.568: [GC pause (G1 Evacuation Pause) (young) 3094M->918M(3754M), 0.0622567 secs]
17996.674: [GC pause (G1 Evacuation Pause) (young) 3091M->933M(3754M), 0.0587845 secs]
17998.792: [GC pause (G1 Evacuation Pause) (young) 3095M->939M(3754M), 0.0602578 secs]
18000.915: [GC pause (G1 Evacuation Pause) (young) 3092M->948M(3754M), 0.0643755 secs]
18003.036: [GC pause (G1 Evacuation Pause) (young) 3094M->961M(3754M), 0.0659439 secs]
18005.099: [GC pause (G1 Evacuation Pause) (young) 3092M->972M(3754M), 0.0692685 secs]
18007.319: [GC pause (G1 Evacuation Pause) (young) 3094M->971M(3754M), 0.0679186 secs]
18009.201: [GC pause (G1 Evacuation Pause) (young) 3177M->1096M(3754M), 0.1178309 secs]
18011.202: [GC pause (G1 Evacuation Pause) (young) 3137M->1077M(3754M), 0.1244921 secs]
18013.341: [GC pause (G1 Evacuation Pause) (young) 3160M->1103M(3754M), 0.1158516 secs]
18015.491: [GC pause (G1 Evacuation Pause) (young) 3198M->1128M(3754M), 0.1056944 secs]
18017.438: [GC pause (G1 Evacuation Pause) (young) 3212M->1164M(3754M), 0.1040846 secs]
18019.637: [GC pause (G1 Evacuation Pause) (young) 3292M->1168M(3754M), 0.0700195 secs]
18021.734: [GC pause (G1 Evacuation Pause) (young) 3284M->1185M(3754M), 0.0649037 secs]
18023.812: [GC pause (G1 Evacuation Pause) (young) 3266M->1195M(3754M), 0.0652890 secs]
18025.842: [GC pause (G1 Evacuation Pause) (young) 3259M->1203M(3754M), 0.0695075 secs]
18027.843: [GC pause (G1 Evacuation Pause) (young) 3248M->1216M(3754M), 0.0711454 secs]
18029.934: [GC pause (G1 Evacuation Pause) (young) 3240M->1216M(3754M), 0.0670290 secs]
18032.162: [GC pause (G1 Evacuation Pause) (young) 3322M->1284M(3754M), 0.0983928 secs]
18034.005: [GC pause (G1 Evacuation Pause) (young) 3207M->1308M(3754M), 0.1210510 secs]
18035.900: [GC pause (G1 Evacuation Pause) (young) 3172M->1336M(3754M), 0.1183707 secs]
18037.883: [GC pause (G1 Evacuation Pause) (young) 3217M->1359M(3754M), 0.0990708 secs]
18039.893: [GC pause (G1 Evacuation Pause) (young) 3240M->1364M(3754M), 0.0914224 secs]
18041.811: [GC pause (G1 Evacuation Pause) (young) 3241M->1379M(3754M), 0.0810215 secs]
18043.630: [GC pause (G1 Evacuation Pause) (young) 3220M->1399M(3754M), 0.0870204 secs]
18045.539: [GC pause (G1 Evacuation Pause) (young) 3284M->1403M(3754M), 0.0651832 secs]
18047.421: [GC pause (G1 Evacuation Pause) (young) 3283M->1414M(3754M), 0.0561686 secs]
18049.244: [GC pause (G1 Evacuation Pause) (young) 3271M->1425M(3754M), 0.0602108 secs]
18051.035: [GC pause (G1 Evacuation Pause) (young) 3258M->1437M(3754M), 0.0618006 secs]
18052.847: [GC pause (G1 Evacuation Pause) (young) 3249M->1439M(3754M), 0.0660754 secs]
18054.668: [GC pause (G1 Evacuation Pause) (young) 3244M->1441M(3754M), 0.0615971 secs]
18056.444: [GC pause (G1 Evacuation Pause) (young) 3330M->1527M(3754M), 0.0897490 secs]
18057.973: [GC pause (G1 Evacuation Pause) (young) 3194M->1536M(3754M), 0.1192952 secs]
18059.644: [GC pause (G1 Evacuation Pause) (young) 3194M->1588M(3754M), 0.1064061 secs]
18061.376: [GC pause (G1 Evacuation Pause) (young) 3277M->1598M(3754M), 0.0780472 secs]
18063.011: [GC pause (G1 Evacuation Pause) (young) 3267M->1598M(3754M), 0.0576269 secs]
18064.712: [GC pause (G1 Evacuation Pause) (young) 3270M->1614M(3754M), 0.0682800 secs]
18066.351: [GC pause (G1 Evacuation Pause) (young) 3251M->1624M(3754M), 0.0664504 secs]
18068.076: [GC pause (G1 Evacuation Pause) (young) 3297M->1637M(3754M), 0.0713528 secs]
18069.731: [GC pause (G1 Evacuation Pause) (young) 3283M->1644M(3754M), 0.0526285 secs]
18071.381: [GC pause (G1 Evacuation Pause) (young) 3277M->1643M(3754M), 0.0476506 secs]
18073.027: [GC pause (G1 Evacuation Pause) (young) 3279M->1655M(3754M), 0.0592696 secs]
18074.589: [GC pause (G1 Evacuation Pause) (young) 3264M->1665M(3754M), 0.0607113 secs]
18076.163: [GC pause (G1 Evacuation Pause) (young) 3254M->1673M(3754M), 0.0633174 secs]
18077.868: [GC pause (G1 Evacuation Pause) (young) 3258M->1665M(3754M), 0.0518588 secs]
18079.604: [GC pause (G1 Evacuation Pause) (young) 3269M->1675M(3754M), 0.0594206 secs]
18081.012: [GC pause (G1 Evacuation Pause) (young) 3341M->1769M(3754M), 0.1205142 secs]
18082.362: [GC pause (G1 Evacuation Pause) (young) 3162M->1784M(3754M), 0.1262013 secs]
18083.244: [GC pause (G1 Humongous Allocation) (young) (initial-mark) 2542M->1783M(3754M), 0.0401366 secs]
18083.284: [GC concurrent-root-region-scan-start]
18083.298: [GC concurrent-root-region-scan-end, 0.0139290 secs]
18083.298: [GC concurrent-mark-start]
18083.590: [GC concurrent-mark-end, 0.2923877 secs]
18083.591: [GC remark, 0.0077709 secs]
18083.599: [GC cleanup 2054M->714M(3754M), 0.0056981 secs]
18083.605: [GC concurrent-cleanup-start]
18083.607: [GC concurrent-cleanup-end, 0.0026266 secs]
18084.757: [GC pause (G1 Evacuation Pause) (young) 1985M->457M(3754M), 0.0336491 secs]
18086.918: [GC pause (G1 Evacuation Pause) (young) 2660M->474M(3754M), 0.0511941 secs]
18089.092: [GC pause (G1 Evacuation Pause) (young) 2662M->482M(3754M), 0.0496803 secs]
18091.218: [GC pause (G1 Evacuation Pause) (young) 2659M->490M(3754M), 0.0529003 secs]
18093.342: [GC pause (G1 Evacuation Pause) (young) 2662M->506M(3754M), 0.0595256 secs]
18095.511: [GC pause (G1 Evacuation Pause) (young) 2662M->518M(3754M), 0.0698740 secs]
18097.624: [GC pause (G1 Evacuation Pause) (young) 2659M->532M(3754M), 0.0633694 secs]
18099.701: [GC pause (G1 Evacuation Pause) (young) 2662M->538M(3754M), 0.0695962 secs]
18102.047: [GC pause (G1 Evacuation Pause) (young) 2659M->532M(3754M), 0.0589219 secs]
18103.831: [GC pause (G1 Evacuation Pause) (young) 2747M->635M(3754M), 0.1362241 secs]
18105.895: [GC pause (G1 Evacuation Pause) (young) 2660M->638M(3754M), 0.1241998 secs]
18108.006: [GC pause (G1 Evacuation Pause) (young) 2744M->665M(3754M), 0.1064944 secs]
18110.121: [GC pause (G1 Evacuation Pause) (young) 2742M->674M(3754M), 0.0922390 secs]
18112.246: [GC pause (G1 Evacuation Pause) (young) 2774M->705M(3754M), 0.1072125 secs]
18114.444: [GC pause (G1 Evacuation Pause) (young) 2882M->719M(3754M), 0.0719911 secs]
18116.665: [GC pause (G1 Evacuation Pause) (young) 2882M->722M(3754M), 0.0504487 secs]
18118.835: [GC pause (G1 Evacuation Pause) (young) 2884M->741M(3754M), 0.0667397 secs]
18120.970: [GC pause (G1 Evacuation Pause) (young) 2885M->750M(3754M), 0.0669223 secs]
18123.069: [GC pause (G1 Evacuation Pause) (young) 2881M->764M(3754M), 0.0685765 secs]
18125.391: [GC pause (G1 Evacuation Pause) (young) 2884M->761M(3754M), 0.0666808 secs]
18127.280: [GC pause (G1 Evacuation Pause) (young) 2971M->869M(3754M), 0.1081464 secs]
18129.259: [GC pause (G1 Evacuation Pause) (young) 2924M->866M(3754M), 0.1219406 secs]
18131.399: [GC pause (G1 Evacuation Pause) (young) 2944M->894M(3754M), 0.1148349 secs]
18133.536: [GC pause (G1 Evacuation Pause) (young) 2989M->922M(3754M), 0.1054695 secs]
18135.650: [GC pause (G1 Evacuation Pause) (young) 3016M->953M(3754M), 0.0977097 secs]
18137.815: [GC pause (G1 Evacuation Pause) (young) 3104M->963M(3754M), 0.0811359 secs]
18139.953: [GC pause (G1 Evacuation Pause) (young) 3107M->974M(3754M), 0.0707905 secs]
18142.093: [GC pause (G1 Evacuation Pause) (young) 3105M->988M(3754M), 0.0654187 secs]
18144.217: [GC pause (G1 Evacuation Pause) (young) 3108M->994M(3754M), 0.0730078 secs]
18146.250: [GC pause (G1 Evacuation Pause) (young) 3106M->1009M(3754M), 0.0778168 secs]
18148.458: [GC pause (G1 Evacuation Pause) (young) 3107M->1007M(3754M), 0.0768696 secs]
18150.648: [GC pause (G1 Evacuation Pause) (young) 3226M->1111M(3754M), 0.1021808 secs]
18152.597: [GC pause (G1 Evacuation Pause) (young) 3185M->1118M(3754M), 0.1117074 secs]
18154.691: [GC pause (G1 Evacuation Pause) (young) 3181M->1147M(3754M), 0.1164306 secs]
18156.766: [GC pause (G1 Evacuation Pause) (young) 3210M->1166M(3754M), 0.0986420 secs]
18158.773: [GC pause (G1 Evacuation Pause) (young) 3221M->1216M(3754M), 0.0927506 secs]
18160.802: [GC pause (G1 Evacuation Pause) (young) 3261M->1222M(3754M), 0.0924656 secs]
18162.843: [GC pause (G1 Evacuation Pause) (young) 3258M->1236M(3754M), 0.0738906 secs]
18164.844: [GC pause (G1 Evacuation Pause) (young) 3241M->1251M(3754M), 0.0755320 secs]
18166.797: [GC pause (G1 Evacuation Pause) (young) 3231M->1260M(3754M), 0.0785741 secs]
18168.767: [GC pause (G1 Evacuation Pause) (young) 3217M->1274M(3754M), 0.0833490 secs]
18170.762: [GC pause (G1 Evacuation Pause) (young) 3252M->1271M(3754M), 0.0704999 secs]
18172.893: [GC pause (G1 Evacuation Pause) (young) 3252M->1276M(3754M), 0.0676468 secs]
18174.729: [GC pause (G1 Evacuation Pause) (young) 3335M->1375M(3754M), 0.1402331 secs]
18176.648: [GC pause (G1 Evacuation Pause) (young) 3150M->1385M(3754M), 0.1108391 secs]
18178.545: [GC pause (G1 Evacuation Pause) (young) 3230M->1407M(3754M), 0.1037424 secs]
18180.513: [GC pause (G1 Evacuation Pause) (young) 3313M->1415M(3754M), 0.0705507 secs]
18182.399: [GC pause (G1 Evacuation Pause) (young) 3310M->1430M(3754M), 0.0490027 secs]
18184.303: [GC pause (G1 Evacuation Pause) (young) 3297M->1429M(3754M), 0.0453944 secs]
18186.180: [GC pause (G1 Evacuation Pause) (young) 3299M->1446M(3754M), 0.0546211 secs]
18188.032: [GC pause (G1 Evacuation Pause) (young) 3281M->1453M(3754M), 0.0579162 secs]
18189.913: [GC pause (G1 Evacuation Pause) (young) 3272M->1458M(3754M), 0.0523896 secs]
18191.750: [GC pause (G1 Evacuation Pause) (young) 3269M->1469M(3754M), 0.0529332 secs]
18193.445: [GC pause (G1 Evacuation Pause) (young) 3259M->1479M(3754M), 0.0642027 secs]
18195.355: [GC pause (G1 Evacuation Pause) (young) 3246M->1488M(3754M), 0.0622230 secs]
18197.232: [GC pause (G1 Evacuation Pause) (young) 3327M->1542M(3754M), 0.0789492 secs]
18198.767: [GC pause (G1 Evacuation Pause) (young) 3233M->1587M(3754M), 0.1136065 secs]
18200.431: [GC pause (G1 Evacuation Pause) (young) 3164M->1599M(3754M), 0.1051649 secs]
18202.134: [GC pause (G1 Evacuation Pause) (young) 3256M->1610M(3754M), 0.0844660 secs]
18203.791: [GC pause (G1 Evacuation Pause) (young) 3246M->1625M(3754M), 0.0751531 secs]
18205.584: [GC pause (G1 Evacuation Pause) (young) 3316M->1637M(3754M), 0.0585315 secs]
18207.242: [GC pause (G1 Evacuation Pause) (young) 3304M->1648M(3754M), 0.0443870 secs]
18208.898: [GC pause (G1 Evacuation Pause) (young) 3295M->1648M(3754M), 0.0447365 secs]
18210.505: [GC pause (G1 Evacuation Pause) (young) 3298M->1660M(3754M), 0.0485496 secs]
18212.106: [GC pause (G1 Evacuation Pause) (young) 3283M->1671M(3754M), 0.0521788 secs]
18213.728: [GC pause (G1 Evacuation Pause) (young) 3270M->1678M(3754M), 0.0536461 secs]
18215.292: [GC pause (G1 Evacuation Pause) (young) 3265M->1691M(3754M), 0.0604835 secs]
18216.875: [GC pause (G1 Evacuation Pause) (young) 3250M->1689M(3754M), 0.0565065 secs]
18218.480: [GC pause (G1 Evacuation Pause) (young) 3267M->1696M(3754M), 0.0597445 secs]
18220.149: [GC pause (G1 Evacuation Pause) (young) 3255M->1697M(3754M), 0.0571538 secs]
18221.660: [GC pause (G1 Evacuation Pause) (young) 3349M->1799M(3754M), 0.0925240 secs]
18223.063: [GC pause (G1 Evacuation Pause) (young) 3207M->1799M(3754M), 0.0997176 secs]
18224.572: [GC pause (G1 Evacuation Pause) (young) 3228M->1816M(3754M), 0.0930753 secs]
18226.047: [GC pause (G1 Humongous Allocation) (young) (initial-mark) 3208M->1823M(3754M), 0.0581368 secs]
18226.105: [GC concurrent-root-region-scan-start]
18226.141: [GC concurrent-root-region-scan-end, 0.0359505 secs]
18226.141: [GC concurrent-mark-start]
18226.421: [GC concurrent-mark-end, 0.2798658 secs]
18226.422: [GC remark, 0.0075473 secs]
18226.430: [GC cleanup 2094M->736M(3754M), 0.0050360 secs]
18226.435: [GC concurrent-cleanup-start]
18226.438: [GC concurrent-cleanup-end, 0.0030417 secs]
18227.616: [GC pause (G1 Evacuation Pause) (young) 1942M->478M(3754M), 0.0467802 secs]
18229.750: [GC pause (G1 Evacuation Pause) (young) 2641M->494M(3754M), 0.0644126 secs]
18231.896: [GC pause (G1 Evacuation Pause) (young) 2642M->500M(3754M), 0.0653633 secs]
18234.023: [GC pause (G1 Evacuation Pause) (young) 2639M->517M(3754M), 0.0730023 secs]
18236.185: [GC pause (G1 Evacuation Pause) (young) 2643M->522M(3754M), 0.0755585 secs]
18238.252: [GC pause (G1 Evacuation Pause) (young) 2639M->538M(3754M), 0.0751425 secs]
18240.376: [GC pause (G1 Evacuation Pause) (young) 2642M->548M(3754M), 0.0817067 secs]
18242.459: [GC pause (G1 Evacuation Pause) (young) 2639M->546M(3754M), 0.0753524 secs]
18244.764: [GC pause (G1 Evacuation Pause) (young) 2681M->544M(3754M), 0.0742029 secs]
18246.695: [GC pause (G1 Evacuation Pause) (young) 2766M->651M(3754M), 0.1433260 secs]
18248.851: [GC pause (G1 Evacuation Pause) (young) 2678M->659M(3754M), 0.1036515 secs]
18251.001: [GC pause (G1 Evacuation Pause) (young) 2766M->678M(3754M), 0.1114130 secs]
18253.195: [GC pause (G1 Evacuation Pause) (young) 2766M->723M(3754M), 0.0960538 secs]
18255.391: [GC pause (G1 Evacuation Pause) (young) 2911M->736M(3754M), 0.0734635 secs]
18257.561: [GC pause (G1 Evacuation Pause) (young) 2912M->746M(3754M), 0.0487932 secs]
18259.648: [GC pause (G1 Evacuation Pause) (young) 2909M->762M(3754M), 0.0618945 secs]
18261.792: [GC pause (G1 Evacuation Pause) (young) 2912M->767M(3754M), 0.0655002 secs]
18263.898: [GC pause (G1 Evacuation Pause) (young) 2910M->782M(3754M), 0.0669697 secs]
18266.059: [GC pause (G1 Evacuation Pause) (young) 2912M->787M(3754M), 0.0688048 secs]
18268.453: [GC pause (G1 Evacuation Pause) (young) 2910M->780M(3754M), 0.0609362 secs]
18270.351: [GC pause (G1 Evacuation Pause) (young) 2997M->887M(3754M), 0.1401490 secs]
18272.446: [GC pause (G1 Evacuation Pause) (young) 2910M->898M(3754M), 0.1265042 secs]
18274.600: [GC pause (G1 Evacuation Pause) (young) 2995M->933M(3754M), 0.1081379 secs]
18276.655: [GC pause (G1 Evacuation Pause) (young) 3020M->961M(3754M), 0.1020344 secs]
18278.866: [GC pause (G1 Evacuation Pause) (young) 3148M->969M(3754M), 0.0648342 secs]
18281.009: [GC pause (G1 Evacuation Pause) (young) 3145M->984M(3754M), 0.0554539 secs]
18283.135: [GC pause (G1 Evacuation Pause) (young) 3149M->993M(3754M), 0.0615698 secs]
18285.265: [GC pause (G1 Evacuation Pause) (young) 3145M->996M(3754M), 0.0584448 secs]
18287.356: [GC pause (G1 Evacuation Pause) (young) 3149M->1015M(3754M), 0.0696901 secs]
18289.508: [GC pause (G1 Evacuation Pause) (young) 3148M->1018M(3754M), 0.0643516 secs]
18291.899: [GC pause (G1 Evacuation Pause) (young) 3234M->1082M(3754M), 0.0837931 secs]
18293.819: [GC pause (G1 Evacuation Pause) (young) 3190M->1123M(3754M), 0.1212903 secs]
18295.869: [GC pause (G1 Evacuation Pause) (young) 3141M->1128M(3754M), 0.1244724 secs]
18298.000: [GC pause (G1 Evacuation Pause) (young) 3222M->1165M(3754M), 0.1143335 secs]
18300.100: [GC pause (G1 Evacuation Pause) (young) 3213M->1192M(3754M), 0.0935147 secs]
18302.106: [GC pause (G1 Evacuation Pause) (young) 3227M->1204M(3754M), 0.0955542 secs]
18304.093: [GC pause (G1 Evacuation Pause) (young) 3220M->1214M(3754M), 0.0831839 secs]
18306.172: [GC pause (G1 Evacuation Pause) (young) 3289M->1230M(3754M), 0.0747124 secs]
18308.174: [GC pause (G1 Evacuation Pause) (young) 3276M->1237M(3754M), 0.0621479 secs]
18310.122: [GC pause (G1 Evacuation Pause) (young) 3264M->1251M(3754M), 0.0661321 secs]
18312.105: [GC pause (G1 Evacuation Pause) (young) 3253M->1256M(3754M), 0.0630089 secs]
18314.413: [GC pause (G1 Evacuation Pause) (young) 3250M->1256M(3754M), 0.0624231 secs]
18316.283: [GC pause (G1 Evacuation Pause) (young) 3331M->1370M(3754M), 0.1076515 secs]
18318.114: [GC pause (G1 Evacuation Pause) (young) 3173M->1354M(3754M), 0.1146851 secs]
18320.005: [GC pause (G1 Evacuation Pause) (young) 3217M->1381M(3754M), 0.1113857 secs]
18321.878: [GC pause (G1 Evacuation Pause) (young) 3220M->1405M(3754M), 0.0981014 secs]
18323.743: [GC pause (G1 Evacuation Pause) (young) 3287M->1410M(3754M), 0.0769306 secs]
18325.608: [GC pause (G1 Evacuation Pause) (young) 3281M->1426M(3754M), 0.0580894 secs]
18327.433: [GC pause (G1 Evacuation Pause) (young) 3265M->1434M(3754M), 0.0651183 secs]
18329.255: [GC pause (G1 Evacuation Pause) (young) 3260M->1441M(3754M), 0.0660762 secs]
18331.078: [GC pause (G1 Evacuation Pause) (young) 3248M->1454M(3754M), 0.0695506 secs]
18332.812: [GC pause (G1 Evacuation Pause) (young) 3237M->1463M(3754M), 0.0761477 secs]
18334.626: [GC pause (G1 Evacuation Pause) (young) 3265M->1471M(3754M), 0.0687275 secs]
18336.352: [GC pause (G1 Evacuation Pause) (young) 3254M->1477M(3754M), 0.0632504 secs]
18338.266: [GC pause (G1 Evacuation Pause) (young) 3251M->1470M(3754M), 0.0587068 secs]
18339.758: [GC pause (G1 Evacuation Pause) (young) 3340M->1569M(3754M), 0.1318832 secs]
18341.429: [GC pause (G1 Evacuation Pause) (young) 3156M->1583M(3754M), 0.1244814 secs]
18343.214: [GC pause (G1 Evacuation Pause) (young) 3308M->1594M(3754M), 0.0595798 secs]
18344.960: [GC pause (G1 Evacuation Pause) (young) 3315M->1608M(3754M), 0.0429611 secs]
18346.623: [GC pause (G1 Evacuation Pause) (young) 3309M->1619M(3754M), 0.0437261 secs]
18348.292: [GC pause (G1 Evacuation Pause) (young) 3303M->1624M(3754M), 0.0477551 secs]
18349.938: [GC pause (G1 Evacuation Pause) (young) 3295M->1633M(3754M), 0.0512073 secs]
18351.600: [GC pause (G1 Evacuation Pause) (young) 3286M->1643M(3754M), 0.0539776 secs]
18353.239: [GC pause (G1 Evacuation Pause) (young) 3276M->1652M(3754M), 0.0556566 secs]
18354.837: [GC pause (G1 Evacuation Pause) (young) 3265M->1651M(3754M), 0.0520013 secs]
18356.441: [GC pause (G1 Evacuation Pause) (young) 3271M->1666M(3754M), 0.0616602 secs]
18357.985: [GC pause (G1 Evacuation Pause) (young) 3251M->1673M(3754M), 0.0651806 secs]
18359.568: [GC pause (G1 Evacuation Pause) (young) 3255M->1682M(3754M), 0.0611222 secs]
18361.225: [GC pause (G1 Evacuation Pause) (young) 3261M->1673M(3754M), 0.0556864 secs]
18362.715: [GC pause (G1 Evacuation Pause) (young) 3356M->1785M(3754M), 0.1058365 secs]
18364.112: [GC pause (G1 Evacuation Pause) (young) 3194M->1784M(3754M), 0.1009554 secs]
18365.575: [GC pause (G1 Evacuation Pause) (young) 3225M->1800M(3754M), 0.0939410 secs]
18366.882: [GC pause (G1 Humongous Allocation) (young) (initial-mark) 3050M->1802M(3754M), 0.0587661 secs]
18366.941: [GC concurrent-root-region-scan-start]
18366.977: [GC concurrent-root-region-scan-end, 0.0363580 secs]
18366.977: [GC concurrent-mark-start]
18367.182: [GC concurrent-mark-end, 0.2050690 secs]
18367.182: [GC remark, 0.0072627 secs]
18367.190: [GC cleanup 2042M->690M(3754M), 0.0048431 secs]
18367.195: [GC concurrent-cleanup-start]
18367.198: [GC concurrent-cleanup-end, 0.0031983 secs]
18368.353: [GC pause (G1 Evacuation Pause) (young) 1947M->466M(3754M), 0.0485257 secs]
18370.460: [GC pause (G1 Evacuation Pause) (young) 2627M->478M(3754M), 0.0670836 secs]
18372.681: [GC pause (G1 Evacuation Pause) (young) 2629M->487M(3754M), 0.0666228 secs]
18374.779: [GC pause (G1 Evacuation Pause) (young) 2626M->503M(3754M), 0.0724472 secs]
18376.888: [GC pause (G1 Evacuation Pause) (young) 2630M->511M(3754M), 0.0731491 secs]
18378.982: [GC pause (G1 Evacuation Pause) (young) 2628M->525M(3754M), 0.0785729 secs]
18381.092: [GC pause (G1 Evacuation Pause) (young) 2630M->534M(3754M), 0.0778189 secs]
18383.158: [GC pause (G1 Evacuation Pause) (young) 2627M->544M(3754M), 0.0845611 secs]
18385.443: [GC pause (G1 Evacuation Pause) (young) 2668M->539M(3754M), 0.0747683 secs]
18387.199: [GC pause (G1 Evacuation Pause) (young) 2755M->636M(3754M), 0.1346275 secs]
18389.313: [GC pause (G1 Evacuation Pause) (young) 2667M->656M(3754M), 0.1110930 secs]
18391.400: [GC pause (G1 Evacuation Pause) (young) 2751M->674M(3754M), 0.1013978 secs]
18393.514: [GC pause (G1 Evacuation Pause) (young) 2774M->693M(3754M), 0.1043965 secs]
18395.599: [GC pause (G1 Evacuation Pause) (young) 2775M->712M(3754M), 0.1027197 secs]
18397.747: [GC pause (G1 Evacuation Pause) (young) 2891M->727M(3754M), 0.0734401 secs]
18399.862: [GC pause (G1 Evacuation Pause) (young) 2893M->733M(3754M), 0.0606119 secs]
18401.989: [GC pause (G1 Evacuation Pause) (young) 2893M->747M(3754M), 0.0604024 secs]
18404.135: [GC pause (G1 Evacuation Pause) (young) 2890M->760M(3754M), 0.0672914 secs]
18406.338: [GC pause (G1 Evacuation Pause) (young) 2894M->766M(3754M), 0.0682620 secs]
18408.692: [GC pause (G1 Evacuation Pause) (young) 2894M->766M(3754M), 0.0668681 secs]
18410.658: [GC pause (G1 Evacuation Pause) (young) 2979M->864M(3754M), 0.1416441 secs]
18412.771: [GC pause (G1 Evacuation Pause) (young) 2891M->875M(3754M), 0.1190448 secs]
18414.906: [GC pause (G1 Evacuation Pause) (young) 2973M->904M(3754M), 0.1211107 secs]
18417.117: [GC pause (G1 Evacuation Pause) (young) 3002M->925M(3754M), 0.1011948 secs]
18419.240: [GC pause (G1 Evacuation Pause) (young) 3016M->944M(3754M), 0.0998874 secs]
18421.475: [GC pause (G1 Evacuation Pause) (young) 3120M->953M(3754M), 0.0711326 secs]
18423.682: [GC pause (G1 Evacuation Pause) (young) 3118M->967M(3754M), 0.0611862 secs]
18425.801: [GC pause (G1 Evacuation Pause) (young) 3121M->976M(3754M), 0.0636118 secs]
18427.920: [GC pause (G1 Evacuation Pause) (young) 3117M->989M(3754M), 0.0684310 secs]
18430.047: [GC pause (G1 Evacuation Pause) (young) 3121M->995M(3754M), 0.0668745 secs]
18432.185: [GC pause (G1 Evacuation Pause) (young) 3121M->997M(3754M), 0.0651226 secs]
18433.943: [GC pause (G1 Evacuation Pause) (young) 3206M->1091M(3754M), 0.1312283 secs]
18435.945: [GC pause (G1 Evacuation Pause) (young) 3118M->1107M(3754M), 0.1257563 secs]
18438.022: [GC pause (G1 Evacuation Pause) (young) 3202M->1134M(3754M), 0.1113691 secs]
18440.115: [GC pause (G1 Evacuation Pause) (young) 3213M->1153M(3754M), 0.0934209 secs]
18442.132: [GC pause (G1 Evacuation Pause) (young) 3213M->1173M(3754M), 0.1017618 secs]
18444.272: [GC pause (G1 Evacuation Pause) (young) 3301M->1183M(3754M), 0.0670260 secs]
18446.262: [GC pause (G1 Evacuation Pause) (young) 3288M->1198M(3754M), 0.0577148 secs]
18448.342: [GC pause (G1 Evacuation Pause) (young) 3274M->1205M(3754M), 0.0607284 secs]
18450.483: [GC pause (G1 Evacuation Pause) (young) 3269M->1212M(3754M), 0.0594578 secs]
18452.537: [GC pause (G1 Evacuation Pause) (young) 3259M->1225M(3754M), 0.0605944 secs]
18454.697: [GC pause (G1 Evacuation Pause) (young) 3249M->1226M(3754M), 0.0631049 secs]
18456.508: [GC pause (G1 Evacuation Pause) (young) 3331M->1357M(3754M), 0.1157927 secs]
18458.275: [GC pause (G1 Evacuation Pause) (young) 3152M->1329M(3754M), 0.1231045 secs]
18460.258: [GC pause (G1 Evacuation Pause) (young) 3221M->1356M(3754M), 0.1079199 secs]
18462.112: [GC pause (G1 Evacuation Pause) (young) 3229M->1405M(3754M), 0.0930335 secs]
18464.026: [GC pause (G1 Evacuation Pause) (young) 3307M->1413M(3754M), 0.0678081 secs]
18465.859: [GC pause (G1 Evacuation Pause) (young) 3296M->1421M(3754M), 0.0508024 secs]
18467.705: [GC pause (G1 Evacuation Pause) (young) 3290M->1433M(3754M), 0.0550767 secs]
18469.494: [GC pause (G1 Evacuation Pause) (young) 3276M->1444M(3754M), 0.0543693 secs]
18471.303: [GC pause (G1 Evacuation Pause) (young) 3265M->1450M(3754M), 0.0627951 secs]
18473.106: [GC pause (G1 Evacuation Pause) (young) 3257M->1464M(3754M), 0.0652169 secs]
18474.936: [GC pause (G1 Evacuation Pause) (young) 3245M->1468M(3754M), 0.0678401 secs]
18476.735: [GC pause (G1 Evacuation Pause) (young) 3239M->1474M(3754M), 0.0675333 secs]
18478.708: [GC pause (G1 Evacuation Pause) (young) 3253M->1474M(3754M), 0.0703454 secs]
18480.419: [GC pause (G1 Evacuation Pause) (young) 3338M->1568M(3754M), 0.0921195 secs]
18481.921: [GC pause (G1 Evacuation Pause) (young) 3195M->1577M(3754M), 0.1120667 secs]
18483.584: [GC pause (G1 Evacuation Pause) (young) 3204M->1588M(3754M), 0.0970079 secs]
18485.332: [GC pause (G1 Evacuation Pause) (young) 3290M->1599M(3754M), 0.0782721 secs]
18487.077: [GC pause (G1 Evacuation Pause) (young) 3280M->1606M(3754M), 0.0598537 secs]
18488.811: [GC pause (G1 Evacuation Pause) (young) 3274M->1621M(3754M), 0.0650637 secs]
18490.497: [GC pause (G1 Evacuation Pause) (young) 3258M->1634M(3754M), 0.0674684 secs]
18492.145: [GC pause (G1 Evacuation Pause) (young) 3246M->1641M(3754M), 0.0676468 secs]
18493.789: [GC pause (G1 Evacuation Pause) (young) 3289M->1650M(3754M), 0.0699137 secs]
18495.411: [GC pause (G1 Evacuation Pause) (young) 3278M->1658M(3754M), 0.0516843 secs]
18497.064: [GC pause (G1 Evacuation Pause) (young) 3270M->1661M(3754M), 0.0532037 secs]
18498.672: [GC pause (G1 Evacuation Pause) (young) 3272M->1672M(3754M), 0.0600282 secs]
18500.260: [GC pause (G1 Evacuation Pause) (young) 3256M->1683M(3754M), 0.0608316 secs]
18502.079: [GC pause (G1 Evacuation Pause) (young) 3250M->1680M(3754M), 0.0588801 secs]
18503.831: [GC pause (G1 Evacuation Pause) (young) 3313M->1739M(3754M), 0.0798797 secs]
18505.082: [GC pause (G1 Evacuation Pause) (young) 3276M->1779M(3754M), 0.1219060 secs]
18506.567: [GC pause (G1 Evacuation Pause) (young) 3170M->1790M(3754M), 0.0962719 secs]
18506.672: [GC pause (G1 Humongous Allocation) (young) (initial-mark) 1801M->1786M(3754M), 0.0667401 secs]
18506.739: [GC concurrent-root-region-scan-start]
18506.749: [GC concurrent-root-region-scan-end, 0.0095859 secs]
18506.749: [GC concurrent-mark-start]
18507.041: [GC concurrent-mark-end, 0.2919188 secs]
18507.041: [GC remark, 0.0073963 secs]
18507.049: [GC cleanup 2058M->684M(3754M), 0.0058782 secs]
18507.055: [GC concurrent-cleanup-start]
18507.058: [GC concurrent-cleanup-end, 0.0029858 secs]
18508.228: [GC pause (G1 Evacuation Pause) (young) 1936M->424M(3754M), 0.0312393 secs]
18510.425: [GC pause (G1 Evacuation Pause) (young) 2642M->443M(3754M), 0.0449617 secs]
18512.616: [GC pause (G1 Evacuation Pause) (young) 2638M->450M(3754M), 0.0495139 secs]
18514.773: [GC pause (G1 Evacuation Pause) (young) 2642M->470M(3754M), 0.0523887 secs]
18516.925: [GC pause (G1 Evacuation Pause) (young) 2642M->477M(3754M), 0.0583254 secs]
18518.992: [GC pause (G1 Evacuation Pause) (young) 2641M->491M(3754M), 0.0616406 secs]
18521.178: [GC pause (G1 Evacuation Pause) (young) 2641M->498M(3754M), 0.0633682 secs]
18523.399: [GC pause (G1 Evacuation Pause) (young) 2642M->511M(3754M), 0.0668045 secs]
18525.760: [GC pause (G1 Evacuation Pause) (young) 2641M->515M(3754M), 0.0613987 secs]
18527.837: [GC pause (G1 Evacuation Pause) (young) 2726M->640M(3754M), 0.1115581 secs]
18529.790: [GC pause (G1 Evacuation Pause) (young) 2683M->621M(3754M), 0.1150141 secs]
18531.938: [GC pause (G1 Evacuation Pause) (young) 2706M->650M(3754M), 0.1125582 secs]
18534.103: [GC pause (G1 Evacuation Pause) (young) 2744M->672M(3754M), 0.0930279 secs]
18536.268: [GC pause (G1 Evacuation Pause) (young) 2770M->701M(3754M), 0.1014537 secs]
18538.450: [GC pause (G1 Evacuation Pause) (young) 2869M->714M(3754M), 0.0794330 secs]
18540.667: [GC pause (G1 Evacuation Pause) (young) 2868M->725M(3754M), 0.0651913 secs]
18542.803: [GC pause (G1 Evacuation Pause) (young) 2866M->730M(3754M), 0.0646883 secs]
18544.921: [GC pause (G1 Evacuation Pause) (young) 2868M->747M(3754M), 0.0710695 secs]
18547.014: [GC pause (G1 Evacuation Pause) (young) 2869M->760M(3754M), 0.0720257 secs]
18549.139: [GC pause (G1 Evacuation Pause) (young) 2868M->756M(3754M), 0.0739922 secs]
18551.176: [GC pause (G1 Evacuation Pause) (young) 2953M->848M(3754M), 0.1283333 secs]
18553.251: [GC pause (G1 Evacuation Pause) (young) 2865M->865M(3754M), 0.1289366 secs]
18555.345: [GC pause (G1 Evacuation Pause) (young) 2962M->885M(3754M), 0.1165044 secs]
18557.485: [GC pause (G1 Evacuation Pause) (young) 2982M->914M(3754M), 0.0912777 secs]
18559.585: [GC pause (G1 Evacuation Pause) (young) 3016M->938M(3754M), 0.0957398 secs]
18561.838: [GC pause (G1 Evacuation Pause) (young) 3116M->948M(3754M), 0.0713613 secs]
18564.010: [GC pause (G1 Evacuation Pause) (young) 3116M->959M(3754M), 0.0597667 secs]
18566.215: [GC pause (G1 Evacuation Pause) (young) 3112M->959M(3754M), 0.0595444 secs]
18568.413: [GC pause (G1 Evacuation Pause) (young) 3115M->983M(3754M), 0.0671779 secs]
18570.589: [GC pause (G1 Evacuation Pause) (young) 3115M->994M(3754M), 0.0622546 secs]
18572.896: [GC pause (G1 Evacuation Pause) (young) 3116M->992M(3754M), 0.0618957 secs]
18574.848: [GC pause (G1 Evacuation Pause) (young) 3198M->1087M(3754M), 0.1377661 secs]
18577.011: [GC pause (G1 Evacuation Pause) (young) 3115M->1101M(3754M), 0.1293582 secs]
18579.211: [GC pause (G1 Evacuation Pause) (young) 3196M->1121M(3754M), 0.1027278 secs]
18581.262: [GC pause (G1 Evacuation Pause) (young) 3217M->1146M(3754M), 0.1001332 secs]
18583.364: [GC pause (G1 Evacuation Pause) (young) 3213M->1178M(3754M), 0.1004502 secs]
18585.519: [GC pause (G1 Evacuation Pause) (young) 3297M->1187M(3754M), 0.0696743 secs]
18587.700: [GC pause (G1 Evacuation Pause) (young) 3290M->1197M(3754M), 0.0538006 secs]
18589.811: [GC pause (G1 Evacuation Pause) (young) 3278M->1205M(3754M), 0.0569336 secs]
18591.947: [GC pause (G1 Evacuation Pause) (young) 3272M->1225M(3754M), 0.0669453 secs]
18593.944: [GC pause (G1 Evacuation Pause) (young) 3252M->1233M(3754M), 0.0654588 secs]
18595.936: [GC pause (G1 Evacuation Pause) (young) 3244M->1230M(3754M), 0.0619145 secs]
18597.888: [GC pause (G1 Evacuation Pause) (young) 3330M->1350M(3754M), 0.1145460 secs]
18599.689: [GC pause (G1 Evacuation Pause) (young) 3164M->1331M(3754M), 0.1174772 secs]
18601.637: [GC pause (G1 Evacuation Pause) (young) 3214M->1358M(3754M), 0.1107837 secs]
18603.550: [GC pause (G1 Evacuation Pause) (young) 3224M->1375M(3754M), 0.0954207 secs]
18605.544: [GC pause (G1 Evacuation Pause) (young) 3296M->1380M(3754M), 0.0683376 secs]
18607.441: [GC pause (G1 Evacuation Pause) (young) 3292M->1399M(3754M), 0.0576419 secs]
18609.335: [GC pause (G1 Evacuation Pause) (young) 3275M->1406M(3754M), 0.0623535 secs]
18611.188: [GC pause (G1 Evacuation Pause) (young) 3263M->1421M(3754M), 0.0648884 secs]
18613.025: [GC pause (G1 Evacuation Pause) (young) 3253M->1428M(3754M), 0.0669970 secs]
18614.898: [GC pause (G1 Evacuation Pause) (young) 3241M->1440M(3754M), 0.0700592 secs]
18616.739: [GC pause (G1 Evacuation Pause) (young) 3232M->1446M(3754M), 0.0783271 secs]
18618.651: [GC pause (G1 Evacuation Pause) (young) 3255M->1445M(3754M), 0.0652173 secs]
18620.586: [GC pause (G1 Evacuation Pause) (young) 3254M->1448M(3754M), 0.0563307 secs]
18622.116: [GC pause (G1 Evacuation Pause) (young) 3338M->1545M(3754M), 0.1323210 secs]
18623.844: [GC pause (G1 Evacuation Pause) (young) 3152M->1558M(3754M), 0.1079135 secs]
18625.557: [GC pause (G1 Evacuation Pause) (young) 3237M->1581M(3754M), 0.1004882 secs]
18627.309: [GC pause (G1 Evacuation Pause) (young) 3318M->1584M(3754M), 0.0555439 secs]
18629.045: [GC pause (G1 Evacuation Pause) (young) 3319M->1587M(3754M), 0.0382823 secs]
18630.781: [GC pause (G1 Evacuation Pause) (young) 3321M->1605M(3754M), 0.0483840 secs]
18632.487: [GC pause (G1 Evacuation Pause) (young) 3300M->1615M(3754M), 0.0462473 secs]
18634.178: [GC pause (G1 Evacuation Pause) (young) 3293M->1624M(3754M), 0.0505434 secs]
18635.807: [GC pause (G1 Evacuation Pause) (young) 3279M->1635M(3754M), 0.0553088 secs]
18637.483: [GC pause (G1 Evacuation Pause) (young) 3270M->1637M(3754M), 0.0544551 secs]
18639.078: [GC pause (G1 Evacuation Pause) (young) 3271M->1650M(3754M), 0.0549039 secs]
18640.671: [GC pause (G1 Evacuation Pause) (young) 3253M->1661M(3754M), 0.0633263 secs]
18642.376: [GC pause (G1 Evacuation Pause) (young) 3253M->1660M(3754M), 0.0598200 secs]
18644.041: [GC pause (G1 Evacuation Pause) (young) 3266M->1658M(3754M), 0.0516591 secs]
18645.427: [GC pause (G1 Evacuation Pause) (young) 3354M->1749M(3754M), 0.1051956 secs]
18646.849: [GC pause (G1 Evacuation Pause) (young) 3178M->1764M(3754M), 0.1004374 secs]
18648.184: [GC pause (G1 Humongous Allocation) (young) (initial-mark) 3016M->1767M(3754M), 0.0449349 secs]
18648.229: [GC concurrent-root-region-scan-start]
18648.242: [GC concurrent-root-region-scan-end, 0.0130270 secs]
18648.242: [GC concurrent-mark-start]
18648.554: [GC concurrent-mark-end, 0.3120323 secs]
18648.554: [GC remark, 0.0070033 secs]
18648.562: [GC cleanup 2067M->715M(3754M), 0.0049020 secs]
18648.567: [GC concurrent-cleanup-start]
18648.569: [GC concurrent-cleanup-end, 0.0026347 secs]
18649.663: [GC pause (G1 Evacuation Pause) (young) 1972M->432M(3754M), 0.0357940 secs]
18651.852: [GC pause (G1 Evacuation Pause) (young) 2630M->441M(3754M), 0.0440995 secs]
18653.995: [GC pause (G1 Evacuation Pause) (young) 2634M->455M(3754M), 0.0522518 secs]
18656.182: [GC pause (G1 Evacuation Pause) (young) 2634M->468M(3754M), 0.0499081 secs]
18658.328: [GC pause (G1 Evacuation Pause) (young) 2633M->480M(3754M), 0.0597812 secs]
18660.440: [GC pause (G1 Evacuation Pause) (young) 2633M->489M(3754M), 0.0634087 secs]
18662.621: [GC pause (G1 Evacuation Pause) (young) 2634M->501M(3754M), 0.0679830 secs]
18664.848: [GC pause (G1 Evacuation Pause) (young) 2631M->505M(3754M), 0.0612852 secs]
18666.902: [GC pause (G1 Evacuation Pause) (young) 2637M->508M(3754M), 0.0584585 secs]
18668.993: [GC pause (G1 Evacuation Pause) (young) 2718M->606M(3754M), 0.1257874 secs]
18671.033: [GC pause (G1 Evacuation Pause) (young) 2630M->619M(3754M), 0.1301723 secs]
18673.191: [GC pause (G1 Evacuation Pause) (young) 2717M->650M(3754M), 0.1155278 secs]
18675.332: [GC pause (G1 Evacuation Pause) (young) 2746M->672M(3754M), 0.0936564 secs]
18677.494: [GC pause (G1 Evacuation Pause) (young) 2763M->688M(3754M), 0.0918746 secs]
18679.736: [GC pause (G1 Evacuation Pause) (young) 2872M->708M(3754M), 0.0734341 secs]
18681.941: [GC pause (G1 Evacuation Pause) (young) 2872M->717M(3754M), 0.0596847 secs]
18684.077: [GC pause (G1 Evacuation Pause) (young) 2871M->729M(3754M), 0.0624137 secs]
18686.224: [GC pause (G1 Evacuation Pause) (young) 2871M->741M(3754M), 0.0639745 secs]
18688.444: [GC pause (G1 Evacuation Pause) (young) 2869M->750M(3754M), 0.0634377 secs]
18690.732: [GC pause (G1 Evacuation Pause) (young) 2872M->737M(3754M), 0.0616099 secs]
18692.722: [GC pause (G1 Evacuation Pause) (young) 2956M->845M(3754M), 0.1384560 secs]
18694.788: [GC pause (G1 Evacuation Pause) (young) 2871M->856M(3754M), 0.1290024 secs]
18697.004: [GC pause (G1 Evacuation Pause) (young) 2955M->878M(3754M), 0.1074488 secs]
18699.165: [GC pause (G1 Evacuation Pause) (young) 2976M->907M(3754M), 0.0958964 secs]
18701.294: [GC pause (G1 Evacuation Pause) (young) 2996M->927M(3754M), 0.0976082 secs]
18703.461: [GC pause (G1 Evacuation Pause) (young) 3107M->939M(3754M), 0.0744099 secs]
18705.681: [GC pause (G1 Evacuation Pause) (young) 3106M->949M(3754M), 0.0587687 secs]
18707.793: [GC pause (G1 Evacuation Pause) (young) 3104M->959M(3754M), 0.0578501 secs]
18709.893: [GC pause (G1 Evacuation Pause) (young) 3106M->975M(3754M), 0.0687032 secs]
18712.070: [GC pause (G1 Evacuation Pause) (young) 3106M->980M(3754M), 0.0688090 secs]
18714.339: [GC pause (G1 Evacuation Pause) (young) 3106M->981M(3754M), 0.0650236 secs]
18716.215: [GC pause (G1 Evacuation Pause) (young) 3192M->1080M(3754M), 0.1360880 secs]
18718.355: [GC pause (G1 Evacuation Pause) (young) 3103M->1093M(3754M), 0.1257046 secs]
18720.538: [GC pause (G1 Evacuation Pause) (young) 3188M->1122M(3754M), 0.1114868 secs]
18722.729: [GC pause (G1 Evacuation Pause) (young) 3213M->1151M(3754M), 0.0917108 secs]
18724.962: [GC pause (G1 Evacuation Pause) (young) 3313M->1167M(3754M), 0.0682629 secs]
18727.135: [GC pause (G1 Evacuation Pause) (young) 3297M->1176M(3754M), 0.0565308 secs]
18729.262: [GC pause (G1 Evacuation Pause) (young) 3286M->1186M(3754M), 0.0552146 secs]
18731.419: [GC pause (G1 Evacuation Pause) (young) 3273M->1202M(3754M), 0.0614750 secs]
18733.496: [GC pause (G1 Evacuation Pause) (young) 3260M->1206M(3754M), 0.0645223 secs]
18735.587: [GC pause (G1 Evacuation Pause) (young) 3256M->1211M(3754M), 0.0614337 secs]
18737.777: [GC pause (G1 Evacuation Pause) (young) 3336M->1259M(3754M), 0.0715964 secs]
18739.598: [GC pause (G1 Evacuation Pause) (young) 3242M->1314M(3754M), 0.1207771 secs]
18741.561: [GC pause (G1 Evacuation Pause) (young) 3146M->1322M(3754M), 0.1214789 secs]
18743.539: [GC pause (G1 Evacuation Pause) (young) 3232M->1339M(3754M), 0.1134802 secs]
18745.460: [GC pause (G1 Evacuation Pause) (young) 3216M->1371M(3754M), 0.0928398 secs]
18747.455: [GC pause (G1 Evacuation Pause) (young) 3312M->1383M(3754M), 0.0720508 secs]
18749.423: [GC pause (G1 Evacuation Pause) (young) 3303M->1392M(3754M), 0.0488116 secs]
18751.298: [GC pause (G1 Evacuation Pause) (young) 3293M->1407M(3754M), 0.0540818 secs]
18753.200: [GC pause (G1 Evacuation Pause) (young) 3279M->1413M(3754M), 0.0558964 secs]
18755.101: [GC pause (G1 Evacuation Pause) (young) 3270M->1417M(3754M), 0.0572463 secs]
18756.907: [GC pause (G1 Evacuation Pause) (young) 3268M->1436M(3754M), 0.0627798 secs]
18758.825: [GC pause (G1 Evacuation Pause) (young) 3251M->1435M(3754M), 0.0641182 secs]
18760.812: [GC pause (G1 Evacuation Pause) (young) 3250M->1438M(3754M), 0.0628348 secs]
18762.493: [GC pause (G1 Evacuation Pause) (young) 3332M->1537M(3754M), 0.1194322 secs]
18764.168: [GC pause (G1 Evacuation Pause) (young) 3148M->1540M(3754M), 0.1216283 secs]
18766.034: [GC pause (G1 Evacuation Pause) (young) 3243M->1563M(3754M), 0.1025443 secs]
18767.862: [GC pause (G1 Evacuation Pause) (young) 3319M->1571M(3754M), 0.0578893 secs]
18769.610: [GC pause (G1 Evacuation Pause) (young) 3314M->1584M(3754M), 0.0441626 secs]
18771.336: [GC pause (G1 Evacuation Pause) (young) 3306M->1592M(3754M), 0.0456717 secs]
18773.047: [GC pause (G1 Evacuation Pause) (young) 3296M->1602M(3754M), 0.0506923 secs]
18774.739: [GC pause (G1 Evacuation Pause) (young) 3285M->1610M(3754M), 0.0535864 secs]
18776.401: [GC pause (G1 Evacuation Pause) (young) 3280M->1617M(3754M), 0.0540254 secs]
18778.031: [GC pause (G1 Evacuation Pause) (young) 3268M->1628M(3754M), 0.0592461 secs]
18779.644: [GC pause (G1 Evacuation Pause) (young) 3259M->1624M(3754M), 0.0539230 secs]
18781.243: [GC pause (G1 Evacuation Pause) (young) 3266M->1640M(3754M), 0.0638490 secs]
18782.861: [GC pause (G1 Evacuation Pause) (young) 3247M->1638M(3754M), 0.0532886 secs]
18784.337: [GC pause (G1 Evacuation Pause) (young) 3260M->1646M(3754M), 0.0623301 secs]
18785.887: [GC pause (G1 Evacuation Pause) (young) 3334M->1769M(3754M), 0.1094371 secs]
18787.309: [GC pause (G1 Evacuation Pause) (young) 3177M->1757M(3754M), 0.1031544 secs]
18788.858: [GC pause (G1 Evacuation Pause) (young) 3240M->1774M(3754M), 0.0912611 secs]
18789.722: [GC pause (G1 Humongous Allocation) (young) (initial-mark) 2564M->1776M(3754M), 0.0404169 secs]
18789.763: [GC concurrent-root-region-scan-start]
18789.782: [GC concurrent-root-region-scan-end, 0.0190643 secs]
18789.782: [GC concurrent-mark-start]
18790.029: [GC concurrent-mark-end, 0.2468883 secs]
18790.029: [GC remark, 0.0075128 secs]
18790.037: [GC cleanup 2018M->678M(3754M), 0.0052459 secs]
18790.043: [GC concurrent-cleanup-start]
18790.045: [GC concurrent-cleanup-end, 0.0027733 secs]
18791.304: [GC pause (G1 Evacuation Pause) (young) 1984M->450M(3754M), 0.0391723 secs]
18793.467: [GC pause (G1 Evacuation Pause) (young) 2639M->465M(3754M), 0.0532694 secs]
18795.613: [GC pause (G1 Evacuation Pause) (young) 2643M->475M(3754M), 0.0574418 secs]
18797.700: [GC pause (G1 Evacuation Pause) (young) 2643M->487M(3754M), 0.0571631 secs]
18799.838: [GC pause (G1 Evacuation Pause) (young) 2640M->492M(3754M), 0.0584261 secs]
18801.957: [GC pause (G1 Evacuation Pause) (young) 2642M->504M(3754M), 0.0636242 secs]
18804.094: [GC pause (G1 Evacuation Pause) (young) 2642M->525M(3754M), 0.0719105 secs]
18806.234: [GC pause (G1 Evacuation Pause) (young) 2643M->524M(3754M), 0.0712897 secs]
18808.394: [GC pause (G1 Evacuation Pause) (young) 2644M->527M(3754M), 0.0729507 secs]
18810.212: [GC pause (G1 Evacuation Pause) (young) 2725M->619M(3754M), 0.1366593 secs]
18812.298: [GC pause (G1 Evacuation Pause) (young) 2643M->637M(3754M), 0.1281511 secs]
18814.461: [GC pause (G1 Evacuation Pause) (young) 2726M->660M(3754M), 0.1171943 secs]
18816.650: [GC pause (G1 Evacuation Pause) (young) 2758M->679M(3754M), 0.1007903 secs]
18818.892: [GC pause (G1 Evacuation Pause) (young) 2869M->687M(3754M), 0.0656875 secs]
18821.076: [GC pause (G1 Evacuation Pause) (young) 2866M->693M(3754M), 0.0492288 secs]
18823.181: [GC pause (G1 Evacuation Pause) (young) 2869M->716M(3754M), 0.0658411 secs]
18825.322: [GC pause (G1 Evacuation Pause) (young) 2868M->723M(3754M), 0.0617912 secs]
18827.457: [GC pause (G1 Evacuation Pause) (young) 2869M->738M(3754M), 0.0668801 secs]
18829.557: [GC pause (G1 Evacuation Pause) (young) 2868M->744M(3754M), 0.0660391 secs]
18831.882: [GC pause (G1 Evacuation Pause) (young) 2868M->740M(3754M), 0.0650953 secs]
18833.648: [GC pause (G1 Evacuation Pause) (young) 2952M->838M(3754M), 0.1420963 secs]
18835.752: [GC pause (G1 Evacuation Pause) (young) 2868M->852M(3754M), 0.1263105 secs]
18837.921: [GC pause (G1 Evacuation Pause) (young) 2951M->882M(3754M), 0.1013129 secs]
18840.024: [GC pause (G1 Evacuation Pause) (young) 2980M->903M(3754M), 0.1018885 secs]
18842.159: [GC pause (G1 Evacuation Pause) (young) 2991M->915M(3754M), 0.0977285 secs]
18844.369: [GC pause (G1 Evacuation Pause) (young) 3100M->935M(3754M), 0.0709325 secs]
18846.469: [GC pause (G1 Evacuation Pause) (young) 3100M->948M(3754M), 0.0590354 secs]
18848.598: [GC pause (G1 Evacuation Pause) (young) 3101M->956M(3754M), 0.0636899 secs]
18850.723: [GC pause (G1 Evacuation Pause) (young) 3101M->969M(3754M), 0.0688453 secs]
18852.902: [GC pause (G1 Evacuation Pause) (young) 3100M->974M(3754M), 0.0585353 secs]
18855.174: [GC pause (G1 Evacuation Pause) (young) 3101M->973M(3754M), 0.0601212 secs]
18857.048: [GC pause (G1 Evacuation Pause) (young) 3185M->1072M(3754M), 0.1422107 secs]
18859.170: [GC pause (G1 Evacuation Pause) (young) 3101M->1085M(3754M), 0.1130791 secs]
18861.301: [GC pause (G1 Evacuation Pause) (young) 3182M->1120M(3754M), 0.1086273 secs]
18863.482: [GC pause (G1 Evacuation Pause) (young) 3214M->1145M(3754M), 0.0984509 secs]
18865.690: [GC pause (G1 Evacuation Pause) (young) 3308M->1149M(3754M), 0.0588037 secs]
18867.826: [GC pause (G1 Evacuation Pause) (young) 3306M->1167M(3754M), 0.0544013 secs]
18869.886: [GC pause (G1 Evacuation Pause) (young) 3288M->1180M(3754M), 0.0605372 secs]
18871.924: [GC pause (G1 Evacuation Pause) (young) 3273M->1192M(3754M), 0.0598264 secs]
18873.947: [GC pause (G1 Evacuation Pause) (young) 3261M->1202M(3754M), 0.0669854 secs]
18876.005: [GC pause (G1 Evacuation Pause) (young) 3251M->1208M(3754M), 0.0578296 secs]
18877.845: [GC pause (G1 Evacuation Pause) (young) 3245M->1200M(3754M), 0.0572754 secs]
18879.601: [GC pause (G1 Evacuation Pause) (young) 3338M->1304M(3754M), 0.1365608 secs]
18881.563: [GC pause (G1 Evacuation Pause) (young) 3149M->1313M(3754M), 0.1235146 secs]
18883.500: [GC pause (G1 Evacuation Pause) (young) 3232M->1321M(3754M), 0.0985302 secs]
18885.430: [GC pause (G1 Evacuation Pause) (young) 3227M->1365M(3754M), 0.0973863 secs]
18887.426: [GC pause (G1 Evacuation Pause) (young) 3311M->1372M(3754M), 0.0652050 secs]
18889.337: [GC pause (G1 Evacuation Pause) (young) 3303M->1378M(3754M), 0.0421449 secs]
18891.318: [GC pause (G1 Evacuation Pause) (young) 3300M->1395M(3754M), 0.0551203 secs]
18893.250: [GC pause (G1 Evacuation Pause) (young) 3281M->1401M(3754M), 0.0584116 secs]
18895.103: [GC pause (G1 Evacuation Pause) (young) 3272M->1418M(3754M), 0.0611265 secs]
18896.926: [GC pause (G1 Evacuation Pause) (young) 3260M->1420M(3754M), 0.0623083 secs]
18898.752: [GC pause (G1 Evacuation Pause) (young) 3258M->1426M(3754M), 0.0587691 secs]
18900.687: [GC pause (G1 Evacuation Pause) (young) 3252M->1426M(3754M), 0.0523913 secs]
18902.098: [GC pause (G1 Evacuation Pause) (young) 3336M->1527M(3754M), 0.1311161 secs]
18903.734: [GC pause (G1 Evacuation Pause) (young) 3146M->1527M(3754M), 0.1197624 secs]
18905.510: [GC pause (G1 Evacuation Pause) (young) 3249M->1542M(3754M), 0.1009545 secs]
18907.217: [GC pause (G1 Evacuation Pause) (young) 3229M->1574M(3754M), 0.0804191 secs]
18909.025: [GC pause (G1 Evacuation Pause) (young) 3317M->1583M(3754M), 0.0587427 secs]
18910.764: [GC pause (G1 Evacuation Pause) (young) 3304M->1587M(3754M), 0.0443431 secs]
18912.405: [GC pause (G1 Evacuation Pause) (young) 3302M->1603M(3754M), 0.0495160 secs]
18914.057: [GC pause (G1 Evacuation Pause) (young) 3284M->1602M(3754M), 0.0447028 secs]
18915.748: [GC pause (G1 Evacuation Pause) (young) 3289M->1619M(3754M), 0.0540967 secs]
18917.414: [GC pause (G1 Evacuation Pause) (young) 3268M->1621M(3754M), 0.0520632 secs]
18918.988: [GC pause (G1 Evacuation Pause) (young) 3268M->1635M(3754M), 0.0607591 secs]
18920.566: [GC pause (G1 Evacuation Pause) (young) 3252M->1648M(3754M), 0.0595269 secs]
18922.262: [GC pause (G1 Evacuation Pause) (young) 3243M->1645M(3754M), 0.0598989 secs]
18923.912: [GC pause (G1 Evacuation Pause) (young) 3265M->1641M(3754M), 0.0592696 secs]
18925.235: [GC pause (G1 Evacuation Pause) (young) 3351M->1742M(3754M), 0.1236362 secs]
18926.733: [GC pause (G1 Evacuation Pause) (young) 3163M->1751M(3754M), 0.1066685 secs]
18927.169: [GC pause (G1 Humongous Allocation) (young) (initial-mark) 2062M->1749M(3754M), 0.0351190 secs]
18927.204: [GC concurrent-root-region-scan-start]
18927.215: [GC concurrent-root-region-scan-end, 0.0115204 secs]
18927.215: [GC concurrent-mark-start]
18927.502: [GC concurrent-mark-end, 0.2865342 secs]
18927.502: [GC remark, 0.0070259 secs]
18927.510: [GC cleanup 2044M->712M(3754M), 0.0046029 secs]
18927.514: [GC concurrent-cleanup-start]
18927.517: [GC concurrent-cleanup-end, 0.0024192 secs]
18928.709: [GC pause (G1 Evacuation Pause) (young) 1991M->435M(3754M), 0.0356318 secs]
18930.886: [GC pause (G1 Evacuation Pause) (young) 2643M->449M(3754M), 0.0462895 secs]
18933.080: [GC pause (G1 Evacuation Pause) (young) 2640M->453M(3754M), 0.0426748 secs]
18935.202: [GC pause (G1 Evacuation Pause) (young) 2643M->472M(3754M), 0.0564839 secs]
18937.381: [GC pause (G1 Evacuation Pause) (young) 2642M->484M(3754M), 0.0605778 secs]
18939.548: [GC pause (G1 Evacuation Pause) (young) 2642M->497M(3754M), 0.0585443 secs]
18941.613: [GC pause (G1 Evacuation Pause) (young) 2643M->509M(3754M), 0.0636306 secs]
18943.628: [GC pause (G1 Evacuation Pause) (young) 2640M->510M(3754M), 0.0554245 secs]
18945.735: [GC pause (G1 Evacuation Pause) (young) 2644M->518M(3754M), 0.0575390 secs]
18947.714: [GC pause (G1 Evacuation Pause) (young) 2727M->614M(3754M), 0.0938714 secs]
18949.610: [GC pause (G1 Evacuation Pause) (young) 2683M->615M(3754M), 0.1136948 secs]
18951.693: [GC pause (G1 Evacuation Pause) (young) 2676M->646M(3754M), 0.1178907 secs]
18953.881: [GC pause (G1 Evacuation Pause) (young) 2736M->675M(3754M), 0.1110683 secs]
18955.974: [GC pause (G1 Evacuation Pause) (young) 2773M->699M(3754M), 0.1018757 secs]
18958.142: [GC pause (G1 Evacuation Pause) (young) 2836M->708M(3754M), 0.0934401 secs]
18960.285: [GC pause (G1 Evacuation Pause) (young) 2837M->722M(3754M), 0.0725662 secs]
18962.366: [GC pause (G1 Evacuation Pause) (young) 2836M->735M(3754M), 0.0751638 secs]
18964.423: [GC pause (G1 Evacuation Pause) (young) 2837M->745M(3754M), 0.0838170 secs]
18966.539: [GC pause (G1 Evacuation Pause) (young) 2837M->758M(3754M), 0.0887374 secs]
18968.602: [GC pause (G1 Evacuation Pause) (young) 2889M->760M(3754M), 0.0772429 secs]
18970.629: [GC pause (G1 Evacuation Pause) (young) 2974M->822M(3754M), 0.0774025 secs]
18972.478: [GC pause (G1 Evacuation Pause) (young) 2932M->860M(3754M), 0.1233806 secs]
18974.589: [GC pause (G1 Evacuation Pause) (young) 2889M->875M(3754M), 0.1150990 secs]
18976.740: [GC pause (G1 Evacuation Pause) (young) 2972M->900M(3754M), 0.1129755 secs]
18978.848: [GC pause (G1 Evacuation Pause) (young) 2997M->916M(3754M), 0.0860250 secs]
18980.863: [GC pause (G1 Evacuation Pause) (young) 3028M->937M(3754M), 0.0994433 secs]
18982.941: [GC pause (G1 Evacuation Pause) (young) 3029M->950M(3754M), 0.0818642 secs]
18985.159: [GC pause (G1 Evacuation Pause) (young) 3119M->962M(3754M), 0.0781129 secs]
18987.329: [GC pause (G1 Evacuation Pause) (young) 3119M->975M(3754M), 0.0613300 secs]
18989.480: [GC pause (G1 Evacuation Pause) (young) 3118M->985M(3754M), 0.0679024 secs]
18991.561: [GC pause (G1 Evacuation Pause) (young) 3118M->988M(3754M), 0.0608056 secs]
18993.686: [GC pause (G1 Evacuation Pause) (young) 3204M->1076M(3754M), 0.0918985 secs]
18995.545: [GC pause (G1 Evacuation Pause) (young) 3162M->1091M(3754M), 0.1180814 secs]
18997.675: [GC pause (G1 Evacuation Pause) (young) 3144M->1120M(3754M), 0.1094124 secs]
18999.797: [GC pause (G1 Evacuation Pause) (young) 3217M->1150M(3754M), 0.1052477 secs]
19001.856: [GC pause (G1 Evacuation Pause) (young) 3215M->1171M(3754M), 0.1001430 secs]
19004.026: [GC pause (G1 Evacuation Pause) (young) 3262M->1191M(3754M), 0.0893714 secs]
19006.149: [GC pause (G1 Evacuation Pause) (young) 3242M->1198M(3754M), 0.0771269 secs]
19008.231: [GC pause (G1 Evacuation Pause) (young) 3233M->1210M(3754M), 0.0804523 secs]
19010.227: [GC pause (G1 Evacuation Pause) (young) 3218M->1215M(3754M), 0.0767263 secs]
19012.311: [GC pause (G1 Evacuation Pause) (young) 3272M->1226M(3754M), 0.0767472 secs]
19014.381: [GC pause (G1 Evacuation Pause) (young) 3266M->1236M(3754M), 0.0591809 secs]
19016.376: [GC pause (G1 Evacuation Pause) (young) 3310M->1294M(3754M), 0.0680308 secs]
19017.995: [GC pause (G1 Evacuation Pause) (young) 3273M->1332M(3754M), 0.1276302 secs]
19019.863: [GC pause (G1 Evacuation Pause) (young) 3154M->1346M(3754M), 0.1147862 secs]
19021.788: [GC pause (G1 Evacuation Pause) (young) 3223M->1369M(3754M), 0.1117889 secs]
19023.794: [GC pause (G1 Evacuation Pause) (young) 3314M->1377M(3754M), 0.0593690 secs]
19025.692: [GC pause (G1 Evacuation Pause) (young) 3314M->1390M(3754M), 0.0462447 secs]
19027.589: [GC pause (G1 Evacuation Pause) (young) 3301M->1400M(3754M), 0.0497050 secs]
19029.451: [GC pause (G1 Evacuation Pause) (young) 3293M->1407M(3754M), 0.0535740 secs]
19031.315: [GC pause (G1 Evacuation Pause) (young) 3284M->1417M(3754M), 0.0577195 secs]
19033.177: [GC pause (G1 Evacuation Pause) (young) 3274M->1426M(3754M), 0.0605752 secs]
19035.000: [GC pause (G1 Evacuation Pause) (young) 3265M->1440M(3754M), 0.0622972 secs]
19036.738: [GC pause (G1 Evacuation Pause) (young) 3253M->1443M(3754M), 0.0605351 secs]
19038.634: [GC pause (G1 Evacuation Pause) (young) 3248M->1442M(3754M), 0.0563132 secs]
19040.198: [GC pause (G1 Evacuation Pause) (young) 3336M->1563M(3754M), 0.1037548 secs]
19041.739: [GC pause (G1 Evacuation Pause) (young) 3170M->1545M(3754M), 0.1147871 secs]
19043.487: [GC pause (G1 Evacuation Pause) (young) 3227M->1563M(3754M), 0.1013445 secs]
19045.324: [GC pause (G1 Evacuation Pause) (young) 3310M->1574M(3754M), 0.0646972 secs]
19047.090: [GC pause (G1 Evacuation Pause) (young) 3301M->1583M(3754M), 0.0484493 secs]
19048.812: [GC pause (G1 Evacuation Pause) (young) 3288M->1594M(3754M), 0.0550413 secs]
19050.527: [GC pause (G1 Evacuation Pause) (young) 3281M->1602M(3754M), 0.0553865 secs]
19052.217: [GC pause (G1 Evacuation Pause) (young) 3271M->1604M(3754M), 0.0562962 secs]
19053.887: [GC pause (G1 Evacuation Pause) (young) 3271M->1620M(3754M), 0.0612122 secs]
19055.538: [GC pause (G1 Evacuation Pause) (young) 3255M->1624M(3754M), 0.0603947 secs]
19057.163: [GC pause (G1 Evacuation Pause) (young) 3249M->1639M(3754M), 0.0702469 secs]
19058.823: [GC pause (G1 Evacuation Pause) (young) 3262M->1645M(3754M), 0.0700357 secs]
19060.440: [GC pause (G1 Evacuation Pause) (young) 3254M->1642M(3754M), 0.0986147 secs]
19062.168: [GC pause (G1 Evacuation Pause) (young) 3261M->1645M(3754M), 0.0503518 secs]
19063.677: [GC pause (G1 Evacuation Pause) (young) 3341M->1756M(3754M), 0.0966883 secs]
19064.976: [GC pause (G1 Evacuation Pause) (young) 3185M->1746M(3754M), 0.1066301 secs]
19066.491: [GC pause (G1 Evacuation Pause) (young) 3228M->1768M(3754M), 0.0984334 secs]
19067.180: [GC pause (G1 Humongous Allocation) (young) (initial-mark) 2405M->1763M(3754M), 0.0469969 secs]
19067.227: [GC concurrent-root-region-scan-start]
19067.256: [GC concurrent-root-region-scan-end, 0.0291798 secs]
19067.256: [GC concurrent-mark-start]
19067.439: [GC concurrent-mark-end, 0.1828025 secs]
19067.439: [GC remark, 0.0070511 secs]
19067.446: [GC cleanup 1994M->646M(3754M), 0.0048640 secs]
19067.451: [GC concurrent-cleanup-start]
19067.454: [GC concurrent-cleanup-end, 0.0029235 secs]
19068.541: [GC pause (G1 Evacuation Pause) (young) 1956M->432M(3754M), 0.0519975 secs]
19070.724: [GC pause (G1 Evacuation Pause) (young) 2601M->447M(3754M), 0.0609025 secs]
19072.846: [GC pause (G1 Evacuation Pause) (young) 2600M->458M(3754M), 0.0686046 secs]
19074.974: [GC pause (G1 Evacuation Pause) (young) 2601M->467M(3754M), 0.0687122 secs]
19077.208: [GC pause (G1 Evacuation Pause) (young) 2598M->477M(3754M), 0.0655476 secs]
19079.422: [GC pause (G1 Evacuation Pause) (young) 2603M->491M(3754M), 0.0750708 secs]
19081.602: [GC pause (G1 Evacuation Pause) (young) 2602M->504M(3754M), 0.0763713 secs]
19083.777: [GC pause (G1 Evacuation Pause) (young) 2601M->508M(3754M), 0.0822499 secs]
19086.185: [GC pause (G1 Evacuation Pause) (young) 2641M->513M(3754M), 0.0707772 secs]
19086.776: [GC pause (G1 Evacuation Pause) (young) 1171M->585M(3754M), 0.0825080 secs]
19088.834: [GC pause (G1 Evacuation Pause) (young) 2818M->633M(3754M), 0.1182367 secs]
19091.005: [GC pause (G1 Evacuation Pause) (young) 2776M->649M(3754M), 0.0747482 secs]
19093.121: [GC pause (G1 Evacuation Pause) (young) 2776M->663M(3754M), 0.0775591 secs]
19095.188: [GC pause (G1 Evacuation Pause) (young) 2776M->673M(3754M), 0.0776048 secs]
19097.246: [GC pause (G1 Evacuation Pause) (young) 2776M->685M(3754M), 0.0861769 secs]
19099.341: [GC pause (G1 Evacuation Pause) (young) 2776M->694M(3754M), 0.0882787 secs]
19101.473: [GC pause (G1 Evacuation Pause) (young) 2792M->748M(3754M), 0.0945178 secs]
19103.637: [GC pause (G1 Evacuation Pause) (young) 2900M->756M(3754M), 0.0884805 secs]
19105.809: [GC pause (G1 Evacuation Pause) (young) 2900M->767M(3754M), 0.0666245 secs]
19108.038: [GC pause (G1 Evacuation Pause) (young) 2901M->760M(3754M), 0.0597637 secs]
19110.273: [GC pause (G1 Evacuation Pause) (young) 2988M->856M(3754M), 0.0890830 secs]
19112.180: [GC pause (G1 Evacuation Pause) (young) 2943M->871M(3754M), 0.1115602 secs]
19114.304: [GC pause (G1 Evacuation Pause) (young) 2926M->910M(3754M), 0.1144069 secs]
19116.549: [GC pause (G1 Evacuation Pause) (young) 3007M->940M(3754M), 0.1108558 secs]
19118.747: [GC pause (G1 Evacuation Pause) (young) 3035M->966M(3754M), 0.0982576 secs]
19120.919: [GC pause (G1 Evacuation Pause) (young) 3099M->978M(3754M), 0.0903156 secs]
19123.043: [GC pause (G1 Evacuation Pause) (young) 3099M->990M(3754M), 0.0799527 secs]
19125.189: [GC pause (G1 Evacuation Pause) (young) 3099M->999M(3754M), 0.0833264 secs]
19127.328: [GC pause (G1 Evacuation Pause) (young) 3098M->1016M(3754M), 0.0850002 secs]
19129.446: [GC pause (G1 Evacuation Pause) (young) 3156M->1019M(3754M), 0.0831830 secs]
19131.561: [GC pause (G1 Evacuation Pause) (young) 3160M->1025M(3754M), 0.0607971 secs]
19133.719: [GC pause (G1 Evacuation Pause) (young) 3243M->1094M(3754M), 0.0767275 secs]
19135.662: [GC pause (G1 Evacuation Pause) (young) 3199M->1128M(3754M), 0.1219487 secs]
19137.675: [GC pause (G1 Evacuation Pause) (young) 3149M->1141M(3754M), 0.1075751 secs]
19139.766: [GC pause (G1 Evacuation Pause) (young) 3220M->1174M(3754M), 0.1126887 secs]
19141.908: [GC pause (G1 Evacuation Pause) (young) 3211M->1185M(3754M), 0.0901296 secs]
19143.990: [GC pause (G1 Evacuation Pause) (young) 3242M->1203M(3754M), 0.0969451 secs]
19145.951: [GC pause (G1 Evacuation Pause) (young) 3224M->1229M(3754M), 0.0745669 secs]
19148.008: [GC pause (G1 Evacuation Pause) (young) 3290M->1238M(3754M), 0.0690966 secs]
19150.049: [GC pause (G1 Evacuation Pause) (young) 3279M->1250M(3754M), 0.0607548 secs]
19152.130: [GC pause (G1 Evacuation Pause) (young) 3264M->1254M(3754M), 0.0625861 secs]
19154.186: [GC pause (G1 Evacuation Pause) (young) 3263M->1259M(3754M), 0.0605743 secs]
19156.365: [GC pause (G1 Evacuation Pause) (young) 3262M->1263M(3754M), 0.0586565 secs]
19158.070: [GC pause (G1 Evacuation Pause) (young) 3341M->1365M(3754M), 0.1289878 secs]
19159.923: [GC pause (G1 Evacuation Pause) (young) 3151M->1377M(3754M), 0.1246444 secs]
19161.927: [GC pause (G1 Evacuation Pause) (young) 3230M->1396M(3754M), 0.1131956 secs]
19163.997: [GC pause (G1 Evacuation Pause) (young) 3315M->1403M(3754M), 0.0619691 secs]
